aarch64-openwrt-linux-musl-gcc -c -o /home/runner/work/ma3063-openwrt/ma3063-openwrt/openwrt/build_dir/target-aarch64_cortex-a53_musl/hostapd-wpad-basic-wolfssl/hostapd-2023-09-08-e5ccbfc6/build/hostapd/src/eap_server/eap_server.o -I/home/runner/work/ma3063-openwrt/ma3063-openwrt/openwrt/staging_dir/target-aarch64_cortex-a53_musl/usr/include/libnl-tiny -I/home/runner/work/ma3063-openwrt/ma3063-openwrt/openwrt/build_dir/target-aarch64_cortex-a53_musl/hostapd-wpad-basic-wolfssl/hostapd-2023-09-08-e5ccbfc6/src/crypto -I/home/runner/work/ma3063-openwrt/ma3063-openwrt/openwrt/staging_dir/toolchain-aarch64_cortex-a53_gcc-12.3.0_musl/usr/include -I/home/runner/work/ma3063-openwrt/ma3063-openwrt/openwrt/staging_dir/toolchain-aarch64_cortex-a53_gcc-12.3.0_musl/include/fortify -I/home/runner/work/ma3063-openwrt/ma3063-openwrt/openwrt/staging_dir/toolchain-aarch64_cortex-a53_gcc-12.3.0_musl/include -DCONFIG_LIBNL20 -D_GNU_SOURCE -DCONFIG_MSG_MIN_PRIORITY=3 -Os -pipe -mcpu=cortex-a53 -fno-caller-saves -fno-plt -fhonour-copts -fmacro-prefix-map=/home/runner/work/ma3063-openwrt/ma3063-openwrt/openwrt/build_dir/target-aarch64_cortex-a53_musl/hostapd-wpad-basic-wolfssl/hostapd-2023-09-08-e5ccbfc6=hostapd-2023-09-08-e5ccbfc6 -ffunction-sections -fdata-sections -flto=auto -fno-fat-lto-objects -Wformat -Werror=format-security -DPIC -fPIC -fstack-protector -D_FORTIFY_SOURCE=1 -Wl,-z,now -Wl,-z,relro -I/home/runner/work/ma3063-openwrt/ma3063-openwrt/openwrt/build_dir/target-aarch64_cortex-a53_musl/hostapd-wpad-basic-wolfssl/hostapd-2023-09-08-e5ccbfc6/src -I/home/runner/work/ma3063-openwrt/ma3063-openwrt/openwrt/build_dir/target-aarch64_cortex-a53_musl/hostapd-wpad-basic-wolfssl/hostapd-2023-09-08-e5ccbfc6/src/utils -DHOSTAPD -DCONFIG_ELOOP_EPOLL -DUBUS_SUPPORT -DUCODE_SUPPORT -DCONFIG_NO_RADIUS -DCONFIG_NO_ACCOUNTING -DCONFIG_CTRL_IFACE_UNIX -DCONFIG_CTRL_IFACE -DCONFIG_RSN_PREAUTH -DCONFIG_OCV -DCONFIG_IEEE80211R -DCONFIG_IEEE80211R_AP -DCONFIG_ETH_P_OUI -DCONFIG_SAE -DCONFIG_OWE -DCONFIG_AIRTIME_POLICY -DCONFIG_IEEE80211AC -DCONFIG_IEEE80211AX -DCONFIG_MBO -DCONFIG_DRIVER_WIRED -DCONFIG_DRIVER_NL80211 -DCONFIG_DRIVER_WIRED -DCONFIG_DRIVER_NL80211 -DEAP_SERVER_IDENTITY -DCONFIG_TLS_WOLFSSL -DCONFIG_SHA256 -DCONFIG_HMAC_SHA256_KDF -DCONFIG_HMAC_SHA384_KDF -DCONFIG_HMAC_SHA512_KDF -DCONFIG_SHA384 -DCONFIG_SHA512 -DCONFIG_ECC -DCONFIG_NO_RANDOM_POOL -DNEED_AP_MLME -DCONFIG_ACS -DCONFIG_DEBUG_SYSLOG -I/home/runner/work/ma3063-openwrt/ma3063-openwrt/openwrt/staging_dir/target-aarch64_cortex-a53_musl/usr/include/libnl-tiny -I/home/runner/work/ma3063-openwrt/ma3063-openwrt/openwrt/build_dir/target-aarch64_cortex-a53_musl/hostapd-wpad-basic-wolfssl/hostapd-2023-09-08-e5ccbfc6/src/crypto -I/home/runner/work/ma3063-openwrt/ma3063-openwrt/openwrt/staging_dir/toolchain-aarch64_cortex-a53_gcc-12.3.0_musl/usr/include -I/home/runner/work/ma3063-openwrt/ma3063-openwrt/openwrt/staging_dir/toolchain-aarch64_cortex-a53_gcc-12.3.0_musl/include/fortify -I/home/runner/work/ma3063-openwrt/ma3063-openwrt/openwrt/staging_dir/toolchain-aarch64_cortex-a53_gcc-12.3.0_musl/include -DCONFIG_LIBNL20 -D_GNU_SOURCE -DCONFIG_MSG_MIN_PRIORITY=3 -I/home/runner/work/ma3063-openwrt/ma3063-openwrt/openwrt/build_dir/target-aarch64_cortex-a53_musl/hostapd-wpad-basic-wolfssl/hostapd-2023-09-08-e5ccbfc6/src -I/home/runner/work/ma3063-openwrt/ma3063-openwrt/openwrt/build_dir/target-aarch64_cortex-a53_musl/hostapd-wpad-basic-wolfssl/hostapd-2023-09-08-e5ccbfc6/src/utils -DCONFIG_ELOOP_EPOLL -DUBUS_SUPPORT -DUCODE_SUPPORT -DCONFIG_HT_OVERRIDES -DCONFIG_VHT_OVERRIDES -DCONFIG_BACKEND_FILE -DCONFIG_NO_CONFIG_WRITE -DCONFIG_OCV -DCONFIG_IEEE80211R -DCONFIG_SAE -DCONFIG_OWE -DCONFIG_WNM -DCONFIG_DRIVER_WIRED -DCONFIG_DRIVER_NL80211 -DCONFIG_MBO -DCONFIG_ACS -DCONFIG_TLS_WOLFSSL -DCONFIG_SHA256 -DCONFIG_HMAC_SHA256_KDF -DCONFIG_HMAC_SHA384_KDF -DCONFIG_HMAC_SHA512_KDF -DCONFIG_SHA384 -DCONFIG_SHA512 -DCONFIG_ECC -DCONFIG_NO_RANDOM_POOL -DCONFIG_CTRL_IFACE -DCONFIG_CTRL_IFACE_UNIX -DCONFIG_NO_LINUX_PACKET_SOCKET_WAR -DCONFIG_SME -DCONFIG_DEBUG_SYSLOG -DLOG_HOSTAPD=LOG_DAEMON ../src/eap_server/eap_server.c
aarch64-openwrt-linux-musl-gcc -c -o /home/runner/work/ma3063-openwrt/ma3063-openwrt/openwrt/build_dir/target-aarch64_cortex-a53_musl/hostapd-wpad-basic-wolfssl/hostapd-2023-09-08-e5ccbfc6/build/hostapd/src/eap_common/eap_common.o -I/home/runner/work/ma3063-openwrt/ma3063-openwrt/openwrt/staging_dir/target-aarch64_cortex-a53_musl/usr/include/libnl-tiny -I/home/runner/work/ma3063-openwrt/ma3063-openwrt/openwrt/build_dir/target-aarch64_cortex-a53_musl/hostapd-wpad-basic-wolfssl/hostapd-2023-09-08-e5ccbfc6/src/crypto -I/home/runner/work/ma3063-openwrt/ma3063-openwrt/openwrt/staging_dir/toolchain-aarch64_cortex-a53_gcc-12.3.0_musl/usr/include -I/home/runner/work/ma3063-openwrt/ma3063-openwrt/openwrt/staging_dir/toolchain-aarch64_cortex-a53_gcc-12.3.0_musl/include/fortify -I/home/runner/work/ma3063-openwrt/ma3063-openwrt/openwrt/staging_dir/toolchain-aarch64_cortex-a53_gcc-12.3.0_musl/include -DCONFIG_LIBNL20 -D_GNU_SOURCE -DCONFIG_MSG_MIN_PRIORITY=3 -Os -pipe -mcpu=cortex-a53 -fno-caller-saves -fno-plt -fhonour-copts -fmacro-prefix-map=/home/runner/work/ma3063-openwrt/ma3063-openwrt/openwrt/build_dir/target-aarch64_cortex-a53_musl/hostapd-wpad-basic-wolfssl/hostapd-2023-09-08-e5ccbfc6=hostapd-2023-09-08-e5ccbfc6 -ffunction-sections -fdata-sections -flto=auto -fno-fat-lto-objects -Wformat -Werror=format-security -DPIC -fPIC -fstack-protector -D_FORTIFY_SOURCE=1 -Wl,-z,now -Wl,-z,relro -I/home/runner/work/ma3063-openwrt/ma3063-openwrt/openwrt/build_dir/target-aarch64_cortex-a53_musl/hostapd-wpad-basic-wolfssl/hostapd-2023-09-08-e5ccbfc6/src -I/home/runner/work/ma3063-openwrt/ma3063-openwrt/openwrt/build_dir/target-aarch64_cortex-a53_musl/hostapd-wpad-basic-wolfssl/hostapd-2023-09-08-e5ccbfc6/src/utils -DHOSTAPD -DCONFIG_ELOOP_EPOLL -DUBUS_SUPPORT -DUCODE_SUPPORT -DCONFIG_NO_RADIUS -DCONFIG_NO_ACCOUNTING -DCONFIG_CTRL_IFACE_UNIX -DCONFIG_CTRL_IFACE -DCONFIG_RSN_PREAUTH -DCONFIG_OCV -DCONFIG_IEEE80211R -DCONFIG_IEEE80211R_AP -DCONFIG_ETH_P_OUI -DCONFIG_SAE -DCONFIG_OWE -DCONFIG_AIRTIME_POLICY -DCONFIG_IEEE80211AC -DCONFIG_IEEE80211AX -DCONFIG_MBO -DCONFIG_DRIVER_WIRED -DCONFIG_DRIVER_NL80211 -DCONFIG_DRIVER_WIRED -DCONFIG_DRIVER_NL80211 -DEAP_SERVER_IDENTITY -DCONFIG_TLS_WOLFSSL -DCONFIG_SHA256 -DCONFIG_HMAC_SHA256_KDF -DCONFIG_HMAC_SHA384_KDF -DCONFIG_HMAC_SHA512_KDF -DCONFIG_SHA384 -DCONFIG_SHA512 -DCONFIG_ECC -DCONFIG_NO_RANDOM_POOL -DNEED_AP_MLME -DCONFIG_ACS -DCONFIG_DEBUG_SYSLOG -I/home/runner/work/ma3063-openwrt/ma3063-openwrt/openwrt/staging_dir/target-aarch64_cortex-a53_musl/usr/include/libnl-tiny -I/home/runner/work/ma3063-openwrt/ma3063-openwrt/openwrt/build_dir/target-aarch64_cortex-a53_musl/hostapd-wpad-basic-wolfssl/hostapd-2023-09-08-e5ccbfc6/src/crypto -I/home/runner/work/ma3063-openwrt/ma3063-openwrt/openwrt/staging_dir/toolchain-aarch64_cortex-a53_gcc-12.3.0_musl/usr/include -I/home/runner/work/ma3063-openwrt/ma3063-openwrt/openwrt/staging_dir/toolchain-aarch64_cortex-a53_gcc-12.3.0_musl/include/fortify -I/home/runner/work/ma3063-openwrt/ma3063-openwrt/openwrt/staging_dir/toolchain-aarch64_cortex-a53_gcc-12.3.0_musl/include -DCONFIG_LIBNL20 -D_GNU_SOURCE -DCONFIG_MSG_MIN_PRIORITY=3 -I/home/runner/work/ma3063-openwrt/ma3063-openwrt/openwrt/build_dir/target-aarch64_cortex-a53_musl/hostapd-wpad-basic-wolfssl/hostapd-2023-09-08-e5ccbfc6/src -I/home/runner/work/ma3063-openwrt/ma3063-openwrt/openwrt/build_dir/target-aarch64_cortex-a53_musl/hostapd-wpad-basic-wolfssl/hostapd-2023-09-08-e5ccbfc6/src/utils -DCONFIG_ELOOP_EPOLL -DUBUS_SUPPORT -DUCODE_SUPPORT -DCONFIG_HT_OVERRIDES -DCONFIG_VHT_OVERRIDES -DCONFIG_BACKEND_FILE -DCONFIG_NO_CONFIG_WRITE -DCONFIG_OCV -DCONFIG_IEEE80211R -DCONFIG_SAE -DCONFIG_OWE -DCONFIG_WNM -DCONFIG_DRIVER_WIRED -DCONFIG_DRIVER_NL80211 -DCONFIG_MBO -DCONFIG_ACS -DCONFIG_TLS_WOLFSSL -DCONFIG_SHA256 -DCONFIG_HMAC_SHA256_KDF -DCONFIG_HMAC_SHA384_KDF -DCONFIG_HMAC_SHA512_KDF -DCONFIG_SHA384 -DCONFIG_SHA512 -DCONFIG_ECC -DCONFIG_NO_RANDOM_POOL -DCONFIG_CTRL_IFACE -DCONFIG_CTRL_IFACE_UNIX -DCONFIG_NO_LINUX_PACKET_SOCKET_WAR -DCONFIG_SME -DCONFIG_DEBUG_SYSLOG -DLOG_HOSTAPD=LOG_DAEMON ../src/eap_common/eap_common.c
aarch64-openwrt-linux-musl-gcc -c -o /home/runner/work/ma3063-openwrt/ma3063-openwrt/openwrt/build_dir/target-aarch64_cortex-a53_musl/hostapd-wpad-basic-wolfssl/hostapd-2023-09-08-e5ccbfc6/build/hostapd/src/eap_server/eap_server_methods.o -I/home/runner/work/ma3063-openwrt/ma3063-openwrt/openwrt/staging_dir/target-aarch64_cortex-a53_musl/usr/include/libnl-tiny -I/home/runner/work/ma3063-openwrt/ma3063-openwrt/openwrt/build_dir/target-aarch64_cortex-a53_musl/hostapd-wpad-basic-wolfssl/hostapd-2023-09-08-e5ccbfc6/src/crypto -I/home/runner/work/ma3063-openwrt/ma3063-openwrt/openwrt/staging_dir/toolchain-aarch64_cortex-a53_gcc-12.3.0_musl/usr/include -I/home/runner/work/ma3063-openwrt/ma3063-openwrt/openwrt/staging_dir/toolchain-aarch64_cortex-a53_gcc-12.3.0_musl/include/fortify -I/home/runner/work/ma3063-openwrt/ma3063-openwrt/openwrt/staging_dir/toolchain-aarch64_cortex-a53_gcc-12.3.0_musl/include -DCONFIG_LIBNL20 -D_GNU_SOURCE -DCONFIG_MSG_MIN_PRIORITY=3 -Os -pipe -mcpu=cortex-a53 -fno-caller-saves -fno-plt -fhonour-copts -fmacro-prefix-map=/home/runner/work/ma3063-openwrt/ma3063-openwrt/openwrt/build_dir/target-aarch64_cortex-a53_musl/hostapd-wpad-basic-wolfssl/hostapd-2023-09-08-e5ccbfc6=hostapd-2023-09-08-e5ccbfc6 -ffunction-sections -fdata-sections -flto=auto -fno-fat-lto-objects -Wformat -Werror=format-security -DPIC -fPIC -fstack-protector -D_FORTIFY_SOURCE=1 -Wl,-z,now -Wl,-z,relro -I/home/runner/work/ma3063-openwrt/ma3063-openwrt/openwrt/build_dir/target-aarch64_cortex-a53_musl/hostapd-wpad-basic-wolfssl/hostapd-2023-09-08-e5ccbfc6/src -I/home/runner/work/ma3063-openwrt/ma3063-openwrt/openwrt/build_dir/target-aarch64_cortex-a53_musl/hostapd-wpad-basic-wolfssl/hostapd-2023-09-08-e5ccbfc6/src/utils -DHOSTAPD -DCONFIG_ELOOP_EPOLL -DUBUS_SUPPORT -DUCODE_SUPPORT -DCONFIG_NO_RADIUS -DCONFIG_NO_ACCOUNTING -DCONFIG_CTRL_IFACE_UNIX -DCONFIG_CTRL_IFACE -DCONFIG_RSN_PREAUTH -DCONFIG_OCV -DCONFIG_IEEE80211R -DCONFIG_IEEE80211R_AP -DCONFIG_ETH_P_OUI -DCONFIG_SAE -DCONFIG_OWE -DCONFIG_AIRTIME_POLICY -DCONFIG_IEEE80211AC -DCONFIG_IEEE80211AX -DCONFIG_MBO -DCONFIG_DRIVER_WIRED -DCONFIG_DRIVER_NL80211 -DCONFIG_DRIVER_WIRED -DCONFIG_DRIVER_NL80211 -DEAP_SERVER_IDENTITY -DCONFIG_TLS_WOLFSSL -DCONFIG_SHA256 -DCONFIG_HMAC_SHA256_KDF -DCONFIG_HMAC_SHA384_KDF -DCONFIG_HMAC_SHA512_KDF -DCONFIG_SHA384 -DCONFIG_SHA512 -DCONFIG_ECC -DCONFIG_NO_RANDOM_POOL -DNEED_AP_MLME -DCONFIG_ACS -DCONFIG_DEBUG_SYSLOG -I/home/runner/work/ma3063-openwrt/ma3063-openwrt/openwrt/staging_dir/target-aarch64_cortex-a53_musl/usr/include/libnl-tiny -I/home/runner/work/ma3063-openwrt/ma3063-openwrt/openwrt/build_dir/target-aarch64_cortex-a53_musl/hostapd-wpad-basic-wolfssl/hostapd-2023-09-08-e5ccbfc6/src/crypto -I/home/runner/work/ma3063-openwrt/ma3063-openwrt/openwrt/staging_dir/toolchain-aarch64_cortex-a53_gcc-12.3.0_musl/usr/include -I/home/runner/work/ma3063-openwrt/ma3063-openwrt/openwrt/staging_dir/toolchain-aarch64_cortex-a53_gcc-12.3.0_musl/include/fortify -I/home/runner/work/ma3063-openwrt/ma3063-openwrt/openwrt/staging_dir/toolchain-aarch64_cortex-a53_gcc-12.3.0_musl/include -DCONFIG_LIBNL20 -D_GNU_SOURCE -DCONFIG_MSG_MIN_PRIORITY=3 -I/home/runner/work/ma3063-openwrt/ma3063-openwrt/openwrt/build_dir/target-aarch64_cortex-a53_musl/hostapd-wpad-basic-wolfssl/hostapd-2023-09-08-e5ccbfc6/src -I/home/runner/work/ma3063-openwrt/ma3063-openwrt/openwrt/build_dir/target-aarch64_cortex-a53_musl/hostapd-wpad-basic-wolfssl/hostapd-2023-09-08-e5ccbfc6/src/utils -DCONFIG_ELOOP_EPOLL -DUBUS_SUPPORT -DUCODE_SUPPORT -DCONFIG_HT_OVERRIDES -DCONFIG_VHT_OVERRIDES -DCONFIG_BACKEND_FILE -DCONFIG_NO_CONFIG_WRITE -DCONFIG_OCV -DCONFIG_IEEE80211R -DCONFIG_SAE -DCONFIG_OWE -DCONFIG_WNM -DCONFIG_DRIVER_WIRED -DCONFIG_DRIVER_NL80211 -DCONFIG_MBO -DCONFIG_ACS -DCONFIG_TLS_WOLFSSL -DCONFIG_SHA256 -DCONFIG_HMAC_SHA256_KDF -DCONFIG_HMAC_SHA384_KDF -DCONFIG_HMAC_SHA512_KDF -DCONFIG_SHA384 -DCONFIG_SHA512 -DCONFIG_ECC -DCONFIG_NO_RANDOM_POOL -DCONFIG_CTRL_IFACE -DCONFIG_CTRL_IFACE_UNIX -DCONFIG_NO_LINUX_PACKET_SOCKET_WAR -DCONFIG_SME -DCONFIG_DEBUG_SYSLOG -DLOG_HOSTAPD=LOG_DAEMON ../src/eap_server/eap_server_methods.c
aarch64-openwrt-linux-musl-gcc -c -o /home/runner/work/ma3063-openwrt/ma3063-openwrt/openwrt/build_dir/target-aarch64_cortex-a53_musl/hostapd-wpad-basic-wolfssl/hostapd-2023-09-08-e5ccbfc6/build/hostapd/src/eap_server/eap_server_identity.o -I/home/runner/work/ma3063-openwrt/ma3063-openwrt/openwrt/staging_dir/target-aarch64_cortex-a53_musl/usr/include/libnl-tiny -I/home/runner/work/ma3063-openwrt/ma3063-openwrt/openwrt/build_dir/target-aarch64_cortex-a53_musl/hostapd-wpad-basic-wolfssl/hostapd-2023-09-08-e5ccbfc6/src/crypto -I/home/runner/work/ma3063-openwrt/ma3063-openwrt/openwrt/staging_dir/toolchain-aarch64_cortex-a53_gcc-12.3.0_musl/usr/include -I/home/runner/work/ma3063-openwrt/ma3063-openwrt/openwrt/staging_dir/toolchain-aarch64_cortex-a53_gcc-12.3.0_musl/include/fortify -I/home/runner/work/ma3063-openwrt/ma3063-openwrt/openwrt/staging_dir/toolchain-aarch64_cortex-a53_gcc-12.3.0_musl/include -DCONFIG_LIBNL20 -D_GNU_SOURCE -DCONFIG_MSG_MIN_PRIORITY=3 -Os -pipe -mcpu=cortex-a53 -fno-caller-saves -fno-plt -fhonour-copts -fmacro-prefix-map=/home/runner/work/ma3063-openwrt/ma3063-openwrt/openwrt/build_dir/target-aarch64_cortex-a53_musl/hostapd-wpad-basic-wolfssl/hostapd-2023-09-08-e5ccbfc6=hostapd-2023-09-08-e5ccbfc6 -ffunction-sections -fdata-sections -flto=auto -fno-fat-lto-objects -Wformat -Werror=format-security -DPIC -fPIC -fstack-protector -D_FORTIFY_SOURCE=1 -Wl,-z,now -Wl,-z,relro -I/home/runner/work/ma3063-openwrt/ma3063-openwrt/openwrt/build_dir/target-aarch64_cortex-a53_musl/hostapd-wpad-basic-wolfssl/hostapd-2023-09-08-e5ccbfc6/src -I/home/runner/work/ma3063-openwrt/ma3063-openwrt/openwrt/build_dir/target-aarch64_cortex-a53_musl/hostapd-wpad-basic-wolfssl/hostapd-2023-09-08-e5ccbfc6/src/utils -DHOSTAPD -DCONFIG_ELOOP_EPOLL -DUBUS_SUPPORT -DUCODE_SUPPORT -DCONFIG_NO_RADIUS -DCONFIG_NO_ACCOUNTING -DCONFIG_CTRL_IFACE_UNIX -DCONFIG_CTRL_IFACE -DCONFIG_RSN_PREAUTH -DCONFIG_OCV -DCONFIG_IEEE80211R -DCONFIG_IEEE80211R_AP -DCONFIG_ETH_P_OUI -DCONFIG_SAE -DCONFIG_OWE -DCONFIG_AIRTIME_POLICY -DCONFIG_IEEE80211AC -DCONFIG_IEEE80211AX -DCONFIG_MBO -DCONFIG_DRIVER_WIRED -DCONFIG_DRIVER_NL80211 -DCONFIG_DRIVER_WIRED -DCONFIG_DRIVER_NL80211 -DEAP_SERVER_IDENTITY -DCONFIG_TLS_WOLFSSL -DCONFIG_SHA256 -DCONFIG_HMAC_SHA256_KDF -DCONFIG_HMAC_SHA384_KDF -DCONFIG_HMAC_SHA512_KDF -DCONFIG_SHA384 -DCONFIG_SHA512 -DCONFIG_ECC -DCONFIG_NO_RANDOM_POOL -DNEED_AP_MLME -DCONFIG_ACS -DCONFIG_DEBUG_SYSLOG -I/home/runner/work/ma3063-openwrt/ma3063-openwrt/openwrt/staging_dir/target-aarch64_cortex-a53_musl/usr/include/libnl-tiny -I/home/runner/work/ma3063-openwrt/ma3063-openwrt/openwrt/build_dir/target-aarch64_cortex-a53_musl/hostapd-wpad-basic-wolfssl/hostapd-2023-09-08-e5ccbfc6/src/crypto -I/home/runner/work/ma3063-openwrt/ma3063-openwrt/openwrt/staging_dir/toolchain-aarch64_cortex-a53_gcc-12.3.0_musl/usr/include -I/home/runner/work/ma3063-openwrt/ma3063-openwrt/openwrt/staging_dir/toolchain-aarch64_cortex-a53_gcc-12.3.0_musl/include/fortify -I/home/runner/work/ma3063-openwrt/ma3063-openwrt/openwrt/staging_dir/toolchain-aarch64_cortex-a53_gcc-12.3.0_musl/include -DCONFIG_LIBNL20 -D_GNU_SOURCE -DCONFIG_MSG_MIN_PRIORITY=3 -I/home/runner/work/ma3063-openwrt/ma3063-openwrt/openwrt/build_dir/target-aarch64_cortex-a53_musl/hostapd-wpad-basic-wolfssl/hostapd-2023-09-08-e5ccbfc6/src -I/home/runner/work/ma3063-openwrt/ma3063-openwrt/openwrt/build_dir/target-aarch64_cortex-a53_musl/hostapd-wpad-basic-wolfssl/hostapd-2023-09-08-e5ccbfc6/src/utils -DCONFIG_ELOOP_EPOLL -DUBUS_SUPPORT -DUCODE_SUPPORT -DCONFIG_HT_OVERRIDES -DCONFIG_VHT_OVERRIDES -DCONFIG_BACKEND_FILE -DCONFIG_NO_CONFIG_WRITE -DCONFIG_OCV -DCONFIG_IEEE80211R -DCONFIG_SAE -DCONFIG_OWE -DCONFIG_WNM -DCONFIG_DRIVER_WIRED -DCONFIG_DRIVER_NL80211 -DCONFIG_MBO -DCONFIG_ACS -DCONFIG_TLS_WOLFSSL -DCONFIG_SHA256 -DCONFIG_HMAC_SHA256_KDF -DCONFIG_HMAC_SHA384_KDF -DCONFIG_HMAC_SHA512_KDF -DCONFIG_SHA384 -DCONFIG_SHA512 -DCONFIG_ECC -DCONFIG_NO_RANDOM_POOL -DCONFIG_CTRL_IFACE -DCONFIG_CTRL_IFACE_UNIX -DCONFIG_NO_LINUX_PACKET_SOCKET_WAR -DCONFIG_SME -DCONFIG_DEBUG_SYSLOG -DLOG_HOSTAPD=LOG_DAEMON ../src/eap_server/eap_server_identity.c
aarch64-openwrt-linux-musl-gcc -c -o /home/runner/work/ma3063-openwrt/ma3063-openwrt/openwrt/build_dir/target-aarch64_cortex-a53_musl/hostapd-wpad-basic-wolfssl/hostapd-2023-09-08-e5ccbfc6/build/hostapd/src/common/dragonfly.o -I/home/runner/work/ma3063-openwrt/ma3063-openwrt/openwrt/staging_dir/target-aarch64_cortex-a53_musl/usr/include/libnl-tiny -I/home/runner/work/ma3063-openwrt/ma3063-openwrt/openwrt/build_dir/target-aarch64_cortex-a53_musl/hostapd-wpad-basic-wolfssl/hostapd-2023-09-08-e5ccbfc6/src/crypto -I/home/runner/work/ma3063-openwrt/ma3063-openwrt/openwrt/staging_dir/toolchain-aarch64_cortex-a53_gcc-12.3.0_musl/usr/include -I/home/runner/work/ma3063-openwrt/ma3063-openwrt/openwrt/staging_dir/toolchain-aarch64_cortex-a53_gcc-12.3.0_musl/include/fortify -I/home/runner/work/ma3063-openwrt/ma3063-openwrt/openwrt/staging_dir/toolchain-aarch64_cortex-a53_gcc-12.3.0_musl/include -DCONFIG_LIBNL20 -D_GNU_SOURCE -DCONFIG_MSG_MIN_PRIORITY=3 -Os -pipe -mcpu=cortex-a53 -fno-caller-saves -fno-plt -fhonour-copts -fmacro-prefix-map=/home/runner/work/ma3063-openwrt/ma3063-openwrt/openwrt/build_dir/target-aarch64_cortex-a53_musl/hostapd-wpad-basic-wolfssl/hostapd-2023-09-08-e5ccbfc6=hostapd-2023-09-08-e5ccbfc6 -ffunction-sections -fdata-sections -flto=auto -fno-fat-lto-objects -Wformat -Werror=format-security -DPIC -fPIC -fstack-protector -D_FORTIFY_SOURCE=1 -Wl,-z,now -Wl,-z,relro -I/home/runner/work/ma3063-openwrt/ma3063-openwrt/openwrt/build_dir/target-aarch64_cortex-a53_musl/hostapd-wpad-basic-wolfssl/hostapd-2023-09-08-e5ccbfc6/src -I/home/runner/work/ma3063-openwrt/ma3063-openwrt/openwrt/build_dir/target-aarch64_cortex-a53_musl/hostapd-wpad-basic-wolfssl/hostapd-2023-09-08-e5ccbfc6/src/utils -DHOSTAPD -DCONFIG_ELOOP_EPOLL -DUBUS_SUPPORT -DUCODE_SUPPORT -DCONFIG_NO_RADIUS -DCONFIG_NO_ACCOUNTING -DCONFIG_CTRL_IFACE_UNIX -DCONFIG_CTRL_IFACE -DCONFIG_RSN_PREAUTH -DCONFIG_OCV -DCONFIG_IEEE80211R -DCONFIG_IEEE80211R_AP -DCONFIG_ETH_P_OUI -DCONFIG_SAE -DCONFIG_OWE -DCONFIG_AIRTIME_POLICY -DCONFIG_IEEE80211AC -DCONFIG_IEEE80211AX -DCONFIG_MBO -DCONFIG_DRIVER_WIRED -DCONFIG_DRIVER_NL80211 -DCONFIG_DRIVER_WIRED -DCONFIG_DRIVER_NL80211 -DEAP_SERVER_IDENTITY -DCONFIG_TLS_WOLFSSL -DCONFIG_SHA256 -DCONFIG_HMAC_SHA256_KDF -DCONFIG_HMAC_SHA384_KDF -DCONFIG_HMAC_SHA512_KDF -DCONFIG_SHA384 -DCONFIG_SHA512 -DCONFIG_ECC -DCONFIG_NO_RANDOM_POOL -DNEED_AP_MLME -DCONFIG_ACS -DCONFIG_DEBUG_SYSLOG -I/home/runner/work/ma3063-openwrt/ma3063-openwrt/openwrt/staging_dir/target-aarch64_cortex-a53_musl/usr/include/libnl-tiny -I/home/runner/work/ma3063-openwrt/ma3063-openwrt/openwrt/build_dir/target-aarch64_cortex-a53_musl/hostapd-wpad-basic-wolfssl/hostapd-2023-09-08-e5ccbfc6/src/crypto -I/home/runner/work/ma3063-openwrt/ma3063-openwrt/openwrt/staging_dir/toolchain-aarch64_cortex-a53_gcc-12.3.0_musl/usr/include -I/home/runner/work/ma3063-openwrt/ma3063-openwrt/openwrt/staging_dir/toolchain-aarch64_cortex-a53_gcc-12.3.0_musl/include/fortify -I/home/runner/work/ma3063-openwrt/ma3063-openwrt/openwrt/staging_dir/toolchain-aarch64_cortex-a53_gcc-12.3.0_musl/include -DCONFIG_LIBNL20 -D_GNU_SOURCE -DCONFIG_MSG_MIN_PRIORITY=3 -I/home/runner/work/ma3063-openwrt/ma3063-openwrt/openwrt/build_dir/target-aarch64_cortex-a53_musl/hostapd-wpad-basic-wolfssl/hostapd-2023-09-08-e5ccbfc6/src -I/home/runner/work/ma3063-openwrt/ma3063-openwrt/openwrt/build_dir/target-aarch64_cortex-a53_musl/hostapd-wpad-basic-wolfssl/hostapd-2023-09-08-e5ccbfc6/src/utils -DCONFIG_ELOOP_EPOLL -DUBUS_SUPPORT -DUCODE_SUPPORT -DCONFIG_HT_OVERRIDES -DCONFIG_VHT_OVERRIDES -DCONFIG_BACKEND_FILE -DCONFIG_NO_CONFIG_WRITE -DCONFIG_OCV -DCONFIG_IEEE80211R -DCONFIG_SAE -DCONFIG_OWE -DCONFIG_WNM -DCONFIG_DRIVER_WIRED -DCONFIG_DRIVER_NL80211 -DCONFIG_MBO -DCONFIG_ACS -DCONFIG_TLS_WOLFSSL -DCONFIG_SHA256 -DCONFIG_HMAC_SHA256_KDF -DCONFIG_HMAC_SHA384_KDF -DCONFIG_HMAC_SHA512_KDF -DCONFIG_SHA384 -DCONFIG_SHA512 -DCONFIG_ECC -DCONFIG_NO_RANDOM_POOL -DCONFIG_CTRL_IFACE -DCONFIG_CTRL_IFACE_UNIX -DCONFIG_NO_LINUX_PACKET_SOCKET_WAR -DCONFIG_SME -DCONFIG_DEBUG_SYSLOG -DLOG_HOSTAPD=LOG_DAEMON ../src/common/dragonfly.c
aarch64-openwrt-linux-musl-gcc -c -o /home/runner/work/ma3063-openwrt/ma3063-openwrt/openwrt/build_dir/target-aarch64_cortex-a53_musl/hostapd-wpad-basic-wolfssl/hostapd-2023-09-08-e5ccbfc6/build/hostapd/src/crypto/crypto_wolfssl.o -I/home/runner/work/ma3063-openwrt/ma3063-openwrt/openwrt/staging_dir/target-aarch64_cortex-a53_musl/usr/include/libnl-tiny -I/home/runner/work/ma3063-openwrt/ma3063-openwrt/openwrt/build_dir/target-aarch64_cortex-a53_musl/hostapd-wpad-basic-wolfssl/hostapd-2023-09-08-e5ccbfc6/src/crypto -I/home/runner/work/ma3063-openwrt/ma3063-openwrt/openwrt/staging_dir/toolchain-aarch64_cortex-a53_gcc-12.3.0_musl/usr/include -I/home/runner/work/ma3063-openwrt/ma3063-openwrt/openwrt/staging_dir/toolchain-aarch64_cortex-a53_gcc-12.3.0_musl/include/fortify -I/home/runner/work/ma3063-openwrt/ma3063-openwrt/openwrt/staging_dir/toolchain-aarch64_cortex-a53_gcc-12.3.0_musl/include -DCONFIG_LIBNL20 -D_GNU_SOURCE -DCONFIG_MSG_MIN_PRIORITY=3 -Os -pipe -mcpu=cortex-a53 -fno-caller-saves -fno-plt -fhonour-copts -fmacro-prefix-map=/home/runner/work/ma3063-openwrt/ma3063-openwrt/openwrt/build_dir/target-aarch64_cortex-a53_musl/hostapd-wpad-basic-wolfssl/hostapd-2023-09-08-e5ccbfc6=hostapd-2023-09-08-e5ccbfc6 -ffunction-sections -fdata-sections -flto=auto -fno-fat-lto-objects -Wformat -Werror=format-security -DPIC -fPIC -fstack-protector -D_FORTIFY_SOURCE=1 -Wl,-z,now -Wl,-z,relro -I/home/runner/work/ma3063-openwrt/ma3063-openwrt/openwrt/build_dir/target-aarch64_cortex-a53_musl/hostapd-wpad-basic-wolfssl/hostapd-2023-09-08-e5ccbfc6/src -I/home/runner/work/ma3063-openwrt/ma3063-openwrt/openwrt/build_dir/target-aarch64_cortex-a53_musl/hostapd-wpad-basic-wolfssl/hostapd-2023-09-08-e5ccbfc6/src/utils -DHOSTAPD -DCONFIG_ELOOP_EPOLL -DUBUS_SUPPORT -DUCODE_SUPPORT -DCONFIG_NO_RADIUS -DCONFIG_NO_ACCOUNTING -DCONFIG_CTRL_IFACE_UNIX -DCONFIG_CTRL_IFACE -DCONFIG_RSN_PREAUTH -DCONFIG_OCV -DCONFIG_IEEE80211R -DCONFIG_IEEE80211R_AP -DCONFIG_ETH_P_OUI -DCONFIG_SAE -DCONFIG_OWE -DCONFIG_AIRTIME_POLICY -DCONFIG_IEEE80211AC -DCONFIG_IEEE80211AX -DCONFIG_MBO -DCONFIG_DRIVER_WIRED -DCONFIG_DRIVER_NL80211 -DCONFIG_DRIVER_WIRED -DCONFIG_DRIVER_NL80211 -DEAP_SERVER_IDENTITY -DCONFIG_TLS_WOLFSSL -DCONFIG_SHA256 -DCONFIG_HMAC_SHA256_KDF -DCONFIG_HMAC_SHA384_KDF -DCONFIG_HMAC_SHA512_KDF -DCONFIG_SHA384 -DCONFIG_SHA512 -DCONFIG_ECC -DCONFIG_NO_RANDOM_POOL -DNEED_AP_MLME -DCONFIG_ACS -DCONFIG_DEBUG_SYSLOG -I/home/runner/work/ma3063-openwrt/ma3063-openwrt/openwrt/staging_dir/target-aarch64_cortex-a53_musl/usr/include/libnl-tiny -I/home/runner/work/ma3063-openwrt/ma3063-openwrt/openwrt/build_dir/target-aarch64_cortex-a53_musl/hostapd-wpad-basic-wolfssl/hostapd-2023-09-08-e5ccbfc6/src/crypto -I/home/runner/work/ma3063-openwrt/ma3063-openwrt/openwrt/staging_dir/toolchain-aarch64_cortex-a53_gcc-12.3.0_musl/usr/include -I/home/runner/work/ma3063-openwrt/ma3063-openwrt/openwrt/staging_dir/toolchain-aarch64_cortex-a53_gcc-12.3.0_musl/include/fortify -I/home/runner/work/ma3063-openwrt/ma3063-openwrt/openwrt/staging_dir/toolchain-aarch64_cortex-a53_gcc-12.3.0_musl/include -DCONFIG_LIBNL20 -D_GNU_SOURCE -DCONFIG_MSG_MIN_PRIORITY=3 -I/home/runner/work/ma3063-openwrt/ma3063-openwrt/openwrt/build_dir/target-aarch64_cortex-a53_musl/hostapd-wpad-basic-wolfssl/hostapd-2023-09-08-e5ccbfc6/src -I/home/runner/work/ma3063-openwrt/ma3063-openwrt/openwrt/build_dir/target-aarch64_cortex-a53_musl/hostapd-wpad-basic-wolfssl/hostapd-2023-09-08-e5ccbfc6/src/utils -DCONFIG_ELOOP_EPOLL -DUBUS_SUPPORT -DUCODE_SUPPORT -DCONFIG_HT_OVERRIDES -DCONFIG_VHT_OVERRIDES -DCONFIG_BACKEND_FILE -DCONFIG_NO_CONFIG_WRITE -DCONFIG_OCV -DCONFIG_IEEE80211R -DCONFIG_SAE -DCONFIG_OWE -DCONFIG_WNM -DCONFIG_DRIVER_WIRED -DCONFIG_DRIVER_NL80211 -DCONFIG_MBO -DCONFIG_ACS -DCONFIG_TLS_WOLFSSL -DCONFIG_SHA256 -DCONFIG_HMAC_SHA256_KDF -DCONFIG_HMAC_SHA384_KDF -DCONFIG_HMAC_SHA512_KDF -DCONFIG_SHA384 -DCONFIG_SHA512 -DCONFIG_ECC -DCONFIG_NO_RANDOM_POOL -DCONFIG_CTRL_IFACE -DCONFIG_CTRL_IFACE_UNIX -DCONFIG_NO_LINUX_PACKET_SOCKET_WAR -DCONFIG_SME -DCONFIG_DEBUG_SYSLOG -DLOG_HOSTAPD=LOG_DAEMON ../src/crypto/crypto_wolfssl.c
aarch64-openwrt-linux-musl-gcc -c -o /home/runner/work/ma3063-openwrt/ma3063-openwrt/openwrt/build_dir/target-aarch64_cortex-a53_musl/hostapd-wpad-basic-wolfssl/hostapd-2023-09-08-e5ccbfc6/build/hostapd/src/crypto/tls_none.o -I/home/runner/work/ma3063-openwrt/ma3063-openwrt/openwrt/staging_dir/target-aarch64_cortex-a53_musl/usr/include/libnl-tiny -I/home/runner/work/ma3063-openwrt/ma3063-openwrt/openwrt/build_dir/target-aarch64_cortex-a53_musl/hostapd-wpad-basic-wolfssl/hostapd-2023-09-08-e5ccbfc6/src/crypto -I/home/runner/work/ma3063-openwrt/ma3063-openwrt/openwrt/staging_dir/toolchain-aarch64_cortex-a53_gcc-12.3.0_musl/usr/include -I/home/runner/work/ma3063-openwrt/ma3063-openwrt/openwrt/staging_dir/toolchain-aarch64_cortex-a53_gcc-12.3.0_musl/include/fortify -I/home/runner/work/ma3063-openwrt/ma3063-openwrt/openwrt/staging_dir/toolchain-aarch64_cortex-a53_gcc-12.3.0_musl/include -DCONFIG_LIBNL20 -D_GNU_SOURCE -DCONFIG_MSG_MIN_PRIORITY=3 -Os -pipe -mcpu=cortex-a53 -fno-caller-saves -fno-plt -fhonour-copts -fmacro-prefix-map=/home/runner/work/ma3063-openwrt/ma3063-openwrt/openwrt/build_dir/target-aarch64_cortex-a53_musl/hostapd-wpad-basic-wolfssl/hostapd-2023-09-08-e5ccbfc6=hostapd-2023-09-08-e5ccbfc6 -ffunction-sections -fdata-sections -flto=auto -fno-fat-lto-objects -Wformat -Werror=format-security -DPIC -fPIC -fstack-protector -D_FORTIFY_SOURCE=1 -Wl,-z,now -Wl,-z,relro -I/home/runner/work/ma3063-openwrt/ma3063-openwrt/openwrt/build_dir/target-aarch64_cortex-a53_musl/hostapd-wpad-basic-wolfssl/hostapd-2023-09-08-e5ccbfc6/src -I/home/runner/work/ma3063-openwrt/ma3063-openwrt/openwrt/build_dir/target-aarch64_cortex-a53_musl/hostapd-wpad-basic-wolfssl/hostapd-2023-09-08-e5ccbfc6/src/utils -DHOSTAPD -DCONFIG_ELOOP_EPOLL -DUBUS_SUPPORT -DUCODE_SUPPORT -DCONFIG_NO_RADIUS -DCONFIG_NO_ACCOUNTING -DCONFIG_CTRL_IFACE_UNIX -DCONFIG_CTRL_IFACE -DCONFIG_RSN_PREAUTH -DCONFIG_OCV -DCONFIG_IEEE80211R -DCONFIG_IEEE80211R_AP -DCONFIG_ETH_P_OUI -DCONFIG_SAE -DCONFIG_OWE -DCONFIG_AIRTIME_POLICY -DCONFIG_IEEE80211AC -DCONFIG_IEEE80211AX -DCONFIG_MBO -DCONFIG_DRIVER_WIRED -DCONFIG_DRIVER_NL80211 -DCONFIG_DRIVER_WIRED -DCONFIG_DRIVER_NL80211 -DEAP_SERVER_IDENTITY -DCONFIG_TLS_WOLFSSL -DCONFIG_SHA256 -DCONFIG_HMAC_SHA256_KDF -DCONFIG_HMAC_SHA384_KDF -DCONFIG_HMAC_SHA512_KDF -DCONFIG_SHA384 -DCONFIG_SHA512 -DCONFIG_ECC -DCONFIG_NO_RANDOM_POOL -DNEED_AP_MLME -DCONFIG_ACS -DCONFIG_DEBUG_SYSLOG -I/home/runner/work/ma3063-openwrt/ma3063-openwrt/openwrt/staging_dir/target-aarch64_cortex-a53_musl/usr/include/libnl-tiny -I/home/runner/work/ma3063-openwrt/ma3063-openwrt/openwrt/build_dir/target-aarch64_cortex-a53_musl/hostapd-wpad-basic-wolfssl/hostapd-2023-09-08-e5ccbfc6/src/crypto -I/home/runner/work/ma3063-openwrt/ma3063-openwrt/openwrt/staging_dir/toolchain-aarch64_cortex-a53_gcc-12.3.0_musl/usr/include -I/home/runner/work/ma3063-openwrt/ma3063-openwrt/openwrt/staging_dir/toolchain-aarch64_cortex-a53_gcc-12.3.0_musl/include/fortify -I/home/runner/work/ma3063-openwrt/ma3063-openwrt/openwrt/staging_dir/toolchain-aarch64_cortex-a53_gcc-12.3.0_musl/include -DCONFIG_LIBNL20 -D_GNU_SOURCE -DCONFIG_MSG_MIN_PRIORITY=3 -I/home/runner/work/ma3063-openwrt/ma3063-openwrt/openwrt/build_dir/target-aarch64_cortex-a53_musl/hostapd-wpad-basic-wolfssl/hostapd-2023-09-08-e5ccbfc6/src -I/home/runner/work/ma3063-openwrt/ma3063-openwrt/openwrt/build_dir/target-aarch64_cortex-a53_musl/hostapd-wpad-basic-wolfssl/hostapd-2023-09-08-e5ccbfc6/src/utils -DCONFIG_ELOOP_EPOLL -DUBUS_SUPPORT -DUCODE_SUPPORT -DCONFIG_HT_OVERRIDES -DCONFIG_VHT_OVERRIDES -DCONFIG_BACKEND_FILE -DCONFIG_NO_CONFIG_WRITE -DCONFIG_OCV -DCONFIG_IEEE80211R -DCONFIG_SAE -DCONFIG_OWE -DCONFIG_WNM -DCONFIG_DRIVER_WIRED -DCONFIG_DRIVER_NL80211 -DCONFIG_MBO -DCONFIG_ACS -DCONFIG_TLS_WOLFSSL -DCONFIG_SHA256 -DCONFIG_HMAC_SHA256_KDF -DCONFIG_HMAC_SHA384_KDF -DCONFIG_HMAC_SHA512_KDF -DCONFIG_SHA384 -DCONFIG_SHA512 -DCONFIG_ECC -DCONFIG_NO_RANDOM_POOL -DCONFIG_CTRL_IFACE -DCONFIG_CTRL_IFACE_UNIX -DCONFIG_NO_LINUX_PACKET_SOCKET_WAR -DCONFIG_SME -DCONFIG_DEBUG_SYSLOG -DLOG_HOSTAPD=LOG_DAEMON ../src/crypto/tls_none.c
aarch64-openwrt-linux-musl-gcc -c -o /home/runner/work/ma3063-openwrt/ma3063-openwrt/openwrt/build_dir/target-aarch64_cortex-a53_musl/hostapd-wpad-basic-wolfssl/hostapd-2023-09-08-e5ccbfc6/build/hostapd/src/crypto/aes-siv.o -I/home/runner/work/ma3063-openwrt/ma3063-openwrt/openwrt/staging_dir/target-aarch64_cortex-a53_musl/usr/include/libnl-tiny -I/home/runner/work/ma3063-openwrt/ma3063-openwrt/openwrt/build_dir/target-aarch64_cortex-a53_musl/hostapd-wpad-basic-wolfssl/hostapd-2023-09-08-e5ccbfc6/src/crypto -I/home/runner/work/ma3063-openwrt/ma3063-openwrt/openwrt/staging_dir/toolchain-aarch64_cortex-a53_gcc-12.3.0_musl/usr/include -I/home/runner/work/ma3063-openwrt/ma3063-openwrt/openwrt/staging_dir/toolchain-aarch64_cortex-a53_gcc-12.3.0_musl/include/fortify -I/home/runner/work/ma3063-openwrt/ma3063-openwrt/openwrt/staging_dir/toolchain-aarch64_cortex-a53_gcc-12.3.0_musl/include -DCONFIG_LIBNL20 -D_GNU_SOURCE -DCONFIG_MSG_MIN_PRIORITY=3 -Os -pipe -mcpu=cortex-a53 -fno-caller-saves -fno-plt -fhonour-copts -fmacro-prefix-map=/home/runner/work/ma3063-openwrt/ma3063-openwrt/openwrt/build_dir/target-aarch64_cortex-a53_musl/hostapd-wpad-basic-wolfssl/hostapd-2023-09-08-e5ccbfc6=hostapd-2023-09-08-e5ccbfc6 -ffunction-sections -fdata-sections -flto=auto -fno-fat-lto-objects -Wformat -Werror=format-security -DPIC -fPIC -fstack-protector -D_FORTIFY_SOURCE=1 -Wl,-z,now -Wl,-z,relro -I/home/runner/work/ma3063-openwrt/ma3063-openwrt/openwrt/build_dir/target-aarch64_cortex-a53_musl/hostapd-wpad-basic-wolfssl/hostapd-2023-09-08-e5ccbfc6/src -I/home/runner/work/ma3063-openwrt/ma3063-openwrt/openwrt/build_dir/target-aarch64_cortex-a53_musl/hostapd-wpad-basic-wolfssl/hostapd-2023-09-08-e5ccbfc6/src/utils -DHOSTAPD -DCONFIG_ELOOP_EPOLL -DUBUS_SUPPORT -DUCODE_SUPPORT -DCONFIG_NO_RADIUS -DCONFIG_NO_ACCOUNTING -DCONFIG_CTRL_IFACE_UNIX -DCONFIG_CTRL_IFACE -DCONFIG_RSN_PREAUTH -DCONFIG_OCV -DCONFIG_IEEE80211R -DCONFIG_IEEE80211R_AP -DCONFIG_ETH_P_OUI -DCONFIG_SAE -DCONFIG_OWE -DCONFIG_AIRTIME_POLICY -DCONFIG_IEEE80211AC -DCONFIG_IEEE80211AX -DCONFIG_MBO -DCONFIG_DRIVER_WIRED -DCONFIG_DRIVER_NL80211 -DCONFIG_DRIVER_WIRED -DCONFIG_DRIVER_NL80211 -DEAP_SERVER_IDENTITY -DCONFIG_TLS_WOLFSSL -DCONFIG_SHA256 -DCONFIG_HMAC_SHA256_KDF -DCONFIG_HMAC_SHA384_KDF -DCONFIG_HMAC_SHA512_KDF -DCONFIG_SHA384 -DCONFIG_SHA512 -DCONFIG_ECC -DCONFIG_NO_RANDOM_POOL -DNEED_AP_MLME -DCONFIG_ACS -DCONFIG_DEBUG_SYSLOG -I/home/runner/work/ma3063-openwrt/ma3063-openwrt/openwrt/staging_dir/target-aarch64_cortex-a53_musl/usr/include/libnl-tiny -I/home/runner/work/ma3063-openwrt/ma3063-openwrt/openwrt/build_dir/target-aarch64_cortex-a53_musl/hostapd-wpad-basic-wolfssl/hostapd-2023-09-08-e5ccbfc6/src/crypto -I/home/runner/work/ma3063-openwrt/ma3063-openwrt/openwrt/staging_dir/toolchain-aarch64_cortex-a53_gcc-12.3.0_musl/usr/include -I/home/runner/work/ma3063-openwrt/ma3063-openwrt/openwrt/staging_dir/toolchain-aarch64_cortex-a53_gcc-12.3.0_musl/include/fortify -I/home/runner/work/ma3063-openwrt/ma3063-openwrt/openwrt/staging_dir/toolchain-aarch64_cortex-a53_gcc-12.3.0_musl/include -DCONFIG_LIBNL20 -D_GNU_SOURCE -DCONFIG_MSG_MIN_PRIORITY=3 -I/home/runner/work/ma3063-openwrt/ma3063-openwrt/openwrt/build_dir/target-aarch64_cortex-a53_musl/hostapd-wpad-basic-wolfssl/hostapd-2023-09-08-e5ccbfc6/src -I/home/runner/work/ma3063-openwrt/ma3063-openwrt/openwrt/build_dir/target-aarch64_cortex-a53_musl/hostapd-wpad-basic-wolfssl/hostapd-2023-09-08-e5ccbfc6/src/utils -DCONFIG_ELOOP_EPOLL -DUBUS_SUPPORT -DUCODE_SUPPORT -DCONFIG_HT_OVERRIDES -DCONFIG_VHT_OVERRIDES -DCONFIG_BACKEND_FILE -DCONFIG_NO_CONFIG_WRITE -DCONFIG_OCV -DCONFIG_IEEE80211R -DCONFIG_SAE -DCONFIG_OWE -DCONFIG_WNM -DCONFIG_DRIVER_WIRED -DCONFIG_DRIVER_NL80211 -DCONFIG_MBO -DCONFIG_ACS -DCONFIG_TLS_WOLFSSL -DCONFIG_SHA256 -DCONFIG_HMAC_SHA256_KDF -DCONFIG_HMAC_SHA384_KDF -DCONFIG_HMAC_SHA512_KDF -DCONFIG_SHA384 -DCONFIG_SHA512 -DCONFIG_ECC -DCONFIG_NO_RANDOM_POOL -DCONFIG_CTRL_IFACE -DCONFIG_CTRL_IFACE_UNIX -DCONFIG_NO_LINUX_PACKET_SOCKET_WAR -DCONFIG_SME -DCONFIG_DEBUG_SYSLOG -DLOG_HOSTAPD=LOG_DAEMON ../src/crypto/aes-siv.c
aarch64-openwrt-linux-musl-gcc -c -o /home/runner/work/ma3063-openwrt/ma3063-openwrt/openwrt/build_dir/target-aarch64_cortex-a53_musl/hostapd-wpad-basic-wolfssl/hostapd-2023-09-08-e5ccbfc6/build/hostapd/src/crypto/aes-ctr.o -I/home/runner/work/ma3063-openwrt/ma3063-openwrt/openwrt/staging_dir/target-aarch64_cortex-a53_musl/usr/include/libnl-tiny -I/home/runner/work/ma3063-openwrt/ma3063-openwrt/openwrt/build_dir/target-aarch64_cortex-a53_musl/hostapd-wpad-basic-wolfssl/hostapd-2023-09-08-e5ccbfc6/src/crypto -I/home/runner/work/ma3063-openwrt/ma3063-openwrt/openwrt/staging_dir/toolchain-aarch64_cortex-a53_gcc-12.3.0_musl/usr/include -I/home/runner/work/ma3063-openwrt/ma3063-openwrt/openwrt/staging_dir/toolchain-aarch64_cortex-a53_gcc-12.3.0_musl/include/fortify -I/home/runner/work/ma3063-openwrt/ma3063-openwrt/openwrt/staging_dir/toolchain-aarch64_cortex-a53_gcc-12.3.0_musl/include -DCONFIG_LIBNL20 -D_GNU_SOURCE -DCONFIG_MSG_MIN_PRIORITY=3 -Os -pipe -mcpu=cortex-a53 -fno-caller-saves -fno-plt -fhonour-copts -fmacro-prefix-map=/home/runner/work/ma3063-openwrt/ma3063-openwrt/openwrt/build_dir/target-aarch64_cortex-a53_musl/hostapd-wpad-basic-wolfssl/hostapd-2023-09-08-e5ccbfc6=hostapd-2023-09-08-e5ccbfc6 -ffunction-sections -fdata-sections -flto=auto -fno-fat-lto-objects -Wformat -Werror=format-security -DPIC -fPIC -fstack-protector -D_FORTIFY_SOURCE=1 -Wl,-z,now -Wl,-z,relro -I/home/runner/work/ma3063-openwrt/ma3063-openwrt/openwrt/build_dir/target-aarch64_cortex-a53_musl/hostapd-wpad-basic-wolfssl/hostapd-2023-09-08-e5ccbfc6/src -I/home/runner/work/ma3063-openwrt/ma3063-openwrt/openwrt/build_dir/target-aarch64_cortex-a53_musl/hostapd-wpad-basic-wolfssl/hostapd-2023-09-08-e5ccbfc6/src/utils -DHOSTAPD -DCONFIG_ELOOP_EPOLL -DUBUS_SUPPORT -DUCODE_SUPPORT -DCONFIG_NO_RADIUS -DCONFIG_NO_ACCOUNTING -DCONFIG_CTRL_IFACE_UNIX -DCONFIG_CTRL_IFACE -DCONFIG_RSN_PREAUTH -DCONFIG_OCV -DCONFIG_IEEE80211R -DCONFIG_IEEE80211R_AP -DCONFIG_ETH_P_OUI -DCONFIG_SAE -DCONFIG_OWE -DCONFIG_AIRTIME_POLICY -DCONFIG_IEEE80211AC -DCONFIG_IEEE80211AX -DCONFIG_MBO -DCONFIG_DRIVER_WIRED -DCONFIG_DRIVER_NL80211 -DCONFIG_DRIVER_WIRED -DCONFIG_DRIVER_NL80211 -DEAP_SERVER_IDENTITY -DCONFIG_TLS_WOLFSSL -DCONFIG_SHA256 -DCONFIG_HMAC_SHA256_KDF -DCONFIG_HMAC_SHA384_KDF -DCONFIG_HMAC_SHA512_KDF -DCONFIG_SHA384 -DCONFIG_SHA512 -DCONFIG_ECC -DCONFIG_NO_RANDOM_POOL -DNEED_AP_MLME -DCONFIG_ACS -DCONFIG_DEBUG_SYSLOG -I/home/runner/work/ma3063-openwrt/ma3063-openwrt/openwrt/staging_dir/target-aarch64_cortex-a53_musl/usr/include/libnl-tiny -I/home/runner/work/ma3063-openwrt/ma3063-openwrt/openwrt/build_dir/target-aarch64_cortex-a53_musl/hostapd-wpad-basic-wolfssl/hostapd-2023-09-08-e5ccbfc6/src/crypto -I/home/runner/work/ma3063-openwrt/ma3063-openwrt/openwrt/staging_dir/toolchain-aarch64_cortex-a53_gcc-12.3.0_musl/usr/include -I/home/runner/work/ma3063-openwrt/ma3063-openwrt/openwrt/staging_dir/toolchain-aarch64_cortex-a53_gcc-12.3.0_musl/include/fortify -I/home/runner/work/ma3063-openwrt/ma3063-openwrt/openwrt/staging_dir/toolchain-aarch64_cortex-a53_gcc-12.3.0_musl/include -DCONFIG_LIBNL20 -D_GNU_SOURCE -DCONFIG_MSG_MIN_PRIORITY=3 -I/home/runner/work/ma3063-openwrt/ma3063-openwrt/openwrt/build_dir/target-aarch64_cortex-a53_musl/hostapd-wpad-basic-wolfssl/hostapd-2023-09-08-e5ccbfc6/src -I/home/runner/work/ma3063-openwrt/ma3063-openwrt/openwrt/build_dir/target-aarch64_cortex-a53_musl/hostapd-wpad-basic-wolfssl/hostapd-2023-09-08-e5ccbfc6/src/utils -DCONFIG_ELOOP_EPOLL -DUBUS_SUPPORT -DUCODE_SUPPORT -DCONFIG_HT_OVERRIDES -DCONFIG_VHT_OVERRIDES -DCONFIG_BACKEND_FILE -DCONFIG_NO_CONFIG_WRITE -DCONFIG_OCV -DCONFIG_IEEE80211R -DCONFIG_SAE -DCONFIG_OWE -DCONFIG_WNM -DCONFIG_DRIVER_WIRED -DCONFIG_DRIVER_NL80211 -DCONFIG_MBO -DCONFIG_ACS -DCONFIG_TLS_WOLFSSL -DCONFIG_SHA256 -DCONFIG_HMAC_SHA256_KDF -DCONFIG_HMAC_SHA384_KDF -DCONFIG_HMAC_SHA512_KDF -DCONFIG_SHA384 -DCONFIG_SHA512 -DCONFIG_ECC -DCONFIG_NO_RANDOM_POOL -DCONFIG_CTRL_IFACE -DCONFIG_CTRL_IFACE_UNIX -DCONFIG_NO_LINUX_PACKET_SOCKET_WAR -DCONFIG_SME -DCONFIG_DEBUG_SYSLOG -DLOG_HOSTAPD=LOG_DAEMON ../src/crypto/aes-ctr.c
aarch64-openwrt-linux-musl-gcc -c -o /home/runner/work/ma3063-openwrt/ma3063-openwrt/openwrt/build_dir/target-aarch64_cortex-a53_musl/hostapd-wpad-basic-wolfssl/hostapd-2023-09-08-e5ccbfc6/build/hostapd/src/crypto/sha1-prf.o -I/home/runner/work/ma3063-openwrt/ma3063-openwrt/openwrt/staging_dir/target-aarch64_cortex-a53_musl/usr/include/libnl-tiny -I/home/runner/work/ma3063-openwrt/ma3063-openwrt/openwrt/build_dir/target-aarch64_cortex-a53_musl/hostapd-wpad-basic-wolfssl/hostapd-2023-09-08-e5ccbfc6/src/crypto -I/home/runner/work/ma3063-openwrt/ma3063-openwrt/openwrt/staging_dir/toolchain-aarch64_cortex-a53_gcc-12.3.0_musl/usr/include -I/home/runner/work/ma3063-openwrt/ma3063-openwrt/openwrt/staging_dir/toolchain-aarch64_cortex-a53_gcc-12.3.0_musl/include/fortify -I/home/runner/work/ma3063-openwrt/ma3063-openwrt/openwrt/staging_dir/toolchain-aarch64_cortex-a53_gcc-12.3.0_musl/include -DCONFIG_LIBNL20 -D_GNU_SOURCE -DCONFIG_MSG_MIN_PRIORITY=3 -Os -pipe -mcpu=cortex-a53 -fno-caller-saves -fno-plt -fhonour-copts -fmacro-prefix-map=/home/runner/work/ma3063-openwrt/ma3063-openwrt/openwrt/build_dir/target-aarch64_cortex-a53_musl/hostapd-wpad-basic-wolfssl/hostapd-2023-09-08-e5ccbfc6=hostapd-2023-09-08-e5ccbfc6 -ffunction-sections -fdata-sections -flto=auto -fno-fat-lto-objects -Wformat -Werror=format-security -DPIC -fPIC -fstack-protector -D_FORTIFY_SOURCE=1 -Wl,-z,now -Wl,-z,relro -I/home/runner/work/ma3063-openwrt/ma3063-openwrt/openwrt/build_dir/target-aarch64_cortex-a53_musl/hostapd-wpad-basic-wolfssl/hostapd-2023-09-08-e5ccbfc6/src -I/home/runner/work/ma3063-openwrt/ma3063-openwrt/openwrt/build_dir/target-aarch64_cortex-a53_musl/hostapd-wpad-basic-wolfssl/hostapd-2023-09-08-e5ccbfc6/src/utils -DHOSTAPD -DCONFIG_ELOOP_EPOLL -DUBUS_SUPPORT -DUCODE_SUPPORT -DCONFIG_NO_RADIUS -DCONFIG_NO_ACCOUNTING -DCONFIG_CTRL_IFACE_UNIX -DCONFIG_CTRL_IFACE -DCONFIG_RSN_PREAUTH -DCONFIG_OCV -DCONFIG_IEEE80211R -DCONFIG_IEEE80211R_AP -DCONFIG_ETH_P_OUI -DCONFIG_SAE -DCONFIG_OWE -DCONFIG_AIRTIME_POLICY -DCONFIG_IEEE80211AC -DCONFIG_IEEE80211AX -DCONFIG_MBO -DCONFIG_DRIVER_WIRED -DCONFIG_DRIVER_NL80211 -DCONFIG_DRIVER_WIRED -DCONFIG_DRIVER_NL80211 -DEAP_SERVER_IDENTITY -DCONFIG_TLS_WOLFSSL -DCONFIG_SHA256 -DCONFIG_HMAC_SHA256_KDF -DCONFIG_HMAC_SHA384_KDF -DCONFIG_HMAC_SHA512_KDF -DCONFIG_SHA384 -DCONFIG_SHA512 -DCONFIG_ECC -DCONFIG_NO_RANDOM_POOL -DNEED_AP_MLME -DCONFIG_ACS -DCONFIG_DEBUG_SYSLOG -I/home/runner/work/ma3063-openwrt/ma3063-openwrt/openwrt/staging_dir/target-aarch64_cortex-a53_musl/usr/include/libnl-tiny -I/home/runner/work/ma3063-openwrt/ma3063-openwrt/openwrt/build_dir/target-aarch64_cortex-a53_musl/hostapd-wpad-basic-wolfssl/hostapd-2023-09-08-e5ccbfc6/src/crypto -I/home/runner/work/ma3063-openwrt/ma3063-openwrt/openwrt/staging_dir/toolchain-aarch64_cortex-a53_gcc-12.3.0_musl/usr/include -I/home/runner/work/ma3063-openwrt/ma3063-openwrt/openwrt/staging_dir/toolchain-aarch64_cortex-a53_gcc-12.3.0_musl/include/fortify -I/home/runner/work/ma3063-openwrt/ma3063-openwrt/openwrt/staging_dir/toolchain-aarch64_cortex-a53_gcc-12.3.0_musl/include -DCONFIG_LIBNL20 -D_GNU_SOURCE -DCONFIG_MSG_MIN_PRIORITY=3 -I/home/runner/work/ma3063-openwrt/ma3063-openwrt/openwrt/build_dir/target-aarch64_cortex-a53_musl/hostapd-wpad-basic-wolfssl/hostapd-2023-09-08-e5ccbfc6/src -I/home/runner/work/ma3063-openwrt/ma3063-openwrt/openwrt/build_dir/target-aarch64_cortex-a53_musl/hostapd-wpad-basic-wolfssl/hostapd-2023-09-08-e5ccbfc6/src/utils -DCONFIG_ELOOP_EPOLL -DUBUS_SUPPORT -DUCODE_SUPPORT -DCONFIG_HT_OVERRIDES -DCONFIG_VHT_OVERRIDES -DCONFIG_BACKEND_FILE -DCONFIG_NO_CONFIG_WRITE -DCONFIG_OCV -DCONFIG_IEEE80211R -DCONFIG_SAE -DCONFIG_OWE -DCONFIG_WNM -DCONFIG_DRIVER_WIRED -DCONFIG_DRIVER_NL80211 -DCONFIG_MBO -DCONFIG_ACS -DCONFIG_TLS_WOLFSSL -DCONFIG_SHA256 -DCONFIG_HMAC_SHA256_KDF -DCONFIG_HMAC_SHA384_KDF -DCONFIG_HMAC_SHA512_KDF -DCONFIG_SHA384 -DCONFIG_SHA512 -DCONFIG_ECC -DCONFIG_NO_RANDOM_POOL -DCONFIG_CTRL_IFACE -DCONFIG_CTRL_IFACE_UNIX -DCONFIG_NO_LINUX_PACKET_SOCKET_WAR -DCONFIG_SME -DCONFIG_DEBUG_SYSLOG -DLOG_HOSTAPD=LOG_DAEMON ../src/crypto/sha1-prf.c
aarch64-openwrt-linux-musl-gcc -c -o /home/runner/work/ma3063-openwrt/ma3063-openwrt/openwrt/build_dir/target-aarch64_cortex-a53_musl/hostapd-wpad-basic-wolfssl/hostapd-2023-09-08-e5ccbfc6/build/hostapd/src/crypto/sha256-prf.o -I/home/runner/work/ma3063-openwrt/ma3063-openwrt/openwrt/staging_dir/target-aarch64_cortex-a53_musl/usr/include/libnl-tiny -I/home/runner/work/ma3063-openwrt/ma3063-openwrt/openwrt/build_dir/target-aarch64_cortex-a53_musl/hostapd-wpad-basic-wolfssl/hostapd-2023-09-08-e5ccbfc6/src/crypto -I/home/runner/work/ma3063-openwrt/ma3063-openwrt/openwrt/staging_dir/toolchain-aarch64_cortex-a53_gcc-12.3.0_musl/usr/include -I/home/runner/work/ma3063-openwrt/ma3063-openwrt/openwrt/staging_dir/toolchain-aarch64_cortex-a53_gcc-12.3.0_musl/include/fortify -I/home/runner/work/ma3063-openwrt/ma3063-openwrt/openwrt/staging_dir/toolchain-aarch64_cortex-a53_gcc-12.3.0_musl/include -DCONFIG_LIBNL20 -D_GNU_SOURCE -DCONFIG_MSG_MIN_PRIORITY=3 -Os -pipe -mcpu=cortex-a53 -fno-caller-saves -fno-plt -fhonour-copts -fmacro-prefix-map=/home/runner/work/ma3063-openwrt/ma3063-openwrt/openwrt/build_dir/target-aarch64_cortex-a53_musl/hostapd-wpad-basic-wolfssl/hostapd-2023-09-08-e5ccbfc6=hostapd-2023-09-08-e5ccbfc6 -ffunction-sections -fdata-sections -flto=auto -fno-fat-lto-objects -Wformat -Werror=format-security -DPIC -fPIC -fstack-protector -D_FORTIFY_SOURCE=1 -Wl,-z,now -Wl,-z,relro -I/home/runner/work/ma3063-openwrt/ma3063-openwrt/openwrt/build_dir/target-aarch64_cortex-a53_musl/hostapd-wpad-basic-wolfssl/hostapd-2023-09-08-e5ccbfc6/src -I/home/runner/work/ma3063-openwrt/ma3063-openwrt/openwrt/build_dir/target-aarch64_cortex-a53_musl/hostapd-wpad-basic-wolfssl/hostapd-2023-09-08-e5ccbfc6/src/utils -DHOSTAPD -DCONFIG_ELOOP_EPOLL -DUBUS_SUPPORT -DUCODE_SUPPORT -DCONFIG_NO_RADIUS -DCONFIG_NO_ACCOUNTING -DCONFIG_CTRL_IFACE_UNIX -DCONFIG_CTRL_IFACE -DCONFIG_RSN_PREAUTH -DCONFIG_OCV -DCONFIG_IEEE80211R -DCONFIG_IEEE80211R_AP -DCONFIG_ETH_P_OUI -DCONFIG_SAE -DCONFIG_OWE -DCONFIG_AIRTIME_POLICY -DCONFIG_IEEE80211AC -DCONFIG_IEEE80211AX -DCONFIG_MBO -DCONFIG_DRIVER_WIRED -DCONFIG_DRIVER_NL80211 -DCONFIG_DRIVER_WIRED -DCONFIG_DRIVER_NL80211 -DEAP_SERVER_IDENTITY -DCONFIG_TLS_WOLFSSL -DCONFIG_SHA256 -DCONFIG_HMAC_SHA256_KDF -DCONFIG_HMAC_SHA384_KDF -DCONFIG_HMAC_SHA512_KDF -DCONFIG_SHA384 -DCONFIG_SHA512 -DCONFIG_ECC -DCONFIG_NO_RANDOM_POOL -DNEED_AP_MLME -DCONFIG_ACS -DCONFIG_DEBUG_SYSLOG -I/home/runner/work/ma3063-openwrt/ma3063-openwrt/openwrt/staging_dir/target-aarch64_cortex-a53_musl/usr/include/libnl-tiny -I/home/runner/work/ma3063-openwrt/ma3063-openwrt/openwrt/build_dir/target-aarch64_cortex-a53_musl/hostapd-wpad-basic-wolfssl/hostapd-2023-09-08-e5ccbfc6/src/crypto -I/home/runner/work/ma3063-openwrt/ma3063-openwrt/openwrt/staging_dir/toolchain-aarch64_cortex-a53_gcc-12.3.0_musl/usr/include -I/home/runner/work/ma3063-openwrt/ma3063-openwrt/openwrt/staging_dir/toolchain-aarch64_cortex-a53_gcc-12.3.0_musl/include/fortify -I/home/runner/work/ma3063-openwrt/ma3063-openwrt/openwrt/staging_dir/toolchain-aarch64_cortex-a53_gcc-12.3.0_musl/include -DCONFIG_LIBNL20 -D_GNU_SOURCE -DCONFIG_MSG_MIN_PRIORITY=3 -I/home/runner/work/ma3063-openwrt/ma3063-openwrt/openwrt/build_dir/target-aarch64_cortex-a53_musl/hostapd-wpad-basic-wolfssl/hostapd-2023-09-08-e5ccbfc6/src -I/home/runner/work/ma3063-openwrt/ma3063-openwrt/openwrt/build_dir/target-aarch64_cortex-a53_musl/hostapd-wpad-basic-wolfssl/hostapd-2023-09-08-e5ccbfc6/src/utils -DCONFIG_ELOOP_EPOLL -DUBUS_SUPPORT -DUCODE_SUPPORT -DCONFIG_HT_OVERRIDES -DCONFIG_VHT_OVERRIDES -DCONFIG_BACKEND_FILE -DCONFIG_NO_CONFIG_WRITE -DCONFIG_OCV -DCONFIG_IEEE80211R -DCONFIG_SAE -DCONFIG_OWE -DCONFIG_WNM -DCONFIG_DRIVER_WIRED -DCONFIG_DRIVER_NL80211 -DCONFIG_MBO -DCONFIG_ACS -DCONFIG_TLS_WOLFSSL -DCONFIG_SHA256 -DCONFIG_HMAC_SHA256_KDF -DCONFIG_HMAC_SHA384_KDF -DCONFIG_HMAC_SHA512_KDF -DCONFIG_SHA384 -DCONFIG_SHA512 -DCONFIG_ECC -DCONFIG_NO_RANDOM_POOL -DCONFIG_CTRL_IFACE -DCONFIG_CTRL_IFACE_UNIX -DCONFIG_NO_LINUX_PACKET_SOCKET_WAR -DCONFIG_SME -DCONFIG_DEBUG_SYSLOG -DLOG_HOSTAPD=LOG_DAEMON ../src/crypto/sha256-prf.c
aarch64-openwrt-linux-musl-gcc -c -o /home/runner/work/ma3063-openwrt/ma3063-openwrt/openwrt/build_dir/target-aarch64_cortex-a53_musl/hostapd-wpad-basic-wolfssl/hostapd-2023-09-08-e5ccbfc6/build/hostapd/src/crypto/sha256-tlsprf.o -I/home/runner/work/ma3063-openwrt/ma3063-openwrt/openwrt/staging_dir/target-aarch64_cortex-a53_musl/usr/include/libnl-tiny -I/home/runner/work/ma3063-openwrt/ma3063-openwrt/openwrt/build_dir/target-aarch64_cortex-a53_musl/hostapd-wpad-basic-wolfssl/hostapd-2023-09-08-e5ccbfc6/src/crypto -I/home/runner/work/ma3063-openwrt/ma3063-openwrt/openwrt/staging_dir/toolchain-aarch64_cortex-a53_gcc-12.3.0_musl/usr/include -I/home/runner/work/ma3063-openwrt/ma3063-openwrt/openwrt/staging_dir/toolchain-aarch64_cortex-a53_gcc-12.3.0_musl/include/fortify -I/home/runner/work/ma3063-openwrt/ma3063-openwrt/openwrt/staging_dir/toolchain-aarch64_cortex-a53_gcc-12.3.0_musl/include -DCONFIG_LIBNL20 -D_GNU_SOURCE -DCONFIG_MSG_MIN_PRIORITY=3 -Os -pipe -mcpu=cortex-a53 -fno-caller-saves -fno-plt -fhonour-copts -fmacro-prefix-map=/home/runner/work/ma3063-openwrt/ma3063-openwrt/openwrt/build_dir/target-aarch64_cortex-a53_musl/hostapd-wpad-basic-wolfssl/hostapd-2023-09-08-e5ccbfc6=hostapd-2023-09-08-e5ccbfc6 -ffunction-sections -fdata-sections -flto=auto -fno-fat-lto-objects -Wformat -Werror=format-security -DPIC -fPIC -fstack-protector -D_FORTIFY_SOURCE=1 -Wl,-z,now -Wl,-z,relro -I/home/runner/work/ma3063-openwrt/ma3063-openwrt/openwrt/build_dir/target-aarch64_cortex-a53_musl/hostapd-wpad-basic-wolfssl/hostapd-2023-09-08-e5ccbfc6/src -I/home/runner/work/ma3063-openwrt/ma3063-openwrt/openwrt/build_dir/target-aarch64_cortex-a53_musl/hostapd-wpad-basic-wolfssl/hostapd-2023-09-08-e5ccbfc6/src/utils -DHOSTAPD -DCONFIG_ELOOP_EPOLL -DUBUS_SUPPORT -DUCODE_SUPPORT -DCONFIG_NO_RADIUS -DCONFIG_NO_ACCOUNTING -DCONFIG_CTRL_IFACE_UNIX -DCONFIG_CTRL_IFACE -DCONFIG_RSN_PREAUTH -DCONFIG_OCV -DCONFIG_IEEE80211R -DCONFIG_IEEE80211R_AP -DCONFIG_ETH_P_OUI -DCONFIG_SAE -DCONFIG_OWE -DCONFIG_AIRTIME_POLICY -DCONFIG_IEEE80211AC -DCONFIG_IEEE80211AX -DCONFIG_MBO -DCONFIG_DRIVER_WIRED -DCONFIG_DRIVER_NL80211 -DCONFIG_DRIVER_WIRED -DCONFIG_DRIVER_NL80211 -DEAP_SERVER_IDENTITY -DCONFIG_TLS_WOLFSSL -DCONFIG_SHA256 -DCONFIG_HMAC_SHA256_KDF -DCONFIG_HMAC_SHA384_KDF -DCONFIG_HMAC_SHA512_KDF -DCONFIG_SHA384 -DCONFIG_SHA512 -DCONFIG_ECC -DCONFIG_NO_RANDOM_POOL -DNEED_AP_MLME -DCONFIG_ACS -DCONFIG_DEBUG_SYSLOG -I/home/runner/work/ma3063-openwrt/ma3063-openwrt/openwrt/staging_dir/target-aarch64_cortex-a53_musl/usr/include/libnl-tiny -I/home/runner/work/ma3063-openwrt/ma3063-openwrt/openwrt/build_dir/target-aarch64_cortex-a53_musl/hostapd-wpad-basic-wolfssl/hostapd-2023-09-08-e5ccbfc6/src/crypto -I/home/runner/work/ma3063-openwrt/ma3063-openwrt/openwrt/staging_dir/toolchain-aarch64_cortex-a53_gcc-12.3.0_musl/usr/include -I/home/runner/work/ma3063-openwrt/ma3063-openwrt/openwrt/staging_dir/toolchain-aarch64_cortex-a53_gcc-12.3.0_musl/include/fortify -I/home/runner/work/ma3063-openwrt/ma3063-openwrt/openwrt/staging_dir/toolchain-aarch64_cortex-a53_gcc-12.3.0_musl/include -DCONFIG_LIBNL20 -D_GNU_SOURCE -DCONFIG_MSG_MIN_PRIORITY=3 -I/home/runner/work/ma3063-openwrt/ma3063-openwrt/openwrt/build_dir/target-aarch64_cortex-a53_musl/hostapd-wpad-basic-wolfssl/hostapd-2023-09-08-e5ccbfc6/src -I/home/runner/work/ma3063-openwrt/ma3063-openwrt/openwrt/build_dir/target-aarch64_cortex-a53_musl/hostapd-wpad-basic-wolfssl/hostapd-2023-09-08-e5ccbfc6/src/utils -DCONFIG_ELOOP_EPOLL -DUBUS_SUPPORT -DUCODE_SUPPORT -DCONFIG_HT_OVERRIDES -DCONFIG_VHT_OVERRIDES -DCONFIG_BACKEND_FILE -DCONFIG_NO_CONFIG_WRITE -DCONFIG_OCV -DCONFIG_IEEE80211R -DCONFIG_SAE -DCONFIG_OWE -DCONFIG_WNM -DCONFIG_DRIVER_WIRED -DCONFIG_DRIVER_NL80211 -DCONFIG_MBO -DCONFIG_ACS -DCONFIG_TLS_WOLFSSL -DCONFIG_SHA256 -DCONFIG_HMAC_SHA256_KDF -DCONFIG_HMAC_SHA384_KDF -DCONFIG_HMAC_SHA512_KDF -DCONFIG_SHA384 -DCONFIG_SHA512 -DCONFIG_ECC -DCONFIG_NO_RANDOM_POOL -DCONFIG_CTRL_IFACE -DCONFIG_CTRL_IFACE_UNIX -DCONFIG_NO_LINUX_PACKET_SOCKET_WAR -DCONFIG_SME -DCONFIG_DEBUG_SYSLOG -DLOG_HOSTAPD=LOG_DAEMON ../src/crypto/sha256-tlsprf.c
aarch64-openwrt-linux-musl-gcc -c -o /home/runner/work/ma3063-openwrt/ma3063-openwrt/openwrt/build_dir/target-aarch64_cortex-a53_musl/hostapd-wpad-basic-wolfssl/hostapd-2023-09-08-e5ccbfc6/build/hostapd/src/crypto/sha256-kdf.o -I/home/runner/work/ma3063-openwrt/ma3063-openwrt/openwrt/staging_dir/target-aarch64_cortex-a53_musl/usr/include/libnl-tiny -I/home/runner/work/ma3063-openwrt/ma3063-openwrt/openwrt/build_dir/target-aarch64_cortex-a53_musl/hostapd-wpad-basic-wolfssl/hostapd-2023-09-08-e5ccbfc6/src/crypto -I/home/runner/work/ma3063-openwrt/ma3063-openwrt/openwrt/staging_dir/toolchain-aarch64_cortex-a53_gcc-12.3.0_musl/usr/include -I/home/runner/work/ma3063-openwrt/ma3063-openwrt/openwrt/staging_dir/toolchain-aarch64_cortex-a53_gcc-12.3.0_musl/include/fortify -I/home/runner/work/ma3063-openwrt/ma3063-openwrt/openwrt/staging_dir/toolchain-aarch64_cortex-a53_gcc-12.3.0_musl/include -DCONFIG_LIBNL20 -D_GNU_SOURCE -DCONFIG_MSG_MIN_PRIORITY=3 -Os -pipe -mcpu=cortex-a53 -fno-caller-saves -fno-plt -fhonour-copts -fmacro-prefix-map=/home/runner/work/ma3063-openwrt/ma3063-openwrt/openwrt/build_dir/target-aarch64_cortex-a53_musl/hostapd-wpad-basic-wolfssl/hostapd-2023-09-08-e5ccbfc6=hostapd-2023-09-08-e5ccbfc6 -ffunction-sections -fdata-sections -flto=auto -fno-fat-lto-objects -Wformat -Werror=format-security -DPIC -fPIC -fstack-protector -D_FORTIFY_SOURCE=1 -Wl,-z,now -Wl,-z,relro -I/home/runner/work/ma3063-openwrt/ma3063-openwrt/openwrt/build_dir/target-aarch64_cortex-a53_musl/hostapd-wpad-basic-wolfssl/hostapd-2023-09-08-e5ccbfc6/src -I/home/runner/work/ma3063-openwrt/ma3063-openwrt/openwrt/build_dir/target-aarch64_cortex-a53_musl/hostapd-wpad-basic-wolfssl/hostapd-2023-09-08-e5ccbfc6/src/utils -DHOSTAPD -DCONFIG_ELOOP_EPOLL -DUBUS_SUPPORT -DUCODE_SUPPORT -DCONFIG_NO_RADIUS -DCONFIG_NO_ACCOUNTING -DCONFIG_CTRL_IFACE_UNIX -DCONFIG_CTRL_IFACE -DCONFIG_RSN_PREAUTH -DCONFIG_OCV -DCONFIG_IEEE80211R -DCONFIG_IEEE80211R_AP -DCONFIG_ETH_P_OUI -DCONFIG_SAE -DCONFIG_OWE -DCONFIG_AIRTIME_POLICY -DCONFIG_IEEE80211AC -DCONFIG_IEEE80211AX -DCONFIG_MBO -DCONFIG_DRIVER_WIRED -DCONFIG_DRIVER_NL80211 -DCONFIG_DRIVER_WIRED -DCONFIG_DRIVER_NL80211 -DEAP_SERVER_IDENTITY -DCONFIG_TLS_WOLFSSL -DCONFIG_SHA256 -DCONFIG_HMAC_SHA256_KDF -DCONFIG_HMAC_SHA384_KDF -DCONFIG_HMAC_SHA512_KDF -DCONFIG_SHA384 -DCONFIG_SHA512 -DCONFIG_ECC -DCONFIG_NO_RANDOM_POOL -DNEED_AP_MLME -DCONFIG_ACS -DCONFIG_DEBUG_SYSLOG -I/home/runner/work/ma3063-openwrt/ma3063-openwrt/openwrt/staging_dir/target-aarch64_cortex-a53_musl/usr/include/libnl-tiny -I/home/runner/work/ma3063-openwrt/ma3063-openwrt/openwrt/build_dir/target-aarch64_cortex-a53_musl/hostapd-wpad-basic-wolfssl/hostapd-2023-09-08-e5ccbfc6/src/crypto -I/home/runner/work/ma3063-openwrt/ma3063-openwrt/openwrt/staging_dir/toolchain-aarch64_cortex-a53_gcc-12.3.0_musl/usr/include -I/home/runner/work/ma3063-openwrt/ma3063-openwrt/openwrt/staging_dir/toolchain-aarch64_cortex-a53_gcc-12.3.0_musl/include/fortify -I/home/runner/work/ma3063-openwrt/ma3063-openwrt/openwrt/staging_dir/toolchain-aarch64_cortex-a53_gcc-12.3.0_musl/include -DCONFIG_LIBNL20 -D_GNU_SOURCE -DCONFIG_MSG_MIN_PRIORITY=3 -I/home/runner/work/ma3063-openwrt/ma3063-openwrt/openwrt/build_dir/target-aarch64_cortex-a53_musl/hostapd-wpad-basic-wolfssl/hostapd-2023-09-08-e5ccbfc6/src -I/home/runner/work/ma3063-openwrt/ma3063-openwrt/openwrt/build_dir/target-aarch64_cortex-a53_musl/hostapd-wpad-basic-wolfssl/hostapd-2023-09-08-e5ccbfc6/src/utils -DCONFIG_ELOOP_EPOLL -DUBUS_SUPPORT -DUCODE_SUPPORT -DCONFIG_HT_OVERRIDES -DCONFIG_VHT_OVERRIDES -DCONFIG_BACKEND_FILE -DCONFIG_NO_CONFIG_WRITE -DCONFIG_OCV -DCONFIG_IEEE80211R -DCONFIG_SAE -DCONFIG_OWE -DCONFIG_WNM -DCONFIG_DRIVER_WIRED -DCONFIG_DRIVER_NL80211 -DCONFIG_MBO -DCONFIG_ACS -DCONFIG_TLS_WOLFSSL -DCONFIG_SHA256 -DCONFIG_HMAC_SHA256_KDF -DCONFIG_HMAC_SHA384_KDF -DCONFIG_HMAC_SHA512_KDF -DCONFIG_SHA384 -DCONFIG_SHA512 -DCONFIG_ECC -DCONFIG_NO_RANDOM_POOL -DCONFIG_CTRL_IFACE -DCONFIG_CTRL_IFACE_UNIX -DCONFIG_NO_LINUX_PACKET_SOCKET_WAR -DCONFIG_SME -DCONFIG_DEBUG_SYSLOG -DLOG_HOSTAPD=LOG_DAEMON ../src/crypto/sha256-kdf.c
aarch64-openwrt-linux-musl-gcc -c -o /home/runner/work/ma3063-openwrt/ma3063-openwrt/openwrt/build_dir/target-aarch64_cortex-a53_musl/hostapd-wpad-basic-wolfssl/hostapd-2023-09-08-e5ccbfc6/build/hostapd/src/crypto/sha384-kdf.o -I/home/runner/work/ma3063-openwrt/ma3063-openwrt/openwrt/staging_dir/target-aarch64_cortex-a53_musl/usr/include/libnl-tiny -I/home/runner/work/ma3063-openwrt/ma3063-openwrt/openwrt/build_dir/target-aarch64_cortex-a53_musl/hostapd-wpad-basic-wolfssl/hostapd-2023-09-08-e5ccbfc6/src/crypto -I/home/runner/work/ma3063-openwrt/ma3063-openwrt/openwrt/staging_dir/toolchain-aarch64_cortex-a53_gcc-12.3.0_musl/usr/include -I/home/runner/work/ma3063-openwrt/ma3063-openwrt/openwrt/staging_dir/toolchain-aarch64_cortex-a53_gcc-12.3.0_musl/include/fortify -I/home/runner/work/ma3063-openwrt/ma3063-openwrt/openwrt/staging_dir/toolchain-aarch64_cortex-a53_gcc-12.3.0_musl/include -DCONFIG_LIBNL20 -D_GNU_SOURCE -DCONFIG_MSG_MIN_PRIORITY=3 -Os -pipe -mcpu=cortex-a53 -fno-caller-saves -fno-plt -fhonour-copts -fmacro-prefix-map=/home/runner/work/ma3063-openwrt/ma3063-openwrt/openwrt/build_dir/target-aarch64_cortex-a53_musl/hostapd-wpad-basic-wolfssl/hostapd-2023-09-08-e5ccbfc6=hostapd-2023-09-08-e5ccbfc6 -ffunction-sections -fdata-sections -flto=auto -fno-fat-lto-objects -Wformat -Werror=format-security -DPIC -fPIC -fstack-protector -D_FORTIFY_SOURCE=1 -Wl,-z,now -Wl,-z,relro -I/home/runner/work/ma3063-openwrt/ma3063-openwrt/openwrt/build_dir/target-aarch64_cortex-a53_musl/hostapd-wpad-basic-wolfssl/hostapd-2023-09-08-e5ccbfc6/src -I/home/runner/work/ma3063-openwrt/ma3063-openwrt/openwrt/build_dir/target-aarch64_cortex-a53_musl/hostapd-wpad-basic-wolfssl/hostapd-2023-09-08-e5ccbfc6/src/utils -DHOSTAPD -DCONFIG_ELOOP_EPOLL -DUBUS_SUPPORT -DUCODE_SUPPORT -DCONFIG_NO_RADIUS -DCONFIG_NO_ACCOUNTING -DCONFIG_CTRL_IFACE_UNIX -DCONFIG_CTRL_IFACE -DCONFIG_RSN_PREAUTH -DCONFIG_OCV -DCONFIG_IEEE80211R -DCONFIG_IEEE80211R_AP -DCONFIG_ETH_P_OUI -DCONFIG_SAE -DCONFIG_OWE -DCONFIG_AIRTIME_POLICY -DCONFIG_IEEE80211AC -DCONFIG_IEEE80211AX -DCONFIG_MBO -DCONFIG_DRIVER_WIRED -DCONFIG_DRIVER_NL80211 -DCONFIG_DRIVER_WIRED -DCONFIG_DRIVER_NL80211 -DEAP_SERVER_IDENTITY -DCONFIG_TLS_WOLFSSL -DCONFIG_SHA256 -DCONFIG_HMAC_SHA256_KDF -DCONFIG_HMAC_SHA384_KDF -DCONFIG_HMAC_SHA512_KDF -DCONFIG_SHA384 -DCONFIG_SHA512 -DCONFIG_ECC -DCONFIG_NO_RANDOM_POOL -DNEED_AP_MLME -DCONFIG_ACS -DCONFIG_DEBUG_SYSLOG -I/home/runner/work/ma3063-openwrt/ma3063-openwrt/openwrt/staging_dir/target-aarch64_cortex-a53_musl/usr/include/libnl-tiny -I/home/runner/work/ma3063-openwrt/ma3063-openwrt/openwrt/build_dir/target-aarch64_cortex-a53_musl/hostapd-wpad-basic-wolfssl/hostapd-2023-09-08-e5ccbfc6/src/crypto -I/home/runner/work/ma3063-openwrt/ma3063-openwrt/openwrt/staging_dir/toolchain-aarch64_cortex-a53_gcc-12.3.0_musl/usr/include -I/home/runner/work/ma3063-openwrt/ma3063-openwrt/openwrt/staging_dir/toolchain-aarch64_cortex-a53_gcc-12.3.0_musl/include/fortify -I/home/runner/work/ma3063-openwrt/ma3063-openwrt/openwrt/staging_dir/toolchain-aarch64_cortex-a53_gcc-12.3.0_musl/include -DCONFIG_LIBNL20 -D_GNU_SOURCE -DCONFIG_MSG_MIN_PRIORITY=3 -I/home/runner/work/ma3063-openwrt/ma3063-openwrt/openwrt/build_dir/target-aarch64_cortex-a53_musl/hostapd-wpad-basic-wolfssl/hostapd-2023-09-08-e5ccbfc6/src -I/home/runner/work/ma3063-openwrt/ma3063-openwrt/openwrt/build_dir/target-aarch64_cortex-a53_musl/hostapd-wpad-basic-wolfssl/hostapd-2023-09-08-e5ccbfc6/src/utils -DCONFIG_ELOOP_EPOLL -DUBUS_SUPPORT -DUCODE_SUPPORT -DCONFIG_HT_OVERRIDES -DCONFIG_VHT_OVERRIDES -DCONFIG_BACKEND_FILE -DCONFIG_NO_CONFIG_WRITE -DCONFIG_OCV -DCONFIG_IEEE80211R -DCONFIG_SAE -DCONFIG_OWE -DCONFIG_WNM -DCONFIG_DRIVER_WIRED -DCONFIG_DRIVER_NL80211 -DCONFIG_MBO -DCONFIG_ACS -DCONFIG_TLS_WOLFSSL -DCONFIG_SHA256 -DCONFIG_HMAC_SHA256_KDF -DCONFIG_HMAC_SHA384_KDF -DCONFIG_HMAC_SHA512_KDF -DCONFIG_SHA384 -DCONFIG_SHA512 -DCONFIG_ECC -DCONFIG_NO_RANDOM_POOL -DCONFIG_CTRL_IFACE -DCONFIG_CTRL_IFACE_UNIX -DCONFIG_NO_LINUX_PACKET_SOCKET_WAR -DCONFIG_SME -DCONFIG_DEBUG_SYSLOG -DLOG_HOSTAPD=LOG_DAEMON ../src/crypto/sha384-kdf.c
aarch64-openwrt-linux-musl-gcc -c -o /home/runner/work/ma3063-openwrt/ma3063-openwrt/openwrt/build_dir/target-aarch64_cortex-a53_musl/hostapd-wpad-basic-wolfssl/hostapd-2023-09-08-e5ccbfc6/build/hostapd/src/crypto/sha512-kdf.o -I/home/runner/work/ma3063-openwrt/ma3063-openwrt/openwrt/staging_dir/target-aarch64_cortex-a53_musl/usr/include/libnl-tiny -I/home/runner/work/ma3063-openwrt/ma3063-openwrt/openwrt/build_dir/target-aarch64_cortex-a53_musl/hostapd-wpad-basic-wolfssl/hostapd-2023-09-08-e5ccbfc6/src/crypto -I/home/runner/work/ma3063-openwrt/ma3063-openwrt/openwrt/staging_dir/toolchain-aarch64_cortex-a53_gcc-12.3.0_musl/usr/include -I/home/runner/work/ma3063-openwrt/ma3063-openwrt/openwrt/staging_dir/toolchain-aarch64_cortex-a53_gcc-12.3.0_musl/include/fortify -I/home/runner/work/ma3063-openwrt/ma3063-openwrt/openwrt/staging_dir/toolchain-aarch64_cortex-a53_gcc-12.3.0_musl/include -DCONFIG_LIBNL20 -D_GNU_SOURCE -DCONFIG_MSG_MIN_PRIORITY=3 -Os -pipe -mcpu=cortex-a53 -fno-caller-saves -fno-plt -fhonour-copts -fmacro-prefix-map=/home/runner/work/ma3063-openwrt/ma3063-openwrt/openwrt/build_dir/target-aarch64_cortex-a53_musl/hostapd-wpad-basic-wolfssl/hostapd-2023-09-08-e5ccbfc6=hostapd-2023-09-08-e5ccbfc6 -ffunction-sections -fdata-sections -flto=auto -fno-fat-lto-objects -Wformat -Werror=format-security -DPIC -fPIC -fstack-protector -D_FORTIFY_SOURCE=1 -Wl,-z,now -Wl,-z,relro -I/home/runner/work/ma3063-openwrt/ma3063-openwrt/openwrt/build_dir/target-aarch64_cortex-a53_musl/hostapd-wpad-basic-wolfssl/hostapd-2023-09-08-e5ccbfc6/src -I/home/runner/work/ma3063-openwrt/ma3063-openwrt/openwrt/build_dir/target-aarch64_cortex-a53_musl/hostapd-wpad-basic-wolfssl/hostapd-2023-09-08-e5ccbfc6/src/utils -DHOSTAPD -DCONFIG_ELOOP_EPOLL -DUBUS_SUPPORT -DUCODE_SUPPORT -DCONFIG_NO_RADIUS -DCONFIG_NO_ACCOUNTING -DCONFIG_CTRL_IFACE_UNIX -DCONFIG_CTRL_IFACE -DCONFIG_RSN_PREAUTH -DCONFIG_OCV -DCONFIG_IEEE80211R -DCONFIG_IEEE80211R_AP -DCONFIG_ETH_P_OUI -DCONFIG_SAE -DCONFIG_OWE -DCONFIG_AIRTIME_POLICY -DCONFIG_IEEE80211AC -DCONFIG_IEEE80211AX -DCONFIG_MBO -DCONFIG_DRIVER_WIRED -DCONFIG_DRIVER_NL80211 -DCONFIG_DRIVER_WIRED -DCONFIG_DRIVER_NL80211 -DEAP_SERVER_IDENTITY -DCONFIG_TLS_WOLFSSL -DCONFIG_SHA256 -DCONFIG_HMAC_SHA256_KDF -DCONFIG_HMAC_SHA384_KDF -DCONFIG_HMAC_SHA512_KDF -DCONFIG_SHA384 -DCONFIG_SHA512 -DCONFIG_ECC -DCONFIG_NO_RANDOM_POOL -DNEED_AP_MLME -DCONFIG_ACS -DCONFIG_DEBUG_SYSLOG -I/home/runner/work/ma3063-openwrt/ma3063-openwrt/openwrt/staging_dir/target-aarch64_cortex-a53_musl/usr/include/libnl-tiny -I/home/runner/work/ma3063-openwrt/ma3063-openwrt/openwrt/build_dir/target-aarch64_cortex-a53_musl/hostapd-wpad-basic-wolfssl/hostapd-2023-09-08-e5ccbfc6/src/crypto -I/home/runner/work/ma3063-openwrt/ma3063-openwrt/openwrt/staging_dir/toolchain-aarch64_cortex-a53_gcc-12.3.0_musl/usr/include -I/home/runner/work/ma3063-openwrt/ma3063-openwrt/openwrt/staging_dir/toolchain-aarch64_cortex-a53_gcc-12.3.0_musl/include/fortify -I/home/runner/work/ma3063-openwrt/ma3063-openwrt/openwrt/staging_dir/toolchain-aarch64_cortex-a53_gcc-12.3.0_musl/include -DCONFIG_LIBNL20 -D_GNU_SOURCE -DCONFIG_MSG_MIN_PRIORITY=3 -I/home/runner/work/ma3063-openwrt/ma3063-openwrt/openwrt/build_dir/target-aarch64_cortex-a53_musl/hostapd-wpad-basic-wolfssl/hostapd-2023-09-08-e5ccbfc6/src -I/home/runner/work/ma3063-openwrt/ma3063-openwrt/openwrt/build_dir/target-aarch64_cortex-a53_musl/hostapd-wpad-basic-wolfssl/hostapd-2023-09-08-e5ccbfc6/src/utils -DCONFIG_ELOOP_EPOLL -DUBUS_SUPPORT -DUCODE_SUPPORT -DCONFIG_HT_OVERRIDES -DCONFIG_VHT_OVERRIDES -DCONFIG_BACKEND_FILE -DCONFIG_NO_CONFIG_WRITE -DCONFIG_OCV -DCONFIG_IEEE80211R -DCONFIG_SAE -DCONFIG_OWE -DCONFIG_WNM -DCONFIG_DRIVER_WIRED -DCONFIG_DRIVER_NL80211 -DCONFIG_MBO -DCONFIG_ACS -DCONFIG_TLS_WOLFSSL -DCONFIG_SHA256 -DCONFIG_HMAC_SHA256_KDF -DCONFIG_HMAC_SHA384_KDF -DCONFIG_HMAC_SHA512_KDF -DCONFIG_SHA384 -DCONFIG_SHA512 -DCONFIG_ECC -DCONFIG_NO_RANDOM_POOL -DCONFIG_CTRL_IFACE -DCONFIG_CTRL_IFACE_UNIX -DCONFIG_NO_LINUX_PACKET_SOCKET_WAR -DCONFIG_SME -DCONFIG_DEBUG_SYSLOG -DLOG_HOSTAPD=LOG_DAEMON ../src/crypto/sha512-kdf.c
aarch64-openwrt-linux-musl-gcc -c -o /home/runner/work/ma3063-openwrt/ma3063-openwrt/openwrt/build_dir/target-aarch64_cortex-a53_musl/hostapd-wpad-basic-wolfssl/hostapd-2023-09-08-e5ccbfc6/build/hostapd/src/crypto/sha384-prf.o -I/home/runner/work/ma3063-openwrt/ma3063-openwrt/openwrt/staging_dir/target-aarch64_cortex-a53_musl/usr/include/libnl-tiny -I/home/runner/work/ma3063-openwrt/ma3063-openwrt/openwrt/build_dir/target-aarch64_cortex-a53_musl/hostapd-wpad-basic-wolfssl/hostapd-2023-09-08-e5ccbfc6/src/crypto -I/home/runner/work/ma3063-openwrt/ma3063-openwrt/openwrt/staging_dir/toolchain-aarch64_cortex-a53_gcc-12.3.0_musl/usr/include -I/home/runner/work/ma3063-openwrt/ma3063-openwrt/openwrt/staging_dir/toolchain-aarch64_cortex-a53_gcc-12.3.0_musl/include/fortify -I/home/runner/work/ma3063-openwrt/ma3063-openwrt/openwrt/staging_dir/toolchain-aarch64_cortex-a53_gcc-12.3.0_musl/include -DCONFIG_LIBNL20 -D_GNU_SOURCE -DCONFIG_MSG_MIN_PRIORITY=3 -Os -pipe -mcpu=cortex-a53 -fno-caller-saves -fno-plt -fhonour-copts -fmacro-prefix-map=/home/runner/work/ma3063-openwrt/ma3063-openwrt/openwrt/build_dir/target-aarch64_cortex-a53_musl/hostapd-wpad-basic-wolfssl/hostapd-2023-09-08-e5ccbfc6=hostapd-2023-09-08-e5ccbfc6 -ffunction-sections -fdata-sections -flto=auto -fno-fat-lto-objects -Wformat -Werror=format-security -DPIC -fPIC -fstack-protector -D_FORTIFY_SOURCE=1 -Wl,-z,now -Wl,-z,relro -I/home/runner/work/ma3063-openwrt/ma3063-openwrt/openwrt/build_dir/target-aarch64_cortex-a53_musl/hostapd-wpad-basic-wolfssl/hostapd-2023-09-08-e5ccbfc6/src -I/home/runner/work/ma3063-openwrt/ma3063-openwrt/openwrt/build_dir/target-aarch64_cortex-a53_musl/hostapd-wpad-basic-wolfssl/hostapd-2023-09-08-e5ccbfc6/src/utils -DHOSTAPD -DCONFIG_ELOOP_EPOLL -DUBUS_SUPPORT -DUCODE_SUPPORT -DCONFIG_NO_RADIUS -DCONFIG_NO_ACCOUNTING -DCONFIG_CTRL_IFACE_UNIX -DCONFIG_CTRL_IFACE -DCONFIG_RSN_PREAUTH -DCONFIG_OCV -DCONFIG_IEEE80211R -DCONFIG_IEEE80211R_AP -DCONFIG_ETH_P_OUI -DCONFIG_SAE -DCONFIG_OWE -DCONFIG_AIRTIME_POLICY -DCONFIG_IEEE80211AC -DCONFIG_IEEE80211AX -DCONFIG_MBO -DCONFIG_DRIVER_WIRED -DCONFIG_DRIVER_NL80211 -DCONFIG_DRIVER_WIRED -DCONFIG_DRIVER_NL80211 -DEAP_SERVER_IDENTITY -DCONFIG_TLS_WOLFSSL -DCONFIG_SHA256 -DCONFIG_HMAC_SHA256_KDF -DCONFIG_HMAC_SHA384_KDF -DCONFIG_HMAC_SHA512_KDF -DCONFIG_SHA384 -DCONFIG_SHA512 -DCONFIG_ECC -DCONFIG_NO_RANDOM_POOL -DNEED_AP_MLME -DCONFIG_ACS -DCONFIG_DEBUG_SYSLOG -I/home/runner/work/ma3063-openwrt/ma3063-openwrt/openwrt/staging_dir/target-aarch64_cortex-a53_musl/usr/include/libnl-tiny -I/home/runner/work/ma3063-openwrt/ma3063-openwrt/openwrt/build_dir/target-aarch64_cortex-a53_musl/hostapd-wpad-basic-wolfssl/hostapd-2023-09-08-e5ccbfc6/src/crypto -I/home/runner/work/ma3063-openwrt/ma3063-openwrt/openwrt/staging_dir/toolchain-aarch64_cortex-a53_gcc-12.3.0_musl/usr/include -I/home/runner/work/ma3063-openwrt/ma3063-openwrt/openwrt/staging_dir/toolchain-aarch64_cortex-a53_gcc-12.3.0_musl/include/fortify -I/home/runner/work/ma3063-openwrt/ma3063-openwrt/openwrt/staging_dir/toolchain-aarch64_cortex-a53_gcc-12.3.0_musl/include -DCONFIG_LIBNL20 -D_GNU_SOURCE -DCONFIG_MSG_MIN_PRIORITY=3 -I/home/runner/work/ma3063-openwrt/ma3063-openwrt/openwrt/build_dir/target-aarch64_cortex-a53_musl/hostapd-wpad-basic-wolfssl/hostapd-2023-09-08-e5ccbfc6/src -I/home/runner/work/ma3063-openwrt/ma3063-openwrt/openwrt/build_dir/target-aarch64_cortex-a53_musl/hostapd-wpad-basic-wolfssl/hostapd-2023-09-08-e5ccbfc6/src/utils -DCONFIG_ELOOP_EPOLL -DUBUS_SUPPORT -DUCODE_SUPPORT -DCONFIG_HT_OVERRIDES -DCONFIG_VHT_OVERRIDES -DCONFIG_BACKEND_FILE -DCONFIG_NO_CONFIG_WRITE -DCONFIG_OCV -DCONFIG_IEEE80211R -DCONFIG_SAE -DCONFIG_OWE -DCONFIG_WNM -DCONFIG_DRIVER_WIRED -DCONFIG_DRIVER_NL80211 -DCONFIG_MBO -DCONFIG_ACS -DCONFIG_TLS_WOLFSSL -DCONFIG_SHA256 -DCONFIG_HMAC_SHA256_KDF -DCONFIG_HMAC_SHA384_KDF -DCONFIG_HMAC_SHA512_KDF -DCONFIG_SHA384 -DCONFIG_SHA512 -DCONFIG_ECC -DCONFIG_NO_RANDOM_POOL -DCONFIG_CTRL_IFACE -DCONFIG_CTRL_IFACE_UNIX -DCONFIG_NO_LINUX_PACKET_SOCKET_WAR -DCONFIG_SME -DCONFIG_DEBUG_SYSLOG -DLOG_HOSTAPD=LOG_DAEMON ../src/crypto/sha384-prf.c
aarch64-openwrt-linux-musl-gcc -c -o /home/runner/work/ma3063-openwrt/ma3063-openwrt/openwrt/build_dir/target-aarch64_cortex-a53_musl/hostapd-wpad-basic-wolfssl/hostapd-2023-09-08-e5ccbfc6/build/hostapd/src/crypto/sha512-prf.o -I/home/runner/work/ma3063-openwrt/ma3063-openwrt/openwrt/staging_dir/target-aarch64_cortex-a53_musl/usr/include/libnl-tiny -I/home/runner/work/ma3063-openwrt/ma3063-openwrt/openwrt/build_dir/target-aarch64_cortex-a53_musl/hostapd-wpad-basic-wolfssl/hostapd-2023-09-08-e5ccbfc6/src/crypto -I/home/runner/work/ma3063-openwrt/ma3063-openwrt/openwrt/staging_dir/toolchain-aarch64_cortex-a53_gcc-12.3.0_musl/usr/include -I/home/runner/work/ma3063-openwrt/ma3063-openwrt/openwrt/staging_dir/toolchain-aarch64_cortex-a53_gcc-12.3.0_musl/include/fortify -I/home/runner/work/ma3063-openwrt/ma3063-openwrt/openwrt/staging_dir/toolchain-aarch64_cortex-a53_gcc-12.3.0_musl/include -DCONFIG_LIBNL20 -D_GNU_SOURCE -DCONFIG_MSG_MIN_PRIORITY=3 -Os -pipe -mcpu=cortex-a53 -fno-caller-saves -fno-plt -fhonour-copts -fmacro-prefix-map=/home/runner/work/ma3063-openwrt/ma3063-openwrt/openwrt/build_dir/target-aarch64_cortex-a53_musl/hostapd-wpad-basic-wolfssl/hostapd-2023-09-08-e5ccbfc6=hostapd-2023-09-08-e5ccbfc6 -ffunction-sections -fdata-sections -flto=auto -fno-fat-lto-objects -Wformat -Werror=format-security -DPIC -fPIC -fstack-protector -D_FORTIFY_SOURCE=1 -Wl,-z,now -Wl,-z,relro -I/home/runner/work/ma3063-openwrt/ma3063-openwrt/openwrt/build_dir/target-aarch64_cortex-a53_musl/hostapd-wpad-basic-wolfssl/hostapd-2023-09-08-e5ccbfc6/src -I/home/runner/work/ma3063-openwrt/ma3063-openwrt/openwrt/build_dir/target-aarch64_cortex-a53_musl/hostapd-wpad-basic-wolfssl/hostapd-2023-09-08-e5ccbfc6/src/utils -DHOSTAPD -DCONFIG_ELOOP_EPOLL -DUBUS_SUPPORT -DUCODE_SUPPORT -DCONFIG_NO_RADIUS -DCONFIG_NO_ACCOUNTING -DCONFIG_CTRL_IFACE_UNIX -DCONFIG_CTRL_IFACE -DCONFIG_RSN_PREAUTH -DCONFIG_OCV -DCONFIG_IEEE80211R -DCONFIG_IEEE80211R_AP -DCONFIG_ETH_P_OUI -DCONFIG_SAE -DCONFIG_OWE -DCONFIG_AIRTIME_POLICY -DCONFIG_IEEE80211AC -DCONFIG_IEEE80211AX -DCONFIG_MBO -DCONFIG_DRIVER_WIRED -DCONFIG_DRIVER_NL80211 -DCONFIG_DRIVER_WIRED -DCONFIG_DRIVER_NL80211 -DEAP_SERVER_IDENTITY -DCONFIG_TLS_WOLFSSL -DCONFIG_SHA256 -DCONFIG_HMAC_SHA256_KDF -DCONFIG_HMAC_SHA384_KDF -DCONFIG_HMAC_SHA512_KDF -DCONFIG_SHA384 -DCONFIG_SHA512 -DCONFIG_ECC -DCONFIG_NO_RANDOM_POOL -DNEED_AP_MLME -DCONFIG_ACS -DCONFIG_DEBUG_SYSLOG -I/home/runner/work/ma3063-openwrt/ma3063-openwrt/openwrt/staging_dir/target-aarch64_cortex-a53_musl/usr/include/libnl-tiny -I/home/runner/work/ma3063-openwrt/ma3063-openwrt/openwrt/build_dir/target-aarch64_cortex-a53_musl/hostapd-wpad-basic-wolfssl/hostapd-2023-09-08-e5ccbfc6/src/crypto -I/home/runner/work/ma3063-openwrt/ma3063-openwrt/openwrt/staging_dir/toolchain-aarch64_cortex-a53_gcc-12.3.0_musl/usr/include -I/home/runner/work/ma3063-openwrt/ma3063-openwrt/openwrt/staging_dir/toolchain-aarch64_cortex-a53_gcc-12.3.0_musl/include/fortify -I/home/runner/work/ma3063-openwrt/ma3063-openwrt/openwrt/staging_dir/toolchain-aarch64_cortex-a53_gcc-12.3.0_musl/include -DCONFIG_LIBNL20 -D_GNU_SOURCE -DCONFIG_MSG_MIN_PRIORITY=3 -I/home/runner/work/ma3063-openwrt/ma3063-openwrt/openwrt/build_dir/target-aarch64_cortex-a53_musl/hostapd-wpad-basic-wolfssl/hostapd-2023-09-08-e5ccbfc6/src -I/home/runner/work/ma3063-openwrt/ma3063-openwrt/openwrt/build_dir/target-aarch64_cortex-a53_musl/hostapd-wpad-basic-wolfssl/hostapd-2023-09-08-e5ccbfc6/src/utils -DCONFIG_ELOOP_EPOLL -DUBUS_SUPPORT -DUCODE_SUPPORT -DCONFIG_HT_OVERRIDES -DCONFIG_VHT_OVERRIDES -DCONFIG_BACKEND_FILE -DCONFIG_NO_CONFIG_WRITE -DCONFIG_OCV -DCONFIG_IEEE80211R -DCONFIG_SAE -DCONFIG_OWE -DCONFIG_WNM -DCONFIG_DRIVER_WIRED -DCONFIG_DRIVER_NL80211 -DCONFIG_MBO -DCONFIG_ACS -DCONFIG_TLS_WOLFSSL -DCONFIG_SHA256 -DCONFIG_HMAC_SHA256_KDF -DCONFIG_HMAC_SHA384_KDF -DCONFIG_HMAC_SHA512_KDF -DCONFIG_SHA384 -DCONFIG_SHA512 -DCONFIG_ECC -DCONFIG_NO_RANDOM_POOL -DCONFIG_CTRL_IFACE -DCONFIG_CTRL_IFACE_UNIX -DCONFIG_NO_LINUX_PACKET_SOCKET_WAR -DCONFIG_SME -DCONFIG_DEBUG_SYSLOG -DLOG_HOSTAPD=LOG_DAEMON ../src/crypto/sha512-prf.c
aarch64-openwrt-linux-musl-gcc -c -o /home/runner/work/ma3063-openwrt/ma3063-openwrt/openwrt/build_dir/target-aarch64_cortex-a53_musl/hostapd-wpad-basic-wolfssl/hostapd-2023-09-08-e5ccbfc6/build/hostapd/src/crypto/dh_groups.o -I/home/runner/work/ma3063-openwrt/ma3063-openwrt/openwrt/staging_dir/target-aarch64_cortex-a53_musl/usr/include/libnl-tiny -I/home/runner/work/ma3063-openwrt/ma3063-openwrt/openwrt/build_dir/target-aarch64_cortex-a53_musl/hostapd-wpad-basic-wolfssl/hostapd-2023-09-08-e5ccbfc6/src/crypto -I/home/runner/work/ma3063-openwrt/ma3063-openwrt/openwrt/staging_dir/toolchain-aarch64_cortex-a53_gcc-12.3.0_musl/usr/include -I/home/runner/work/ma3063-openwrt/ma3063-openwrt/openwrt/staging_dir/toolchain-aarch64_cortex-a53_gcc-12.3.0_musl/include/fortify -I/home/runner/work/ma3063-openwrt/ma3063-openwrt/openwrt/staging_dir/toolchain-aarch64_cortex-a53_gcc-12.3.0_musl/include -DCONFIG_LIBNL20 -D_GNU_SOURCE -DCONFIG_MSG_MIN_PRIORITY=3 -Os -pipe -mcpu=cortex-a53 -fno-caller-saves -fno-plt -fhonour-copts -fmacro-prefix-map=/home/runner/work/ma3063-openwrt/ma3063-openwrt/openwrt/build_dir/target-aarch64_cortex-a53_musl/hostapd-wpad-basic-wolfssl/hostapd-2023-09-08-e5ccbfc6=hostapd-2023-09-08-e5ccbfc6 -ffunction-sections -fdata-sections -flto=auto -fno-fat-lto-objects -Wformat -Werror=format-security -DPIC -fPIC -fstack-protector -D_FORTIFY_SOURCE=1 -Wl,-z,now -Wl,-z,relro -I/home/runner/work/ma3063-openwrt/ma3063-openwrt/openwrt/build_dir/target-aarch64_cortex-a53_musl/hostapd-wpad-basic-wolfssl/hostapd-2023-09-08-e5ccbfc6/src -I/home/runner/work/ma3063-openwrt/ma3063-openwrt/openwrt/build_dir/target-aarch64_cortex-a53_musl/hostapd-wpad-basic-wolfssl/hostapd-2023-09-08-e5ccbfc6/src/utils -DHOSTAPD -DCONFIG_ELOOP_EPOLL -DUBUS_SUPPORT -DUCODE_SUPPORT -DCONFIG_NO_RADIUS -DCONFIG_NO_ACCOUNTING -DCONFIG_CTRL_IFACE_UNIX -DCONFIG_CTRL_IFACE -DCONFIG_RSN_PREAUTH -DCONFIG_OCV -DCONFIG_IEEE80211R -DCONFIG_IEEE80211R_AP -DCONFIG_ETH_P_OUI -DCONFIG_SAE -DCONFIG_OWE -DCONFIG_AIRTIME_POLICY -DCONFIG_IEEE80211AC -DCONFIG_IEEE80211AX -DCONFIG_MBO -DCONFIG_DRIVER_WIRED -DCONFIG_DRIVER_NL80211 -DCONFIG_DRIVER_WIRED -DCONFIG_DRIVER_NL80211 -DEAP_SERVER_IDENTITY -DCONFIG_TLS_WOLFSSL -DCONFIG_SHA256 -DCONFIG_HMAC_SHA256_KDF -DCONFIG_HMAC_SHA384_KDF -DCONFIG_HMAC_SHA512_KDF -DCONFIG_SHA384 -DCONFIG_SHA512 -DCONFIG_ECC -DCONFIG_NO_RANDOM_POOL -DNEED_AP_MLME -DCONFIG_ACS -DCONFIG_DEBUG_SYSLOG -I/home/runner/work/ma3063-openwrt/ma3063-openwrt/openwrt/staging_dir/target-aarch64_cortex-a53_musl/usr/include/libnl-tiny -I/home/runner/work/ma3063-openwrt/ma3063-openwrt/openwrt/build_dir/target-aarch64_cortex-a53_musl/hostapd-wpad-basic-wolfssl/hostapd-2023-09-08-e5ccbfc6/src/crypto -I/home/runner/work/ma3063-openwrt/ma3063-openwrt/openwrt/staging_dir/toolchain-aarch64_cortex-a53_gcc-12.3.0_musl/usr/include -I/home/runner/work/ma3063-openwrt/ma3063-openwrt/openwrt/staging_dir/toolchain-aarch64_cortex-a53_gcc-12.3.0_musl/include/fortify -I/home/runner/work/ma3063-openwrt/ma3063-openwrt/openwrt/staging_dir/toolchain-aarch64_cortex-a53_gcc-12.3.0_musl/include -DCONFIG_LIBNL20 -D_GNU_SOURCE -DCONFIG_MSG_MIN_PRIORITY=3 -I/home/runner/work/ma3063-openwrt/ma3063-openwrt/openwrt/build_dir/target-aarch64_cortex-a53_musl/hostapd-wpad-basic-wolfssl/hostapd-2023-09-08-e5ccbfc6/src -I/home/runner/work/ma3063-openwrt/ma3063-openwrt/openwrt/build_dir/target-aarch64_cortex-a53_musl/hostapd-wpad-basic-wolfssl/hostapd-2023-09-08-e5ccbfc6/src/utils -DCONFIG_ELOOP_EPOLL -DUBUS_SUPPORT -DUCODE_SUPPORT -DCONFIG_HT_OVERRIDES -DCONFIG_VHT_OVERRIDES -DCONFIG_BACKEND_FILE -DCONFIG_NO_CONFIG_WRITE -DCONFIG_OCV -DCONFIG_IEEE80211R -DCONFIG_SAE -DCONFIG_OWE -DCONFIG_WNM -DCONFIG_DRIVER_WIRED -DCONFIG_DRIVER_NL80211 -DCONFIG_MBO -DCONFIG_ACS -DCONFIG_TLS_WOLFSSL -DCONFIG_SHA256 -DCONFIG_HMAC_SHA256_KDF -DCONFIG_HMAC_SHA384_KDF -DCONFIG_HMAC_SHA512_KDF -DCONFIG_SHA384 -DCONFIG_SHA512 -DCONFIG_ECC -DCONFIG_NO_RANDOM_POOL -DCONFIG_CTRL_IFACE -DCONFIG_CTRL_IFACE_UNIX -DCONFIG_NO_LINUX_PACKET_SOCKET_WAR -DCONFIG_SME -DCONFIG_DEBUG_SYSLOG -DLOG_HOSTAPD=LOG_DAEMON ../src/crypto/dh_groups.c
aarch64-openwrt-linux-musl-gcc -c -o /home/runner/work/ma3063-openwrt/ma3063-openwrt/openwrt/build_dir/target-aarch64_cortex-a53_musl/hostapd-wpad-basic-wolfssl/hostapd-2023-09-08-e5ccbfc6/build/hostapd/src/ap/wmm.o -I/home/runner/work/ma3063-openwrt/ma3063-openwrt/openwrt/staging_dir/target-aarch64_cortex-a53_musl/usr/include/libnl-tiny -I/home/runner/work/ma3063-openwrt/ma3063-openwrt/openwrt/build_dir/target-aarch64_cortex-a53_musl/hostapd-wpad-basic-wolfssl/hostapd-2023-09-08-e5ccbfc6/src/crypto -I/home/runner/work/ma3063-openwrt/ma3063-openwrt/openwrt/staging_dir/toolchain-aarch64_cortex-a53_gcc-12.3.0_musl/usr/include -I/home/runner/work/ma3063-openwrt/ma3063-openwrt/openwrt/staging_dir/toolchain-aarch64_cortex-a53_gcc-12.3.0_musl/include/fortify -I/home/runner/work/ma3063-openwrt/ma3063-openwrt/openwrt/staging_dir/toolchain-aarch64_cortex-a53_gcc-12.3.0_musl/include -DCONFIG_LIBNL20 -D_GNU_SOURCE -DCONFIG_MSG_MIN_PRIORITY=3 -Os -pipe -mcpu=cortex-a53 -fno-caller-saves -fno-plt -fhonour-copts -fmacro-prefix-map=/home/runner/work/ma3063-openwrt/ma3063-openwrt/openwrt/build_dir/target-aarch64_cortex-a53_musl/hostapd-wpad-basic-wolfssl/hostapd-2023-09-08-e5ccbfc6=hostapd-2023-09-08-e5ccbfc6 -ffunction-sections -fdata-sections -flto=auto -fno-fat-lto-objects -Wformat -Werror=format-security -DPIC -fPIC -fstack-protector -D_FORTIFY_SOURCE=1 -Wl,-z,now -Wl,-z,relro -I/home/runner/work/ma3063-openwrt/ma3063-openwrt/openwrt/build_dir/target-aarch64_cortex-a53_musl/hostapd-wpad-basic-wolfssl/hostapd-2023-09-08-e5ccbfc6/src -I/home/runner/work/ma3063-openwrt/ma3063-openwrt/openwrt/build_dir/target-aarch64_cortex-a53_musl/hostapd-wpad-basic-wolfssl/hostapd-2023-09-08-e5ccbfc6/src/utils -DHOSTAPD -DCONFIG_ELOOP_EPOLL -DUBUS_SUPPORT -DUCODE_SUPPORT -DCONFIG_NO_RADIUS -DCONFIG_NO_ACCOUNTING -DCONFIG_CTRL_IFACE_UNIX -DCONFIG_CTRL_IFACE -DCONFIG_RSN_PREAUTH -DCONFIG_OCV -DCONFIG_IEEE80211R -DCONFIG_IEEE80211R_AP -DCONFIG_ETH_P_OUI -DCONFIG_SAE -DCONFIG_OWE -DCONFIG_AIRTIME_POLICY -DCONFIG_IEEE80211AC -DCONFIG_IEEE80211AX -DCONFIG_MBO -DCONFIG_DRIVER_WIRED -DCONFIG_DRIVER_NL80211 -DCONFIG_DRIVER_WIRED -DCONFIG_DRIVER_NL80211 -DEAP_SERVER_IDENTITY -DCONFIG_TLS_WOLFSSL -DCONFIG_SHA256 -DCONFIG_HMAC_SHA256_KDF -DCONFIG_HMAC_SHA384_KDF -DCONFIG_HMAC_SHA512_KDF -DCONFIG_SHA384 -DCONFIG_SHA512 -DCONFIG_ECC -DCONFIG_NO_RANDOM_POOL -DNEED_AP_MLME -DCONFIG_ACS -DCONFIG_DEBUG_SYSLOG -I/home/runner/work/ma3063-openwrt/ma3063-openwrt/openwrt/staging_dir/target-aarch64_cortex-a53_musl/usr/include/libnl-tiny -I/home/runner/work/ma3063-openwrt/ma3063-openwrt/openwrt/build_dir/target-aarch64_cortex-a53_musl/hostapd-wpad-basic-wolfssl/hostapd-2023-09-08-e5ccbfc6/src/crypto -I/home/runner/work/ma3063-openwrt/ma3063-openwrt/openwrt/staging_dir/toolchain-aarch64_cortex-a53_gcc-12.3.0_musl/usr/include -I/home/runner/work/ma3063-openwrt/ma3063-openwrt/openwrt/staging_dir/toolchain-aarch64_cortex-a53_gcc-12.3.0_musl/include/fortify -I/home/runner/work/ma3063-openwrt/ma3063-openwrt/openwrt/staging_dir/toolchain-aarch64_cortex-a53_gcc-12.3.0_musl/include -DCONFIG_LIBNL20 -D_GNU_SOURCE -DCONFIG_MSG_MIN_PRIORITY=3 -I/home/runner/work/ma3063-openwrt/ma3063-openwrt/openwrt/build_dir/target-aarch64_cortex-a53_musl/hostapd-wpad-basic-wolfssl/hostapd-2023-09-08-e5ccbfc6/src -I/home/runner/work/ma3063-openwrt/ma3063-openwrt/openwrt/build_dir/target-aarch64_cortex-a53_musl/hostapd-wpad-basic-wolfssl/hostapd-2023-09-08-e5ccbfc6/src/utils -DCONFIG_ELOOP_EPOLL -DUBUS_SUPPORT -DUCODE_SUPPORT -DCONFIG_HT_OVERRIDES -DCONFIG_VHT_OVERRIDES -DCONFIG_BACKEND_FILE -DCONFIG_NO_CONFIG_WRITE -DCONFIG_OCV -DCONFIG_IEEE80211R -DCONFIG_SAE -DCONFIG_OWE -DCONFIG_WNM -DCONFIG_DRIVER_WIRED -DCONFIG_DRIVER_NL80211 -DCONFIG_MBO -DCONFIG_ACS -DCONFIG_TLS_WOLFSSL -DCONFIG_SHA256 -DCONFIG_HMAC_SHA256_KDF -DCONFIG_HMAC_SHA384_KDF -DCONFIG_HMAC_SHA512_KDF -DCONFIG_SHA384 -DCONFIG_SHA512 -DCONFIG_ECC -DCONFIG_NO_RANDOM_POOL -DCONFIG_CTRL_IFACE -DCONFIG_CTRL_IFACE_UNIX -DCONFIG_NO_LINUX_PACKET_SOCKET_WAR -DCONFIG_SME -DCONFIG_DEBUG_SYSLOG -DLOG_HOSTAPD=LOG_DAEMON ../src/ap/wmm.c
aarch64-openwrt-linux-musl-gcc -c -o /home/runner/work/ma3063-openwrt/ma3063-openwrt/openwrt/build_dir/target-aarch64_cortex-a53_musl/hostapd-wpad-basic-wolfssl/hostapd-2023-09-08-e5ccbfc6/build/hostapd/src/ap/ap_list.o -I/home/runner/work/ma3063-openwrt/ma3063-openwrt/openwrt/staging_dir/target-aarch64_cortex-a53_musl/usr/include/libnl-tiny -I/home/runner/work/ma3063-openwrt/ma3063-openwrt/openwrt/build_dir/target-aarch64_cortex-a53_musl/hostapd-wpad-basic-wolfssl/hostapd-2023-09-08-e5ccbfc6/src/crypto -I/home/runner/work/ma3063-openwrt/ma3063-openwrt/openwrt/staging_dir/toolchain-aarch64_cortex-a53_gcc-12.3.0_musl/usr/include -I/home/runner/work/ma3063-openwrt/ma3063-openwrt/openwrt/staging_dir/toolchain-aarch64_cortex-a53_gcc-12.3.0_musl/include/fortify -I/home/runner/work/ma3063-openwrt/ma3063-openwrt/openwrt/staging_dir/toolchain-aarch64_cortex-a53_gcc-12.3.0_musl/include -DCONFIG_LIBNL20 -D_GNU_SOURCE -DCONFIG_MSG_MIN_PRIORITY=3 -Os -pipe -mcpu=cortex-a53 -fno-caller-saves -fno-plt -fhonour-copts -fmacro-prefix-map=/home/runner/work/ma3063-openwrt/ma3063-openwrt/openwrt/build_dir/target-aarch64_cortex-a53_musl/hostapd-wpad-basic-wolfssl/hostapd-2023-09-08-e5ccbfc6=hostapd-2023-09-08-e5ccbfc6 -ffunction-sections -fdata-sections -flto=auto -fno-fat-lto-objects -Wformat -Werror=format-security -DPIC -fPIC -fstack-protector -D_FORTIFY_SOURCE=1 -Wl,-z,now -Wl,-z,relro -I/home/runner/work/ma3063-openwrt/ma3063-openwrt/openwrt/build_dir/target-aarch64_cortex-a53_musl/hostapd-wpad-basic-wolfssl/hostapd-2023-09-08-e5ccbfc6/src -I/home/runner/work/ma3063-openwrt/ma3063-openwrt/openwrt/build_dir/target-aarch64_cortex-a53_musl/hostapd-wpad-basic-wolfssl/hostapd-2023-09-08-e5ccbfc6/src/utils -DHOSTAPD -DCONFIG_ELOOP_EPOLL -DUBUS_SUPPORT -DUCODE_SUPPORT -DCONFIG_NO_RADIUS -DCONFIG_NO_ACCOUNTING -DCONFIG_CTRL_IFACE_UNIX -DCONFIG_CTRL_IFACE -DCONFIG_RSN_PREAUTH -DCONFIG_OCV -DCONFIG_IEEE80211R -DCONFIG_IEEE80211R_AP -DCONFIG_ETH_P_OUI -DCONFIG_SAE -DCONFIG_OWE -DCONFIG_AIRTIME_POLICY -DCONFIG_IEEE80211AC -DCONFIG_IEEE80211AX -DCONFIG_MBO -DCONFIG_DRIVER_WIRED -DCONFIG_DRIVER_NL80211 -DCONFIG_DRIVER_WIRED -DCONFIG_DRIVER_NL80211 -DEAP_SERVER_IDENTITY -DCONFIG_TLS_WOLFSSL -DCONFIG_SHA256 -DCONFIG_HMAC_SHA256_KDF -DCONFIG_HMAC_SHA384_KDF -DCONFIG_HMAC_SHA512_KDF -DCONFIG_SHA384 -DCONFIG_SHA512 -DCONFIG_ECC -DCONFIG_NO_RANDOM_POOL -DNEED_AP_MLME -DCONFIG_ACS -DCONFIG_DEBUG_SYSLOG -I/home/runner/work/ma3063-openwrt/ma3063-openwrt/openwrt/staging_dir/target-aarch64_cortex-a53_musl/usr/include/libnl-tiny -I/home/runner/work/ma3063-openwrt/ma3063-openwrt/openwrt/build_dir/target-aarch64_cortex-a53_musl/hostapd-wpad-basic-wolfssl/hostapd-2023-09-08-e5ccbfc6/src/crypto -I/home/runner/work/ma3063-openwrt/ma3063-openwrt/openwrt/staging_dir/toolchain-aarch64_cortex-a53_gcc-12.3.0_musl/usr/include -I/home/runner/work/ma3063-openwrt/ma3063-openwrt/openwrt/staging_dir/toolchain-aarch64_cortex-a53_gcc-12.3.0_musl/include/fortify -I/home/runner/work/ma3063-openwrt/ma3063-openwrt/openwrt/staging_dir/toolchain-aarch64_cortex-a53_gcc-12.3.0_musl/include -DCONFIG_LIBNL20 -D_GNU_SOURCE -DCONFIG_MSG_MIN_PRIORITY=3 -I/home/runner/work/ma3063-openwrt/ma3063-openwrt/openwrt/build_dir/target-aarch64_cortex-a53_musl/hostapd-wpad-basic-wolfssl/hostapd-2023-09-08-e5ccbfc6/src -I/home/runner/work/ma3063-openwrt/ma3063-openwrt/openwrt/build_dir/target-aarch64_cortex-a53_musl/hostapd-wpad-basic-wolfssl/hostapd-2023-09-08-e5ccbfc6/src/utils -DCONFIG_ELOOP_EPOLL -DUBUS_SUPPORT -DUCODE_SUPPORT -DCONFIG_HT_OVERRIDES -DCONFIG_VHT_OVERRIDES -DCONFIG_BACKEND_FILE -DCONFIG_NO_CONFIG_WRITE -DCONFIG_OCV -DCONFIG_IEEE80211R -DCONFIG_SAE -DCONFIG_OWE -DCONFIG_WNM -DCONFIG_DRIVER_WIRED -DCONFIG_DRIVER_NL80211 -DCONFIG_MBO -DCONFIG_ACS -DCONFIG_TLS_WOLFSSL -DCONFIG_SHA256 -DCONFIG_HMAC_SHA256_KDF -DCONFIG_HMAC_SHA384_KDF -DCONFIG_HMAC_SHA512_KDF -DCONFIG_SHA384 -DCONFIG_SHA512 -DCONFIG_ECC -DCONFIG_NO_RANDOM_POOL -DCONFIG_CTRL_IFACE -DCONFIG_CTRL_IFACE_UNIX -DCONFIG_NO_LINUX_PACKET_SOCKET_WAR -DCONFIG_SME -DCONFIG_DEBUG_SYSLOG -DLOG_HOSTAPD=LOG_DAEMON ../src/ap/ap_list.c
aarch64-openwrt-linux-musl-gcc -c -o /home/runner/work/ma3063-openwrt/ma3063-openwrt/openwrt/build_dir/target-aarch64_cortex-a53_musl/hostapd-wpad-basic-wolfssl/hostapd-2023-09-08-e5ccbfc6/build/hostapd/src/ap/comeback_token.o -I/home/runner/work/ma3063-openwrt/ma3063-openwrt/openwrt/staging_dir/target-aarch64_cortex-a53_musl/usr/include/libnl-tiny -I/home/runner/work/ma3063-openwrt/ma3063-openwrt/openwrt/build_dir/target-aarch64_cortex-a53_musl/hostapd-wpad-basic-wolfssl/hostapd-2023-09-08-e5ccbfc6/src/crypto -I/home/runner/work/ma3063-openwrt/ma3063-openwrt/openwrt/staging_dir/toolchain-aarch64_cortex-a53_gcc-12.3.0_musl/usr/include -I/home/runner/work/ma3063-openwrt/ma3063-openwrt/openwrt/staging_dir/toolchain-aarch64_cortex-a53_gcc-12.3.0_musl/include/fortify -I/home/runner/work/ma3063-openwrt/ma3063-openwrt/openwrt/staging_dir/toolchain-aarch64_cortex-a53_gcc-12.3.0_musl/include -DCONFIG_LIBNL20 -D_GNU_SOURCE -DCONFIG_MSG_MIN_PRIORITY=3 -Os -pipe -mcpu=cortex-a53 -fno-caller-saves -fno-plt -fhonour-copts -fmacro-prefix-map=/home/runner/work/ma3063-openwrt/ma3063-openwrt/openwrt/build_dir/target-aarch64_cortex-a53_musl/hostapd-wpad-basic-wolfssl/hostapd-2023-09-08-e5ccbfc6=hostapd-2023-09-08-e5ccbfc6 -ffunction-sections -fdata-sections -flto=auto -fno-fat-lto-objects -Wformat -Werror=format-security -DPIC -fPIC -fstack-protector -D_FORTIFY_SOURCE=1 -Wl,-z,now -Wl,-z,relro -I/home/runner/work/ma3063-openwrt/ma3063-openwrt/openwrt/build_dir/target-aarch64_cortex-a53_musl/hostapd-wpad-basic-wolfssl/hostapd-2023-09-08-e5ccbfc6/src -I/home/runner/work/ma3063-openwrt/ma3063-openwrt/openwrt/build_dir/target-aarch64_cortex-a53_musl/hostapd-wpad-basic-wolfssl/hostapd-2023-09-08-e5ccbfc6/src/utils -DHOSTAPD -DCONFIG_ELOOP_EPOLL -DUBUS_SUPPORT -DUCODE_SUPPORT -DCONFIG_NO_RADIUS -DCONFIG_NO_ACCOUNTING -DCONFIG_CTRL_IFACE_UNIX -DCONFIG_CTRL_IFACE -DCONFIG_RSN_PREAUTH -DCONFIG_OCV -DCONFIG_IEEE80211R -DCONFIG_IEEE80211R_AP -DCONFIG_ETH_P_OUI -DCONFIG_SAE -DCONFIG_OWE -DCONFIG_AIRTIME_POLICY -DCONFIG_IEEE80211AC -DCONFIG_IEEE80211AX -DCONFIG_MBO -DCONFIG_DRIVER_WIRED -DCONFIG_DRIVER_NL80211 -DCONFIG_DRIVER_WIRED -DCONFIG_DRIVER_NL80211 -DEAP_SERVER_IDENTITY -DCONFIG_TLS_WOLFSSL -DCONFIG_SHA256 -DCONFIG_HMAC_SHA256_KDF -DCONFIG_HMAC_SHA384_KDF -DCONFIG_HMAC_SHA512_KDF -DCONFIG_SHA384 -DCONFIG_SHA512 -DCONFIG_ECC -DCONFIG_NO_RANDOM_POOL -DNEED_AP_MLME -DCONFIG_ACS -DCONFIG_DEBUG_SYSLOG -I/home/runner/work/ma3063-openwrt/ma3063-openwrt/openwrt/staging_dir/target-aarch64_cortex-a53_musl/usr/include/libnl-tiny -I/home/runner/work/ma3063-openwrt/ma3063-openwrt/openwrt/build_dir/target-aarch64_cortex-a53_musl/hostapd-wpad-basic-wolfssl/hostapd-2023-09-08-e5ccbfc6/src/crypto -I/home/runner/work/ma3063-openwrt/ma3063-openwrt/openwrt/staging_dir/toolchain-aarch64_cortex-a53_gcc-12.3.0_musl/usr/include -I/home/runner/work/ma3063-openwrt/ma3063-openwrt/openwrt/staging_dir/toolchain-aarch64_cortex-a53_gcc-12.3.0_musl/include/fortify -I/home/runner/work/ma3063-openwrt/ma3063-openwrt/openwrt/staging_dir/toolchain-aarch64_cortex-a53_gcc-12.3.0_musl/include -DCONFIG_LIBNL20 -D_GNU_SOURCE -DCONFIG_MSG_MIN_PRIORITY=3 -I/home/runner/work/ma3063-openwrt/ma3063-openwrt/openwrt/build_dir/target-aarch64_cortex-a53_musl/hostapd-wpad-basic-wolfssl/hostapd-2023-09-08-e5ccbfc6/src -I/home/runner/work/ma3063-openwrt/ma3063-openwrt/openwrt/build_dir/target-aarch64_cortex-a53_musl/hostapd-wpad-basic-wolfssl/hostapd-2023-09-08-e5ccbfc6/src/utils -DCONFIG_ELOOP_EPOLL -DUBUS_SUPPORT -DUCODE_SUPPORT -DCONFIG_HT_OVERRIDES -DCONFIG_VHT_OVERRIDES -DCONFIG_BACKEND_FILE -DCONFIG_NO_CONFIG_WRITE -DCONFIG_OCV -DCONFIG_IEEE80211R -DCONFIG_SAE -DCONFIG_OWE -DCONFIG_WNM -DCONFIG_DRIVER_WIRED -DCONFIG_DRIVER_NL80211 -DCONFIG_MBO -DCONFIG_ACS -DCONFIG_TLS_WOLFSSL -DCONFIG_SHA256 -DCONFIG_HMAC_SHA256_KDF -DCONFIG_HMAC_SHA384_KDF -DCONFIG_HMAC_SHA512_KDF -DCONFIG_SHA384 -DCONFIG_SHA512 -DCONFIG_ECC -DCONFIG_NO_RANDOM_POOL -DCONFIG_CTRL_IFACE -DCONFIG_CTRL_IFACE_UNIX -DCONFIG_NO_LINUX_PACKET_SOCKET_WAR -DCONFIG_SME -DCONFIG_DEBUG_SYSLOG -DLOG_HOSTAPD=LOG_DAEMON ../src/ap/comeback_token.c
aarch64-openwrt-linux-musl-gcc -c -o /home/runner/work/ma3063-openwrt/ma3063-openwrt/openwrt/build_dir/target-aarch64_cortex-a53_musl/hostapd-wpad-basic-wolfssl/hostapd-2023-09-08-e5ccbfc6/build/hostapd/src/pasn/pasn_responder.o -I/home/runner/work/ma3063-openwrt/ma3063-openwrt/openwrt/staging_dir/target-aarch64_cortex-a53_musl/usr/include/libnl-tiny -I/home/runner/work/ma3063-openwrt/ma3063-openwrt/openwrt/build_dir/target-aarch64_cortex-a53_musl/hostapd-wpad-basic-wolfssl/hostapd-2023-09-08-e5ccbfc6/src/crypto -I/home/runner/work/ma3063-openwrt/ma3063-openwrt/openwrt/staging_dir/toolchain-aarch64_cortex-a53_gcc-12.3.0_musl/usr/include -I/home/runner/work/ma3063-openwrt/ma3063-openwrt/openwrt/staging_dir/toolchain-aarch64_cortex-a53_gcc-12.3.0_musl/include/fortify -I/home/runner/work/ma3063-openwrt/ma3063-openwrt/openwrt/staging_dir/toolchain-aarch64_cortex-a53_gcc-12.3.0_musl/include -DCONFIG_LIBNL20 -D_GNU_SOURCE -DCONFIG_MSG_MIN_PRIORITY=3 -Os -pipe -mcpu=cortex-a53 -fno-caller-saves -fno-plt -fhonour-copts -fmacro-prefix-map=/home/runner/work/ma3063-openwrt/ma3063-openwrt/openwrt/build_dir/target-aarch64_cortex-a53_musl/hostapd-wpad-basic-wolfssl/hostapd-2023-09-08-e5ccbfc6=hostapd-2023-09-08-e5ccbfc6 -ffunction-sections -fdata-sections -flto=auto -fno-fat-lto-objects -Wformat -Werror=format-security -DPIC -fPIC -fstack-protector -D_FORTIFY_SOURCE=1 -Wl,-z,now -Wl,-z,relro -I/home/runner/work/ma3063-openwrt/ma3063-openwrt/openwrt/build_dir/target-aarch64_cortex-a53_musl/hostapd-wpad-basic-wolfssl/hostapd-2023-09-08-e5ccbfc6/src -I/home/runner/work/ma3063-openwrt/ma3063-openwrt/openwrt/build_dir/target-aarch64_cortex-a53_musl/hostapd-wpad-basic-wolfssl/hostapd-2023-09-08-e5ccbfc6/src/utils -DHOSTAPD -DCONFIG_ELOOP_EPOLL -DUBUS_SUPPORT -DUCODE_SUPPORT -DCONFIG_NO_RADIUS -DCONFIG_NO_ACCOUNTING -DCONFIG_CTRL_IFACE_UNIX -DCONFIG_CTRL_IFACE -DCONFIG_RSN_PREAUTH -DCONFIG_OCV -DCONFIG_IEEE80211R -DCONFIG_IEEE80211R_AP -DCONFIG_ETH_P_OUI -DCONFIG_SAE -DCONFIG_OWE -DCONFIG_AIRTIME_POLICY -DCONFIG_IEEE80211AC -DCONFIG_IEEE80211AX -DCONFIG_MBO -DCONFIG_DRIVER_WIRED -DCONFIG_DRIVER_NL80211 -DCONFIG_DRIVER_WIRED -DCONFIG_DRIVER_NL80211 -DEAP_SERVER_IDENTITY -DCONFIG_TLS_WOLFSSL -DCONFIG_SHA256 -DCONFIG_HMAC_SHA256_KDF -DCONFIG_HMAC_SHA384_KDF -DCONFIG_HMAC_SHA512_KDF -DCONFIG_SHA384 -DCONFIG_SHA512 -DCONFIG_ECC -DCONFIG_NO_RANDOM_POOL -DNEED_AP_MLME -DCONFIG_ACS -DCONFIG_DEBUG_SYSLOG -I/home/runner/work/ma3063-openwrt/ma3063-openwrt/openwrt/staging_dir/target-aarch64_cortex-a53_musl/usr/include/libnl-tiny -I/home/runner/work/ma3063-openwrt/ma3063-openwrt/openwrt/build_dir/target-aarch64_cortex-a53_musl/hostapd-wpad-basic-wolfssl/hostapd-2023-09-08-e5ccbfc6/src/crypto -I/home/runner/work/ma3063-openwrt/ma3063-openwrt/openwrt/staging_dir/toolchain-aarch64_cortex-a53_gcc-12.3.0_musl/usr/include -I/home/runner/work/ma3063-openwrt/ma3063-openwrt/openwrt/staging_dir/toolchain-aarch64_cortex-a53_gcc-12.3.0_musl/include/fortify -I/home/runner/work/ma3063-openwrt/ma3063-openwrt/openwrt/staging_dir/toolchain-aarch64_cortex-a53_gcc-12.3.0_musl/include -DCONFIG_LIBNL20 -D_GNU_SOURCE -DCONFIG_MSG_MIN_PRIORITY=3 -I/home/runner/work/ma3063-openwrt/ma3063-openwrt/openwrt/build_dir/target-aarch64_cortex-a53_musl/hostapd-wpad-basic-wolfssl/hostapd-2023-09-08-e5ccbfc6/src -I/home/runner/work/ma3063-openwrt/ma3063-openwrt/openwrt/build_dir/target-aarch64_cortex-a53_musl/hostapd-wpad-basic-wolfssl/hostapd-2023-09-08-e5ccbfc6/src/utils -DCONFIG_ELOOP_EPOLL -DUBUS_SUPPORT -DUCODE_SUPPORT -DCONFIG_HT_OVERRIDES -DCONFIG_VHT_OVERRIDES -DCONFIG_BACKEND_FILE -DCONFIG_NO_CONFIG_WRITE -DCONFIG_OCV -DCONFIG_IEEE80211R -DCONFIG_SAE -DCONFIG_OWE -DCONFIG_WNM -DCONFIG_DRIVER_WIRED -DCONFIG_DRIVER_NL80211 -DCONFIG_MBO -DCONFIG_ACS -DCONFIG_TLS_WOLFSSL -DCONFIG_SHA256 -DCONFIG_HMAC_SHA256_KDF -DCONFIG_HMAC_SHA384_KDF -DCONFIG_HMAC_SHA512_KDF -DCONFIG_SHA384 -DCONFIG_SHA512 -DCONFIG_ECC -DCONFIG_NO_RANDOM_POOL -DCONFIG_CTRL_IFACE -DCONFIG_CTRL_IFACE_UNIX -DCONFIG_NO_LINUX_PACKET_SOCKET_WAR -DCONFIG_SME -DCONFIG_DEBUG_SYSLOG -DLOG_HOSTAPD=LOG_DAEMON ../src/pasn/pasn_responder.c
aarch64-openwrt-linux-musl-gcc -c -o /home/runner/work/ma3063-openwrt/ma3063-openwrt/openwrt/build_dir/target-aarch64_cortex-a53_musl/hostapd-wpad-basic-wolfssl/hostapd-2023-09-08-e5ccbfc6/build/hostapd/src/ap/ieee802_11.o -I/home/runner/work/ma3063-openwrt/ma3063-openwrt/openwrt/staging_dir/target-aarch64_cortex-a53_musl/usr/include/libnl-tiny -I/home/runner/work/ma3063-openwrt/ma3063-openwrt/openwrt/build_dir/target-aarch64_cortex-a53_musl/hostapd-wpad-basic-wolfssl/hostapd-2023-09-08-e5ccbfc6/src/crypto -I/home/runner/work/ma3063-openwrt/ma3063-openwrt/openwrt/staging_dir/toolchain-aarch64_cortex-a53_gcc-12.3.0_musl/usr/include -I/home/runner/work/ma3063-openwrt/ma3063-openwrt/openwrt/staging_dir/toolchain-aarch64_cortex-a53_gcc-12.3.0_musl/include/fortify -I/home/runner/work/ma3063-openwrt/ma3063-openwrt/openwrt/staging_dir/toolchain-aarch64_cortex-a53_gcc-12.3.0_musl/include -DCONFIG_LIBNL20 -D_GNU_SOURCE -DCONFIG_MSG_MIN_PRIORITY=3 -Os -pipe -mcpu=cortex-a53 -fno-caller-saves -fno-plt -fhonour-copts -fmacro-prefix-map=/home/runner/work/ma3063-openwrt/ma3063-openwrt/openwrt/build_dir/target-aarch64_cortex-a53_musl/hostapd-wpad-basic-wolfssl/hostapd-2023-09-08-e5ccbfc6=hostapd-2023-09-08-e5ccbfc6 -ffunction-sections -fdata-sections -flto=auto -fno-fat-lto-objects -Wformat -Werror=format-security -DPIC -fPIC -fstack-protector -D_FORTIFY_SOURCE=1 -Wl,-z,now -Wl,-z,relro -I/home/runner/work/ma3063-openwrt/ma3063-openwrt/openwrt/build_dir/target-aarch64_cortex-a53_musl/hostapd-wpad-basic-wolfssl/hostapd-2023-09-08-e5ccbfc6/src -I/home/runner/work/ma3063-openwrt/ma3063-openwrt/openwrt/build_dir/target-aarch64_cortex-a53_musl/hostapd-wpad-basic-wolfssl/hostapd-2023-09-08-e5ccbfc6/src/utils -DHOSTAPD -DCONFIG_ELOOP_EPOLL -DUBUS_SUPPORT -DUCODE_SUPPORT -DCONFIG_NO_RADIUS -DCONFIG_NO_ACCOUNTING -DCONFIG_CTRL_IFACE_UNIX -DCONFIG_CTRL_IFACE -DCONFIG_RSN_PREAUTH -DCONFIG_OCV -DCONFIG_IEEE80211R -DCONFIG_IEEE80211R_AP -DCONFIG_ETH_P_OUI -DCONFIG_SAE -DCONFIG_OWE -DCONFIG_AIRTIME_POLICY -DCONFIG_IEEE80211AC -DCONFIG_IEEE80211AX -DCONFIG_MBO -DCONFIG_DRIVER_WIRED -DCONFIG_DRIVER_NL80211 -DCONFIG_DRIVER_WIRED -DCONFIG_DRIVER_NL80211 -DEAP_SERVER_IDENTITY -DCONFIG_TLS_WOLFSSL -DCONFIG_SHA256 -DCONFIG_HMAC_SHA256_KDF -DCONFIG_HMAC_SHA384_KDF -DCONFIG_HMAC_SHA512_KDF -DCONFIG_SHA384 -DCONFIG_SHA512 -DCONFIG_ECC -DCONFIG_NO_RANDOM_POOL -DNEED_AP_MLME -DCONFIG_ACS -DCONFIG_DEBUG_SYSLOG -I/home/runner/work/ma3063-openwrt/ma3063-openwrt/openwrt/staging_dir/target-aarch64_cortex-a53_musl/usr/include/libnl-tiny -I/home/runner/work/ma3063-openwrt/ma3063-openwrt/openwrt/build_dir/target-aarch64_cortex-a53_musl/hostapd-wpad-basic-wolfssl/hostapd-2023-09-08-e5ccbfc6/src/crypto -I/home/runner/work/ma3063-openwrt/ma3063-openwrt/openwrt/staging_dir/toolchain-aarch64_cortex-a53_gcc-12.3.0_musl/usr/include -I/home/runner/work/ma3063-openwrt/ma3063-openwrt/openwrt/staging_dir/toolchain-aarch64_cortex-a53_gcc-12.3.0_musl/include/fortify -I/home/runner/work/ma3063-openwrt/ma3063-openwrt/openwrt/staging_dir/toolchain-aarch64_cortex-a53_gcc-12.3.0_musl/include -DCONFIG_LIBNL20 -D_GNU_SOURCE -DCONFIG_MSG_MIN_PRIORITY=3 -I/home/runner/work/ma3063-openwrt/ma3063-openwrt/openwrt/build_dir/target-aarch64_cortex-a53_musl/hostapd-wpad-basic-wolfssl/hostapd-2023-09-08-e5ccbfc6/src -I/home/runner/work/ma3063-openwrt/ma3063-openwrt/openwrt/build_dir/target-aarch64_cortex-a53_musl/hostapd-wpad-basic-wolfssl/hostapd-2023-09-08-e5ccbfc6/src/utils -DCONFIG_ELOOP_EPOLL -DUBUS_SUPPORT -DUCODE_SUPPORT -DCONFIG_HT_OVERRIDES -DCONFIG_VHT_OVERRIDES -DCONFIG_BACKEND_FILE -DCONFIG_NO_CONFIG_WRITE -DCONFIG_OCV -DCONFIG_IEEE80211R -DCONFIG_SAE -DCONFIG_OWE -DCONFIG_WNM -DCONFIG_DRIVER_WIRED -DCONFIG_DRIVER_NL80211 -DCONFIG_MBO -DCONFIG_ACS -DCONFIG_TLS_WOLFSSL -DCONFIG_SHA256 -DCONFIG_HMAC_SHA256_KDF -DCONFIG_HMAC_SHA384_KDF -DCONFIG_HMAC_SHA512_KDF -DCONFIG_SHA384 -DCONFIG_SHA512 -DCONFIG_ECC -DCONFIG_NO_RANDOM_POOL -DCONFIG_CTRL_IFACE -DCONFIG_CTRL_IFACE_UNIX -DCONFIG_NO_LINUX_PACKET_SOCKET_WAR -DCONFIG_SME -DCONFIG_DEBUG_SYSLOG -DLOG_HOSTAPD=LOG_DAEMON ../src/ap/ieee802_11.c
aarch64-openwrt-linux-musl-gcc -c -o /home/runner/work/ma3063-openwrt/ma3063-openwrt/openwrt/build_dir/target-aarch64_cortex-a53_musl/hostapd-wpad-basic-wolfssl/hostapd-2023-09-08-e5ccbfc6/build/hostapd/src/ap/hw_features.o -I/home/runner/work/ma3063-openwrt/ma3063-openwrt/openwrt/staging_dir/target-aarch64_cortex-a53_musl/usr/include/libnl-tiny -I/home/runner/work/ma3063-openwrt/ma3063-openwrt/openwrt/build_dir/target-aarch64_cortex-a53_musl/hostapd-wpad-basic-wolfssl/hostapd-2023-09-08-e5ccbfc6/src/crypto -I/home/runner/work/ma3063-openwrt/ma3063-openwrt/openwrt/staging_dir/toolchain-aarch64_cortex-a53_gcc-12.3.0_musl/usr/include -I/home/runner/work/ma3063-openwrt/ma3063-openwrt/openwrt/staging_dir/toolchain-aarch64_cortex-a53_gcc-12.3.0_musl/include/fortify -I/home/runner/work/ma3063-openwrt/ma3063-openwrt/openwrt/staging_dir/toolchain-aarch64_cortex-a53_gcc-12.3.0_musl/include -DCONFIG_LIBNL20 -D_GNU_SOURCE -DCONFIG_MSG_MIN_PRIORITY=3 -Os -pipe -mcpu=cortex-a53 -fno-caller-saves -fno-plt -fhonour-copts -fmacro-prefix-map=/home/runner/work/ma3063-openwrt/ma3063-openwrt/openwrt/build_dir/target-aarch64_cortex-a53_musl/hostapd-wpad-basic-wolfssl/hostapd-2023-09-08-e5ccbfc6=hostapd-2023-09-08-e5ccbfc6 -ffunction-sections -fdata-sections -flto=auto -fno-fat-lto-objects -Wformat -Werror=format-security -DPIC -fPIC -fstack-protector -D_FORTIFY_SOURCE=1 -Wl,-z,now -Wl,-z,relro -I/home/runner/work/ma3063-openwrt/ma3063-openwrt/openwrt/build_dir/target-aarch64_cortex-a53_musl/hostapd-wpad-basic-wolfssl/hostapd-2023-09-08-e5ccbfc6/src -I/home/runner/work/ma3063-openwrt/ma3063-openwrt/openwrt/build_dir/target-aarch64_cortex-a53_musl/hostapd-wpad-basic-wolfssl/hostapd-2023-09-08-e5ccbfc6/src/utils -DHOSTAPD -DCONFIG_ELOOP_EPOLL -DUBUS_SUPPORT -DUCODE_SUPPORT -DCONFIG_NO_RADIUS -DCONFIG_NO_ACCOUNTING -DCONFIG_CTRL_IFACE_UNIX -DCONFIG_CTRL_IFACE -DCONFIG_RSN_PREAUTH -DCONFIG_OCV -DCONFIG_IEEE80211R -DCONFIG_IEEE80211R_AP -DCONFIG_ETH_P_OUI -DCONFIG_SAE -DCONFIG_OWE -DCONFIG_AIRTIME_POLICY -DCONFIG_IEEE80211AC -DCONFIG_IEEE80211AX -DCONFIG_MBO -DCONFIG_DRIVER_WIRED -DCONFIG_DRIVER_NL80211 -DCONFIG_DRIVER_WIRED -DCONFIG_DRIVER_NL80211 -DEAP_SERVER_IDENTITY -DCONFIG_TLS_WOLFSSL -DCONFIG_SHA256 -DCONFIG_HMAC_SHA256_KDF -DCONFIG_HMAC_SHA384_KDF -DCONFIG_HMAC_SHA512_KDF -DCONFIG_SHA384 -DCONFIG_SHA512 -DCONFIG_ECC -DCONFIG_NO_RANDOM_POOL -DNEED_AP_MLME -DCONFIG_ACS -DCONFIG_DEBUG_SYSLOG -I/home/runner/work/ma3063-openwrt/ma3063-openwrt/openwrt/staging_dir/target-aarch64_cortex-a53_musl/usr/include/libnl-tiny -I/home/runner/work/ma3063-openwrt/ma3063-openwrt/openwrt/build_dir/target-aarch64_cortex-a53_musl/hostapd-wpad-basic-wolfssl/hostapd-2023-09-08-e5ccbfc6/src/crypto -I/home/runner/work/ma3063-openwrt/ma3063-openwrt/openwrt/staging_dir/toolchain-aarch64_cortex-a53_gcc-12.3.0_musl/usr/include -I/home/runner/work/ma3063-openwrt/ma3063-openwrt/openwrt/staging_dir/toolchain-aarch64_cortex-a53_gcc-12.3.0_musl/include/fortify -I/home/runner/work/ma3063-openwrt/ma3063-openwrt/openwrt/staging_dir/toolchain-aarch64_cortex-a53_gcc-12.3.0_musl/include -DCONFIG_LIBNL20 -D_GNU_SOURCE -DCONFIG_MSG_MIN_PRIORITY=3 -I/home/runner/work/ma3063-openwrt/ma3063-openwrt/openwrt/build_dir/target-aarch64_cortex-a53_musl/hostapd-wpad-basic-wolfssl/hostapd-2023-09-08-e5ccbfc6/src -I/home/runner/work/ma3063-openwrt/ma3063-openwrt/openwrt/build_dir/target-aarch64_cortex-a53_musl/hostapd-wpad-basic-wolfssl/hostapd-2023-09-08-e5ccbfc6/src/utils -DCONFIG_ELOOP_EPOLL -DUBUS_SUPPORT -DUCODE_SUPPORT -DCONFIG_HT_OVERRIDES -DCONFIG_VHT_OVERRIDES -DCONFIG_BACKEND_FILE -DCONFIG_NO_CONFIG_WRITE -DCONFIG_OCV -DCONFIG_IEEE80211R -DCONFIG_SAE -DCONFIG_OWE -DCONFIG_WNM -DCONFIG_DRIVER_WIRED -DCONFIG_DRIVER_NL80211 -DCONFIG_MBO -DCONFIG_ACS -DCONFIG_TLS_WOLFSSL -DCONFIG_SHA256 -DCONFIG_HMAC_SHA256_KDF -DCONFIG_HMAC_SHA384_KDF -DCONFIG_HMAC_SHA512_KDF -DCONFIG_SHA384 -DCONFIG_SHA512 -DCONFIG_ECC -DCONFIG_NO_RANDOM_POOL -DCONFIG_CTRL_IFACE -DCONFIG_CTRL_IFACE_UNIX -DCONFIG_NO_LINUX_PACKET_SOCKET_WAR -DCONFIG_SME -DCONFIG_DEBUG_SYSLOG -DLOG_HOSTAPD=LOG_DAEMON ../src/ap/hw_features.c
aarch64-openwrt-linux-musl-gcc -c -o /home/runner/work/ma3063-openwrt/ma3063-openwrt/openwrt/build_dir/target-aarch64_cortex-a53_musl/hostapd-wpad-basic-wolfssl/hostapd-2023-09-08-e5ccbfc6/build/hostapd/src/ap/dfs.o -I/home/runner/work/ma3063-openwrt/ma3063-openwrt/openwrt/staging_dir/target-aarch64_cortex-a53_musl/usr/include/libnl-tiny -I/home/runner/work/ma3063-openwrt/ma3063-openwrt/openwrt/build_dir/target-aarch64_cortex-a53_musl/hostapd-wpad-basic-wolfssl/hostapd-2023-09-08-e5ccbfc6/src/crypto -I/home/runner/work/ma3063-openwrt/ma3063-openwrt/openwrt/staging_dir/toolchain-aarch64_cortex-a53_gcc-12.3.0_musl/usr/include -I/home/runner/work/ma3063-openwrt/ma3063-openwrt/openwrt/staging_dir/toolchain-aarch64_cortex-a53_gcc-12.3.0_musl/include/fortify -I/home/runner/work/ma3063-openwrt/ma3063-openwrt/openwrt/staging_dir/toolchain-aarch64_cortex-a53_gcc-12.3.0_musl/include -DCONFIG_LIBNL20 -D_GNU_SOURCE -DCONFIG_MSG_MIN_PRIORITY=3 -Os -pipe -mcpu=cortex-a53 -fno-caller-saves -fno-plt -fhonour-copts -fmacro-prefix-map=/home/runner/work/ma3063-openwrt/ma3063-openwrt/openwrt/build_dir/target-aarch64_cortex-a53_musl/hostapd-wpad-basic-wolfssl/hostapd-2023-09-08-e5ccbfc6=hostapd-2023-09-08-e5ccbfc6 -ffunction-sections -fdata-sections -flto=auto -fno-fat-lto-objects -Wformat -Werror=format-security -DPIC -fPIC -fstack-protector -D_FORTIFY_SOURCE=1 -Wl,-z,now -Wl,-z,relro -I/home/runner/work/ma3063-openwrt/ma3063-openwrt/openwrt/build_dir/target-aarch64_cortex-a53_musl/hostapd-wpad-basic-wolfssl/hostapd-2023-09-08-e5ccbfc6/src -I/home/runner/work/ma3063-openwrt/ma3063-openwrt/openwrt/build_dir/target-aarch64_cortex-a53_musl/hostapd-wpad-basic-wolfssl/hostapd-2023-09-08-e5ccbfc6/src/utils -DHOSTAPD -DCONFIG_ELOOP_EPOLL -DUBUS_SUPPORT -DUCODE_SUPPORT -DCONFIG_NO_RADIUS -DCONFIG_NO_ACCOUNTING -DCONFIG_CTRL_IFACE_UNIX -DCONFIG_CTRL_IFACE -DCONFIG_RSN_PREAUTH -DCONFIG_OCV -DCONFIG_IEEE80211R -DCONFIG_IEEE80211R_AP -DCONFIG_ETH_P_OUI -DCONFIG_SAE -DCONFIG_OWE -DCONFIG_AIRTIME_POLICY -DCONFIG_IEEE80211AC -DCONFIG_IEEE80211AX -DCONFIG_MBO -DCONFIG_DRIVER_WIRED -DCONFIG_DRIVER_NL80211 -DCONFIG_DRIVER_WIRED -DCONFIG_DRIVER_NL80211 -DEAP_SERVER_IDENTITY -DCONFIG_TLS_WOLFSSL -DCONFIG_SHA256 -DCONFIG_HMAC_SHA256_KDF -DCONFIG_HMAC_SHA384_KDF -DCONFIG_HMAC_SHA512_KDF -DCONFIG_SHA384 -DCONFIG_SHA512 -DCONFIG_ECC -DCONFIG_NO_RANDOM_POOL -DNEED_AP_MLME -DCONFIG_ACS -DCONFIG_DEBUG_SYSLOG -I/home/runner/work/ma3063-openwrt/ma3063-openwrt/openwrt/staging_dir/target-aarch64_cortex-a53_musl/usr/include/libnl-tiny -I/home/runner/work/ma3063-openwrt/ma3063-openwrt/openwrt/build_dir/target-aarch64_cortex-a53_musl/hostapd-wpad-basic-wolfssl/hostapd-2023-09-08-e5ccbfc6/src/crypto -I/home/runner/work/ma3063-openwrt/ma3063-openwrt/openwrt/staging_dir/toolchain-aarch64_cortex-a53_gcc-12.3.0_musl/usr/include -I/home/runner/work/ma3063-openwrt/ma3063-openwrt/openwrt/staging_dir/toolchain-aarch64_cortex-a53_gcc-12.3.0_musl/include/fortify -I/home/runner/work/ma3063-openwrt/ma3063-openwrt/openwrt/staging_dir/toolchain-aarch64_cortex-a53_gcc-12.3.0_musl/include -DCONFIG_LIBNL20 -D_GNU_SOURCE -DCONFIG_MSG_MIN_PRIORITY=3 -I/home/runner/work/ma3063-openwrt/ma3063-openwrt/openwrt/build_dir/target-aarch64_cortex-a53_musl/hostapd-wpad-basic-wolfssl/hostapd-2023-09-08-e5ccbfc6/src -I/home/runner/work/ma3063-openwrt/ma3063-openwrt/openwrt/build_dir/target-aarch64_cortex-a53_musl/hostapd-wpad-basic-wolfssl/hostapd-2023-09-08-e5ccbfc6/src/utils -DCONFIG_ELOOP_EPOLL -DUBUS_SUPPORT -DUCODE_SUPPORT -DCONFIG_HT_OVERRIDES -DCONFIG_VHT_OVERRIDES -DCONFIG_BACKEND_FILE -DCONFIG_NO_CONFIG_WRITE -DCONFIG_OCV -DCONFIG_IEEE80211R -DCONFIG_SAE -DCONFIG_OWE -DCONFIG_WNM -DCONFIG_DRIVER_WIRED -DCONFIG_DRIVER_NL80211 -DCONFIG_MBO -DCONFIG_ACS -DCONFIG_TLS_WOLFSSL -DCONFIG_SHA256 -DCONFIG_HMAC_SHA256_KDF -DCONFIG_HMAC_SHA384_KDF -DCONFIG_HMAC_SHA512_KDF -DCONFIG_SHA384 -DCONFIG_SHA512 -DCONFIG_ECC -DCONFIG_NO_RANDOM_POOL -DCONFIG_CTRL_IFACE -DCONFIG_CTRL_IFACE_UNIX -DCONFIG_NO_LINUX_PACKET_SOCKET_WAR -DCONFIG_SME -DCONFIG_DEBUG_SYSLOG -DLOG_HOSTAPD=LOG_DAEMON ../src/ap/dfs.c
aarch64-openwrt-linux-musl-gcc -c -o /home/runner/work/ma3063-openwrt/ma3063-openwrt/openwrt/build_dir/target-aarch64_cortex-a53_musl/hostapd-wpad-basic-wolfssl/hostapd-2023-09-08-e5ccbfc6/build/hostapd/src/ap/ieee802_11_ht.o -I/home/runner/work/ma3063-openwrt/ma3063-openwrt/openwrt/staging_dir/target-aarch64_cortex-a53_musl/usr/include/libnl-tiny -I/home/runner/work/ma3063-openwrt/ma3063-openwrt/openwrt/build_dir/target-aarch64_cortex-a53_musl/hostapd-wpad-basic-wolfssl/hostapd-2023-09-08-e5ccbfc6/src/crypto -I/home/runner/work/ma3063-openwrt/ma3063-openwrt/openwrt/staging_dir/toolchain-aarch64_cortex-a53_gcc-12.3.0_musl/usr/include -I/home/runner/work/ma3063-openwrt/ma3063-openwrt/openwrt/staging_dir/toolchain-aarch64_cortex-a53_gcc-12.3.0_musl/include/fortify -I/home/runner/work/ma3063-openwrt/ma3063-openwrt/openwrt/staging_dir/toolchain-aarch64_cortex-a53_gcc-12.3.0_musl/include -DCONFIG_LIBNL20 -D_GNU_SOURCE -DCONFIG_MSG_MIN_PRIORITY=3 -Os -pipe -mcpu=cortex-a53 -fno-caller-saves -fno-plt -fhonour-copts -fmacro-prefix-map=/home/runner/work/ma3063-openwrt/ma3063-openwrt/openwrt/build_dir/target-aarch64_cortex-a53_musl/hostapd-wpad-basic-wolfssl/hostapd-2023-09-08-e5ccbfc6=hostapd-2023-09-08-e5ccbfc6 -ffunction-sections -fdata-sections -flto=auto -fno-fat-lto-objects -Wformat -Werror=format-security -DPIC -fPIC -fstack-protector -D_FORTIFY_SOURCE=1 -Wl,-z,now -Wl,-z,relro -I/home/runner/work/ma3063-openwrt/ma3063-openwrt/openwrt/build_dir/target-aarch64_cortex-a53_musl/hostapd-wpad-basic-wolfssl/hostapd-2023-09-08-e5ccbfc6/src -I/home/runner/work/ma3063-openwrt/ma3063-openwrt/openwrt/build_dir/target-aarch64_cortex-a53_musl/hostapd-wpad-basic-wolfssl/hostapd-2023-09-08-e5ccbfc6/src/utils -DHOSTAPD -DCONFIG_ELOOP_EPOLL -DUBUS_SUPPORT -DUCODE_SUPPORT -DCONFIG_NO_RADIUS -DCONFIG_NO_ACCOUNTING -DCONFIG_CTRL_IFACE_UNIX -DCONFIG_CTRL_IFACE -DCONFIG_RSN_PREAUTH -DCONFIG_OCV -DCONFIG_IEEE80211R -DCONFIG_IEEE80211R_AP -DCONFIG_ETH_P_OUI -DCONFIG_SAE -DCONFIG_OWE -DCONFIG_AIRTIME_POLICY -DCONFIG_IEEE80211AC -DCONFIG_IEEE80211AX -DCONFIG_MBO -DCONFIG_DRIVER_WIRED -DCONFIG_DRIVER_NL80211 -DCONFIG_DRIVER_WIRED -DCONFIG_DRIVER_NL80211 -DEAP_SERVER_IDENTITY -DCONFIG_TLS_WOLFSSL -DCONFIG_SHA256 -DCONFIG_HMAC_SHA256_KDF -DCONFIG_HMAC_SHA384_KDF -DCONFIG_HMAC_SHA512_KDF -DCONFIG_SHA384 -DCONFIG_SHA512 -DCONFIG_ECC -DCONFIG_NO_RANDOM_POOL -DNEED_AP_MLME -DCONFIG_ACS -DCONFIG_DEBUG_SYSLOG -I/home/runner/work/ma3063-openwrt/ma3063-openwrt/openwrt/staging_dir/target-aarch64_cortex-a53_musl/usr/include/libnl-tiny -I/home/runner/work/ma3063-openwrt/ma3063-openwrt/openwrt/build_dir/target-aarch64_cortex-a53_musl/hostapd-wpad-basic-wolfssl/hostapd-2023-09-08-e5ccbfc6/src/crypto -I/home/runner/work/ma3063-openwrt/ma3063-openwrt/openwrt/staging_dir/toolchain-aarch64_cortex-a53_gcc-12.3.0_musl/usr/include -I/home/runner/work/ma3063-openwrt/ma3063-openwrt/openwrt/staging_dir/toolchain-aarch64_cortex-a53_gcc-12.3.0_musl/include/fortify -I/home/runner/work/ma3063-openwrt/ma3063-openwrt/openwrt/staging_dir/toolchain-aarch64_cortex-a53_gcc-12.3.0_musl/include -DCONFIG_LIBNL20 -D_GNU_SOURCE -DCONFIG_MSG_MIN_PRIORITY=3 -I/home/runner/work/ma3063-openwrt/ma3063-openwrt/openwrt/build_dir/target-aarch64_cortex-a53_musl/hostapd-wpad-basic-wolfssl/hostapd-2023-09-08-e5ccbfc6/src -I/home/runner/work/ma3063-openwrt/ma3063-openwrt/openwrt/build_dir/target-aarch64_cortex-a53_musl/hostapd-wpad-basic-wolfssl/hostapd-2023-09-08-e5ccbfc6/src/utils -DCONFIG_ELOOP_EPOLL -DUBUS_SUPPORT -DUCODE_SUPPORT -DCONFIG_HT_OVERRIDES -DCONFIG_VHT_OVERRIDES -DCONFIG_BACKEND_FILE -DCONFIG_NO_CONFIG_WRITE -DCONFIG_OCV -DCONFIG_IEEE80211R -DCONFIG_SAE -DCONFIG_OWE -DCONFIG_WNM -DCONFIG_DRIVER_WIRED -DCONFIG_DRIVER_NL80211 -DCONFIG_MBO -DCONFIG_ACS -DCONFIG_TLS_WOLFSSL -DCONFIG_SHA256 -DCONFIG_HMAC_SHA256_KDF -DCONFIG_HMAC_SHA384_KDF -DCONFIG_HMAC_SHA512_KDF -DCONFIG_SHA384 -DCONFIG_SHA512 -DCONFIG_ECC -DCONFIG_NO_RANDOM_POOL -DCONFIG_CTRL_IFACE -DCONFIG_CTRL_IFACE_UNIX -DCONFIG_NO_LINUX_PACKET_SOCKET_WAR -DCONFIG_SME -DCONFIG_DEBUG_SYSLOG -DLOG_HOSTAPD=LOG_DAEMON ../src/ap/ieee802_11_ht.c
aarch64-openwrt-linux-musl-gcc -c -o /home/runner/work/ma3063-openwrt/ma3063-openwrt/openwrt/build_dir/target-aarch64_cortex-a53_musl/hostapd-wpad-basic-wolfssl/hostapd-2023-09-08-e5ccbfc6/build/hostapd/src/ap/ieee802_11_vht.o -I/home/runner/work/ma3063-openwrt/ma3063-openwrt/openwrt/staging_dir/target-aarch64_cortex-a53_musl/usr/include/libnl-tiny -I/home/runner/work/ma3063-openwrt/ma3063-openwrt/openwrt/build_dir/target-aarch64_cortex-a53_musl/hostapd-wpad-basic-wolfssl/hostapd-2023-09-08-e5ccbfc6/src/crypto -I/home/runner/work/ma3063-openwrt/ma3063-openwrt/openwrt/staging_dir/toolchain-aarch64_cortex-a53_gcc-12.3.0_musl/usr/include -I/home/runner/work/ma3063-openwrt/ma3063-openwrt/openwrt/staging_dir/toolchain-aarch64_cortex-a53_gcc-12.3.0_musl/include/fortify -I/home/runner/work/ma3063-openwrt/ma3063-openwrt/openwrt/staging_dir/toolchain-aarch64_cortex-a53_gcc-12.3.0_musl/include -DCONFIG_LIBNL20 -D_GNU_SOURCE -DCONFIG_MSG_MIN_PRIORITY=3 -Os -pipe -mcpu=cortex-a53 -fno-caller-saves -fno-plt -fhonour-copts -fmacro-prefix-map=/home/runner/work/ma3063-openwrt/ma3063-openwrt/openwrt/build_dir/target-aarch64_cortex-a53_musl/hostapd-wpad-basic-wolfssl/hostapd-2023-09-08-e5ccbfc6=hostapd-2023-09-08-e5ccbfc6 -ffunction-sections -fdata-sections -flto=auto -fno-fat-lto-objects -Wformat -Werror=format-security -DPIC -fPIC -fstack-protector -D_FORTIFY_SOURCE=1 -Wl,-z,now -Wl,-z,relro -I/home/runner/work/ma3063-openwrt/ma3063-openwrt/openwrt/build_dir/target-aarch64_cortex-a53_musl/hostapd-wpad-basic-wolfssl/hostapd-2023-09-08-e5ccbfc6/src -I/home/runner/work/ma3063-openwrt/ma3063-openwrt/openwrt/build_dir/target-aarch64_cortex-a53_musl/hostapd-wpad-basic-wolfssl/hostapd-2023-09-08-e5ccbfc6/src/utils -DHOSTAPD -DCONFIG_ELOOP_EPOLL -DUBUS_SUPPORT -DUCODE_SUPPORT -DCONFIG_NO_RADIUS -DCONFIG_NO_ACCOUNTING -DCONFIG_CTRL_IFACE_UNIX -DCONFIG_CTRL_IFACE -DCONFIG_RSN_PREAUTH -DCONFIG_OCV -DCONFIG_IEEE80211R -DCONFIG_IEEE80211R_AP -DCONFIG_ETH_P_OUI -DCONFIG_SAE -DCONFIG_OWE -DCONFIG_AIRTIME_POLICY -DCONFIG_IEEE80211AC -DCONFIG_IEEE80211AX -DCONFIG_MBO -DCONFIG_DRIVER_WIRED -DCONFIG_DRIVER_NL80211 -DCONFIG_DRIVER_WIRED -DCONFIG_DRIVER_NL80211 -DEAP_SERVER_IDENTITY -DCONFIG_TLS_WOLFSSL -DCONFIG_SHA256 -DCONFIG_HMAC_SHA256_KDF -DCONFIG_HMAC_SHA384_KDF -DCONFIG_HMAC_SHA512_KDF -DCONFIG_SHA384 -DCONFIG_SHA512 -DCONFIG_ECC -DCONFIG_NO_RANDOM_POOL -DNEED_AP_MLME -DCONFIG_ACS -DCONFIG_DEBUG_SYSLOG -I/home/runner/work/ma3063-openwrt/ma3063-openwrt/openwrt/staging_dir/target-aarch64_cortex-a53_musl/usr/include/libnl-tiny -I/home/runner/work/ma3063-openwrt/ma3063-openwrt/openwrt/build_dir/target-aarch64_cortex-a53_musl/hostapd-wpad-basic-wolfssl/hostapd-2023-09-08-e5ccbfc6/src/crypto -I/home/runner/work/ma3063-openwrt/ma3063-openwrt/openwrt/staging_dir/toolchain-aarch64_cortex-a53_gcc-12.3.0_musl/usr/include -I/home/runner/work/ma3063-openwrt/ma3063-openwrt/openwrt/staging_dir/toolchain-aarch64_cortex-a53_gcc-12.3.0_musl/include/fortify -I/home/runner/work/ma3063-openwrt/ma3063-openwrt/openwrt/staging_dir/toolchain-aarch64_cortex-a53_gcc-12.3.0_musl/include -DCONFIG_LIBNL20 -D_GNU_SOURCE -DCONFIG_MSG_MIN_PRIORITY=3 -I/home/runner/work/ma3063-openwrt/ma3063-openwrt/openwrt/build_dir/target-aarch64_cortex-a53_musl/hostapd-wpad-basic-wolfssl/hostapd-2023-09-08-e5ccbfc6/src -I/home/runner/work/ma3063-openwrt/ma3063-openwrt/openwrt/build_dir/target-aarch64_cortex-a53_musl/hostapd-wpad-basic-wolfssl/hostapd-2023-09-08-e5ccbfc6/src/utils -DCONFIG_ELOOP_EPOLL -DUBUS_SUPPORT -DUCODE_SUPPORT -DCONFIG_HT_OVERRIDES -DCONFIG_VHT_OVERRIDES -DCONFIG_BACKEND_FILE -DCONFIG_NO_CONFIG_WRITE -DCONFIG_OCV -DCONFIG_IEEE80211R -DCONFIG_SAE -DCONFIG_OWE -DCONFIG_WNM -DCONFIG_DRIVER_WIRED -DCONFIG_DRIVER_NL80211 -DCONFIG_MBO -DCONFIG_ACS -DCONFIG_TLS_WOLFSSL -DCONFIG_SHA256 -DCONFIG_HMAC_SHA256_KDF -DCONFIG_HMAC_SHA384_KDF -DCONFIG_HMAC_SHA512_KDF -DCONFIG_SHA384 -DCONFIG_SHA512 -DCONFIG_ECC -DCONFIG_NO_RANDOM_POOL -DCONFIG_CTRL_IFACE -DCONFIG_CTRL_IFACE_UNIX -DCONFIG_NO_LINUX_PACKET_SOCKET_WAR -DCONFIG_SME -DCONFIG_DEBUG_SYSLOG -DLOG_HOSTAPD=LOG_DAEMON ../src/ap/ieee802_11_vht.c
aarch64-openwrt-linux-musl-gcc -c -o /home/runner/work/ma3063-openwrt/ma3063-openwrt/openwrt/build_dir/target-aarch64_cortex-a53_musl/hostapd-wpad-basic-wolfssl/hostapd-2023-09-08-e5ccbfc6/build/hostapd/src/drivers/driver_common.o -I/home/runner/work/ma3063-openwrt/ma3063-openwrt/openwrt/staging_dir/target-aarch64_cortex-a53_musl/usr/include/libnl-tiny -I/home/runner/work/ma3063-openwrt/ma3063-openwrt/openwrt/build_dir/target-aarch64_cortex-a53_musl/hostapd-wpad-basic-wolfssl/hostapd-2023-09-08-e5ccbfc6/src/crypto -I/home/runner/work/ma3063-openwrt/ma3063-openwrt/openwrt/staging_dir/toolchain-aarch64_cortex-a53_gcc-12.3.0_musl/usr/include -I/home/runner/work/ma3063-openwrt/ma3063-openwrt/openwrt/staging_dir/toolchain-aarch64_cortex-a53_gcc-12.3.0_musl/include/fortify -I/home/runner/work/ma3063-openwrt/ma3063-openwrt/openwrt/staging_dir/toolchain-aarch64_cortex-a53_gcc-12.3.0_musl/include -DCONFIG_LIBNL20 -D_GNU_SOURCE -DCONFIG_MSG_MIN_PRIORITY=3 -Os -pipe -mcpu=cortex-a53 -fno-caller-saves -fno-plt -fhonour-copts -fmacro-prefix-map=/home/runner/work/ma3063-openwrt/ma3063-openwrt/openwrt/build_dir/target-aarch64_cortex-a53_musl/hostapd-wpad-basic-wolfssl/hostapd-2023-09-08-e5ccbfc6=hostapd-2023-09-08-e5ccbfc6 -ffunction-sections -fdata-sections -flto=auto -fno-fat-lto-objects -Wformat -Werror=format-security -DPIC -fPIC -fstack-protector -D_FORTIFY_SOURCE=1 -Wl,-z,now -Wl,-z,relro -I/home/runner/work/ma3063-openwrt/ma3063-openwrt/openwrt/build_dir/target-aarch64_cortex-a53_musl/hostapd-wpad-basic-wolfssl/hostapd-2023-09-08-e5ccbfc6/src -I/home/runner/work/ma3063-openwrt/ma3063-openwrt/openwrt/build_dir/target-aarch64_cortex-a53_musl/hostapd-wpad-basic-wolfssl/hostapd-2023-09-08-e5ccbfc6/src/utils -DHOSTAPD -DCONFIG_ELOOP_EPOLL -DUBUS_SUPPORT -DUCODE_SUPPORT -DCONFIG_NO_RADIUS -DCONFIG_NO_ACCOUNTING -DCONFIG_CTRL_IFACE_UNIX -DCONFIG_CTRL_IFACE -DCONFIG_RSN_PREAUTH -DCONFIG_OCV -DCONFIG_IEEE80211R -DCONFIG_IEEE80211R_AP -DCONFIG_ETH_P_OUI -DCONFIG_SAE -DCONFIG_OWE -DCONFIG_AIRTIME_POLICY -DCONFIG_IEEE80211AC -DCONFIG_IEEE80211AX -DCONFIG_MBO -DCONFIG_DRIVER_WIRED -DCONFIG_DRIVER_NL80211 -DCONFIG_DRIVER_WIRED -DCONFIG_DRIVER_NL80211 -DEAP_SERVER_IDENTITY -DCONFIG_TLS_WOLFSSL -DCONFIG_SHA256 -DCONFIG_HMAC_SHA256_KDF -DCONFIG_HMAC_SHA384_KDF -DCONFIG_HMAC_SHA512_KDF -DCONFIG_SHA384 -DCONFIG_SHA512 -DCONFIG_ECC -DCONFIG_NO_RANDOM_POOL -DNEED_AP_MLME -DCONFIG_ACS -DCONFIG_DEBUG_SYSLOG -I/home/runner/work/ma3063-openwrt/ma3063-openwrt/openwrt/staging_dir/target-aarch64_cortex-a53_musl/usr/include/libnl-tiny -I/home/runner/work/ma3063-openwrt/ma3063-openwrt/openwrt/build_dir/target-aarch64_cortex-a53_musl/hostapd-wpad-basic-wolfssl/hostapd-2023-09-08-e5ccbfc6/src/crypto -I/home/runner/work/ma3063-openwrt/ma3063-openwrt/openwrt/staging_dir/toolchain-aarch64_cortex-a53_gcc-12.3.0_musl/usr/include -I/home/runner/work/ma3063-openwrt/ma3063-openwrt/openwrt/staging_dir/toolchain-aarch64_cortex-a53_gcc-12.3.0_musl/include/fortify -I/home/runner/work/ma3063-openwrt/ma3063-openwrt/openwrt/staging_dir/toolchain-aarch64_cortex-a53_gcc-12.3.0_musl/include -DCONFIG_LIBNL20 -D_GNU_SOURCE -DCONFIG_MSG_MIN_PRIORITY=3 -I/home/runner/work/ma3063-openwrt/ma3063-openwrt/openwrt/build_dir/target-aarch64_cortex-a53_musl/hostapd-wpad-basic-wolfssl/hostapd-2023-09-08-e5ccbfc6/src -I/home/runner/work/ma3063-openwrt/ma3063-openwrt/openwrt/build_dir/target-aarch64_cortex-a53_musl/hostapd-wpad-basic-wolfssl/hostapd-2023-09-08-e5ccbfc6/src/utils -DCONFIG_ELOOP_EPOLL -DUBUS_SUPPORT -DUCODE_SUPPORT -DCONFIG_HT_OVERRIDES -DCONFIG_VHT_OVERRIDES -DCONFIG_BACKEND_FILE -DCONFIG_NO_CONFIG_WRITE -DCONFIG_OCV -DCONFIG_IEEE80211R -DCONFIG_SAE -DCONFIG_OWE -DCONFIG_WNM -DCONFIG_DRIVER_WIRED -DCONFIG_DRIVER_NL80211 -DCONFIG_MBO -DCONFIG_ACS -DCONFIG_TLS_WOLFSSL -DCONFIG_SHA256 -DCONFIG_HMAC_SHA256_KDF -DCONFIG_HMAC_SHA384_KDF -DCONFIG_HMAC_SHA512_KDF -DCONFIG_SHA384 -DCONFIG_SHA512 -DCONFIG_ECC -DCONFIG_NO_RANDOM_POOL -DCONFIG_CTRL_IFACE -DCONFIG_CTRL_IFACE_UNIX -DCONFIG_NO_LINUX_PACKET_SOCKET_WAR -DCONFIG_SME -DCONFIG_DEBUG_SYSLOG -DLOG_HOSTAPD=LOG_DAEMON ../src/drivers/driver_common.c
aarch64-openwrt-linux-musl-gcc -c -o /home/runner/work/ma3063-openwrt/ma3063-openwrt/openwrt/build_dir/target-aarch64_cortex-a53_musl/hostapd-wpad-basic-wolfssl/hostapd-2023-09-08-e5ccbfc6/build/hostapd/src/ap/acs.o -I/home/runner/work/ma3063-openwrt/ma3063-openwrt/openwrt/staging_dir/target-aarch64_cortex-a53_musl/usr/include/libnl-tiny -I/home/runner/work/ma3063-openwrt/ma3063-openwrt/openwrt/build_dir/target-aarch64_cortex-a53_musl/hostapd-wpad-basic-wolfssl/hostapd-2023-09-08-e5ccbfc6/src/crypto -I/home/runner/work/ma3063-openwrt/ma3063-openwrt/openwrt/staging_dir/toolchain-aarch64_cortex-a53_gcc-12.3.0_musl/usr/include -I/home/runner/work/ma3063-openwrt/ma3063-openwrt/openwrt/staging_dir/toolchain-aarch64_cortex-a53_gcc-12.3.0_musl/include/fortify -I/home/runner/work/ma3063-openwrt/ma3063-openwrt/openwrt/staging_dir/toolchain-aarch64_cortex-a53_gcc-12.3.0_musl/include -DCONFIG_LIBNL20 -D_GNU_SOURCE -DCONFIG_MSG_MIN_PRIORITY=3 -Os -pipe -mcpu=cortex-a53 -fno-caller-saves -fno-plt -fhonour-copts -fmacro-prefix-map=/home/runner/work/ma3063-openwrt/ma3063-openwrt/openwrt/build_dir/target-aarch64_cortex-a53_musl/hostapd-wpad-basic-wolfssl/hostapd-2023-09-08-e5ccbfc6=hostapd-2023-09-08-e5ccbfc6 -ffunction-sections -fdata-sections -flto=auto -fno-fat-lto-objects -Wformat -Werror=format-security -DPIC -fPIC -fstack-protector -D_FORTIFY_SOURCE=1 -Wl,-z,now -Wl,-z,relro -I/home/runner/work/ma3063-openwrt/ma3063-openwrt/openwrt/build_dir/target-aarch64_cortex-a53_musl/hostapd-wpad-basic-wolfssl/hostapd-2023-09-08-e5ccbfc6/src -I/home/runner/work/ma3063-openwrt/ma3063-openwrt/openwrt/build_dir/target-aarch64_cortex-a53_musl/hostapd-wpad-basic-wolfssl/hostapd-2023-09-08-e5ccbfc6/src/utils -DHOSTAPD -DCONFIG_ELOOP_EPOLL -DUBUS_SUPPORT -DUCODE_SUPPORT -DCONFIG_NO_RADIUS -DCONFIG_NO_ACCOUNTING -DCONFIG_CTRL_IFACE_UNIX -DCONFIG_CTRL_IFACE -DCONFIG_RSN_PREAUTH -DCONFIG_OCV -DCONFIG_IEEE80211R -DCONFIG_IEEE80211R_AP -DCONFIG_ETH_P_OUI -DCONFIG_SAE -DCONFIG_OWE -DCONFIG_AIRTIME_POLICY -DCONFIG_IEEE80211AC -DCONFIG_IEEE80211AX -DCONFIG_MBO -DCONFIG_DRIVER_WIRED -DCONFIG_DRIVER_NL80211 -DCONFIG_DRIVER_WIRED -DCONFIG_DRIVER_NL80211 -DEAP_SERVER_IDENTITY -DCONFIG_TLS_WOLFSSL -DCONFIG_SHA256 -DCONFIG_HMAC_SHA256_KDF -DCONFIG_HMAC_SHA384_KDF -DCONFIG_HMAC_SHA512_KDF -DCONFIG_SHA384 -DCONFIG_SHA512 -DCONFIG_ECC -DCONFIG_NO_RANDOM_POOL -DNEED_AP_MLME -DCONFIG_ACS -DCONFIG_DEBUG_SYSLOG -I/home/runner/work/ma3063-openwrt/ma3063-openwrt/openwrt/staging_dir/target-aarch64_cortex-a53_musl/usr/include/libnl-tiny -I/home/runner/work/ma3063-openwrt/ma3063-openwrt/openwrt/build_dir/target-aarch64_cortex-a53_musl/hostapd-wpad-basic-wolfssl/hostapd-2023-09-08-e5ccbfc6/src/crypto -I/home/runner/work/ma3063-openwrt/ma3063-openwrt/openwrt/staging_dir/toolchain-aarch64_cortex-a53_gcc-12.3.0_musl/usr/include -I/home/runner/work/ma3063-openwrt/ma3063-openwrt/openwrt/staging_dir/toolchain-aarch64_cortex-a53_gcc-12.3.0_musl/include/fortify -I/home/runner/work/ma3063-openwrt/ma3063-openwrt/openwrt/staging_dir/toolchain-aarch64_cortex-a53_gcc-12.3.0_musl/include -DCONFIG_LIBNL20 -D_GNU_SOURCE -DCONFIG_MSG_MIN_PRIORITY=3 -I/home/runner/work/ma3063-openwrt/ma3063-openwrt/openwrt/build_dir/target-aarch64_cortex-a53_musl/hostapd-wpad-basic-wolfssl/hostapd-2023-09-08-e5ccbfc6/src -I/home/runner/work/ma3063-openwrt/ma3063-openwrt/openwrt/build_dir/target-aarch64_cortex-a53_musl/hostapd-wpad-basic-wolfssl/hostapd-2023-09-08-e5ccbfc6/src/utils -DCONFIG_ELOOP_EPOLL -DUBUS_SUPPORT -DUCODE_SUPPORT -DCONFIG_HT_OVERRIDES -DCONFIG_VHT_OVERRIDES -DCONFIG_BACKEND_FILE -DCONFIG_NO_CONFIG_WRITE -DCONFIG_OCV -DCONFIG_IEEE80211R -DCONFIG_SAE -DCONFIG_OWE -DCONFIG_WNM -DCONFIG_DRIVER_WIRED -DCONFIG_DRIVER_NL80211 -DCONFIG_MBO -DCONFIG_ACS -DCONFIG_TLS_WOLFSSL -DCONFIG_SHA256 -DCONFIG_HMAC_SHA256_KDF -DCONFIG_HMAC_SHA384_KDF -DCONFIG_HMAC_SHA512_KDF -DCONFIG_SHA384 -DCONFIG_SHA512 -DCONFIG_ECC -DCONFIG_NO_RANDOM_POOL -DCONFIG_CTRL_IFACE -DCONFIG_CTRL_IFACE_UNIX -DCONFIG_NO_LINUX_PACKET_SOCKET_WAR -DCONFIG_SME -DCONFIG_DEBUG_SYSLOG -DLOG_HOSTAPD=LOG_DAEMON ../src/ap/acs.c
aarch64-openwrt-linux-musl-gcc -c -o hostapd_multi.o -Dmain=hostapd_main -I/home/runner/work/ma3063-openwrt/ma3063-openwrt/openwrt/staging_dir/target-aarch64_cortex-a53_musl/usr/include/libnl-tiny -I/home/runner/work/ma3063-openwrt/ma3063-openwrt/openwrt/build_dir/target-aarch64_cortex-a53_musl/hostapd-wpad-basic-wolfssl/hostapd-2023-09-08-e5ccbfc6/src/crypto -I/home/runner/work/ma3063-openwrt/ma3063-openwrt/openwrt/staging_dir/toolchain-aarch64_cortex-a53_gcc-12.3.0_musl/usr/include -I/home/runner/work/ma3063-openwrt/ma3063-openwrt/openwrt/staging_dir/toolchain-aarch64_cortex-a53_gcc-12.3.0_musl/include/fortify -I/home/runner/work/ma3063-openwrt/ma3063-openwrt/openwrt/staging_dir/toolchain-aarch64_cortex-a53_gcc-12.3.0_musl/include -DCONFIG_LIBNL20 -D_GNU_SOURCE -DCONFIG_MSG_MIN_PRIORITY=3 -Os -pipe -mcpu=cortex-a53 -fno-caller-saves -fno-plt -fhonour-copts -fmacro-prefix-map=/home/runner/work/ma3063-openwrt/ma3063-openwrt/openwrt/build_dir/target-aarch64_cortex-a53_musl/hostapd-wpad-basic-wolfssl/hostapd-2023-09-08-e5ccbfc6=hostapd-2023-09-08-e5ccbfc6 -ffunction-sections -fdata-sections -flto=auto -fno-fat-lto-objects -Wformat -Werror=format-security -DPIC -fPIC -fstack-protector -D_FORTIFY_SOURCE=1 -Wl,-z,now -Wl,-z,relro -I/home/runner/work/ma3063-openwrt/ma3063-openwrt/openwrt/build_dir/target-aarch64_cortex-a53_musl/hostapd-wpad-basic-wolfssl/hostapd-2023-09-08-e5ccbfc6/src -I/home/runner/work/ma3063-openwrt/ma3063-openwrt/openwrt/build_dir/target-aarch64_cortex-a53_musl/hostapd-wpad-basic-wolfssl/hostapd-2023-09-08-e5ccbfc6/src/utils -DHOSTAPD -DCONFIG_ELOOP_EPOLL -DUBUS_SUPPORT -DUCODE_SUPPORT -DCONFIG_NO_RADIUS -DCONFIG_NO_ACCOUNTING -DCONFIG_CTRL_IFACE_UNIX -DCONFIG_CTRL_IFACE -DCONFIG_RSN_PREAUTH -DCONFIG_OCV -DCONFIG_IEEE80211R -DCONFIG_IEEE80211R_AP -DCONFIG_ETH_P_OUI -DCONFIG_SAE -DCONFIG_OWE -DCONFIG_AIRTIME_POLICY -DCONFIG_IEEE80211AC -DCONFIG_IEEE80211AX -DCONFIG_MBO -DCONFIG_DRIVER_WIRED -DCONFIG_DRIVER_NL80211 -DCONFIG_DRIVER_WIRED -DCONFIG_DRIVER_NL80211 -DEAP_SERVER_IDENTITY -DCONFIG_TLS_WOLFSSL -DCONFIG_SHA256 -DCONFIG_HMAC_SHA256_KDF -DCONFIG_HMAC_SHA384_KDF -DCONFIG_HMAC_SHA512_KDF -DCONFIG_SHA384 -DCONFIG_SHA512 -DCONFIG_ECC -DCONFIG_NO_RANDOM_POOL -DNEED_AP_MLME -DCONFIG_ACS -DCONFIG_DEBUG_SYSLOG -I/home/runner/work/ma3063-openwrt/ma3063-openwrt/openwrt/staging_dir/target-aarch64_cortex-a53_musl/usr/include/libnl-tiny -I/home/runner/work/ma3063-openwrt/ma3063-openwrt/openwrt/build_dir/target-aarch64_cortex-a53_musl/hostapd-wpad-basic-wolfssl/hostapd-2023-09-08-e5ccbfc6/src/crypto -I/home/runner/work/ma3063-openwrt/ma3063-openwrt/openwrt/staging_dir/toolchain-aarch64_cortex-a53_gcc-12.3.0_musl/usr/include -I/home/runner/work/ma3063-openwrt/ma3063-openwrt/openwrt/staging_dir/toolchain-aarch64_cortex-a53_gcc-12.3.0_musl/include/fortify -I/home/runner/work/ma3063-openwrt/ma3063-openwrt/openwrt/staging_dir/toolchain-aarch64_cortex-a53_gcc-12.3.0_musl/include -DCONFIG_LIBNL20 -D_GNU_SOURCE -DCONFIG_MSG_MIN_PRIORITY=3 -I/home/runner/work/ma3063-openwrt/ma3063-openwrt/openwrt/build_dir/target-aarch64_cortex-a53_musl/hostapd-wpad-basic-wolfssl/hostapd-2023-09-08-e5ccbfc6/src -I/home/runner/work/ma3063-openwrt/ma3063-openwrt/openwrt/build_dir/target-aarch64_cortex-a53_musl/hostapd-wpad-basic-wolfssl/hostapd-2023-09-08-e5ccbfc6/src/utils -DCONFIG_ELOOP_EPOLL -DUBUS_SUPPORT -DUCODE_SUPPORT -DCONFIG_HT_OVERRIDES -DCONFIG_VHT_OVERRIDES -DCONFIG_BACKEND_FILE -DCONFIG_NO_CONFIG_WRITE -DCONFIG_OCV -DCONFIG_IEEE80211R -DCONFIG_SAE -DCONFIG_OWE -DCONFIG_WNM -DCONFIG_DRIVER_WIRED -DCONFIG_DRIVER_NL80211 -DCONFIG_MBO -DCONFIG_ACS -DCONFIG_TLS_WOLFSSL -DCONFIG_SHA256 -DCONFIG_HMAC_SHA256_KDF -DCONFIG_HMAC_SHA384_KDF -DCONFIG_HMAC_SHA512_KDF -DCONFIG_SHA384 -DCONFIG_SHA512 -DCONFIG_ECC -DCONFIG_NO_RANDOM_POOL -DCONFIG_CTRL_IFACE -DCONFIG_CTRL_IFACE_UNIX -DCONFIG_NO_LINUX_PACKET_SOCKET_WAR -DCONFIG_SME -DCONFIG_DEBUG_SYSLOG -DLOG_HOSTAPD=LOG_DAEMON main.c
CFLAGS="-I/home/runner/work/ma3063-openwrt/ma3063-openwrt/openwrt/staging_dir/target-aarch64_cortex-a53_musl/usr/include/libnl-tiny -I/home/runner/work/ma3063-openwrt/ma3063-openwrt/openwrt/build_dir/target-aarch64_cortex-a53_musl/hostapd-wpad-basic-wolfssl/hostapd-2023-09-08-e5ccbfc6/src/crypto -I/home/runner/work/ma3063-openwrt/ma3063-openwrt/openwrt/staging_dir/toolchain-aarch64_cortex-a53_gcc-12.3.0_musl/usr/include -I/home/runner/work/ma3063-openwrt/ma3063-openwrt/openwrt/staging_dir/toolchain-aarch64_cortex-a53_gcc-12.3.0_musl/include/fortify -I/home/runner/work/ma3063-openwrt/ma3063-openwrt/openwrt/staging_dir/toolchain-aarch64_cortex-a53_gcc-12.3.0_musl/include -DCONFIG_LIBNL20 -D_GNU_SOURCE -DCONFIG_MSG_MIN_PRIORITY=3 -Os -pipe -mcpu=cortex-a53 -fno-caller-saves -fno-plt -fhonour-copts -fmacro-prefix-map=/home/runner/work/ma3063-openwrt/ma3063-openwrt/openwrt/build_dir/target-aarch64_cortex-a53_musl/hostapd-wpad-basic-wolfssl/hostapd-2023-09-08-e5ccbfc6=hostapd-2023-09-08-e5ccbfc6 -ffunction-sections -fdata-sections -flto=auto -fno-fat-lto-objects -Wformat -Werror=format-security -DPIC -fPIC -fstack-protector -D_FORTIFY_SOURCE=1 -Wl,-z,now -Wl,-z,relro" make --jobserver-auth=3,4  -C /home/runner/work/ma3063-openwrt/ma3063-openwrt/openwrt/build_dir/target-aarch64_cortex-a53_musl/hostapd-wpad-basic-wolfssl/hostapd-2023-09-08-e5ccbfc6/wpa_supplicant AR="aarch64-openwrt-linux-musl-gcc-ar" AS="aarch64-openwrt-linux-musl-gcc -c -Os -pipe -mcpu=cortex-a53 -fno-caller-saves -fno-plt -fhonour-copts -fmacro-prefix-map=/home/runner/work/ma3063-openwrt/ma3063-openwrt/openwrt/build_dir/target-aarch64_cortex-a53_musl/hostapd-wpad-basic-wolfssl/hostapd-2023-09-08-e5ccbfc6=hostapd-2023-09-08-e5ccbfc6 -ffunction-sections -fdata-sections -flto=auto -fno-fat-lto-objects -Wformat -Werror=format-security -DPIC -fPIC -fstack-protector -D_FORTIFY_SOURCE=1 -Wl,-z,now -Wl,-z,relro" LD=aarch64-openwrt-linux-musl-ld NM="aarch64-openwrt-linux-musl-gcc-nm" CC="aarch64-openwrt-linux-musl-gcc" GCC="aarch64-openwrt-linux-musl-gcc" CXX="aarch64-openwrt-linux-musl-g++" RANLIB="aarch64-openwrt-linux-musl-gcc-ranlib" STRIP=aarch64-openwrt-linux-musl-strip OBJCOPY=aarch64-openwrt-linux-musl-objcopy OBJDUMP=aarch64-openwrt-linux-musl-objdump SIZE=aarch64-openwrt-linux-musl-size CONFIG_ACS=y CONFIG_DRIVER_NL80211=y CONFIG_IEEE80211AC=y CONFIG_IEEE80211AX=y CONFIG_MBO=y CONFIG_UCODE=y CONFIG_TLS=wolfssl CONFIG_SAE=y CONFIG_OWE=y LIBS="-L/home/runner/work/ma3063-openwrt/ma3063-openwrt/openwrt/staging_dir/toolchain-aarch64_cortex-a53_gcc-12.3.0_musl/usr/lib -L/home/runner/work/ma3063-openwrt/ma3063-openwrt/openwrt/staging_dir/toolchain-aarch64_cortex-a53_gcc-12.3.0_musl/lib -Wl,--gc-sections -flto=auto -fuse-linker-plugin -DPIC -fPIC -specs=/home/runner/work/ma3063-openwrt/ma3063-openwrt/openwrt/include/hardened-ld-pie.specs -znow -zrelro -lwolfssl -lubox -lubus -lblobmsg_json -lucode -lm -lnl-tiny" LIBS_c="" AR="aarch64-openwrt-linux-musl-gcc-ar" BCHECK= V=1  CFLAGS="$(cat /home/runner/work/ma3063-openwrt/ma3063-openwrt/openwrt/build_dir/target-aarch64_cortex-a53_musl/hostapd-wpad-basic-wolfssl/hostapd-2023-09-08-e5ccbfc6/.cflags)" MULTICALL=1 wpa_cli wpa_supplicant_multi.a 
aarch64-openwrt-linux-musl-gcc -c -o /home/runner/work/ma3063-openwrt/ma3063-openwrt/openwrt/build_dir/target-aarch64_cortex-a53_musl/hostapd-wpad-basic-wolfssl/hostapd-2023-09-08-e5ccbfc6/build/wpa_supplicant/wpa_cli.o -I/home/runner/work/ma3063-openwrt/ma3063-openwrt/openwrt/staging_dir/target-aarch64_cortex-a53_musl/usr/include/libnl-tiny -I/home/runner/work/ma3063-openwrt/ma3063-openwrt/openwrt/build_dir/target-aarch64_cortex-a53_musl/hostapd-wpad-basic-wolfssl/hostapd-2023-09-08-e5ccbfc6/src/crypto -I/home/runner/work/ma3063-openwrt/ma3063-openwrt/openwrt/staging_dir/toolchain-aarch64_cortex-a53_gcc-12.3.0_musl/usr/include -I/home/runner/work/ma3063-openwrt/ma3063-openwrt/openwrt/staging_dir/toolchain-aarch64_cortex-a53_gcc-12.3.0_musl/include/fortify -I/home/runner/work/ma3063-openwrt/ma3063-openwrt/openwrt/staging_dir/toolchain-aarch64_cortex-a53_gcc-12.3.0_musl/include -DCONFIG_LIBNL20 -D_GNU_SOURCE -DCONFIG_MSG_MIN_PRIORITY=3 -Os -pipe -mcpu=cortex-a53 -fno-caller-saves -fno-plt -fhonour-copts -fmacro-prefix-map=/home/runner/work/ma3063-openwrt/ma3063-openwrt/openwrt/build_dir/target-aarch64_cortex-a53_musl/hostapd-wpad-basic-wolfssl/hostapd-2023-09-08-e5ccbfc6=hostapd-2023-09-08-e5ccbfc6 -ffunction-sections -fdata-sections -flto=auto -fno-fat-lto-objects -Wformat -Werror=format-security -DPIC -fPIC -fstack-protector -D_FORTIFY_SOURCE=1 -Wl,-z,now -Wl,-z,relro -I/home/runner/work/ma3063-openwrt/ma3063-openwrt/openwrt/build_dir/target-aarch64_cortex-a53_musl/hostapd-wpad-basic-wolfssl/hostapd-2023-09-08-e5ccbfc6/src -I/home/runner/work/ma3063-openwrt/ma3063-openwrt/openwrt/build_dir/target-aarch64_cortex-a53_musl/hostapd-wpad-basic-wolfssl/hostapd-2023-09-08-e5ccbfc6/src/utils -DHOSTAPD -DCONFIG_ELOOP_EPOLL -DUBUS_SUPPORT -DUCODE_SUPPORT -DCONFIG_NO_RADIUS -DCONFIG_NO_ACCOUNTING -DCONFIG_CTRL_IFACE_UNIX -DCONFIG_CTRL_IFACE -DCONFIG_RSN_PREAUTH -DCONFIG_OCV -DCONFIG_IEEE80211R -DCONFIG_IEEE80211R_AP -DCONFIG_ETH_P_OUI -DCONFIG_SAE -DCONFIG_OWE -DCONFIG_AIRTIME_POLICY -DCONFIG_IEEE80211AC -DCONFIG_IEEE80211AX -DCONFIG_MBO -DCONFIG_DRIVER_WIRED -DCONFIG_DRIVER_NL80211 -DCONFIG_DRIVER_WIRED -DCONFIG_DRIVER_NL80211 -DEAP_SERVER_IDENTITY -DCONFIG_TLS_WOLFSSL -DCONFIG_SHA256 -DCONFIG_HMAC_SHA256_KDF -DCONFIG_HMAC_SHA384_KDF -DCONFIG_HMAC_SHA512_KDF -DCONFIG_SHA384 -DCONFIG_SHA512 -DCONFIG_ECC -DCONFIG_NO_RANDOM_POOL -DNEED_AP_MLME -DCONFIG_ACS -DCONFIG_DEBUG_SYSLOG -I/home/runner/work/ma3063-openwrt/ma3063-openwrt/openwrt/staging_dir/target-aarch64_cortex-a53_musl/usr/include/libnl-tiny -I/home/runner/work/ma3063-openwrt/ma3063-openwrt/openwrt/build_dir/target-aarch64_cortex-a53_musl/hostapd-wpad-basic-wolfssl/hostapd-2023-09-08-e5ccbfc6/src/crypto -I/home/runner/work/ma3063-openwrt/ma3063-openwrt/openwrt/staging_dir/toolchain-aarch64_cortex-a53_gcc-12.3.0_musl/usr/include -I/home/runner/work/ma3063-openwrt/ma3063-openwrt/openwrt/staging_dir/toolchain-aarch64_cortex-a53_gcc-12.3.0_musl/include/fortify -I/home/runner/work/ma3063-openwrt/ma3063-openwrt/openwrt/staging_dir/toolchain-aarch64_cortex-a53_gcc-12.3.0_musl/include -DCONFIG_LIBNL20 -D_GNU_SOURCE -DCONFIG_MSG_MIN_PRIORITY=3 -I/home/runner/work/ma3063-openwrt/ma3063-openwrt/openwrt/build_dir/target-aarch64_cortex-a53_musl/hostapd-wpad-basic-wolfssl/hostapd-2023-09-08-e5ccbfc6/src -I/home/runner/work/ma3063-openwrt/ma3063-openwrt/openwrt/build_dir/target-aarch64_cortex-a53_musl/hostapd-wpad-basic-wolfssl/hostapd-2023-09-08-e5ccbfc6/src/utils -DCONFIG_ELOOP_EPOLL -DUBUS_SUPPORT -DUCODE_SUPPORT -DCONFIG_HT_OVERRIDES -DCONFIG_VHT_OVERRIDES -DCONFIG_BACKEND_FILE -DCONFIG_NO_CONFIG_WRITE -DCONFIG_OCV -DCONFIG_IEEE80211R -DCONFIG_SAE -DCONFIG_OWE -DCONFIG_WNM -DCONFIG_DRIVER_WIRED -DCONFIG_DRIVER_NL80211 -DCONFIG_MBO -DCONFIG_ACS -DCONFIG_TLS_WOLFSSL -DCONFIG_SHA256 -DCONFIG_HMAC_SHA256_KDF -DCONFIG_HMAC_SHA384_KDF -DCONFIG_HMAC_SHA512_KDF -DCONFIG_SHA384 -DCONFIG_SHA512 -DCONFIG_ECC -DCONFIG_NO_RANDOM_POOL -DCONFIG_CTRL_IFACE -DCONFIG_CTRL_IFACE_UNIX -DCONFIG_NO_LINUX_PACKET_SOCKET_WAR -DCONFIG_SME -DCONFIG_DEBUG_SYSLOG -DLOG_HOSTAPD=LOG_DAEMON wpa_cli.c
aarch64-openwrt-linux-musl-gcc -c -o /home/runner/work/ma3063-openwrt/ma3063-openwrt/openwrt/build_dir/target-aarch64_cortex-a53_musl/hostapd-wpad-basic-wolfssl/hostapd-2023-09-08-e5ccbfc6/build/wpa_supplicant/src/common/wpa_ctrl.o -I/home/runner/work/ma3063-openwrt/ma3063-openwrt/openwrt/staging_dir/target-aarch64_cortex-a53_musl/usr/include/libnl-tiny -I/home/runner/work/ma3063-openwrt/ma3063-openwrt/openwrt/build_dir/target-aarch64_cortex-a53_musl/hostapd-wpad-basic-wolfssl/hostapd-2023-09-08-e5ccbfc6/src/crypto -I/home/runner/work/ma3063-openwrt/ma3063-openwrt/openwrt/staging_dir/toolchain-aarch64_cortex-a53_gcc-12.3.0_musl/usr/include -I/home/runner/work/ma3063-openwrt/ma3063-openwrt/openwrt/staging_dir/toolchain-aarch64_cortex-a53_gcc-12.3.0_musl/include/fortify -I/home/runner/work/ma3063-openwrt/ma3063-openwrt/openwrt/staging_dir/toolchain-aarch64_cortex-a53_gcc-12.3.0_musl/include -DCONFIG_LIBNL20 -D_GNU_SOURCE -DCONFIG_MSG_MIN_PRIORITY=3 -Os -pipe -mcpu=cortex-a53 -fno-caller-saves -fno-plt -fhonour-copts -fmacro-prefix-map=/home/runner/work/ma3063-openwrt/ma3063-openwrt/openwrt/build_dir/target-aarch64_cortex-a53_musl/hostapd-wpad-basic-wolfssl/hostapd-2023-09-08-e5ccbfc6=hostapd-2023-09-08-e5ccbfc6 -ffunction-sections -fdata-sections -flto=auto -fno-fat-lto-objects -Wformat -Werror=format-security -DPIC -fPIC -fstack-protector -D_FORTIFY_SOURCE=1 -Wl,-z,now -Wl,-z,relro -I/home/runner/work/ma3063-openwrt/ma3063-openwrt/openwrt/build_dir/target-aarch64_cortex-a53_musl/hostapd-wpad-basic-wolfssl/hostapd-2023-09-08-e5ccbfc6/src -I/home/runner/work/ma3063-openwrt/ma3063-openwrt/openwrt/build_dir/target-aarch64_cortex-a53_musl/hostapd-wpad-basic-wolfssl/hostapd-2023-09-08-e5ccbfc6/src/utils -DHOSTAPD -DCONFIG_ELOOP_EPOLL -DUBUS_SUPPORT -DUCODE_SUPPORT -DCONFIG_NO_RADIUS -DCONFIG_NO_ACCOUNTING -DCONFIG_CTRL_IFACE_UNIX -DCONFIG_CTRL_IFACE -DCONFIG_RSN_PREAUTH -DCONFIG_OCV -DCONFIG_IEEE80211R -DCONFIG_IEEE80211R_AP -DCONFIG_ETH_P_OUI -DCONFIG_SAE -DCONFIG_OWE -DCONFIG_AIRTIME_POLICY -DCONFIG_IEEE80211AC -DCONFIG_IEEE80211AX -DCONFIG_MBO -DCONFIG_DRIVER_WIRED -DCONFIG_DRIVER_NL80211 -DCONFIG_DRIVER_WIRED -DCONFIG_DRIVER_NL80211 -DEAP_SERVER_IDENTITY -DCONFIG_TLS_WOLFSSL -DCONFIG_SHA256 -DCONFIG_HMAC_SHA256_KDF -DCONFIG_HMAC_SHA384_KDF -DCONFIG_HMAC_SHA512_KDF -DCONFIG_SHA384 -DCONFIG_SHA512 -DCONFIG_ECC -DCONFIG_NO_RANDOM_POOL -DNEED_AP_MLME -DCONFIG_ACS -DCONFIG_DEBUG_SYSLOG -I/home/runner/work/ma3063-openwrt/ma3063-openwrt/openwrt/staging_dir/target-aarch64_cortex-a53_musl/usr/include/libnl-tiny -I/home/runner/work/ma3063-openwrt/ma3063-openwrt/openwrt/build_dir/target-aarch64_cortex-a53_musl/hostapd-wpad-basic-wolfssl/hostapd-2023-09-08-e5ccbfc6/src/crypto -I/home/runner/work/ma3063-openwrt/ma3063-openwrt/openwrt/staging_dir/toolchain-aarch64_cortex-a53_gcc-12.3.0_musl/usr/include -I/home/runner/work/ma3063-openwrt/ma3063-openwrt/openwrt/staging_dir/toolchain-aarch64_cortex-a53_gcc-12.3.0_musl/include/fortify -I/home/runner/work/ma3063-openwrt/ma3063-openwrt/openwrt/staging_dir/toolchain-aarch64_cortex-a53_gcc-12.3.0_musl/include -DCONFIG_LIBNL20 -D_GNU_SOURCE -DCONFIG_MSG_MIN_PRIORITY=3 -I/home/runner/work/ma3063-openwrt/ma3063-openwrt/openwrt/build_dir/target-aarch64_cortex-a53_musl/hostapd-wpad-basic-wolfssl/hostapd-2023-09-08-e5ccbfc6/src -I/home/runner/work/ma3063-openwrt/ma3063-openwrt/openwrt/build_dir/target-aarch64_cortex-a53_musl/hostapd-wpad-basic-wolfssl/hostapd-2023-09-08-e5ccbfc6/src/utils -DCONFIG_ELOOP_EPOLL -DUBUS_SUPPORT -DUCODE_SUPPORT -DCONFIG_HT_OVERRIDES -DCONFIG_VHT_OVERRIDES -DCONFIG_BACKEND_FILE -DCONFIG_NO_CONFIG_WRITE -DCONFIG_OCV -DCONFIG_IEEE80211R -DCONFIG_SAE -DCONFIG_OWE -DCONFIG_WNM -DCONFIG_DRIVER_WIRED -DCONFIG_DRIVER_NL80211 -DCONFIG_MBO -DCONFIG_ACS -DCONFIG_TLS_WOLFSSL -DCONFIG_SHA256 -DCONFIG_HMAC_SHA256_KDF -DCONFIG_HMAC_SHA384_KDF -DCONFIG_HMAC_SHA512_KDF -DCONFIG_SHA384 -DCONFIG_SHA512 -DCONFIG_ECC -DCONFIG_NO_RANDOM_POOL -DCONFIG_CTRL_IFACE -DCONFIG_CTRL_IFACE_UNIX -DCONFIG_NO_LINUX_PACKET_SOCKET_WAR -DCONFIG_SME -DCONFIG_DEBUG_SYSLOG -DLOG_HOSTAPD=LOG_DAEMON ../src/common/wpa_ctrl.c
aarch64-openwrt-linux-musl-gcc -c -o /home/runner/work/ma3063-openwrt/ma3063-openwrt/openwrt/build_dir/target-aarch64_cortex-a53_musl/hostapd-wpad-basic-wolfssl/hostapd-2023-09-08-e5ccbfc6/build/wpa_supplicant/src/utils/wpa_debug.o -I/home/runner/work/ma3063-openwrt/ma3063-openwrt/openwrt/staging_dir/target-aarch64_cortex-a53_musl/usr/include/libnl-tiny -I/home/runner/work/ma3063-openwrt/ma3063-openwrt/openwrt/build_dir/target-aarch64_cortex-a53_musl/hostapd-wpad-basic-wolfssl/hostapd-2023-09-08-e5ccbfc6/src/crypto -I/home/runner/work/ma3063-openwrt/ma3063-openwrt/openwrt/staging_dir/toolchain-aarch64_cortex-a53_gcc-12.3.0_musl/usr/include -I/home/runner/work/ma3063-openwrt/ma3063-openwrt/openwrt/staging_dir/toolchain-aarch64_cortex-a53_gcc-12.3.0_musl/include/fortify -I/home/runner/work/ma3063-openwrt/ma3063-openwrt/openwrt/staging_dir/toolchain-aarch64_cortex-a53_gcc-12.3.0_musl/include -DCONFIG_LIBNL20 -D_GNU_SOURCE -DCONFIG_MSG_MIN_PRIORITY=3 -Os -pipe -mcpu=cortex-a53 -fno-caller-saves -fno-plt -fhonour-copts -fmacro-prefix-map=/home/runner/work/ma3063-openwrt/ma3063-openwrt/openwrt/build_dir/target-aarch64_cortex-a53_musl/hostapd-wpad-basic-wolfssl/hostapd-2023-09-08-e5ccbfc6=hostapd-2023-09-08-e5ccbfc6 -ffunction-sections -fdata-sections -flto=auto -fno-fat-lto-objects -Wformat -Werror=format-security -DPIC -fPIC -fstack-protector -D_FORTIFY_SOURCE=1 -Wl,-z,now -Wl,-z,relro -I/home/runner/work/ma3063-openwrt/ma3063-openwrt/openwrt/build_dir/target-aarch64_cortex-a53_musl/hostapd-wpad-basic-wolfssl/hostapd-2023-09-08-e5ccbfc6/src -I/home/runner/work/ma3063-openwrt/ma3063-openwrt/openwrt/build_dir/target-aarch64_cortex-a53_musl/hostapd-wpad-basic-wolfssl/hostapd-2023-09-08-e5ccbfc6/src/utils -DHOSTAPD -DCONFIG_ELOOP_EPOLL -DUBUS_SUPPORT -DUCODE_SUPPORT -DCONFIG_NO_RADIUS -DCONFIG_NO_ACCOUNTING -DCONFIG_CTRL_IFACE_UNIX -DCONFIG_CTRL_IFACE -DCONFIG_RSN_PREAUTH -DCONFIG_OCV -DCONFIG_IEEE80211R -DCONFIG_IEEE80211R_AP -DCONFIG_ETH_P_OUI -DCONFIG_SAE -DCONFIG_OWE -DCONFIG_AIRTIME_POLICY -DCONFIG_IEEE80211AC -DCONFIG_IEEE80211AX -DCONFIG_MBO -DCONFIG_DRIVER_WIRED -DCONFIG_DRIVER_NL80211 -DCONFIG_DRIVER_WIRED -DCONFIG_DRIVER_NL80211 -DEAP_SERVER_IDENTITY -DCONFIG_TLS_WOLFSSL -DCONFIG_SHA256 -DCONFIG_HMAC_SHA256_KDF -DCONFIG_HMAC_SHA384_KDF -DCONFIG_HMAC_SHA512_KDF -DCONFIG_SHA384 -DCONFIG_SHA512 -DCONFIG_ECC -DCONFIG_NO_RANDOM_POOL -DNEED_AP_MLME -DCONFIG_ACS -DCONFIG_DEBUG_SYSLOG -I/home/runner/work/ma3063-openwrt/ma3063-openwrt/openwrt/staging_dir/target-aarch64_cortex-a53_musl/usr/include/libnl-tiny -I/home/runner/work/ma3063-openwrt/ma3063-openwrt/openwrt/build_dir/target-aarch64_cortex-a53_musl/hostapd-wpad-basic-wolfssl/hostapd-2023-09-08-e5ccbfc6/src/crypto -I/home/runner/work/ma3063-openwrt/ma3063-openwrt/openwrt/staging_dir/toolchain-aarch64_cortex-a53_gcc-12.3.0_musl/usr/include -I/home/runner/work/ma3063-openwrt/ma3063-openwrt/openwrt/staging_dir/toolchain-aarch64_cortex-a53_gcc-12.3.0_musl/include/fortify -I/home/runner/work/ma3063-openwrt/ma3063-openwrt/openwrt/staging_dir/toolchain-aarch64_cortex-a53_gcc-12.3.0_musl/include -DCONFIG_LIBNL20 -D_GNU_SOURCE -DCONFIG_MSG_MIN_PRIORITY=3 -I/home/runner/work/ma3063-openwrt/ma3063-openwrt/openwrt/build_dir/target-aarch64_cortex-a53_musl/hostapd-wpad-basic-wolfssl/hostapd-2023-09-08-e5ccbfc6/src -I/home/runner/work/ma3063-openwrt/ma3063-openwrt/openwrt/build_dir/target-aarch64_cortex-a53_musl/hostapd-wpad-basic-wolfssl/hostapd-2023-09-08-e5ccbfc6/src/utils -DCONFIG_ELOOP_EPOLL -DUBUS_SUPPORT -DUCODE_SUPPORT -DCONFIG_HT_OVERRIDES -DCONFIG_VHT_OVERRIDES -DCONFIG_BACKEND_FILE -DCONFIG_NO_CONFIG_WRITE -DCONFIG_OCV -DCONFIG_IEEE80211R -DCONFIG_SAE -DCONFIG_OWE -DCONFIG_WNM -DCONFIG_DRIVER_WIRED -DCONFIG_DRIVER_NL80211 -DCONFIG_MBO -DCONFIG_ACS -DCONFIG_TLS_WOLFSSL -DCONFIG_SHA256 -DCONFIG_HMAC_SHA256_KDF -DCONFIG_HMAC_SHA384_KDF -DCONFIG_HMAC_SHA512_KDF -DCONFIG_SHA384 -DCONFIG_SHA512 -DCONFIG_ECC -DCONFIG_NO_RANDOM_POOL -DCONFIG_CTRL_IFACE -DCONFIG_CTRL_IFACE_UNIX -DCONFIG_NO_LINUX_PACKET_SOCKET_WAR -DCONFIG_SME -DCONFIG_DEBUG_SYSLOG -DLOG_HOSTAPD=LOG_DAEMON ../src/utils/wpa_debug.c
aarch64-openwrt-linux-musl-gcc -c -o /home/runner/work/ma3063-openwrt/ma3063-openwrt/openwrt/build_dir/target-aarch64_cortex-a53_musl/hostapd-wpad-basic-wolfssl/hostapd-2023-09-08-e5ccbfc6/build/wpa_supplicant/src/utils/common.o -I/home/runner/work/ma3063-openwrt/ma3063-openwrt/openwrt/staging_dir/target-aarch64_cortex-a53_musl/usr/include/libnl-tiny -I/home/runner/work/ma3063-openwrt/ma3063-openwrt/openwrt/build_dir/target-aarch64_cortex-a53_musl/hostapd-wpad-basic-wolfssl/hostapd-2023-09-08-e5ccbfc6/src/crypto -I/home/runner/work/ma3063-openwrt/ma3063-openwrt/openwrt/staging_dir/toolchain-aarch64_cortex-a53_gcc-12.3.0_musl/usr/include -I/home/runner/work/ma3063-openwrt/ma3063-openwrt/openwrt/staging_dir/toolchain-aarch64_cortex-a53_gcc-12.3.0_musl/include/fortify -I/home/runner/work/ma3063-openwrt/ma3063-openwrt/openwrt/staging_dir/toolchain-aarch64_cortex-a53_gcc-12.3.0_musl/include -DCONFIG_LIBNL20 -D_GNU_SOURCE -DCONFIG_MSG_MIN_PRIORITY=3 -Os -pipe -mcpu=cortex-a53 -fno-caller-saves -fno-plt -fhonour-copts -fmacro-prefix-map=/home/runner/work/ma3063-openwrt/ma3063-openwrt/openwrt/build_dir/target-aarch64_cortex-a53_musl/hostapd-wpad-basic-wolfssl/hostapd-2023-09-08-e5ccbfc6=hostapd-2023-09-08-e5ccbfc6 -ffunction-sections -fdata-sections -flto=auto -fno-fat-lto-objects -Wformat -Werror=format-security -DPIC -fPIC -fstack-protector -D_FORTIFY_SOURCE=1 -Wl,-z,now -Wl,-z,relro -I/home/runner/work/ma3063-openwrt/ma3063-openwrt/openwrt/build_dir/target-aarch64_cortex-a53_musl/hostapd-wpad-basic-wolfssl/hostapd-2023-09-08-e5ccbfc6/src -I/home/runner/work/ma3063-openwrt/ma3063-openwrt/openwrt/build_dir/target-aarch64_cortex-a53_musl/hostapd-wpad-basic-wolfssl/hostapd-2023-09-08-e5ccbfc6/src/utils -DHOSTAPD -DCONFIG_ELOOP_EPOLL -DUBUS_SUPPORT -DUCODE_SUPPORT -DCONFIG_NO_RADIUS -DCONFIG_NO_ACCOUNTING -DCONFIG_CTRL_IFACE_UNIX -DCONFIG_CTRL_IFACE -DCONFIG_RSN_PREAUTH -DCONFIG_OCV -DCONFIG_IEEE80211R -DCONFIG_IEEE80211R_AP -DCONFIG_ETH_P_OUI -DCONFIG_SAE -DCONFIG_OWE -DCONFIG_AIRTIME_POLICY -DCONFIG_IEEE80211AC -DCONFIG_IEEE80211AX -DCONFIG_MBO -DCONFIG_DRIVER_WIRED -DCONFIG_DRIVER_NL80211 -DCONFIG_DRIVER_WIRED -DCONFIG_DRIVER_NL80211 -DEAP_SERVER_IDENTITY -DCONFIG_TLS_WOLFSSL -DCONFIG_SHA256 -DCONFIG_HMAC_SHA256_KDF -DCONFIG_HMAC_SHA384_KDF -DCONFIG_HMAC_SHA512_KDF -DCONFIG_SHA384 -DCONFIG_SHA512 -DCONFIG_ECC -DCONFIG_NO_RANDOM_POOL -DNEED_AP_MLME -DCONFIG_ACS -DCONFIG_DEBUG_SYSLOG -I/home/runner/work/ma3063-openwrt/ma3063-openwrt/openwrt/staging_dir/target-aarch64_cortex-a53_musl/usr/include/libnl-tiny -I/home/runner/work/ma3063-openwrt/ma3063-openwrt/openwrt/build_dir/target-aarch64_cortex-a53_musl/hostapd-wpad-basic-wolfssl/hostapd-2023-09-08-e5ccbfc6/src/crypto -I/home/runner/work/ma3063-openwrt/ma3063-openwrt/openwrt/staging_dir/toolchain-aarch64_cortex-a53_gcc-12.3.0_musl/usr/include -I/home/runner/work/ma3063-openwrt/ma3063-openwrt/openwrt/staging_dir/toolchain-aarch64_cortex-a53_gcc-12.3.0_musl/include/fortify -I/home/runner/work/ma3063-openwrt/ma3063-openwrt/openwrt/staging_dir/toolchain-aarch64_cortex-a53_gcc-12.3.0_musl/include -DCONFIG_LIBNL20 -D_GNU_SOURCE -DCONFIG_MSG_MIN_PRIORITY=3 -I/home/runner/work/ma3063-openwrt/ma3063-openwrt/openwrt/build_dir/target-aarch64_cortex-a53_musl/hostapd-wpad-basic-wolfssl/hostapd-2023-09-08-e5ccbfc6/src -I/home/runner/work/ma3063-openwrt/ma3063-openwrt/openwrt/build_dir/target-aarch64_cortex-a53_musl/hostapd-wpad-basic-wolfssl/hostapd-2023-09-08-e5ccbfc6/src/utils -DCONFIG_ELOOP_EPOLL -DUBUS_SUPPORT -DUCODE_SUPPORT -DCONFIG_HT_OVERRIDES -DCONFIG_VHT_OVERRIDES -DCONFIG_BACKEND_FILE -DCONFIG_NO_CONFIG_WRITE -DCONFIG_OCV -DCONFIG_IEEE80211R -DCONFIG_SAE -DCONFIG_OWE -DCONFIG_WNM -DCONFIG_DRIVER_WIRED -DCONFIG_DRIVER_NL80211 -DCONFIG_MBO -DCONFIG_ACS -DCONFIG_TLS_WOLFSSL -DCONFIG_SHA256 -DCONFIG_HMAC_SHA256_KDF -DCONFIG_HMAC_SHA384_KDF -DCONFIG_HMAC_SHA512_KDF -DCONFIG_SHA384 -DCONFIG_SHA512 -DCONFIG_ECC -DCONFIG_NO_RANDOM_POOL -DCONFIG_CTRL_IFACE -DCONFIG_CTRL_IFACE_UNIX -DCONFIG_NO_LINUX_PACKET_SOCKET_WAR -DCONFIG_SME -DCONFIG_DEBUG_SYSLOG -DLOG_HOSTAPD=LOG_DAEMON ../src/utils/common.c
aarch64-openwrt-linux-musl-gcc -c -o /home/runner/work/ma3063-openwrt/ma3063-openwrt/openwrt/build_dir/target-aarch64_cortex-a53_musl/hostapd-wpad-basic-wolfssl/hostapd-2023-09-08-e5ccbfc6/build/wpa_supplicant/src/common/cli.o -I/home/runner/work/ma3063-openwrt/ma3063-openwrt/openwrt/staging_dir/target-aarch64_cortex-a53_musl/usr/include/libnl-tiny -I/home/runner/work/ma3063-openwrt/ma3063-openwrt/openwrt/build_dir/target-aarch64_cortex-a53_musl/hostapd-wpad-basic-wolfssl/hostapd-2023-09-08-e5ccbfc6/src/crypto -I/home/runner/work/ma3063-openwrt/ma3063-openwrt/openwrt/staging_dir/toolchain-aarch64_cortex-a53_gcc-12.3.0_musl/usr/include -I/home/runner/work/ma3063-openwrt/ma3063-openwrt/openwrt/staging_dir/toolchain-aarch64_cortex-a53_gcc-12.3.0_musl/include/fortify -I/home/runner/work/ma3063-openwrt/ma3063-openwrt/openwrt/staging_dir/toolchain-aarch64_cortex-a53_gcc-12.3.0_musl/include -DCONFIG_LIBNL20 -D_GNU_SOURCE -DCONFIG_MSG_MIN_PRIORITY=3 -Os -pipe -mcpu=cortex-a53 -fno-caller-saves -fno-plt -fhonour-copts -fmacro-prefix-map=/home/runner/work/ma3063-openwrt/ma3063-openwrt/openwrt/build_dir/target-aarch64_cortex-a53_musl/hostapd-wpad-basic-wolfssl/hostapd-2023-09-08-e5ccbfc6=hostapd-2023-09-08-e5ccbfc6 -ffunction-sections -fdata-sections -flto=auto -fno-fat-lto-objects -Wformat -Werror=format-security -DPIC -fPIC -fstack-protector -D_FORTIFY_SOURCE=1 -Wl,-z,now -Wl,-z,relro -I/home/runner/work/ma3063-openwrt/ma3063-openwrt/openwrt/build_dir/target-aarch64_cortex-a53_musl/hostapd-wpad-basic-wolfssl/hostapd-2023-09-08-e5ccbfc6/src -I/home/runner/work/ma3063-openwrt/ma3063-openwrt/openwrt/build_dir/target-aarch64_cortex-a53_musl/hostapd-wpad-basic-wolfssl/hostapd-2023-09-08-e5ccbfc6/src/utils -DHOSTAPD -DCONFIG_ELOOP_EPOLL -DUBUS_SUPPORT -DUCODE_SUPPORT -DCONFIG_NO_RADIUS -DCONFIG_NO_ACCOUNTING -DCONFIG_CTRL_IFACE_UNIX -DCONFIG_CTRL_IFACE -DCONFIG_RSN_PREAUTH -DCONFIG_OCV -DCONFIG_IEEE80211R -DCONFIG_IEEE80211R_AP -DCONFIG_ETH_P_OUI -DCONFIG_SAE -DCONFIG_OWE -DCONFIG_AIRTIME_POLICY -DCONFIG_IEEE80211AC -DCONFIG_IEEE80211AX -DCONFIG_MBO -DCONFIG_DRIVER_WIRED -DCONFIG_DRIVER_NL80211 -DCONFIG_DRIVER_WIRED -DCONFIG_DRIVER_NL80211 -DEAP_SERVER_IDENTITY -DCONFIG_TLS_WOLFSSL -DCONFIG_SHA256 -DCONFIG_HMAC_SHA256_KDF -DCONFIG_HMAC_SHA384_KDF -DCONFIG_HMAC_SHA512_KDF -DCONFIG_SHA384 -DCONFIG_SHA512 -DCONFIG_ECC -DCONFIG_NO_RANDOM_POOL -DNEED_AP_MLME -DCONFIG_ACS -DCONFIG_DEBUG_SYSLOG -I/home/runner/work/ma3063-openwrt/ma3063-openwrt/openwrt/staging_dir/target-aarch64_cortex-a53_musl/usr/include/libnl-tiny -I/home/runner/work/ma3063-openwrt/ma3063-openwrt/openwrt/build_dir/target-aarch64_cortex-a53_musl/hostapd-wpad-basic-wolfssl/hostapd-2023-09-08-e5ccbfc6/src/crypto -I/home/runner/work/ma3063-openwrt/ma3063-openwrt/openwrt/staging_dir/toolchain-aarch64_cortex-a53_gcc-12.3.0_musl/usr/include -I/home/runner/work/ma3063-openwrt/ma3063-openwrt/openwrt/staging_dir/toolchain-aarch64_cortex-a53_gcc-12.3.0_musl/include/fortify -I/home/runner/work/ma3063-openwrt/ma3063-openwrt/openwrt/staging_dir/toolchain-aarch64_cortex-a53_gcc-12.3.0_musl/include -DCONFIG_LIBNL20 -D_GNU_SOURCE -DCONFIG_MSG_MIN_PRIORITY=3 -I/home/runner/work/ma3063-openwrt/ma3063-openwrt/openwrt/build_dir/target-aarch64_cortex-a53_musl/hostapd-wpad-basic-wolfssl/hostapd-2023-09-08-e5ccbfc6/src -I/home/runner/work/ma3063-openwrt/ma3063-openwrt/openwrt/build_dir/target-aarch64_cortex-a53_musl/hostapd-wpad-basic-wolfssl/hostapd-2023-09-08-e5ccbfc6/src/utils -DCONFIG_ELOOP_EPOLL -DUBUS_SUPPORT -DUCODE_SUPPORT -DCONFIG_HT_OVERRIDES -DCONFIG_VHT_OVERRIDES -DCONFIG_BACKEND_FILE -DCONFIG_NO_CONFIG_WRITE -DCONFIG_OCV -DCONFIG_IEEE80211R -DCONFIG_SAE -DCONFIG_OWE -DCONFIG_WNM -DCONFIG_DRIVER_WIRED -DCONFIG_DRIVER_NL80211 -DCONFIG_MBO -DCONFIG_ACS -DCONFIG_TLS_WOLFSSL -DCONFIG_SHA256 -DCONFIG_HMAC_SHA256_KDF -DCONFIG_HMAC_SHA384_KDF -DCONFIG_HMAC_SHA512_KDF -DCONFIG_SHA384 -DCONFIG_SHA512 -DCONFIG_ECC -DCONFIG_NO_RANDOM_POOL -DCONFIG_CTRL_IFACE -DCONFIG_CTRL_IFACE_UNIX -DCONFIG_NO_LINUX_PACKET_SOCKET_WAR -DCONFIG_SME -DCONFIG_DEBUG_SYSLOG -DLOG_HOSTAPD=LOG_DAEMON ../src/common/cli.c
aarch64-openwrt-linux-musl-gcc -c -o /home/runner/work/ma3063-openwrt/ma3063-openwrt/openwrt/build_dir/target-aarch64_cortex-a53_musl/hostapd-wpad-basic-wolfssl/hostapd-2023-09-08-e5ccbfc6/build/wpa_supplicant/src/utils/os_unix.o -I/home/runner/work/ma3063-openwrt/ma3063-openwrt/openwrt/staging_dir/target-aarch64_cortex-a53_musl/usr/include/libnl-tiny -I/home/runner/work/ma3063-openwrt/ma3063-openwrt/openwrt/build_dir/target-aarch64_cortex-a53_musl/hostapd-wpad-basic-wolfssl/hostapd-2023-09-08-e5ccbfc6/src/crypto -I/home/runner/work/ma3063-openwrt/ma3063-openwrt/openwrt/staging_dir/toolchain-aarch64_cortex-a53_gcc-12.3.0_musl/usr/include -I/home/runner/work/ma3063-openwrt/ma3063-openwrt/openwrt/staging_dir/toolchain-aarch64_cortex-a53_gcc-12.3.0_musl/include/fortify -I/home/runner/work/ma3063-openwrt/ma3063-openwrt/openwrt/staging_dir/toolchain-aarch64_cortex-a53_gcc-12.3.0_musl/include -DCONFIG_LIBNL20 -D_GNU_SOURCE -DCONFIG_MSG_MIN_PRIORITY=3 -Os -pipe -mcpu=cortex-a53 -fno-caller-saves -fno-plt -fhonour-copts -fmacro-prefix-map=/home/runner/work/ma3063-openwrt/ma3063-openwrt/openwrt/build_dir/target-aarch64_cortex-a53_musl/hostapd-wpad-basic-wolfssl/hostapd-2023-09-08-e5ccbfc6=hostapd-2023-09-08-e5ccbfc6 -ffunction-sections -fdata-sections -flto=auto -fno-fat-lto-objects -Wformat -Werror=format-security -DPIC -fPIC -fstack-protector -D_FORTIFY_SOURCE=1 -Wl,-z,now -Wl,-z,relro -I/home/runner/work/ma3063-openwrt/ma3063-openwrt/openwrt/build_dir/target-aarch64_cortex-a53_musl/hostapd-wpad-basic-wolfssl/hostapd-2023-09-08-e5ccbfc6/src -I/home/runner/work/ma3063-openwrt/ma3063-openwrt/openwrt/build_dir/target-aarch64_cortex-a53_musl/hostapd-wpad-basic-wolfssl/hostapd-2023-09-08-e5ccbfc6/src/utils -DHOSTAPD -DCONFIG_ELOOP_EPOLL -DUBUS_SUPPORT -DUCODE_SUPPORT -DCONFIG_NO_RADIUS -DCONFIG_NO_ACCOUNTING -DCONFIG_CTRL_IFACE_UNIX -DCONFIG_CTRL_IFACE -DCONFIG_RSN_PREAUTH -DCONFIG_OCV -DCONFIG_IEEE80211R -DCONFIG_IEEE80211R_AP -DCONFIG_ETH_P_OUI -DCONFIG_SAE -DCONFIG_OWE -DCONFIG_AIRTIME_POLICY -DCONFIG_IEEE80211AC -DCONFIG_IEEE80211AX -DCONFIG_MBO -DCONFIG_DRIVER_WIRED -DCONFIG_DRIVER_NL80211 -DCONFIG_DRIVER_WIRED -DCONFIG_DRIVER_NL80211 -DEAP_SERVER_IDENTITY -DCONFIG_TLS_WOLFSSL -DCONFIG_SHA256 -DCONFIG_HMAC_SHA256_KDF -DCONFIG_HMAC_SHA384_KDF -DCONFIG_HMAC_SHA512_KDF -DCONFIG_SHA384 -DCONFIG_SHA512 -DCONFIG_ECC -DCONFIG_NO_RANDOM_POOL -DNEED_AP_MLME -DCONFIG_ACS -DCONFIG_DEBUG_SYSLOG -I/home/runner/work/ma3063-openwrt/ma3063-openwrt/openwrt/staging_dir/target-aarch64_cortex-a53_musl/usr/include/libnl-tiny -I/home/runner/work/ma3063-openwrt/ma3063-openwrt/openwrt/build_dir/target-aarch64_cortex-a53_musl/hostapd-wpad-basic-wolfssl/hostapd-2023-09-08-e5ccbfc6/src/crypto -I/home/runner/work/ma3063-openwrt/ma3063-openwrt/openwrt/staging_dir/toolchain-aarch64_cortex-a53_gcc-12.3.0_musl/usr/include -I/home/runner/work/ma3063-openwrt/ma3063-openwrt/openwrt/staging_dir/toolchain-aarch64_cortex-a53_gcc-12.3.0_musl/include/fortify -I/home/runner/work/ma3063-openwrt/ma3063-openwrt/openwrt/staging_dir/toolchain-aarch64_cortex-a53_gcc-12.3.0_musl/include -DCONFIG_LIBNL20 -D_GNU_SOURCE -DCONFIG_MSG_MIN_PRIORITY=3 -I/home/runner/work/ma3063-openwrt/ma3063-openwrt/openwrt/build_dir/target-aarch64_cortex-a53_musl/hostapd-wpad-basic-wolfssl/hostapd-2023-09-08-e5ccbfc6/src -I/home/runner/work/ma3063-openwrt/ma3063-openwrt/openwrt/build_dir/target-aarch64_cortex-a53_musl/hostapd-wpad-basic-wolfssl/hostapd-2023-09-08-e5ccbfc6/src/utils -DCONFIG_ELOOP_EPOLL -DUBUS_SUPPORT -DUCODE_SUPPORT -DCONFIG_HT_OVERRIDES -DCONFIG_VHT_OVERRIDES -DCONFIG_BACKEND_FILE -DCONFIG_NO_CONFIG_WRITE -DCONFIG_OCV -DCONFIG_IEEE80211R -DCONFIG_SAE -DCONFIG_OWE -DCONFIG_WNM -DCONFIG_DRIVER_WIRED -DCONFIG_DRIVER_NL80211 -DCONFIG_MBO -DCONFIG_ACS -DCONFIG_TLS_WOLFSSL -DCONFIG_SHA256 -DCONFIG_HMAC_SHA256_KDF -DCONFIG_HMAC_SHA384_KDF -DCONFIG_HMAC_SHA512_KDF -DCONFIG_SHA384 -DCONFIG_SHA512 -DCONFIG_ECC -DCONFIG_NO_RANDOM_POOL -DCONFIG_CTRL_IFACE -DCONFIG_CTRL_IFACE_UNIX -DCONFIG_NO_LINUX_PACKET_SOCKET_WAR -DCONFIG_SME -DCONFIG_DEBUG_SYSLOG -DLOG_HOSTAPD=LOG_DAEMON ../src/utils/os_unix.c
aarch64-openwrt-linux-musl-gcc -c -o /home/runner/work/ma3063-openwrt/ma3063-openwrt/openwrt/build_dir/target-aarch64_cortex-a53_musl/hostapd-wpad-basic-wolfssl/hostapd-2023-09-08-e5ccbfc6/build/wpa_supplicant/src/utils/eloop.o -I/home/runner/work/ma3063-openwrt/ma3063-openwrt/openwrt/staging_dir/target-aarch64_cortex-a53_musl/usr/include/libnl-tiny -I/home/runner/work/ma3063-openwrt/ma3063-openwrt/openwrt/build_dir/target-aarch64_cortex-a53_musl/hostapd-wpad-basic-wolfssl/hostapd-2023-09-08-e5ccbfc6/src/crypto -I/home/runner/work/ma3063-openwrt/ma3063-openwrt/openwrt/staging_dir/toolchain-aarch64_cortex-a53_gcc-12.3.0_musl/usr/include -I/home/runner/work/ma3063-openwrt/ma3063-openwrt/openwrt/staging_dir/toolchain-aarch64_cortex-a53_gcc-12.3.0_musl/include/fortify -I/home/runner/work/ma3063-openwrt/ma3063-openwrt/openwrt/staging_dir/toolchain-aarch64_cortex-a53_gcc-12.3.0_musl/include -DCONFIG_LIBNL20 -D_GNU_SOURCE -DCONFIG_MSG_MIN_PRIORITY=3 -Os -pipe -mcpu=cortex-a53 -fno-caller-saves -fno-plt -fhonour-copts -fmacro-prefix-map=/home/runner/work/ma3063-openwrt/ma3063-openwrt/openwrt/build_dir/target-aarch64_cortex-a53_musl/hostapd-wpad-basic-wolfssl/hostapd-2023-09-08-e5ccbfc6=hostapd-2023-09-08-e5ccbfc6 -ffunction-sections -fdata-sections -flto=auto -fno-fat-lto-objects -Wformat -Werror=format-security -DPIC -fPIC -fstack-protector -D_FORTIFY_SOURCE=1 -Wl,-z,now -Wl,-z,relro -I/home/runner/work/ma3063-openwrt/ma3063-openwrt/openwrt/build_dir/target-aarch64_cortex-a53_musl/hostapd-wpad-basic-wolfssl/hostapd-2023-09-08-e5ccbfc6/src -I/home/runner/work/ma3063-openwrt/ma3063-openwrt/openwrt/build_dir/target-aarch64_cortex-a53_musl/hostapd-wpad-basic-wolfssl/hostapd-2023-09-08-e5ccbfc6/src/utils -DHOSTAPD -DCONFIG_ELOOP_EPOLL -DUBUS_SUPPORT -DUCODE_SUPPORT -DCONFIG_NO_RADIUS -DCONFIG_NO_ACCOUNTING -DCONFIG_CTRL_IFACE_UNIX -DCONFIG_CTRL_IFACE -DCONFIG_RSN_PREAUTH -DCONFIG_OCV -DCONFIG_IEEE80211R -DCONFIG_IEEE80211R_AP -DCONFIG_ETH_P_OUI -DCONFIG_SAE -DCONFIG_OWE -DCONFIG_AIRTIME_POLICY -DCONFIG_IEEE80211AC -DCONFIG_IEEE80211AX -DCONFIG_MBO -DCONFIG_DRIVER_WIRED -DCONFIG_DRIVER_NL80211 -DCONFIG_DRIVER_WIRED -DCONFIG_DRIVER_NL80211 -DEAP_SERVER_IDENTITY -DCONFIG_TLS_WOLFSSL -DCONFIG_SHA256 -DCONFIG_HMAC_SHA256_KDF -DCONFIG_HMAC_SHA384_KDF -DCONFIG_HMAC_SHA512_KDF -DCONFIG_SHA384 -DCONFIG_SHA512 -DCONFIG_ECC -DCONFIG_NO_RANDOM_POOL -DNEED_AP_MLME -DCONFIG_ACS -DCONFIG_DEBUG_SYSLOG -I/home/runner/work/ma3063-openwrt/ma3063-openwrt/openwrt/staging_dir/target-aarch64_cortex-a53_musl/usr/include/libnl-tiny -I/home/runner/work/ma3063-openwrt/ma3063-openwrt/openwrt/build_dir/target-aarch64_cortex-a53_musl/hostapd-wpad-basic-wolfssl/hostapd-2023-09-08-e5ccbfc6/src/crypto -I/home/runner/work/ma3063-openwrt/ma3063-openwrt/openwrt/staging_dir/toolchain-aarch64_cortex-a53_gcc-12.3.0_musl/usr/include -I/home/runner/work/ma3063-openwrt/ma3063-openwrt/openwrt/staging_dir/toolchain-aarch64_cortex-a53_gcc-12.3.0_musl/include/fortify -I/home/runner/work/ma3063-openwrt/ma3063-openwrt/openwrt/staging_dir/toolchain-aarch64_cortex-a53_gcc-12.3.0_musl/include -DCONFIG_LIBNL20 -D_GNU_SOURCE -DCONFIG_MSG_MIN_PRIORITY=3 -I/home/runner/work/ma3063-openwrt/ma3063-openwrt/openwrt/build_dir/target-aarch64_cortex-a53_musl/hostapd-wpad-basic-wolfssl/hostapd-2023-09-08-e5ccbfc6/src -I/home/runner/work/ma3063-openwrt/ma3063-openwrt/openwrt/build_dir/target-aarch64_cortex-a53_musl/hostapd-wpad-basic-wolfssl/hostapd-2023-09-08-e5ccbfc6/src/utils -DCONFIG_ELOOP_EPOLL -DUBUS_SUPPORT -DUCODE_SUPPORT -DCONFIG_HT_OVERRIDES -DCONFIG_VHT_OVERRIDES -DCONFIG_BACKEND_FILE -DCONFIG_NO_CONFIG_WRITE -DCONFIG_OCV -DCONFIG_IEEE80211R -DCONFIG_SAE -DCONFIG_OWE -DCONFIG_WNM -DCONFIG_DRIVER_WIRED -DCONFIG_DRIVER_NL80211 -DCONFIG_MBO -DCONFIG_ACS -DCONFIG_TLS_WOLFSSL -DCONFIG_SHA256 -DCONFIG_HMAC_SHA256_KDF -DCONFIG_HMAC_SHA384_KDF -DCONFIG_HMAC_SHA512_KDF -DCONFIG_SHA384 -DCONFIG_SHA512 -DCONFIG_ECC -DCONFIG_NO_RANDOM_POOL -DCONFIG_CTRL_IFACE -DCONFIG_CTRL_IFACE_UNIX -DCONFIG_NO_LINUX_PACKET_SOCKET_WAR -DCONFIG_SME -DCONFIG_DEBUG_SYSLOG -DLOG_HOSTAPD=LOG_DAEMON ../src/utils/eloop.c
aarch64-openwrt-linux-musl-gcc -c -o /home/runner/work/ma3063-openwrt/ma3063-openwrt/openwrt/build_dir/target-aarch64_cortex-a53_musl/hostapd-wpad-basic-wolfssl/hostapd-2023-09-08-e5ccbfc6/build/wpa_supplicant/src/utils/edit_simple.o -I/home/runner/work/ma3063-openwrt/ma3063-openwrt/openwrt/staging_dir/target-aarch64_cortex-a53_musl/usr/include/libnl-tiny -I/home/runner/work/ma3063-openwrt/ma3063-openwrt/openwrt/build_dir/target-aarch64_cortex-a53_musl/hostapd-wpad-basic-wolfssl/hostapd-2023-09-08-e5ccbfc6/src/crypto -I/home/runner/work/ma3063-openwrt/ma3063-openwrt/openwrt/staging_dir/toolchain-aarch64_cortex-a53_gcc-12.3.0_musl/usr/include -I/home/runner/work/ma3063-openwrt/ma3063-openwrt/openwrt/staging_dir/toolchain-aarch64_cortex-a53_gcc-12.3.0_musl/include/fortify -I/home/runner/work/ma3063-openwrt/ma3063-openwrt/openwrt/staging_dir/toolchain-aarch64_cortex-a53_gcc-12.3.0_musl/include -DCONFIG_LIBNL20 -D_GNU_SOURCE -DCONFIG_MSG_MIN_PRIORITY=3 -Os -pipe -mcpu=cortex-a53 -fno-caller-saves -fno-plt -fhonour-copts -fmacro-prefix-map=/home/runner/work/ma3063-openwrt/ma3063-openwrt/openwrt/build_dir/target-aarch64_cortex-a53_musl/hostapd-wpad-basic-wolfssl/hostapd-2023-09-08-e5ccbfc6=hostapd-2023-09-08-e5ccbfc6 -ffunction-sections -fdata-sections -flto=auto -fno-fat-lto-objects -Wformat -Werror=format-security -DPIC -fPIC -fstack-protector -D_FORTIFY_SOURCE=1 -Wl,-z,now -Wl,-z,relro -I/home/runner/work/ma3063-openwrt/ma3063-openwrt/openwrt/build_dir/target-aarch64_cortex-a53_musl/hostapd-wpad-basic-wolfssl/hostapd-2023-09-08-e5ccbfc6/src -I/home/runner/work/ma3063-openwrt/ma3063-openwrt/openwrt/build_dir/target-aarch64_cortex-a53_musl/hostapd-wpad-basic-wolfssl/hostapd-2023-09-08-e5ccbfc6/src/utils -DHOSTAPD -DCONFIG_ELOOP_EPOLL -DUBUS_SUPPORT -DUCODE_SUPPORT -DCONFIG_NO_RADIUS -DCONFIG_NO_ACCOUNTING -DCONFIG_CTRL_IFACE_UNIX -DCONFIG_CTRL_IFACE -DCONFIG_RSN_PREAUTH -DCONFIG_OCV -DCONFIG_IEEE80211R -DCONFIG_IEEE80211R_AP -DCONFIG_ETH_P_OUI -DCONFIG_SAE -DCONFIG_OWE -DCONFIG_AIRTIME_POLICY -DCONFIG_IEEE80211AC -DCONFIG_IEEE80211AX -DCONFIG_MBO -DCONFIG_DRIVER_WIRED -DCONFIG_DRIVER_NL80211 -DCONFIG_DRIVER_WIRED -DCONFIG_DRIVER_NL80211 -DEAP_SERVER_IDENTITY -DCONFIG_TLS_WOLFSSL -DCONFIG_SHA256 -DCONFIG_HMAC_SHA256_KDF -DCONFIG_HMAC_SHA384_KDF -DCONFIG_HMAC_SHA512_KDF -DCONFIG_SHA384 -DCONFIG_SHA512 -DCONFIG_ECC -DCONFIG_NO_RANDOM_POOL -DNEED_AP_MLME -DCONFIG_ACS -DCONFIG_DEBUG_SYSLOG -I/home/runner/work/ma3063-openwrt/ma3063-openwrt/openwrt/staging_dir/target-aarch64_cortex-a53_musl/usr/include/libnl-tiny -I/home/runner/work/ma3063-openwrt/ma3063-openwrt/openwrt/build_dir/target-aarch64_cortex-a53_musl/hostapd-wpad-basic-wolfssl/hostapd-2023-09-08-e5ccbfc6/src/crypto -I/home/runner/work/ma3063-openwrt/ma3063-openwrt/openwrt/staging_dir/toolchain-aarch64_cortex-a53_gcc-12.3.0_musl/usr/include -I/home/runner/work/ma3063-openwrt/ma3063-openwrt/openwrt/staging_dir/toolchain-aarch64_cortex-a53_gcc-12.3.0_musl/include/fortify -I/home/runner/work/ma3063-openwrt/ma3063-openwrt/openwrt/staging_dir/toolchain-aarch64_cortex-a53_gcc-12.3.0_musl/include -DCONFIG_LIBNL20 -D_GNU_SOURCE -DCONFIG_MSG_MIN_PRIORITY=3 -I/home/runner/work/ma3063-openwrt/ma3063-openwrt/openwrt/build_dir/target-aarch64_cortex-a53_musl/hostapd-wpad-basic-wolfssl/hostapd-2023-09-08-e5ccbfc6/src -I/home/runner/work/ma3063-openwrt/ma3063-openwrt/openwrt/build_dir/target-aarch64_cortex-a53_musl/hostapd-wpad-basic-wolfssl/hostapd-2023-09-08-e5ccbfc6/src/utils -DCONFIG_ELOOP_EPOLL -DUBUS_SUPPORT -DUCODE_SUPPORT -DCONFIG_HT_OVERRIDES -DCONFIG_VHT_OVERRIDES -DCONFIG_BACKEND_FILE -DCONFIG_NO_CONFIG_WRITE -DCONFIG_OCV -DCONFIG_IEEE80211R -DCONFIG_SAE -DCONFIG_OWE -DCONFIG_WNM -DCONFIG_DRIVER_WIRED -DCONFIG_DRIVER_NL80211 -DCONFIG_MBO -DCONFIG_ACS -DCONFIG_TLS_WOLFSSL -DCONFIG_SHA256 -DCONFIG_HMAC_SHA256_KDF -DCONFIG_HMAC_SHA384_KDF -DCONFIG_HMAC_SHA512_KDF -DCONFIG_SHA384 -DCONFIG_SHA512 -DCONFIG_ECC -DCONFIG_NO_RANDOM_POOL -DCONFIG_CTRL_IFACE -DCONFIG_CTRL_IFACE_UNIX -DCONFIG_NO_LINUX_PACKET_SOCKET_WAR -DCONFIG_SME -DCONFIG_DEBUG_SYSLOG -DLOG_HOSTAPD=LOG_DAEMON ../src/utils/edit_simple.c
aarch64-openwrt-linux-musl-gcc -c -o /home/runner/work/ma3063-openwrt/ma3063-openwrt/openwrt/build_dir/target-aarch64_cortex-a53_musl/hostapd-wpad-basic-wolfssl/hostapd-2023-09-08-e5ccbfc6/build/wpa_supplicant/config.o -I/home/runner/work/ma3063-openwrt/ma3063-openwrt/openwrt/staging_dir/target-aarch64_cortex-a53_musl/usr/include/libnl-tiny -I/home/runner/work/ma3063-openwrt/ma3063-openwrt/openwrt/build_dir/target-aarch64_cortex-a53_musl/hostapd-wpad-basic-wolfssl/hostapd-2023-09-08-e5ccbfc6/src/crypto -I/home/runner/work/ma3063-openwrt/ma3063-openwrt/openwrt/staging_dir/toolchain-aarch64_cortex-a53_gcc-12.3.0_musl/usr/include -I/home/runner/work/ma3063-openwrt/ma3063-openwrt/openwrt/staging_dir/toolchain-aarch64_cortex-a53_gcc-12.3.0_musl/include/fortify -I/home/runner/work/ma3063-openwrt/ma3063-openwrt/openwrt/staging_dir/toolchain-aarch64_cortex-a53_gcc-12.3.0_musl/include -DCONFIG_LIBNL20 -D_GNU_SOURCE -DCONFIG_MSG_MIN_PRIORITY=3 -Os -pipe -mcpu=cortex-a53 -fno-caller-saves -fno-plt -fhonour-copts -fmacro-prefix-map=/home/runner/work/ma3063-openwrt/ma3063-openwrt/openwrt/build_dir/target-aarch64_cortex-a53_musl/hostapd-wpad-basic-wolfssl/hostapd-2023-09-08-e5ccbfc6=hostapd-2023-09-08-e5ccbfc6 -ffunction-sections -fdata-sections -flto=auto -fno-fat-lto-objects -Wformat -Werror=format-security -DPIC -fPIC -fstack-protector -D_FORTIFY_SOURCE=1 -Wl,-z,now -Wl,-z,relro -I/home/runner/work/ma3063-openwrt/ma3063-openwrt/openwrt/build_dir/target-aarch64_cortex-a53_musl/hostapd-wpad-basic-wolfssl/hostapd-2023-09-08-e5ccbfc6/src -I/home/runner/work/ma3063-openwrt/ma3063-openwrt/openwrt/build_dir/target-aarch64_cortex-a53_musl/hostapd-wpad-basic-wolfssl/hostapd-2023-09-08-e5ccbfc6/src/utils -DHOSTAPD -DCONFIG_ELOOP_EPOLL -DUBUS_SUPPORT -DUCODE_SUPPORT -DCONFIG_NO_RADIUS -DCONFIG_NO_ACCOUNTING -DCONFIG_CTRL_IFACE_UNIX -DCONFIG_CTRL_IFACE -DCONFIG_RSN_PREAUTH -DCONFIG_OCV -DCONFIG_IEEE80211R -DCONFIG_IEEE80211R_AP -DCONFIG_ETH_P_OUI -DCONFIG_SAE -DCONFIG_OWE -DCONFIG_AIRTIME_POLICY -DCONFIG_IEEE80211AC -DCONFIG_IEEE80211AX -DCONFIG_MBO -DCONFIG_DRIVER_WIRED -DCONFIG_DRIVER_NL80211 -DCONFIG_DRIVER_WIRED -DCONFIG_DRIVER_NL80211 -DEAP_SERVER_IDENTITY -DCONFIG_TLS_WOLFSSL -DCONFIG_SHA256 -DCONFIG_HMAC_SHA256_KDF -DCONFIG_HMAC_SHA384_KDF -DCONFIG_HMAC_SHA512_KDF -DCONFIG_SHA384 -DCONFIG_SHA512 -DCONFIG_ECC -DCONFIG_NO_RANDOM_POOL -DNEED_AP_MLME -DCONFIG_ACS -DCONFIG_DEBUG_SYSLOG -I/home/runner/work/ma3063-openwrt/ma3063-openwrt/openwrt/staging_dir/target-aarch64_cortex-a53_musl/usr/include/libnl-tiny -I/home/runner/work/ma3063-openwrt/ma3063-openwrt/openwrt/build_dir/target-aarch64_cortex-a53_musl/hostapd-wpad-basic-wolfssl/hostapd-2023-09-08-e5ccbfc6/src/crypto -I/home/runner/work/ma3063-openwrt/ma3063-openwrt/openwrt/staging_dir/toolchain-aarch64_cortex-a53_gcc-12.3.0_musl/usr/include -I/home/runner/work/ma3063-openwrt/ma3063-openwrt/openwrt/staging_dir/toolchain-aarch64_cortex-a53_gcc-12.3.0_musl/include/fortify -I/home/runner/work/ma3063-openwrt/ma3063-openwrt/openwrt/staging_dir/toolchain-aarch64_cortex-a53_gcc-12.3.0_musl/include -DCONFIG_LIBNL20 -D_GNU_SOURCE -DCONFIG_MSG_MIN_PRIORITY=3 -I/home/runner/work/ma3063-openwrt/ma3063-openwrt/openwrt/build_dir/target-aarch64_cortex-a53_musl/hostapd-wpad-basic-wolfssl/hostapd-2023-09-08-e5ccbfc6/src -I/home/runner/work/ma3063-openwrt/ma3063-openwrt/openwrt/build_dir/target-aarch64_cortex-a53_musl/hostapd-wpad-basic-wolfssl/hostapd-2023-09-08-e5ccbfc6/src/utils -DCONFIG_ELOOP_EPOLL -DUBUS_SUPPORT -DUCODE_SUPPORT -DCONFIG_HT_OVERRIDES -DCONFIG_VHT_OVERRIDES -DCONFIG_BACKEND_FILE -DCONFIG_NO_CONFIG_WRITE -DCONFIG_OCV -DCONFIG_IEEE80211R -DCONFIG_SAE -DCONFIG_OWE -DCONFIG_WNM -DCONFIG_DRIVER_WIRED -DCONFIG_DRIVER_NL80211 -DCONFIG_MBO -DCONFIG_ACS -DCONFIG_TLS_WOLFSSL -DCONFIG_SHA256 -DCONFIG_HMAC_SHA256_KDF -DCONFIG_HMAC_SHA384_KDF -DCONFIG_HMAC_SHA512_KDF -DCONFIG_SHA384 -DCONFIG_SHA512 -DCONFIG_ECC -DCONFIG_NO_RANDOM_POOL -DCONFIG_CTRL_IFACE -DCONFIG_CTRL_IFACE_UNIX -DCONFIG_NO_LINUX_PACKET_SOCKET_WAR -DCONFIG_SME -DCONFIG_DEBUG_SYSLOG -DLOG_HOSTAPD=LOG_DAEMON config.c
aarch64-openwrt-linux-musl-gcc -c -o /home/runner/work/ma3063-openwrt/ma3063-openwrt/openwrt/build_dir/target-aarch64_cortex-a53_musl/hostapd-wpad-basic-wolfssl/hostapd-2023-09-08-e5ccbfc6/build/wpa_supplicant/notify.o -I/home/runner/work/ma3063-openwrt/ma3063-openwrt/openwrt/staging_dir/target-aarch64_cortex-a53_musl/usr/include/libnl-tiny -I/home/runner/work/ma3063-openwrt/ma3063-openwrt/openwrt/build_dir/target-aarch64_cortex-a53_musl/hostapd-wpad-basic-wolfssl/hostapd-2023-09-08-e5ccbfc6/src/crypto -I/home/runner/work/ma3063-openwrt/ma3063-openwrt/openwrt/staging_dir/toolchain-aarch64_cortex-a53_gcc-12.3.0_musl/usr/include -I/home/runner/work/ma3063-openwrt/ma3063-openwrt/openwrt/staging_dir/toolchain-aarch64_cortex-a53_gcc-12.3.0_musl/include/fortify -I/home/runner/work/ma3063-openwrt/ma3063-openwrt/openwrt/staging_dir/toolchain-aarch64_cortex-a53_gcc-12.3.0_musl/include -DCONFIG_LIBNL20 -D_GNU_SOURCE -DCONFIG_MSG_MIN_PRIORITY=3 -Os -pipe -mcpu=cortex-a53 -fno-caller-saves -fno-plt -fhonour-copts -fmacro-prefix-map=/home/runner/work/ma3063-openwrt/ma3063-openwrt/openwrt/build_dir/target-aarch64_cortex-a53_musl/hostapd-wpad-basic-wolfssl/hostapd-2023-09-08-e5ccbfc6=hostapd-2023-09-08-e5ccbfc6 -ffunction-sections -fdata-sections -flto=auto -fno-fat-lto-objects -Wformat -Werror=format-security -DPIC -fPIC -fstack-protector -D_FORTIFY_SOURCE=1 -Wl,-z,now -Wl,-z,relro -I/home/runner/work/ma3063-openwrt/ma3063-openwrt/openwrt/build_dir/target-aarch64_cortex-a53_musl/hostapd-wpad-basic-wolfssl/hostapd-2023-09-08-e5ccbfc6/src -I/home/runner/work/ma3063-openwrt/ma3063-openwrt/openwrt/build_dir/target-aarch64_cortex-a53_musl/hostapd-wpad-basic-wolfssl/hostapd-2023-09-08-e5ccbfc6/src/utils -DHOSTAPD -DCONFIG_ELOOP_EPOLL -DUBUS_SUPPORT -DUCODE_SUPPORT -DCONFIG_NO_RADIUS -DCONFIG_NO_ACCOUNTING -DCONFIG_CTRL_IFACE_UNIX -DCONFIG_CTRL_IFACE -DCONFIG_RSN_PREAUTH -DCONFIG_OCV -DCONFIG_IEEE80211R -DCONFIG_IEEE80211R_AP -DCONFIG_ETH_P_OUI -DCONFIG_SAE -DCONFIG_OWE -DCONFIG_AIRTIME_POLICY -DCONFIG_IEEE80211AC -DCONFIG_IEEE80211AX -DCONFIG_MBO -DCONFIG_DRIVER_WIRED -DCONFIG_DRIVER_NL80211 -DCONFIG_DRIVER_WIRED -DCONFIG_DRIVER_NL80211 -DEAP_SERVER_IDENTITY -DCONFIG_TLS_WOLFSSL -DCONFIG_SHA256 -DCONFIG_HMAC_SHA256_KDF -DCONFIG_HMAC_SHA384_KDF -DCONFIG_HMAC_SHA512_KDF -DCONFIG_SHA384 -DCONFIG_SHA512 -DCONFIG_ECC -DCONFIG_NO_RANDOM_POOL -DNEED_AP_MLME -DCONFIG_ACS -DCONFIG_DEBUG_SYSLOG -I/home/runner/work/ma3063-openwrt/ma3063-openwrt/openwrt/staging_dir/target-aarch64_cortex-a53_musl/usr/include/libnl-tiny -I/home/runner/work/ma3063-openwrt/ma3063-openwrt/openwrt/build_dir/target-aarch64_cortex-a53_musl/hostapd-wpad-basic-wolfssl/hostapd-2023-09-08-e5ccbfc6/src/crypto -I/home/runner/work/ma3063-openwrt/ma3063-openwrt/openwrt/staging_dir/toolchain-aarch64_cortex-a53_gcc-12.3.0_musl/usr/include -I/home/runner/work/ma3063-openwrt/ma3063-openwrt/openwrt/staging_dir/toolchain-aarch64_cortex-a53_gcc-12.3.0_musl/include/fortify -I/home/runner/work/ma3063-openwrt/ma3063-openwrt/openwrt/staging_dir/toolchain-aarch64_cortex-a53_gcc-12.3.0_musl/include -DCONFIG_LIBNL20 -D_GNU_SOURCE -DCONFIG_MSG_MIN_PRIORITY=3 -I/home/runner/work/ma3063-openwrt/ma3063-openwrt/openwrt/build_dir/target-aarch64_cortex-a53_musl/hostapd-wpad-basic-wolfssl/hostapd-2023-09-08-e5ccbfc6/src -I/home/runner/work/ma3063-openwrt/ma3063-openwrt/openwrt/build_dir/target-aarch64_cortex-a53_musl/hostapd-wpad-basic-wolfssl/hostapd-2023-09-08-e5ccbfc6/src/utils -DCONFIG_ELOOP_EPOLL -DUBUS_SUPPORT -DUCODE_SUPPORT -DCONFIG_HT_OVERRIDES -DCONFIG_VHT_OVERRIDES -DCONFIG_BACKEND_FILE -DCONFIG_NO_CONFIG_WRITE -DCONFIG_OCV -DCONFIG_IEEE80211R -DCONFIG_SAE -DCONFIG_OWE -DCONFIG_WNM -DCONFIG_DRIVER_WIRED -DCONFIG_DRIVER_NL80211 -DCONFIG_MBO -DCONFIG_ACS -DCONFIG_TLS_WOLFSSL -DCONFIG_SHA256 -DCONFIG_HMAC_SHA256_KDF -DCONFIG_HMAC_SHA384_KDF -DCONFIG_HMAC_SHA512_KDF -DCONFIG_SHA384 -DCONFIG_SHA512 -DCONFIG_ECC -DCONFIG_NO_RANDOM_POOL -DCONFIG_CTRL_IFACE -DCONFIG_CTRL_IFACE_UNIX -DCONFIG_NO_LINUX_PACKET_SOCKET_WAR -DCONFIG_SME -DCONFIG_DEBUG_SYSLOG -DLOG_HOSTAPD=LOG_DAEMON notify.c
aarch64-openwrt-linux-musl-gcc -c -o /home/runner/work/ma3063-openwrt/ma3063-openwrt/openwrt/build_dir/target-aarch64_cortex-a53_musl/hostapd-wpad-basic-wolfssl/hostapd-2023-09-08-e5ccbfc6/build/wpa_supplicant/bss.o -I/home/runner/work/ma3063-openwrt/ma3063-openwrt/openwrt/staging_dir/target-aarch64_cortex-a53_musl/usr/include/libnl-tiny -I/home/runner/work/ma3063-openwrt/ma3063-openwrt/openwrt/build_dir/target-aarch64_cortex-a53_musl/hostapd-wpad-basic-wolfssl/hostapd-2023-09-08-e5ccbfc6/src/crypto -I/home/runner/work/ma3063-openwrt/ma3063-openwrt/openwrt/staging_dir/toolchain-aarch64_cortex-a53_gcc-12.3.0_musl/usr/include -I/home/runner/work/ma3063-openwrt/ma3063-openwrt/openwrt/staging_dir/toolchain-aarch64_cortex-a53_gcc-12.3.0_musl/include/fortify -I/home/runner/work/ma3063-openwrt/ma3063-openwrt/openwrt/staging_dir/toolchain-aarch64_cortex-a53_gcc-12.3.0_musl/include -DCONFIG_LIBNL20 -D_GNU_SOURCE -DCONFIG_MSG_MIN_PRIORITY=3 -Os -pipe -mcpu=cortex-a53 -fno-caller-saves -fno-plt -fhonour-copts -fmacro-prefix-map=/home/runner/work/ma3063-openwrt/ma3063-openwrt/openwrt/build_dir/target-aarch64_cortex-a53_musl/hostapd-wpad-basic-wolfssl/hostapd-2023-09-08-e5ccbfc6=hostapd-2023-09-08-e5ccbfc6 -ffunction-sections -fdata-sections -flto=auto -fno-fat-lto-objects -Wformat -Werror=format-security -DPIC -fPIC -fstack-protector -D_FORTIFY_SOURCE=1 -Wl,-z,now -Wl,-z,relro -I/home/runner/work/ma3063-openwrt/ma3063-openwrt/openwrt/build_dir/target-aarch64_cortex-a53_musl/hostapd-wpad-basic-wolfssl/hostapd-2023-09-08-e5ccbfc6/src -I/home/runner/work/ma3063-openwrt/ma3063-openwrt/openwrt/build_dir/target-aarch64_cortex-a53_musl/hostapd-wpad-basic-wolfssl/hostapd-2023-09-08-e5ccbfc6/src/utils -DHOSTAPD -DCONFIG_ELOOP_EPOLL -DUBUS_SUPPORT -DUCODE_SUPPORT -DCONFIG_NO_RADIUS -DCONFIG_NO_ACCOUNTING -DCONFIG_CTRL_IFACE_UNIX -DCONFIG_CTRL_IFACE -DCONFIG_RSN_PREAUTH -DCONFIG_OCV -DCONFIG_IEEE80211R -DCONFIG_IEEE80211R_AP -DCONFIG_ETH_P_OUI -DCONFIG_SAE -DCONFIG_OWE -DCONFIG_AIRTIME_POLICY -DCONFIG_IEEE80211AC -DCONFIG_IEEE80211AX -DCONFIG_MBO -DCONFIG_DRIVER_WIRED -DCONFIG_DRIVER_NL80211 -DCONFIG_DRIVER_WIRED -DCONFIG_DRIVER_NL80211 -DEAP_SERVER_IDENTITY -DCONFIG_TLS_WOLFSSL -DCONFIG_SHA256 -DCONFIG_HMAC_SHA256_KDF -DCONFIG_HMAC_SHA384_KDF -DCONFIG_HMAC_SHA512_KDF -DCONFIG_SHA384 -DCONFIG_SHA512 -DCONFIG_ECC -DCONFIG_NO_RANDOM_POOL -DNEED_AP_MLME -DCONFIG_ACS -DCONFIG_DEBUG_SYSLOG -I/home/runner/work/ma3063-openwrt/ma3063-openwrt/openwrt/staging_dir/target-aarch64_cortex-a53_musl/usr/include/libnl-tiny -I/home/runner/work/ma3063-openwrt/ma3063-openwrt/openwrt/build_dir/target-aarch64_cortex-a53_musl/hostapd-wpad-basic-wolfssl/hostapd-2023-09-08-e5ccbfc6/src/crypto -I/home/runner/work/ma3063-openwrt/ma3063-openwrt/openwrt/staging_dir/toolchain-aarch64_cortex-a53_gcc-12.3.0_musl/usr/include -I/home/runner/work/ma3063-openwrt/ma3063-openwrt/openwrt/staging_dir/toolchain-aarch64_cortex-a53_gcc-12.3.0_musl/include/fortify -I/home/runner/work/ma3063-openwrt/ma3063-openwrt/openwrt/staging_dir/toolchain-aarch64_cortex-a53_gcc-12.3.0_musl/include -DCONFIG_LIBNL20 -D_GNU_SOURCE -DCONFIG_MSG_MIN_PRIORITY=3 -I/home/runner/work/ma3063-openwrt/ma3063-openwrt/openwrt/build_dir/target-aarch64_cortex-a53_musl/hostapd-wpad-basic-wolfssl/hostapd-2023-09-08-e5ccbfc6/src -I/home/runner/work/ma3063-openwrt/ma3063-openwrt/openwrt/build_dir/target-aarch64_cortex-a53_musl/hostapd-wpad-basic-wolfssl/hostapd-2023-09-08-e5ccbfc6/src/utils -DCONFIG_ELOOP_EPOLL -DUBUS_SUPPORT -DUCODE_SUPPORT -DCONFIG_HT_OVERRIDES -DCONFIG_VHT_OVERRIDES -DCONFIG_BACKEND_FILE -DCONFIG_NO_CONFIG_WRITE -DCONFIG_OCV -DCONFIG_IEEE80211R -DCONFIG_SAE -DCONFIG_OWE -DCONFIG_WNM -DCONFIG_DRIVER_WIRED -DCONFIG_DRIVER_NL80211 -DCONFIG_MBO -DCONFIG_ACS -DCONFIG_TLS_WOLFSSL -DCONFIG_SHA256 -DCONFIG_HMAC_SHA256_KDF -DCONFIG_HMAC_SHA384_KDF -DCONFIG_HMAC_SHA512_KDF -DCONFIG_SHA384 -DCONFIG_SHA512 -DCONFIG_ECC -DCONFIG_NO_RANDOM_POOL -DCONFIG_CTRL_IFACE -DCONFIG_CTRL_IFACE_UNIX -DCONFIG_NO_LINUX_PACKET_SOCKET_WAR -DCONFIG_SME -DCONFIG_DEBUG_SYSLOG -DLOG_HOSTAPD=LOG_DAEMON bss.c
aarch64-openwrt-linux-musl-gcc -c -o /home/runner/work/ma3063-openwrt/ma3063-openwrt/openwrt/build_dir/target-aarch64_cortex-a53_musl/hostapd-wpad-basic-wolfssl/hostapd-2023-09-08-e5ccbfc6/build/wpa_supplicant/eap_register.o -I/home/runner/work/ma3063-openwrt/ma3063-openwrt/openwrt/staging_dir/target-aarch64_cortex-a53_musl/usr/include/libnl-tiny -I/home/runner/work/ma3063-openwrt/ma3063-openwrt/openwrt/build_dir/target-aarch64_cortex-a53_musl/hostapd-wpad-basic-wolfssl/hostapd-2023-09-08-e5ccbfc6/src/crypto -I/home/runner/work/ma3063-openwrt/ma3063-openwrt/openwrt/staging_dir/toolchain-aarch64_cortex-a53_gcc-12.3.0_musl/usr/include -I/home/runner/work/ma3063-openwrt/ma3063-openwrt/openwrt/staging_dir/toolchain-aarch64_cortex-a53_gcc-12.3.0_musl/include/fortify -I/home/runner/work/ma3063-openwrt/ma3063-openwrt/openwrt/staging_dir/toolchain-aarch64_cortex-a53_gcc-12.3.0_musl/include -DCONFIG_LIBNL20 -D_GNU_SOURCE -DCONFIG_MSG_MIN_PRIORITY=3 -Os -pipe -mcpu=cortex-a53 -fno-caller-saves -fno-plt -fhonour-copts -fmacro-prefix-map=/home/runner/work/ma3063-openwrt/ma3063-openwrt/openwrt/build_dir/target-aarch64_cortex-a53_musl/hostapd-wpad-basic-wolfssl/hostapd-2023-09-08-e5ccbfc6=hostapd-2023-09-08-e5ccbfc6 -ffunction-sections -fdata-sections -flto=auto -fno-fat-lto-objects -Wformat -Werror=format-security -DPIC -fPIC -fstack-protector -D_FORTIFY_SOURCE=1 -Wl,-z,now -Wl,-z,relro -I/home/runner/work/ma3063-openwrt/ma3063-openwrt/openwrt/build_dir/target-aarch64_cortex-a53_musl/hostapd-wpad-basic-wolfssl/hostapd-2023-09-08-e5ccbfc6/src -I/home/runner/work/ma3063-openwrt/ma3063-openwrt/openwrt/build_dir/target-aarch64_cortex-a53_musl/hostapd-wpad-basic-wolfssl/hostapd-2023-09-08-e5ccbfc6/src/utils -DHOSTAPD -DCONFIG_ELOOP_EPOLL -DUBUS_SUPPORT -DUCODE_SUPPORT -DCONFIG_NO_RADIUS -DCONFIG_NO_ACCOUNTING -DCONFIG_CTRL_IFACE_UNIX -DCONFIG_CTRL_IFACE -DCONFIG_RSN_PREAUTH -DCONFIG_OCV -DCONFIG_IEEE80211R -DCONFIG_IEEE80211R_AP -DCONFIG_ETH_P_OUI -DCONFIG_SAE -DCONFIG_OWE -DCONFIG_AIRTIME_POLICY -DCONFIG_IEEE80211AC -DCONFIG_IEEE80211AX -DCONFIG_MBO -DCONFIG_DRIVER_WIRED -DCONFIG_DRIVER_NL80211 -DCONFIG_DRIVER_WIRED -DCONFIG_DRIVER_NL80211 -DEAP_SERVER_IDENTITY -DCONFIG_TLS_WOLFSSL -DCONFIG_SHA256 -DCONFIG_HMAC_SHA256_KDF -DCONFIG_HMAC_SHA384_KDF -DCONFIG_HMAC_SHA512_KDF -DCONFIG_SHA384 -DCONFIG_SHA512 -DCONFIG_ECC -DCONFIG_NO_RANDOM_POOL -DNEED_AP_MLME -DCONFIG_ACS -DCONFIG_DEBUG_SYSLOG -I/home/runner/work/ma3063-openwrt/ma3063-openwrt/openwrt/staging_dir/target-aarch64_cortex-a53_musl/usr/include/libnl-tiny -I/home/runner/work/ma3063-openwrt/ma3063-openwrt/openwrt/build_dir/target-aarch64_cortex-a53_musl/hostapd-wpad-basic-wolfssl/hostapd-2023-09-08-e5ccbfc6/src/crypto -I/home/runner/work/ma3063-openwrt/ma3063-openwrt/openwrt/staging_dir/toolchain-aarch64_cortex-a53_gcc-12.3.0_musl/usr/include -I/home/runner/work/ma3063-openwrt/ma3063-openwrt/openwrt/staging_dir/toolchain-aarch64_cortex-a53_gcc-12.3.0_musl/include/fortify -I/home/runner/work/ma3063-openwrt/ma3063-openwrt/openwrt/staging_dir/toolchain-aarch64_cortex-a53_gcc-12.3.0_musl/include -DCONFIG_LIBNL20 -D_GNU_SOURCE -DCONFIG_MSG_MIN_PRIORITY=3 -I/home/runner/work/ma3063-openwrt/ma3063-openwrt/openwrt/build_dir/target-aarch64_cortex-a53_musl/hostapd-wpad-basic-wolfssl/hostapd-2023-09-08-e5ccbfc6/src -I/home/runner/work/ma3063-openwrt/ma3063-openwrt/openwrt/build_dir/target-aarch64_cortex-a53_musl/hostapd-wpad-basic-wolfssl/hostapd-2023-09-08-e5ccbfc6/src/utils -DCONFIG_ELOOP_EPOLL -DUBUS_SUPPORT -DUCODE_SUPPORT -DCONFIG_HT_OVERRIDES -DCONFIG_VHT_OVERRIDES -DCONFIG_BACKEND_FILE -DCONFIG_NO_CONFIG_WRITE -DCONFIG_OCV -DCONFIG_IEEE80211R -DCONFIG_SAE -DCONFIG_OWE -DCONFIG_WNM -DCONFIG_DRIVER_WIRED -DCONFIG_DRIVER_NL80211 -DCONFIG_MBO -DCONFIG_ACS -DCONFIG_TLS_WOLFSSL -DCONFIG_SHA256 -DCONFIG_HMAC_SHA256_KDF -DCONFIG_HMAC_SHA384_KDF -DCONFIG_HMAC_SHA512_KDF -DCONFIG_SHA384 -DCONFIG_SHA512 -DCONFIG_ECC -DCONFIG_NO_RANDOM_POOL -DCONFIG_CTRL_IFACE -DCONFIG_CTRL_IFACE_UNIX -DCONFIG_NO_LINUX_PACKET_SOCKET_WAR -DCONFIG_SME -DCONFIG_DEBUG_SYSLOG -DLOG_HOSTAPD=LOG_DAEMON eap_register.c
aarch64-openwrt-linux-musl-gcc -c -o /home/runner/work/ma3063-openwrt/ma3063-openwrt/openwrt/build_dir/target-aarch64_cortex-a53_musl/hostapd-wpad-basic-wolfssl/hostapd-2023-09-08-e5ccbfc6/build/wpa_supplicant/src/utils/config.o -I/home/runner/work/ma3063-openwrt/ma3063-openwrt/openwrt/staging_dir/target-aarch64_cortex-a53_musl/usr/include/libnl-tiny -I/home/runner/work/ma3063-openwrt/ma3063-openwrt/openwrt/build_dir/target-aarch64_cortex-a53_musl/hostapd-wpad-basic-wolfssl/hostapd-2023-09-08-e5ccbfc6/src/crypto -I/home/runner/work/ma3063-openwrt/ma3063-openwrt/openwrt/staging_dir/toolchain-aarch64_cortex-a53_gcc-12.3.0_musl/usr/include -I/home/runner/work/ma3063-openwrt/ma3063-openwrt/openwrt/staging_dir/toolchain-aarch64_cortex-a53_gcc-12.3.0_musl/include/fortify -I/home/runner/work/ma3063-openwrt/ma3063-openwrt/openwrt/staging_dir/toolchain-aarch64_cortex-a53_gcc-12.3.0_musl/include -DCONFIG_LIBNL20 -D_GNU_SOURCE -DCONFIG_MSG_MIN_PRIORITY=3 -Os -pipe -mcpu=cortex-a53 -fno-caller-saves -fno-plt -fhonour-copts -fmacro-prefix-map=/home/runner/work/ma3063-openwrt/ma3063-openwrt/openwrt/build_dir/target-aarch64_cortex-a53_musl/hostapd-wpad-basic-wolfssl/hostapd-2023-09-08-e5ccbfc6=hostapd-2023-09-08-e5ccbfc6 -ffunction-sections -fdata-sections -flto=auto -fno-fat-lto-objects -Wformat -Werror=format-security -DPIC -fPIC -fstack-protector -D_FORTIFY_SOURCE=1 -Wl,-z,now -Wl,-z,relro -I/home/runner/work/ma3063-openwrt/ma3063-openwrt/openwrt/build_dir/target-aarch64_cortex-a53_musl/hostapd-wpad-basic-wolfssl/hostapd-2023-09-08-e5ccbfc6/src -I/home/runner/work/ma3063-openwrt/ma3063-openwrt/openwrt/build_dir/target-aarch64_cortex-a53_musl/hostapd-wpad-basic-wolfssl/hostapd-2023-09-08-e5ccbfc6/src/utils -DHOSTAPD -DCONFIG_ELOOP_EPOLL -DUBUS_SUPPORT -DUCODE_SUPPORT -DCONFIG_NO_RADIUS -DCONFIG_NO_ACCOUNTING -DCONFIG_CTRL_IFACE_UNIX -DCONFIG_CTRL_IFACE -DCONFIG_RSN_PREAUTH -DCONFIG_OCV -DCONFIG_IEEE80211R -DCONFIG_IEEE80211R_AP -DCONFIG_ETH_P_OUI -DCONFIG_SAE -DCONFIG_OWE -DCONFIG_AIRTIME_POLICY -DCONFIG_IEEE80211AC -DCONFIG_IEEE80211AX -DCONFIG_MBO -DCONFIG_DRIVER_WIRED -DCONFIG_DRIVER_NL80211 -DCONFIG_DRIVER_WIRED -DCONFIG_DRIVER_NL80211 -DEAP_SERVER_IDENTITY -DCONFIG_TLS_WOLFSSL -DCONFIG_SHA256 -DCONFIG_HMAC_SHA256_KDF -DCONFIG_HMAC_SHA384_KDF -DCONFIG_HMAC_SHA512_KDF -DCONFIG_SHA384 -DCONFIG_SHA512 -DCONFIG_ECC -DCONFIG_NO_RANDOM_POOL -DNEED_AP_MLME -DCONFIG_ACS -DCONFIG_DEBUG_SYSLOG -I/home/runner/work/ma3063-openwrt/ma3063-openwrt/openwrt/staging_dir/target-aarch64_cortex-a53_musl/usr/include/libnl-tiny -I/home/runner/work/ma3063-openwrt/ma3063-openwrt/openwrt/build_dir/target-aarch64_cortex-a53_musl/hostapd-wpad-basic-wolfssl/hostapd-2023-09-08-e5ccbfc6/src/crypto -I/home/runner/work/ma3063-openwrt/ma3063-openwrt/openwrt/staging_dir/toolchain-aarch64_cortex-a53_gcc-12.3.0_musl/usr/include -I/home/runner/work/ma3063-openwrt/ma3063-openwrt/openwrt/staging_dir/toolchain-aarch64_cortex-a53_gcc-12.3.0_musl/include/fortify -I/home/runner/work/ma3063-openwrt/ma3063-openwrt/openwrt/staging_dir/toolchain-aarch64_cortex-a53_gcc-12.3.0_musl/include -DCONFIG_LIBNL20 -D_GNU_SOURCE -DCONFIG_MSG_MIN_PRIORITY=3 -I/home/runner/work/ma3063-openwrt/ma3063-openwrt/openwrt/build_dir/target-aarch64_cortex-a53_musl/hostapd-wpad-basic-wolfssl/hostapd-2023-09-08-e5ccbfc6/src -I/home/runner/work/ma3063-openwrt/ma3063-openwrt/openwrt/build_dir/target-aarch64_cortex-a53_musl/hostapd-wpad-basic-wolfssl/hostapd-2023-09-08-e5ccbfc6/src/utils -DCONFIG_ELOOP_EPOLL -DUBUS_SUPPORT -DUCODE_SUPPORT -DCONFIG_HT_OVERRIDES -DCONFIG_VHT_OVERRIDES -DCONFIG_BACKEND_FILE -DCONFIG_NO_CONFIG_WRITE -DCONFIG_OCV -DCONFIG_IEEE80211R -DCONFIG_SAE -DCONFIG_OWE -DCONFIG_WNM -DCONFIG_DRIVER_WIRED -DCONFIG_DRIVER_NL80211 -DCONFIG_MBO -DCONFIG_ACS -DCONFIG_TLS_WOLFSSL -DCONFIG_SHA256 -DCONFIG_HMAC_SHA256_KDF -DCONFIG_HMAC_SHA384_KDF -DCONFIG_HMAC_SHA512_KDF -DCONFIG_SHA384 -DCONFIG_SHA512 -DCONFIG_ECC -DCONFIG_NO_RANDOM_POOL -DCONFIG_CTRL_IFACE -DCONFIG_CTRL_IFACE_UNIX -DCONFIG_NO_LINUX_PACKET_SOCKET_WAR -DCONFIG_SME -DCONFIG_DEBUG_SYSLOG -DLOG_HOSTAPD=LOG_DAEMON ../src/utils/config.c
aarch64-openwrt-linux-musl-gcc -c -o /home/runner/work/ma3063-openwrt/ma3063-openwrt/openwrt/build_dir/target-aarch64_cortex-a53_musl/hostapd-wpad-basic-wolfssl/hostapd-2023-09-08-e5ccbfc6/build/wpa_supplicant/src/utils/wpabuf.o -I/home/runner/work/ma3063-openwrt/ma3063-openwrt/openwrt/staging_dir/target-aarch64_cortex-a53_musl/usr/include/libnl-tiny -I/home/runner/work/ma3063-openwrt/ma3063-openwrt/openwrt/build_dir/target-aarch64_cortex-a53_musl/hostapd-wpad-basic-wolfssl/hostapd-2023-09-08-e5ccbfc6/src/crypto -I/home/runner/work/ma3063-openwrt/ma3063-openwrt/openwrt/staging_dir/toolchain-aarch64_cortex-a53_gcc-12.3.0_musl/usr/include -I/home/runner/work/ma3063-openwrt/ma3063-openwrt/openwrt/staging_dir/toolchain-aarch64_cortex-a53_gcc-12.3.0_musl/include/fortify -I/home/runner/work/ma3063-openwrt/ma3063-openwrt/openwrt/staging_dir/toolchain-aarch64_cortex-a53_gcc-12.3.0_musl/include -DCONFIG_LIBNL20 -D_GNU_SOURCE -DCONFIG_MSG_MIN_PRIORITY=3 -Os -pipe -mcpu=cortex-a53 -fno-caller-saves -fno-plt -fhonour-copts -fmacro-prefix-map=/home/runner/work/ma3063-openwrt/ma3063-openwrt/openwrt/build_dir/target-aarch64_cortex-a53_musl/hostapd-wpad-basic-wolfssl/hostapd-2023-09-08-e5ccbfc6=hostapd-2023-09-08-e5ccbfc6 -ffunction-sections -fdata-sections -flto=auto -fno-fat-lto-objects -Wformat -Werror=format-security -DPIC -fPIC -fstack-protector -D_FORTIFY_SOURCE=1 -Wl,-z,now -Wl,-z,relro -I/home/runner/work/ma3063-openwrt/ma3063-openwrt/openwrt/build_dir/target-aarch64_cortex-a53_musl/hostapd-wpad-basic-wolfssl/hostapd-2023-09-08-e5ccbfc6/src -I/home/runner/work/ma3063-openwrt/ma3063-openwrt/openwrt/build_dir/target-aarch64_cortex-a53_musl/hostapd-wpad-basic-wolfssl/hostapd-2023-09-08-e5ccbfc6/src/utils -DHOSTAPD -DCONFIG_ELOOP_EPOLL -DUBUS_SUPPORT -DUCODE_SUPPORT -DCONFIG_NO_RADIUS -DCONFIG_NO_ACCOUNTING -DCONFIG_CTRL_IFACE_UNIX -DCONFIG_CTRL_IFACE -DCONFIG_RSN_PREAUTH -DCONFIG_OCV -DCONFIG_IEEE80211R -DCONFIG_IEEE80211R_AP -DCONFIG_ETH_P_OUI -DCONFIG_SAE -DCONFIG_OWE -DCONFIG_AIRTIME_POLICY -DCONFIG_IEEE80211AC -DCONFIG_IEEE80211AX -DCONFIG_MBO -DCONFIG_DRIVER_WIRED -DCONFIG_DRIVER_NL80211 -DCONFIG_DRIVER_WIRED -DCONFIG_DRIVER_NL80211 -DEAP_SERVER_IDENTITY -DCONFIG_TLS_WOLFSSL -DCONFIG_SHA256 -DCONFIG_HMAC_SHA256_KDF -DCONFIG_HMAC_SHA384_KDF -DCONFIG_HMAC_SHA512_KDF -DCONFIG_SHA384 -DCONFIG_SHA512 -DCONFIG_ECC -DCONFIG_NO_RANDOM_POOL -DNEED_AP_MLME -DCONFIG_ACS -DCONFIG_DEBUG_SYSLOG -I/home/runner/work/ma3063-openwrt/ma3063-openwrt/openwrt/staging_dir/target-aarch64_cortex-a53_musl/usr/include/libnl-tiny -I/home/runner/work/ma3063-openwrt/ma3063-openwrt/openwrt/build_dir/target-aarch64_cortex-a53_musl/hostapd-wpad-basic-wolfssl/hostapd-2023-09-08-e5ccbfc6/src/crypto -I/home/runner/work/ma3063-openwrt/ma3063-openwrt/openwrt/staging_dir/toolchain-aarch64_cortex-a53_gcc-12.3.0_musl/usr/include -I/home/runner/work/ma3063-openwrt/ma3063-openwrt/openwrt/staging_dir/toolchain-aarch64_cortex-a53_gcc-12.3.0_musl/include/fortify -I/home/runner/work/ma3063-openwrt/ma3063-openwrt/openwrt/staging_dir/toolchain-aarch64_cortex-a53_gcc-12.3.0_musl/include -DCONFIG_LIBNL20 -D_GNU_SOURCE -DCONFIG_MSG_MIN_PRIORITY=3 -I/home/runner/work/ma3063-openwrt/ma3063-openwrt/openwrt/build_dir/target-aarch64_cortex-a53_musl/hostapd-wpad-basic-wolfssl/hostapd-2023-09-08-e5ccbfc6/src -I/home/runner/work/ma3063-openwrt/ma3063-openwrt/openwrt/build_dir/target-aarch64_cortex-a53_musl/hostapd-wpad-basic-wolfssl/hostapd-2023-09-08-e5ccbfc6/src/utils -DCONFIG_ELOOP_EPOLL -DUBUS_SUPPORT -DUCODE_SUPPORT -DCONFIG_HT_OVERRIDES -DCONFIG_VHT_OVERRIDES -DCONFIG_BACKEND_FILE -DCONFIG_NO_CONFIG_WRITE -DCONFIG_OCV -DCONFIG_IEEE80211R -DCONFIG_SAE -DCONFIG_OWE -DCONFIG_WNM -DCONFIG_DRIVER_WIRED -DCONFIG_DRIVER_NL80211 -DCONFIG_MBO -DCONFIG_ACS -DCONFIG_TLS_WOLFSSL -DCONFIG_SHA256 -DCONFIG_HMAC_SHA256_KDF -DCONFIG_HMAC_SHA384_KDF -DCONFIG_HMAC_SHA512_KDF -DCONFIG_SHA384 -DCONFIG_SHA512 -DCONFIG_ECC -DCONFIG_NO_RANDOM_POOL -DCONFIG_CTRL_IFACE -DCONFIG_CTRL_IFACE_UNIX -DCONFIG_NO_LINUX_PACKET_SOCKET_WAR -DCONFIG_SME -DCONFIG_DEBUG_SYSLOG -DLOG_HOSTAPD=LOG_DAEMON ../src/utils/wpabuf.c
aarch64-openwrt-linux-musl-gcc -c -o /home/runner/work/ma3063-openwrt/ma3063-openwrt/openwrt/build_dir/target-aarch64_cortex-a53_musl/hostapd-wpad-basic-wolfssl/hostapd-2023-09-08-e5ccbfc6/build/wpa_supplicant/src/utils/bitfield.o -I/home/runner/work/ma3063-openwrt/ma3063-openwrt/openwrt/staging_dir/target-aarch64_cortex-a53_musl/usr/include/libnl-tiny -I/home/runner/work/ma3063-openwrt/ma3063-openwrt/openwrt/build_dir/target-aarch64_cortex-a53_musl/hostapd-wpad-basic-wolfssl/hostapd-2023-09-08-e5ccbfc6/src/crypto -I/home/runner/work/ma3063-openwrt/ma3063-openwrt/openwrt/staging_dir/toolchain-aarch64_cortex-a53_gcc-12.3.0_musl/usr/include -I/home/runner/work/ma3063-openwrt/ma3063-openwrt/openwrt/staging_dir/toolchain-aarch64_cortex-a53_gcc-12.3.0_musl/include/fortify -I/home/runner/work/ma3063-openwrt/ma3063-openwrt/openwrt/staging_dir/toolchain-aarch64_cortex-a53_gcc-12.3.0_musl/include -DCONFIG_LIBNL20 -D_GNU_SOURCE -DCONFIG_MSG_MIN_PRIORITY=3 -Os -pipe -mcpu=cortex-a53 -fno-caller-saves -fno-plt -fhonour-copts -fmacro-prefix-map=/home/runner/work/ma3063-openwrt/ma3063-openwrt/openwrt/build_dir/target-aarch64_cortex-a53_musl/hostapd-wpad-basic-wolfssl/hostapd-2023-09-08-e5ccbfc6=hostapd-2023-09-08-e5ccbfc6 -ffunction-sections -fdata-sections -flto=auto -fno-fat-lto-objects -Wformat -Werror=format-security -DPIC -fPIC -fstack-protector -D_FORTIFY_SOURCE=1 -Wl,-z,now -Wl,-z,relro -I/home/runner/work/ma3063-openwrt/ma3063-openwrt/openwrt/build_dir/target-aarch64_cortex-a53_musl/hostapd-wpad-basic-wolfssl/hostapd-2023-09-08-e5ccbfc6/src -I/home/runner/work/ma3063-openwrt/ma3063-openwrt/openwrt/build_dir/target-aarch64_cortex-a53_musl/hostapd-wpad-basic-wolfssl/hostapd-2023-09-08-e5ccbfc6/src/utils -DHOSTAPD -DCONFIG_ELOOP_EPOLL -DUBUS_SUPPORT -DUCODE_SUPPORT -DCONFIG_NO_RADIUS -DCONFIG_NO_ACCOUNTING -DCONFIG_CTRL_IFACE_UNIX -DCONFIG_CTRL_IFACE -DCONFIG_RSN_PREAUTH -DCONFIG_OCV -DCONFIG_IEEE80211R -DCONFIG_IEEE80211R_AP -DCONFIG_ETH_P_OUI -DCONFIG_SAE -DCONFIG_OWE -DCONFIG_AIRTIME_POLICY -DCONFIG_IEEE80211AC -DCONFIG_IEEE80211AX -DCONFIG_MBO -DCONFIG_DRIVER_WIRED -DCONFIG_DRIVER_NL80211 -DCONFIG_DRIVER_WIRED -DCONFIG_DRIVER_NL80211 -DEAP_SERVER_IDENTITY -DCONFIG_TLS_WOLFSSL -DCONFIG_SHA256 -DCONFIG_HMAC_SHA256_KDF -DCONFIG_HMAC_SHA384_KDF -DCONFIG_HMAC_SHA512_KDF -DCONFIG_SHA384 -DCONFIG_SHA512 -DCONFIG_ECC -DCONFIG_NO_RANDOM_POOL -DNEED_AP_MLME -DCONFIG_ACS -DCONFIG_DEBUG_SYSLOG -I/home/runner/work/ma3063-openwrt/ma3063-openwrt/openwrt/staging_dir/target-aarch64_cortex-a53_musl/usr/include/libnl-tiny -I/home/runner/work/ma3063-openwrt/ma3063-openwrt/openwrt/build_dir/target-aarch64_cortex-a53_musl/hostapd-wpad-basic-wolfssl/hostapd-2023-09-08-e5ccbfc6/src/crypto -I/home/runner/work/ma3063-openwrt/ma3063-openwrt/openwrt/staging_dir/toolchain-aarch64_cortex-a53_gcc-12.3.0_musl/usr/include -I/home/runner/work/ma3063-openwrt/ma3063-openwrt/openwrt/staging_dir/toolchain-aarch64_cortex-a53_gcc-12.3.0_musl/include/fortify -I/home/runner/work/ma3063-openwrt/ma3063-openwrt/openwrt/staging_dir/toolchain-aarch64_cortex-a53_gcc-12.3.0_musl/include -DCONFIG_LIBNL20 -D_GNU_SOURCE -DCONFIG_MSG_MIN_PRIORITY=3 -I/home/runner/work/ma3063-openwrt/ma3063-openwrt/openwrt/build_dir/target-aarch64_cortex-a53_musl/hostapd-wpad-basic-wolfssl/hostapd-2023-09-08-e5ccbfc6/src -I/home/runner/work/ma3063-openwrt/ma3063-openwrt/openwrt/build_dir/target-aarch64_cortex-a53_musl/hostapd-wpad-basic-wolfssl/hostapd-2023-09-08-e5ccbfc6/src/utils -DCONFIG_ELOOP_EPOLL -DUBUS_SUPPORT -DUCODE_SUPPORT -DCONFIG_HT_OVERRIDES -DCONFIG_VHT_OVERRIDES -DCONFIG_BACKEND_FILE -DCONFIG_NO_CONFIG_WRITE -DCONFIG_OCV -DCONFIG_IEEE80211R -DCONFIG_SAE -DCONFIG_OWE -DCONFIG_WNM -DCONFIG_DRIVER_WIRED -DCONFIG_DRIVER_NL80211 -DCONFIG_MBO -DCONFIG_ACS -DCONFIG_TLS_WOLFSSL -DCONFIG_SHA256 -DCONFIG_HMAC_SHA256_KDF -DCONFIG_HMAC_SHA384_KDF -DCONFIG_HMAC_SHA512_KDF -DCONFIG_SHA384 -DCONFIG_SHA512 -DCONFIG_ECC -DCONFIG_NO_RANDOM_POOL -DCONFIG_CTRL_IFACE -DCONFIG_CTRL_IFACE_UNIX -DCONFIG_NO_LINUX_PACKET_SOCKET_WAR -DCONFIG_SME -DCONFIG_DEBUG_SYSLOG -DLOG_HOSTAPD=LOG_DAEMON ../src/utils/bitfield.c
aarch64-openwrt-linux-musl-gcc -c -o /home/runner/work/ma3063-openwrt/ma3063-openwrt/openwrt/build_dir/target-aarch64_cortex-a53_musl/hostapd-wpad-basic-wolfssl/hostapd-2023-09-08-e5ccbfc6/build/wpa_supplicant/src/utils/ip_addr.o -I/home/runner/work/ma3063-openwrt/ma3063-openwrt/openwrt/staging_dir/target-aarch64_cortex-a53_musl/usr/include/libnl-tiny -I/home/runner/work/ma3063-openwrt/ma3063-openwrt/openwrt/build_dir/target-aarch64_cortex-a53_musl/hostapd-wpad-basic-wolfssl/hostapd-2023-09-08-e5ccbfc6/src/crypto -I/home/runner/work/ma3063-openwrt/ma3063-openwrt/openwrt/staging_dir/toolchain-aarch64_cortex-a53_gcc-12.3.0_musl/usr/include -I/home/runner/work/ma3063-openwrt/ma3063-openwrt/openwrt/staging_dir/toolchain-aarch64_cortex-a53_gcc-12.3.0_musl/include/fortify -I/home/runner/work/ma3063-openwrt/ma3063-openwrt/openwrt/staging_dir/toolchain-aarch64_cortex-a53_gcc-12.3.0_musl/include -DCONFIG_LIBNL20 -D_GNU_SOURCE -DCONFIG_MSG_MIN_PRIORITY=3 -Os -pipe -mcpu=cortex-a53 -fno-caller-saves -fno-plt -fhonour-copts -fmacro-prefix-map=/home/runner/work/ma3063-openwrt/ma3063-openwrt/openwrt/build_dir/target-aarch64_cortex-a53_musl/hostapd-wpad-basic-wolfssl/hostapd-2023-09-08-e5ccbfc6=hostapd-2023-09-08-e5ccbfc6 -ffunction-sections -fdata-sections -flto=auto -fno-fat-lto-objects -Wformat -Werror=format-security -DPIC -fPIC -fstack-protector -D_FORTIFY_SOURCE=1 -Wl,-z,now -Wl,-z,relro -I/home/runner/work/ma3063-openwrt/ma3063-openwrt/openwrt/build_dir/target-aarch64_cortex-a53_musl/hostapd-wpad-basic-wolfssl/hostapd-2023-09-08-e5ccbfc6/src -I/home/runner/work/ma3063-openwrt/ma3063-openwrt/openwrt/build_dir/target-aarch64_cortex-a53_musl/hostapd-wpad-basic-wolfssl/hostapd-2023-09-08-e5ccbfc6/src/utils -DHOSTAPD -DCONFIG_ELOOP_EPOLL -DUBUS_SUPPORT -DUCODE_SUPPORT -DCONFIG_NO_RADIUS -DCONFIG_NO_ACCOUNTING -DCONFIG_CTRL_IFACE_UNIX -DCONFIG_CTRL_IFACE -DCONFIG_RSN_PREAUTH -DCONFIG_OCV -DCONFIG_IEEE80211R -DCONFIG_IEEE80211R_AP -DCONFIG_ETH_P_OUI -DCONFIG_SAE -DCONFIG_OWE -DCONFIG_AIRTIME_POLICY -DCONFIG_IEEE80211AC -DCONFIG_IEEE80211AX -DCONFIG_MBO -DCONFIG_DRIVER_WIRED -DCONFIG_DRIVER_NL80211 -DCONFIG_DRIVER_WIRED -DCONFIG_DRIVER_NL80211 -DEAP_SERVER_IDENTITY -DCONFIG_TLS_WOLFSSL -DCONFIG_SHA256 -DCONFIG_HMAC_SHA256_KDF -DCONFIG_HMAC_SHA384_KDF -DCONFIG_HMAC_SHA512_KDF -DCONFIG_SHA384 -DCONFIG_SHA512 -DCONFIG_ECC -DCONFIG_NO_RANDOM_POOL -DNEED_AP_MLME -DCONFIG_ACS -DCONFIG_DEBUG_SYSLOG -I/home/runner/work/ma3063-openwrt/ma3063-openwrt/openwrt/staging_dir/target-aarch64_cortex-a53_musl/usr/include/libnl-tiny -I/home/runner/work/ma3063-openwrt/ma3063-openwrt/openwrt/build_dir/target-aarch64_cortex-a53_musl/hostapd-wpad-basic-wolfssl/hostapd-2023-09-08-e5ccbfc6/src/crypto -I/home/runner/work/ma3063-openwrt/ma3063-openwrt/openwrt/staging_dir/toolchain-aarch64_cortex-a53_gcc-12.3.0_musl/usr/include -I/home/runner/work/ma3063-openwrt/ma3063-openwrt/openwrt/staging_dir/toolchain-aarch64_cortex-a53_gcc-12.3.0_musl/include/fortify -I/home/runner/work/ma3063-openwrt/ma3063-openwrt/openwrt/staging_dir/toolchain-aarch64_cortex-a53_gcc-12.3.0_musl/include -DCONFIG_LIBNL20 -D_GNU_SOURCE -DCONFIG_MSG_MIN_PRIORITY=3 -I/home/runner/work/ma3063-openwrt/ma3063-openwrt/openwrt/build_dir/target-aarch64_cortex-a53_musl/hostapd-wpad-basic-wolfssl/hostapd-2023-09-08-e5ccbfc6/src -I/home/runner/work/ma3063-openwrt/ma3063-openwrt/openwrt/build_dir/target-aarch64_cortex-a53_musl/hostapd-wpad-basic-wolfssl/hostapd-2023-09-08-e5ccbfc6/src/utils -DCONFIG_ELOOP_EPOLL -DUBUS_SUPPORT -DUCODE_SUPPORT -DCONFIG_HT_OVERRIDES -DCONFIG_VHT_OVERRIDES -DCONFIG_BACKEND_FILE -DCONFIG_NO_CONFIG_WRITE -DCONFIG_OCV -DCONFIG_IEEE80211R -DCONFIG_SAE -DCONFIG_OWE -DCONFIG_WNM -DCONFIG_DRIVER_WIRED -DCONFIG_DRIVER_NL80211 -DCONFIG_MBO -DCONFIG_ACS -DCONFIG_TLS_WOLFSSL -DCONFIG_SHA256 -DCONFIG_HMAC_SHA256_KDF -DCONFIG_HMAC_SHA384_KDF -DCONFIG_HMAC_SHA512_KDF -DCONFIG_SHA384 -DCONFIG_SHA512 -DCONFIG_ECC -DCONFIG_NO_RANDOM_POOL -DCONFIG_CTRL_IFACE -DCONFIG_CTRL_IFACE_UNIX -DCONFIG_NO_LINUX_PACKET_SOCKET_WAR -DCONFIG_SME -DCONFIG_DEBUG_SYSLOG -DLOG_HOSTAPD=LOG_DAEMON ../src/utils/ip_addr.c
aarch64-openwrt-linux-musl-gcc -c -o /home/runner/work/ma3063-openwrt/ma3063-openwrt/openwrt/build_dir/target-aarch64_cortex-a53_musl/hostapd-wpad-basic-wolfssl/hostapd-2023-09-08-e5ccbfc6/build/wpa_supplicant/src/utils/crc32.o -I/home/runner/work/ma3063-openwrt/ma3063-openwrt/openwrt/staging_dir/target-aarch64_cortex-a53_musl/usr/include/libnl-tiny -I/home/runner/work/ma3063-openwrt/ma3063-openwrt/openwrt/build_dir/target-aarch64_cortex-a53_musl/hostapd-wpad-basic-wolfssl/hostapd-2023-09-08-e5ccbfc6/src/crypto -I/home/runner/work/ma3063-openwrt/ma3063-openwrt/openwrt/staging_dir/toolchain-aarch64_cortex-a53_gcc-12.3.0_musl/usr/include -I/home/runner/work/ma3063-openwrt/ma3063-openwrt/openwrt/staging_dir/toolchain-aarch64_cortex-a53_gcc-12.3.0_musl/include/fortify -I/home/runner/work/ma3063-openwrt/ma3063-openwrt/openwrt/staging_dir/toolchain-aarch64_cortex-a53_gcc-12.3.0_musl/include -DCONFIG_LIBNL20 -D_GNU_SOURCE -DCONFIG_MSG_MIN_PRIORITY=3 -Os -pipe -mcpu=cortex-a53 -fno-caller-saves -fno-plt -fhonour-copts -fmacro-prefix-map=/home/runner/work/ma3063-openwrt/ma3063-openwrt/openwrt/build_dir/target-aarch64_cortex-a53_musl/hostapd-wpad-basic-wolfssl/hostapd-2023-09-08-e5ccbfc6=hostapd-2023-09-08-e5ccbfc6 -ffunction-sections -fdata-sections -flto=auto -fno-fat-lto-objects -Wformat -Werror=format-security -DPIC -fPIC -fstack-protector -D_FORTIFY_SOURCE=1 -Wl,-z,now -Wl,-z,relro -I/home/runner/work/ma3063-openwrt/ma3063-openwrt/openwrt/build_dir/target-aarch64_cortex-a53_musl/hostapd-wpad-basic-wolfssl/hostapd-2023-09-08-e5ccbfc6/src -I/home/runner/work/ma3063-openwrt/ma3063-openwrt/openwrt/build_dir/target-aarch64_cortex-a53_musl/hostapd-wpad-basic-wolfssl/hostapd-2023-09-08-e5ccbfc6/src/utils -DHOSTAPD -DCONFIG_ELOOP_EPOLL -DUBUS_SUPPORT -DUCODE_SUPPORT -DCONFIG_NO_RADIUS -DCONFIG_NO_ACCOUNTING -DCONFIG_CTRL_IFACE_UNIX -DCONFIG_CTRL_IFACE -DCONFIG_RSN_PREAUTH -DCONFIG_OCV -DCONFIG_IEEE80211R -DCONFIG_IEEE80211R_AP -DCONFIG_ETH_P_OUI -DCONFIG_SAE -DCONFIG_OWE -DCONFIG_AIRTIME_POLICY -DCONFIG_IEEE80211AC -DCONFIG_IEEE80211AX -DCONFIG_MBO -DCONFIG_DRIVER_WIRED -DCONFIG_DRIVER_NL80211 -DCONFIG_DRIVER_WIRED -DCONFIG_DRIVER_NL80211 -DEAP_SERVER_IDENTITY -DCONFIG_TLS_WOLFSSL -DCONFIG_SHA256 -DCONFIG_HMAC_SHA256_KDF -DCONFIG_HMAC_SHA384_KDF -DCONFIG_HMAC_SHA512_KDF -DCONFIG_SHA384 -DCONFIG_SHA512 -DCONFIG_ECC -DCONFIG_NO_RANDOM_POOL -DNEED_AP_MLME -DCONFIG_ACS -DCONFIG_DEBUG_SYSLOG -I/home/runner/work/ma3063-openwrt/ma3063-openwrt/openwrt/staging_dir/target-aarch64_cortex-a53_musl/usr/include/libnl-tiny -I/home/runner/work/ma3063-openwrt/ma3063-openwrt/openwrt/build_dir/target-aarch64_cortex-a53_musl/hostapd-wpad-basic-wolfssl/hostapd-2023-09-08-e5ccbfc6/src/crypto -I/home/runner/work/ma3063-openwrt/ma3063-openwrt/openwrt/staging_dir/toolchain-aarch64_cortex-a53_gcc-12.3.0_musl/usr/include -I/home/runner/work/ma3063-openwrt/ma3063-openwrt/openwrt/staging_dir/toolchain-aarch64_cortex-a53_gcc-12.3.0_musl/include/fortify -I/home/runner/work/ma3063-openwrt/ma3063-openwrt/openwrt/staging_dir/toolchain-aarch64_cortex-a53_gcc-12.3.0_musl/include -DCONFIG_LIBNL20 -D_GNU_SOURCE -DCONFIG_MSG_MIN_PRIORITY=3 -I/home/runner/work/ma3063-openwrt/ma3063-openwrt/openwrt/build_dir/target-aarch64_cortex-a53_musl/hostapd-wpad-basic-wolfssl/hostapd-2023-09-08-e5ccbfc6/src -I/home/runner/work/ma3063-openwrt/ma3063-openwrt/openwrt/build_dir/target-aarch64_cortex-a53_musl/hostapd-wpad-basic-wolfssl/hostapd-2023-09-08-e5ccbfc6/src/utils -DCONFIG_ELOOP_EPOLL -DUBUS_SUPPORT -DUCODE_SUPPORT -DCONFIG_HT_OVERRIDES -DCONFIG_VHT_OVERRIDES -DCONFIG_BACKEND_FILE -DCONFIG_NO_CONFIG_WRITE -DCONFIG_OCV -DCONFIG_IEEE80211R -DCONFIG_SAE -DCONFIG_OWE -DCONFIG_WNM -DCONFIG_DRIVER_WIRED -DCONFIG_DRIVER_NL80211 -DCONFIG_MBO -DCONFIG_ACS -DCONFIG_TLS_WOLFSSL -DCONFIG_SHA256 -DCONFIG_HMAC_SHA256_KDF -DCONFIG_HMAC_SHA384_KDF -DCONFIG_HMAC_SHA512_KDF -DCONFIG_SHA384 -DCONFIG_SHA512 -DCONFIG_ECC -DCONFIG_NO_RANDOM_POOL -DCONFIG_CTRL_IFACE -DCONFIG_CTRL_IFACE_UNIX -DCONFIG_NO_LINUX_PACKET_SOCKET_WAR -DCONFIG_SME -DCONFIG_DEBUG_SYSLOG -DLOG_HOSTAPD=LOG_DAEMON ../src/utils/crc32.c
aarch64-openwrt-linux-musl-gcc -c -o /home/runner/work/ma3063-openwrt/ma3063-openwrt/openwrt/build_dir/target-aarch64_cortex-a53_musl/hostapd-wpad-basic-wolfssl/hostapd-2023-09-08-e5ccbfc6/build/wpa_supplicant/op_classes.o -I/home/runner/work/ma3063-openwrt/ma3063-openwrt/openwrt/staging_dir/target-aarch64_cortex-a53_musl/usr/include/libnl-tiny -I/home/runner/work/ma3063-openwrt/ma3063-openwrt/openwrt/build_dir/target-aarch64_cortex-a53_musl/hostapd-wpad-basic-wolfssl/hostapd-2023-09-08-e5ccbfc6/src/crypto -I/home/runner/work/ma3063-openwrt/ma3063-openwrt/openwrt/staging_dir/toolchain-aarch64_cortex-a53_gcc-12.3.0_musl/usr/include -I/home/runner/work/ma3063-openwrt/ma3063-openwrt/openwrt/staging_dir/toolchain-aarch64_cortex-a53_gcc-12.3.0_musl/include/fortify -I/home/runner/work/ma3063-openwrt/ma3063-openwrt/openwrt/staging_dir/toolchain-aarch64_cortex-a53_gcc-12.3.0_musl/include -DCONFIG_LIBNL20 -D_GNU_SOURCE -DCONFIG_MSG_MIN_PRIORITY=3 -Os -pipe -mcpu=cortex-a53 -fno-caller-saves -fno-plt -fhonour-copts -fmacro-prefix-map=/home/runner/work/ma3063-openwrt/ma3063-openwrt/openwrt/build_dir/target-aarch64_cortex-a53_musl/hostapd-wpad-basic-wolfssl/hostapd-2023-09-08-e5ccbfc6=hostapd-2023-09-08-e5ccbfc6 -ffunction-sections -fdata-sections -flto=auto -fno-fat-lto-objects -Wformat -Werror=format-security -DPIC -fPIC -fstack-protector -D_FORTIFY_SOURCE=1 -Wl,-z,now -Wl,-z,relro -I/home/runner/work/ma3063-openwrt/ma3063-openwrt/openwrt/build_dir/target-aarch64_cortex-a53_musl/hostapd-wpad-basic-wolfssl/hostapd-2023-09-08-e5ccbfc6/src -I/home/runner/work/ma3063-openwrt/ma3063-openwrt/openwrt/build_dir/target-aarch64_cortex-a53_musl/hostapd-wpad-basic-wolfssl/hostapd-2023-09-08-e5ccbfc6/src/utils -DHOSTAPD -DCONFIG_ELOOP_EPOLL -DUBUS_SUPPORT -DUCODE_SUPPORT -DCONFIG_NO_RADIUS -DCONFIG_NO_ACCOUNTING -DCONFIG_CTRL_IFACE_UNIX -DCONFIG_CTRL_IFACE -DCONFIG_RSN_PREAUTH -DCONFIG_OCV -DCONFIG_IEEE80211R -DCONFIG_IEEE80211R_AP -DCONFIG_ETH_P_OUI -DCONFIG_SAE -DCONFIG_OWE -DCONFIG_AIRTIME_POLICY -DCONFIG_IEEE80211AC -DCONFIG_IEEE80211AX -DCONFIG_MBO -DCONFIG_DRIVER_WIRED -DCONFIG_DRIVER_NL80211 -DCONFIG_DRIVER_WIRED -DCONFIG_DRIVER_NL80211 -DEAP_SERVER_IDENTITY -DCONFIG_TLS_WOLFSSL -DCONFIG_SHA256 -DCONFIG_HMAC_SHA256_KDF -DCONFIG_HMAC_SHA384_KDF -DCONFIG_HMAC_SHA512_KDF -DCONFIG_SHA384 -DCONFIG_SHA512 -DCONFIG_ECC -DCONFIG_NO_RANDOM_POOL -DNEED_AP_MLME -DCONFIG_ACS -DCONFIG_DEBUG_SYSLOG -I/home/runner/work/ma3063-openwrt/ma3063-openwrt/openwrt/staging_dir/target-aarch64_cortex-a53_musl/usr/include/libnl-tiny -I/home/runner/work/ma3063-openwrt/ma3063-openwrt/openwrt/build_dir/target-aarch64_cortex-a53_musl/hostapd-wpad-basic-wolfssl/hostapd-2023-09-08-e5ccbfc6/src/crypto -I/home/runner/work/ma3063-openwrt/ma3063-openwrt/openwrt/staging_dir/toolchain-aarch64_cortex-a53_gcc-12.3.0_musl/usr/include -I/home/runner/work/ma3063-openwrt/ma3063-openwrt/openwrt/staging_dir/toolchain-aarch64_cortex-a53_gcc-12.3.0_musl/include/fortify -I/home/runner/work/ma3063-openwrt/ma3063-openwrt/openwrt/staging_dir/toolchain-aarch64_cortex-a53_gcc-12.3.0_musl/include -DCONFIG_LIBNL20 -D_GNU_SOURCE -DCONFIG_MSG_MIN_PRIORITY=3 -I/home/runner/work/ma3063-openwrt/ma3063-openwrt/openwrt/build_dir/target-aarch64_cortex-a53_musl/hostapd-wpad-basic-wolfssl/hostapd-2023-09-08-e5ccbfc6/src -I/home/runner/work/ma3063-openwrt/ma3063-openwrt/openwrt/build_dir/target-aarch64_cortex-a53_musl/hostapd-wpad-basic-wolfssl/hostapd-2023-09-08-e5ccbfc6/src/utils -DCONFIG_ELOOP_EPOLL -DUBUS_SUPPORT -DUCODE_SUPPORT -DCONFIG_HT_OVERRIDES -DCONFIG_VHT_OVERRIDES -DCONFIG_BACKEND_FILE -DCONFIG_NO_CONFIG_WRITE -DCONFIG_OCV -DCONFIG_IEEE80211R -DCONFIG_SAE -DCONFIG_OWE -DCONFIG_WNM -DCONFIG_DRIVER_WIRED -DCONFIG_DRIVER_NL80211 -DCONFIG_MBO -DCONFIG_ACS -DCONFIG_TLS_WOLFSSL -DCONFIG_SHA256 -DCONFIG_HMAC_SHA256_KDF -DCONFIG_HMAC_SHA384_KDF -DCONFIG_HMAC_SHA512_KDF -DCONFIG_SHA384 -DCONFIG_SHA512 -DCONFIG_ECC -DCONFIG_NO_RANDOM_POOL -DCONFIG_CTRL_IFACE -DCONFIG_CTRL_IFACE_UNIX -DCONFIG_NO_LINUX_PACKET_SOCKET_WAR -DCONFIG_SME -DCONFIG_DEBUG_SYSLOG -DLOG_HOSTAPD=LOG_DAEMON op_classes.c
aarch64-openwrt-linux-musl-gcc -c -o /home/runner/work/ma3063-openwrt/ma3063-openwrt/openwrt/build_dir/target-aarch64_cortex-a53_musl/hostapd-wpad-basic-wolfssl/hostapd-2023-09-08-e5ccbfc6/build/wpa_supplicant/rrm.o -I/home/runner/work/ma3063-openwrt/ma3063-openwrt/openwrt/staging_dir/target-aarch64_cortex-a53_musl/usr/include/libnl-tiny -I/home/runner/work/ma3063-openwrt/ma3063-openwrt/openwrt/build_dir/target-aarch64_cortex-a53_musl/hostapd-wpad-basic-wolfssl/hostapd-2023-09-08-e5ccbfc6/src/crypto -I/home/runner/work/ma3063-openwrt/ma3063-openwrt/openwrt/staging_dir/toolchain-aarch64_cortex-a53_gcc-12.3.0_musl/usr/include -I/home/runner/work/ma3063-openwrt/ma3063-openwrt/openwrt/staging_dir/toolchain-aarch64_cortex-a53_gcc-12.3.0_musl/include/fortify -I/home/runner/work/ma3063-openwrt/ma3063-openwrt/openwrt/staging_dir/toolchain-aarch64_cortex-a53_gcc-12.3.0_musl/include -DCONFIG_LIBNL20 -D_GNU_SOURCE -DCONFIG_MSG_MIN_PRIORITY=3 -Os -pipe -mcpu=cortex-a53 -fno-caller-saves -fno-plt -fhonour-copts -fmacro-prefix-map=/home/runner/work/ma3063-openwrt/ma3063-openwrt/openwrt/build_dir/target-aarch64_cortex-a53_musl/hostapd-wpad-basic-wolfssl/hostapd-2023-09-08-e5ccbfc6=hostapd-2023-09-08-e5ccbfc6 -ffunction-sections -fdata-sections -flto=auto -fno-fat-lto-objects -Wformat -Werror=format-security -DPIC -fPIC -fstack-protector -D_FORTIFY_SOURCE=1 -Wl,-z,now -Wl,-z,relro -I/home/runner/work/ma3063-openwrt/ma3063-openwrt/openwrt/build_dir/target-aarch64_cortex-a53_musl/hostapd-wpad-basic-wolfssl/hostapd-2023-09-08-e5ccbfc6/src -I/home/runner/work/ma3063-openwrt/ma3063-openwrt/openwrt/build_dir/target-aarch64_cortex-a53_musl/hostapd-wpad-basic-wolfssl/hostapd-2023-09-08-e5ccbfc6/src/utils -DHOSTAPD -DCONFIG_ELOOP_EPOLL -DUBUS_SUPPORT -DUCODE_SUPPORT -DCONFIG_NO_RADIUS -DCONFIG_NO_ACCOUNTING -DCONFIG_CTRL_IFACE_UNIX -DCONFIG_CTRL_IFACE -DCONFIG_RSN_PREAUTH -DCONFIG_OCV -DCONFIG_IEEE80211R -DCONFIG_IEEE80211R_AP -DCONFIG_ETH_P_OUI -DCONFIG_SAE -DCONFIG_OWE -DCONFIG_AIRTIME_POLICY -DCONFIG_IEEE80211AC -DCONFIG_IEEE80211AX -DCONFIG_MBO -DCONFIG_DRIVER_WIRED -DCONFIG_DRIVER_NL80211 -DCONFIG_DRIVER_WIRED -DCONFIG_DRIVER_NL80211 -DEAP_SERVER_IDENTITY -DCONFIG_TLS_WOLFSSL -DCONFIG_SHA256 -DCONFIG_HMAC_SHA256_KDF -DCONFIG_HMAC_SHA384_KDF -DCONFIG_HMAC_SHA512_KDF -DCONFIG_SHA384 -DCONFIG_SHA512 -DCONFIG_ECC -DCONFIG_NO_RANDOM_POOL -DNEED_AP_MLME -DCONFIG_ACS -DCONFIG_DEBUG_SYSLOG -I/home/runner/work/ma3063-openwrt/ma3063-openwrt/openwrt/staging_dir/target-aarch64_cortex-a53_musl/usr/include/libnl-tiny -I/home/runner/work/ma3063-openwrt/ma3063-openwrt/openwrt/build_dir/target-aarch64_cortex-a53_musl/hostapd-wpad-basic-wolfssl/hostapd-2023-09-08-e5ccbfc6/src/crypto -I/home/runner/work/ma3063-openwrt/ma3063-openwrt/openwrt/staging_dir/toolchain-aarch64_cortex-a53_gcc-12.3.0_musl/usr/include -I/home/runner/work/ma3063-openwrt/ma3063-openwrt/openwrt/staging_dir/toolchain-aarch64_cortex-a53_gcc-12.3.0_musl/include/fortify -I/home/runner/work/ma3063-openwrt/ma3063-openwrt/openwrt/staging_dir/toolchain-aarch64_cortex-a53_gcc-12.3.0_musl/include -DCONFIG_LIBNL20 -D_GNU_SOURCE -DCONFIG_MSG_MIN_PRIORITY=3 -I/home/runner/work/ma3063-openwrt/ma3063-openwrt/openwrt/build_dir/target-aarch64_cortex-a53_musl/hostapd-wpad-basic-wolfssl/hostapd-2023-09-08-e5ccbfc6/src -I/home/runner/work/ma3063-openwrt/ma3063-openwrt/openwrt/build_dir/target-aarch64_cortex-a53_musl/hostapd-wpad-basic-wolfssl/hostapd-2023-09-08-e5ccbfc6/src/utils -DCONFIG_ELOOP_EPOLL -DUBUS_SUPPORT -DUCODE_SUPPORT -DCONFIG_HT_OVERRIDES -DCONFIG_VHT_OVERRIDES -DCONFIG_BACKEND_FILE -DCONFIG_NO_CONFIG_WRITE -DCONFIG_OCV -DCONFIG_IEEE80211R -DCONFIG_SAE -DCONFIG_OWE -DCONFIG_WNM -DCONFIG_DRIVER_WIRED -DCONFIG_DRIVER_NL80211 -DCONFIG_MBO -DCONFIG_ACS -DCONFIG_TLS_WOLFSSL -DCONFIG_SHA256 -DCONFIG_HMAC_SHA256_KDF -DCONFIG_HMAC_SHA384_KDF -DCONFIG_HMAC_SHA512_KDF -DCONFIG_SHA384 -DCONFIG_SHA512 -DCONFIG_ECC -DCONFIG_NO_RANDOM_POOL -DCONFIG_CTRL_IFACE -DCONFIG_CTRL_IFACE_UNIX -DCONFIG_NO_LINUX_PACKET_SOCKET_WAR -DCONFIG_SME -DCONFIG_DEBUG_SYSLOG -DLOG_HOSTAPD=LOG_DAEMON rrm.c
aarch64-openwrt-linux-musl-gcc -c -o /home/runner/work/ma3063-openwrt/ma3063-openwrt/openwrt/build_dir/target-aarch64_cortex-a53_musl/hostapd-wpad-basic-wolfssl/hostapd-2023-09-08-e5ccbfc6/build/wpa_supplicant/twt.o -I/home/runner/work/ma3063-openwrt/ma3063-openwrt/openwrt/staging_dir/target-aarch64_cortex-a53_musl/usr/include/libnl-tiny -I/home/runner/work/ma3063-openwrt/ma3063-openwrt/openwrt/build_dir/target-aarch64_cortex-a53_musl/hostapd-wpad-basic-wolfssl/hostapd-2023-09-08-e5ccbfc6/src/crypto -I/home/runner/work/ma3063-openwrt/ma3063-openwrt/openwrt/staging_dir/toolchain-aarch64_cortex-a53_gcc-12.3.0_musl/usr/include -I/home/runner/work/ma3063-openwrt/ma3063-openwrt/openwrt/staging_dir/toolchain-aarch64_cortex-a53_gcc-12.3.0_musl/include/fortify -I/home/runner/work/ma3063-openwrt/ma3063-openwrt/openwrt/staging_dir/toolchain-aarch64_cortex-a53_gcc-12.3.0_musl/include -DCONFIG_LIBNL20 -D_GNU_SOURCE -DCONFIG_MSG_MIN_PRIORITY=3 -Os -pipe -mcpu=cortex-a53 -fno-caller-saves -fno-plt -fhonour-copts -fmacro-prefix-map=/home/runner/work/ma3063-openwrt/ma3063-openwrt/openwrt/build_dir/target-aarch64_cortex-a53_musl/hostapd-wpad-basic-wolfssl/hostapd-2023-09-08-e5ccbfc6=hostapd-2023-09-08-e5ccbfc6 -ffunction-sections -fdata-sections -flto=auto -fno-fat-lto-objects -Wformat -Werror=format-security -DPIC -fPIC -fstack-protector -D_FORTIFY_SOURCE=1 -Wl,-z,now -Wl,-z,relro -I/home/runner/work/ma3063-openwrt/ma3063-openwrt/openwrt/build_dir/target-aarch64_cortex-a53_musl/hostapd-wpad-basic-wolfssl/hostapd-2023-09-08-e5ccbfc6/src -I/home/runner/work/ma3063-openwrt/ma3063-openwrt/openwrt/build_dir/target-aarch64_cortex-a53_musl/hostapd-wpad-basic-wolfssl/hostapd-2023-09-08-e5ccbfc6/src/utils -DHOSTAPD -DCONFIG_ELOOP_EPOLL -DUBUS_SUPPORT -DUCODE_SUPPORT -DCONFIG_NO_RADIUS -DCONFIG_NO_ACCOUNTING -DCONFIG_CTRL_IFACE_UNIX -DCONFIG_CTRL_IFACE -DCONFIG_RSN_PREAUTH -DCONFIG_OCV -DCONFIG_IEEE80211R -DCONFIG_IEEE80211R_AP -DCONFIG_ETH_P_OUI -DCONFIG_SAE -DCONFIG_OWE -DCONFIG_AIRTIME_POLICY -DCONFIG_IEEE80211AC -DCONFIG_IEEE80211AX -DCONFIG_MBO -DCONFIG_DRIVER_WIRED -DCONFIG_DRIVER_NL80211 -DCONFIG_DRIVER_WIRED -DCONFIG_DRIVER_NL80211 -DEAP_SERVER_IDENTITY -DCONFIG_TLS_WOLFSSL -DCONFIG_SHA256 -DCONFIG_HMAC_SHA256_KDF -DCONFIG_HMAC_SHA384_KDF -DCONFIG_HMAC_SHA512_KDF -DCONFIG_SHA384 -DCONFIG_SHA512 -DCONFIG_ECC -DCONFIG_NO_RANDOM_POOL -DNEED_AP_MLME -DCONFIG_ACS -DCONFIG_DEBUG_SYSLOG -I/home/runner/work/ma3063-openwrt/ma3063-openwrt/openwrt/staging_dir/target-aarch64_cortex-a53_musl/usr/include/libnl-tiny -I/home/runner/work/ma3063-openwrt/ma3063-openwrt/openwrt/build_dir/target-aarch64_cortex-a53_musl/hostapd-wpad-basic-wolfssl/hostapd-2023-09-08-e5ccbfc6/src/crypto -I/home/runner/work/ma3063-openwrt/ma3063-openwrt/openwrt/staging_dir/toolchain-aarch64_cortex-a53_gcc-12.3.0_musl/usr/include -I/home/runner/work/ma3063-openwrt/ma3063-openwrt/openwrt/staging_dir/toolchain-aarch64_cortex-a53_gcc-12.3.0_musl/include/fortify -I/home/runner/work/ma3063-openwrt/ma3063-openwrt/openwrt/staging_dir/toolchain-aarch64_cortex-a53_gcc-12.3.0_musl/include -DCONFIG_LIBNL20 -D_GNU_SOURCE -DCONFIG_MSG_MIN_PRIORITY=3 -I/home/runner/work/ma3063-openwrt/ma3063-openwrt/openwrt/build_dir/target-aarch64_cortex-a53_musl/hostapd-wpad-basic-wolfssl/hostapd-2023-09-08-e5ccbfc6/src -I/home/runner/work/ma3063-openwrt/ma3063-openwrt/openwrt/build_dir/target-aarch64_cortex-a53_musl/hostapd-wpad-basic-wolfssl/hostapd-2023-09-08-e5ccbfc6/src/utils -DCONFIG_ELOOP_EPOLL -DUBUS_SUPPORT -DUCODE_SUPPORT -DCONFIG_HT_OVERRIDES -DCONFIG_VHT_OVERRIDES -DCONFIG_BACKEND_FILE -DCONFIG_NO_CONFIG_WRITE -DCONFIG_OCV -DCONFIG_IEEE80211R -DCONFIG_SAE -DCONFIG_OWE -DCONFIG_WNM -DCONFIG_DRIVER_WIRED -DCONFIG_DRIVER_NL80211 -DCONFIG_MBO -DCONFIG_ACS -DCONFIG_TLS_WOLFSSL -DCONFIG_SHA256 -DCONFIG_HMAC_SHA256_KDF -DCONFIG_HMAC_SHA384_KDF -DCONFIG_HMAC_SHA512_KDF -DCONFIG_SHA384 -DCONFIG_SHA512 -DCONFIG_ECC -DCONFIG_NO_RANDOM_POOL -DCONFIG_CTRL_IFACE -DCONFIG_CTRL_IFACE_UNIX -DCONFIG_NO_LINUX_PACKET_SOCKET_WAR -DCONFIG_SME -DCONFIG_DEBUG_SYSLOG -DLOG_HOSTAPD=LOG_DAEMON twt.c
aarch64-openwrt-linux-musl-gcc -c -o /home/runner/work/ma3063-openwrt/ma3063-openwrt/openwrt/build_dir/target-aarch64_cortex-a53_musl/hostapd-wpad-basic-wolfssl/hostapd-2023-09-08-e5ccbfc6/build/wpa_supplicant/robust_av.o -I/home/runner/work/ma3063-openwrt/ma3063-openwrt/openwrt/staging_dir/target-aarch64_cortex-a53_musl/usr/include/libnl-tiny -I/home/runner/work/ma3063-openwrt/ma3063-openwrt/openwrt/build_dir/target-aarch64_cortex-a53_musl/hostapd-wpad-basic-wolfssl/hostapd-2023-09-08-e5ccbfc6/src/crypto -I/home/runner/work/ma3063-openwrt/ma3063-openwrt/openwrt/staging_dir/toolchain-aarch64_cortex-a53_gcc-12.3.0_musl/usr/include -I/home/runner/work/ma3063-openwrt/ma3063-openwrt/openwrt/staging_dir/toolchain-aarch64_cortex-a53_gcc-12.3.0_musl/include/fortify -I/home/runner/work/ma3063-openwrt/ma3063-openwrt/openwrt/staging_dir/toolchain-aarch64_cortex-a53_gcc-12.3.0_musl/include -DCONFIG_LIBNL20 -D_GNU_SOURCE -DCONFIG_MSG_MIN_PRIORITY=3 -Os -pipe -mcpu=cortex-a53 -fno-caller-saves -fno-plt -fhonour-copts -fmacro-prefix-map=/home/runner/work/ma3063-openwrt/ma3063-openwrt/openwrt/build_dir/target-aarch64_cortex-a53_musl/hostapd-wpad-basic-wolfssl/hostapd-2023-09-08-e5ccbfc6=hostapd-2023-09-08-e5ccbfc6 -ffunction-sections -fdata-sections -flto=auto -fno-fat-lto-objects -Wformat -Werror=format-security -DPIC -fPIC -fstack-protector -D_FORTIFY_SOURCE=1 -Wl,-z,now -Wl,-z,relro -I/home/runner/work/ma3063-openwrt/ma3063-openwrt/openwrt/build_dir/target-aarch64_cortex-a53_musl/hostapd-wpad-basic-wolfssl/hostapd-2023-09-08-e5ccbfc6/src -I/home/runner/work/ma3063-openwrt/ma3063-openwrt/openwrt/build_dir/target-aarch64_cortex-a53_musl/hostapd-wpad-basic-wolfssl/hostapd-2023-09-08-e5ccbfc6/src/utils -DHOSTAPD -DCONFIG_ELOOP_EPOLL -DUBUS_SUPPORT -DUCODE_SUPPORT -DCONFIG_NO_RADIUS -DCONFIG_NO_ACCOUNTING -DCONFIG_CTRL_IFACE_UNIX -DCONFIG_CTRL_IFACE -DCONFIG_RSN_PREAUTH -DCONFIG_OCV -DCONFIG_IEEE80211R -DCONFIG_IEEE80211R_AP -DCONFIG_ETH_P_OUI -DCONFIG_SAE -DCONFIG_OWE -DCONFIG_AIRTIME_POLICY -DCONFIG_IEEE80211AC -DCONFIG_IEEE80211AX -DCONFIG_MBO -DCONFIG_DRIVER_WIRED -DCONFIG_DRIVER_NL80211 -DCONFIG_DRIVER_WIRED -DCONFIG_DRIVER_NL80211 -DEAP_SERVER_IDENTITY -DCONFIG_TLS_WOLFSSL -DCONFIG_SHA256 -DCONFIG_HMAC_SHA256_KDF -DCONFIG_HMAC_SHA384_KDF -DCONFIG_HMAC_SHA512_KDF -DCONFIG_SHA384 -DCONFIG_SHA512 -DCONFIG_ECC -DCONFIG_NO_RANDOM_POOL -DNEED_AP_MLME -DCONFIG_ACS -DCONFIG_DEBUG_SYSLOG -I/home/runner/work/ma3063-openwrt/ma3063-openwrt/openwrt/staging_dir/target-aarch64_cortex-a53_musl/usr/include/libnl-tiny -I/home/runner/work/ma3063-openwrt/ma3063-openwrt/openwrt/build_dir/target-aarch64_cortex-a53_musl/hostapd-wpad-basic-wolfssl/hostapd-2023-09-08-e5ccbfc6/src/crypto -I/home/runner/work/ma3063-openwrt/ma3063-openwrt/openwrt/staging_dir/toolchain-aarch64_cortex-a53_gcc-12.3.0_musl/usr/include -I/home/runner/work/ma3063-openwrt/ma3063-openwrt/openwrt/staging_dir/toolchain-aarch64_cortex-a53_gcc-12.3.0_musl/include/fortify -I/home/runner/work/ma3063-openwrt/ma3063-openwrt/openwrt/staging_dir/toolchain-aarch64_cortex-a53_gcc-12.3.0_musl/include -DCONFIG_LIBNL20 -D_GNU_SOURCE -DCONFIG_MSG_MIN_PRIORITY=3 -I/home/runner/work/ma3063-openwrt/ma3063-openwrt/openwrt/build_dir/target-aarch64_cortex-a53_musl/hostapd-wpad-basic-wolfssl/hostapd-2023-09-08-e5ccbfc6/src -I/home/runner/work/ma3063-openwrt/ma3063-openwrt/openwrt/build_dir/target-aarch64_cortex-a53_musl/hostapd-wpad-basic-wolfssl/hostapd-2023-09-08-e5ccbfc6/src/utils -DCONFIG_ELOOP_EPOLL -DUBUS_SUPPORT -DUCODE_SUPPORT -DCONFIG_HT_OVERRIDES -DCONFIG_VHT_OVERRIDES -DCONFIG_BACKEND_FILE -DCONFIG_NO_CONFIG_WRITE -DCONFIG_OCV -DCONFIG_IEEE80211R -DCONFIG_SAE -DCONFIG_OWE -DCONFIG_WNM -DCONFIG_DRIVER_WIRED -DCONFIG_DRIVER_NL80211 -DCONFIG_MBO -DCONFIG_ACS -DCONFIG_TLS_WOLFSSL -DCONFIG_SHA256 -DCONFIG_HMAC_SHA256_KDF -DCONFIG_HMAC_SHA384_KDF -DCONFIG_HMAC_SHA512_KDF -DCONFIG_SHA384 -DCONFIG_SHA512 -DCONFIG_ECC -DCONFIG_NO_RANDOM_POOL -DCONFIG_CTRL_IFACE -DCONFIG_CTRL_IFACE_UNIX -DCONFIG_NO_LINUX_PACKET_SOCKET_WAR -DCONFIG_SME -DCONFIG_DEBUG_SYSLOG -DLOG_HOSTAPD=LOG_DAEMON robust_av.c
aarch64-openwrt-linux-musl-gcc -c -o /home/runner/work/ma3063-openwrt/ma3063-openwrt/openwrt/build_dir/target-aarch64_cortex-a53_musl/hostapd-wpad-basic-wolfssl/hostapd-2023-09-08-e5ccbfc6/build/wpa_supplicant/wmm_ac.o -I/home/runner/work/ma3063-openwrt/ma3063-openwrt/openwrt/staging_dir/target-aarch64_cortex-a53_musl/usr/include/libnl-tiny -I/home/runner/work/ma3063-openwrt/ma3063-openwrt/openwrt/build_dir/target-aarch64_cortex-a53_musl/hostapd-wpad-basic-wolfssl/hostapd-2023-09-08-e5ccbfc6/src/crypto -I/home/runner/work/ma3063-openwrt/ma3063-openwrt/openwrt/staging_dir/toolchain-aarch64_cortex-a53_gcc-12.3.0_musl/usr/include -I/home/runner/work/ma3063-openwrt/ma3063-openwrt/openwrt/staging_dir/toolchain-aarch64_cortex-a53_gcc-12.3.0_musl/include/fortify -I/home/runner/work/ma3063-openwrt/ma3063-openwrt/openwrt/staging_dir/toolchain-aarch64_cortex-a53_gcc-12.3.0_musl/include -DCONFIG_LIBNL20 -D_GNU_SOURCE -DCONFIG_MSG_MIN_PRIORITY=3 -Os -pipe -mcpu=cortex-a53 -fno-caller-saves -fno-plt -fhonour-copts -fmacro-prefix-map=/home/runner/work/ma3063-openwrt/ma3063-openwrt/openwrt/build_dir/target-aarch64_cortex-a53_musl/hostapd-wpad-basic-wolfssl/hostapd-2023-09-08-e5ccbfc6=hostapd-2023-09-08-e5ccbfc6 -ffunction-sections -fdata-sections -flto=auto -fno-fat-lto-objects -Wformat -Werror=format-security -DPIC -fPIC -fstack-protector -D_FORTIFY_SOURCE=1 -Wl,-z,now -Wl,-z,relro -I/home/runner/work/ma3063-openwrt/ma3063-openwrt/openwrt/build_dir/target-aarch64_cortex-a53_musl/hostapd-wpad-basic-wolfssl/hostapd-2023-09-08-e5ccbfc6/src -I/home/runner/work/ma3063-openwrt/ma3063-openwrt/openwrt/build_dir/target-aarch64_cortex-a53_musl/hostapd-wpad-basic-wolfssl/hostapd-2023-09-08-e5ccbfc6/src/utils -DHOSTAPD -DCONFIG_ELOOP_EPOLL -DUBUS_SUPPORT -DUCODE_SUPPORT -DCONFIG_NO_RADIUS -DCONFIG_NO_ACCOUNTING -DCONFIG_CTRL_IFACE_UNIX -DCONFIG_CTRL_IFACE -DCONFIG_RSN_PREAUTH -DCONFIG_OCV -DCONFIG_IEEE80211R -DCONFIG_IEEE80211R_AP -DCONFIG_ETH_P_OUI -DCONFIG_SAE -DCONFIG_OWE -DCONFIG_AIRTIME_POLICY -DCONFIG_IEEE80211AC -DCONFIG_IEEE80211AX -DCONFIG_MBO -DCONFIG_DRIVER_WIRED -DCONFIG_DRIVER_NL80211 -DCONFIG_DRIVER_WIRED -DCONFIG_DRIVER_NL80211 -DEAP_SERVER_IDENTITY -DCONFIG_TLS_WOLFSSL -DCONFIG_SHA256 -DCONFIG_HMAC_SHA256_KDF -DCONFIG_HMAC_SHA384_KDF -DCONFIG_HMAC_SHA512_KDF -DCONFIG_SHA384 -DCONFIG_SHA512 -DCONFIG_ECC -DCONFIG_NO_RANDOM_POOL -DNEED_AP_MLME -DCONFIG_ACS -DCONFIG_DEBUG_SYSLOG -I/home/runner/work/ma3063-openwrt/ma3063-openwrt/openwrt/staging_dir/target-aarch64_cortex-a53_musl/usr/include/libnl-tiny -I/home/runner/work/ma3063-openwrt/ma3063-openwrt/openwrt/build_dir/target-aarch64_cortex-a53_musl/hostapd-wpad-basic-wolfssl/hostapd-2023-09-08-e5ccbfc6/src/crypto -I/home/runner/work/ma3063-openwrt/ma3063-openwrt/openwrt/staging_dir/toolchain-aarch64_cortex-a53_gcc-12.3.0_musl/usr/include -I/home/runner/work/ma3063-openwrt/ma3063-openwrt/openwrt/staging_dir/toolchain-aarch64_cortex-a53_gcc-12.3.0_musl/include/fortify -I/home/runner/work/ma3063-openwrt/ma3063-openwrt/openwrt/staging_dir/toolchain-aarch64_cortex-a53_gcc-12.3.0_musl/include -DCONFIG_LIBNL20 -D_GNU_SOURCE -DCONFIG_MSG_MIN_PRIORITY=3 -I/home/runner/work/ma3063-openwrt/ma3063-openwrt/openwrt/build_dir/target-aarch64_cortex-a53_musl/hostapd-wpad-basic-wolfssl/hostapd-2023-09-08-e5ccbfc6/src -I/home/runner/work/ma3063-openwrt/ma3063-openwrt/openwrt/build_dir/target-aarch64_cortex-a53_musl/hostapd-wpad-basic-wolfssl/hostapd-2023-09-08-e5ccbfc6/src/utils -DCONFIG_ELOOP_EPOLL -DUBUS_SUPPORT -DUCODE_SUPPORT -DCONFIG_HT_OVERRIDES -DCONFIG_VHT_OVERRIDES -DCONFIG_BACKEND_FILE -DCONFIG_NO_CONFIG_WRITE -DCONFIG_OCV -DCONFIG_IEEE80211R -DCONFIG_SAE -DCONFIG_OWE -DCONFIG_WNM -DCONFIG_DRIVER_WIRED -DCONFIG_DRIVER_NL80211 -DCONFIG_MBO -DCONFIG_ACS -DCONFIG_TLS_WOLFSSL -DCONFIG_SHA256 -DCONFIG_HMAC_SHA256_KDF -DCONFIG_HMAC_SHA384_KDF -DCONFIG_HMAC_SHA512_KDF -DCONFIG_SHA384 -DCONFIG_SHA512 -DCONFIG_ECC -DCONFIG_NO_RANDOM_POOL -DCONFIG_CTRL_IFACE -DCONFIG_CTRL_IFACE_UNIX -DCONFIG_NO_LINUX_PACKET_SOCKET_WAR -DCONFIG_SME -DCONFIG_DEBUG_SYSLOG -DLOG_HOSTAPD=LOG_DAEMON wmm_ac.c
aarch64-openwrt-linux-musl-gcc -c -o /home/runner/work/ma3063-openwrt/ma3063-openwrt/openwrt/build_dir/target-aarch64_cortex-a53_musl/hostapd-wpad-basic-wolfssl/hostapd-2023-09-08-e5ccbfc6/build/wpa_supplicant/ubus.o -I/home/runner/work/ma3063-openwrt/ma3063-openwrt/openwrt/staging_dir/target-aarch64_cortex-a53_musl/usr/include/libnl-tiny -I/home/runner/work/ma3063-openwrt/ma3063-openwrt/openwrt/build_dir/target-aarch64_cortex-a53_musl/hostapd-wpad-basic-wolfssl/hostapd-2023-09-08-e5ccbfc6/src/crypto -I/home/runner/work/ma3063-openwrt/ma3063-openwrt/openwrt/staging_dir/toolchain-aarch64_cortex-a53_gcc-12.3.0_musl/usr/include -I/home/runner/work/ma3063-openwrt/ma3063-openwrt/openwrt/staging_dir/toolchain-aarch64_cortex-a53_gcc-12.3.0_musl/include/fortify -I/home/runner/work/ma3063-openwrt/ma3063-openwrt/openwrt/staging_dir/toolchain-aarch64_cortex-a53_gcc-12.3.0_musl/include -DCONFIG_LIBNL20 -D_GNU_SOURCE -DCONFIG_MSG_MIN_PRIORITY=3 -Os -pipe -mcpu=cortex-a53 -fno-caller-saves -fno-plt -fhonour-copts -fmacro-prefix-map=/home/runner/work/ma3063-openwrt/ma3063-openwrt/openwrt/build_dir/target-aarch64_cortex-a53_musl/hostapd-wpad-basic-wolfssl/hostapd-2023-09-08-e5ccbfc6=hostapd-2023-09-08-e5ccbfc6 -ffunction-sections -fdata-sections -flto=auto -fno-fat-lto-objects -Wformat -Werror=format-security -DPIC -fPIC -fstack-protector -D_FORTIFY_SOURCE=1 -Wl,-z,now -Wl,-z,relro -I/home/runner/work/ma3063-openwrt/ma3063-openwrt/openwrt/build_dir/target-aarch64_cortex-a53_musl/hostapd-wpad-basic-wolfssl/hostapd-2023-09-08-e5ccbfc6/src -I/home/runner/work/ma3063-openwrt/ma3063-openwrt/openwrt/build_dir/target-aarch64_cortex-a53_musl/hostapd-wpad-basic-wolfssl/hostapd-2023-09-08-e5ccbfc6/src/utils -DHOSTAPD -DCONFIG_ELOOP_EPOLL -DUBUS_SUPPORT -DUCODE_SUPPORT -DCONFIG_NO_RADIUS -DCONFIG_NO_ACCOUNTING -DCONFIG_CTRL_IFACE_UNIX -DCONFIG_CTRL_IFACE -DCONFIG_RSN_PREAUTH -DCONFIG_OCV -DCONFIG_IEEE80211R -DCONFIG_IEEE80211R_AP -DCONFIG_ETH_P_OUI -DCONFIG_SAE -DCONFIG_OWE -DCONFIG_AIRTIME_POLICY -DCONFIG_IEEE80211AC -DCONFIG_IEEE80211AX -DCONFIG_MBO -DCONFIG_DRIVER_WIRED -DCONFIG_DRIVER_NL80211 -DCONFIG_DRIVER_WIRED -DCONFIG_DRIVER_NL80211 -DEAP_SERVER_IDENTITY -DCONFIG_TLS_WOLFSSL -DCONFIG_SHA256 -DCONFIG_HMAC_SHA256_KDF -DCONFIG_HMAC_SHA384_KDF -DCONFIG_HMAC_SHA512_KDF -DCONFIG_SHA384 -DCONFIG_SHA512 -DCONFIG_ECC -DCONFIG_NO_RANDOM_POOL -DNEED_AP_MLME -DCONFIG_ACS -DCONFIG_DEBUG_SYSLOG -I/home/runner/work/ma3063-openwrt/ma3063-openwrt/openwrt/staging_dir/target-aarch64_cortex-a53_musl/usr/include/libnl-tiny -I/home/runner/work/ma3063-openwrt/ma3063-openwrt/openwrt/build_dir/target-aarch64_cortex-a53_musl/hostapd-wpad-basic-wolfssl/hostapd-2023-09-08-e5ccbfc6/src/crypto -I/home/runner/work/ma3063-openwrt/ma3063-openwrt/openwrt/staging_dir/toolchain-aarch64_cortex-a53_gcc-12.3.0_musl/usr/include -I/home/runner/work/ma3063-openwrt/ma3063-openwrt/openwrt/staging_dir/toolchain-aarch64_cortex-a53_gcc-12.3.0_musl/include/fortify -I/home/runner/work/ma3063-openwrt/ma3063-openwrt/openwrt/staging_dir/toolchain-aarch64_cortex-a53_gcc-12.3.0_musl/include -DCONFIG_LIBNL20 -D_GNU_SOURCE -DCONFIG_MSG_MIN_PRIORITY=3 -I/home/runner/work/ma3063-openwrt/ma3063-openwrt/openwrt/build_dir/target-aarch64_cortex-a53_musl/hostapd-wpad-basic-wolfssl/hostapd-2023-09-08-e5ccbfc6/src -I/home/runner/work/ma3063-openwrt/ma3063-openwrt/openwrt/build_dir/target-aarch64_cortex-a53_musl/hostapd-wpad-basic-wolfssl/hostapd-2023-09-08-e5ccbfc6/src/utils -DCONFIG_ELOOP_EPOLL -DUBUS_SUPPORT -DUCODE_SUPPORT -DCONFIG_HT_OVERRIDES -DCONFIG_VHT_OVERRIDES -DCONFIG_BACKEND_FILE -DCONFIG_NO_CONFIG_WRITE -DCONFIG_OCV -DCONFIG_IEEE80211R -DCONFIG_SAE -DCONFIG_OWE -DCONFIG_WNM -DCONFIG_DRIVER_WIRED -DCONFIG_DRIVER_NL80211 -DCONFIG_MBO -DCONFIG_ACS -DCONFIG_TLS_WOLFSSL -DCONFIG_SHA256 -DCONFIG_HMAC_SHA256_KDF -DCONFIG_HMAC_SHA384_KDF -DCONFIG_HMAC_SHA512_KDF -DCONFIG_SHA384 -DCONFIG_SHA512 -DCONFIG_ECC -DCONFIG_NO_RANDOM_POOL -DCONFIG_CTRL_IFACE -DCONFIG_CTRL_IFACE_UNIX -DCONFIG_NO_LINUX_PACKET_SOCKET_WAR -DCONFIG_SME -DCONFIG_DEBUG_SYSLOG -DLOG_HOSTAPD=LOG_DAEMON ubus.c
aarch64-openwrt-linux-musl-gcc -c -o /home/runner/work/ma3063-openwrt/ma3063-openwrt/openwrt/build_dir/target-aarch64_cortex-a53_musl/hostapd-wpad-basic-wolfssl/hostapd-2023-09-08-e5ccbfc6/build/wpa_supplicant/src/utils/ucode.o -I/home/runner/work/ma3063-openwrt/ma3063-openwrt/openwrt/staging_dir/target-aarch64_cortex-a53_musl/usr/include/libnl-tiny -I/home/runner/work/ma3063-openwrt/ma3063-openwrt/openwrt/build_dir/target-aarch64_cortex-a53_musl/hostapd-wpad-basic-wolfssl/hostapd-2023-09-08-e5ccbfc6/src/crypto -I/home/runner/work/ma3063-openwrt/ma3063-openwrt/openwrt/staging_dir/toolchain-aarch64_cortex-a53_gcc-12.3.0_musl/usr/include -I/home/runner/work/ma3063-openwrt/ma3063-openwrt/openwrt/staging_dir/toolchain-aarch64_cortex-a53_gcc-12.3.0_musl/include/fortify -I/home/runner/work/ma3063-openwrt/ma3063-openwrt/openwrt/staging_dir/toolchain-aarch64_cortex-a53_gcc-12.3.0_musl/include -DCONFIG_LIBNL20 -D_GNU_SOURCE -DCONFIG_MSG_MIN_PRIORITY=3 -Os -pipe -mcpu=cortex-a53 -fno-caller-saves -fno-plt -fhonour-copts -fmacro-prefix-map=/home/runner/work/ma3063-openwrt/ma3063-openwrt/openwrt/build_dir/target-aarch64_cortex-a53_musl/hostapd-wpad-basic-wolfssl/hostapd-2023-09-08-e5ccbfc6=hostapd-2023-09-08-e5ccbfc6 -ffunction-sections -fdata-sections -flto=auto -fno-fat-lto-objects -Wformat -Werror=format-security -DPIC -fPIC -fstack-protector -D_FORTIFY_SOURCE=1 -Wl,-z,now -Wl,-z,relro -I/home/runner/work/ma3063-openwrt/ma3063-openwrt/openwrt/build_dir/target-aarch64_cortex-a53_musl/hostapd-wpad-basic-wolfssl/hostapd-2023-09-08-e5ccbfc6/src -I/home/runner/work/ma3063-openwrt/ma3063-openwrt/openwrt/build_dir/target-aarch64_cortex-a53_musl/hostapd-wpad-basic-wolfssl/hostapd-2023-09-08-e5ccbfc6/src/utils -DHOSTAPD -DCONFIG_ELOOP_EPOLL -DUBUS_SUPPORT -DUCODE_SUPPORT -DCONFIG_NO_RADIUS -DCONFIG_NO_ACCOUNTING -DCONFIG_CTRL_IFACE_UNIX -DCONFIG_CTRL_IFACE -DCONFIG_RSN_PREAUTH -DCONFIG_OCV -DCONFIG_IEEE80211R -DCONFIG_IEEE80211R_AP -DCONFIG_ETH_P_OUI -DCONFIG_SAE -DCONFIG_OWE -DCONFIG_AIRTIME_POLICY -DCONFIG_IEEE80211AC -DCONFIG_IEEE80211AX -DCONFIG_MBO -DCONFIG_DRIVER_WIRED -DCONFIG_DRIVER_NL80211 -DCONFIG_DRIVER_WIRED -DCONFIG_DRIVER_NL80211 -DEAP_SERVER_IDENTITY -DCONFIG_TLS_WOLFSSL -DCONFIG_SHA256 -DCONFIG_HMAC_SHA256_KDF -DCONFIG_HMAC_SHA384_KDF -DCONFIG_HMAC_SHA512_KDF -DCONFIG_SHA384 -DCONFIG_SHA512 -DCONFIG_ECC -DCONFIG_NO_RANDOM_POOL -DNEED_AP_MLME -DCONFIG_ACS -DCONFIG_DEBUG_SYSLOG -I/home/runner/work/ma3063-openwrt/ma3063-openwrt/openwrt/staging_dir/target-aarch64_cortex-a53_musl/usr/include/libnl-tiny -I/home/runner/work/ma3063-openwrt/ma3063-openwrt/openwrt/build_dir/target-aarch64_cortex-a53_musl/hostapd-wpad-basic-wolfssl/hostapd-2023-09-08-e5ccbfc6/src/crypto -I/home/runner/work/ma3063-openwrt/ma3063-openwrt/openwrt/staging_dir/toolchain-aarch64_cortex-a53_gcc-12.3.0_musl/usr/include -I/home/runner/work/ma3063-openwrt/ma3063-openwrt/openwrt/staging_dir/toolchain-aarch64_cortex-a53_gcc-12.3.0_musl/include/fortify -I/home/runner/work/ma3063-openwrt/ma3063-openwrt/openwrt/staging_dir/toolchain-aarch64_cortex-a53_gcc-12.3.0_musl/include -DCONFIG_LIBNL20 -D_GNU_SOURCE -DCONFIG_MSG_MIN_PRIORITY=3 -I/home/runner/work/ma3063-openwrt/ma3063-openwrt/openwrt/build_dir/target-aarch64_cortex-a53_musl/hostapd-wpad-basic-wolfssl/hostapd-2023-09-08-e5ccbfc6/src -I/home/runner/work/ma3063-openwrt/ma3063-openwrt/openwrt/build_dir/target-aarch64_cortex-a53_musl/hostapd-wpad-basic-wolfssl/hostapd-2023-09-08-e5ccbfc6/src/utils -DCONFIG_ELOOP_EPOLL -DUBUS_SUPPORT -DUCODE_SUPPORT -DCONFIG_HT_OVERRIDES -DCONFIG_VHT_OVERRIDES -DCONFIG_BACKEND_FILE -DCONFIG_NO_CONFIG_WRITE -DCONFIG_OCV -DCONFIG_IEEE80211R -DCONFIG_SAE -DCONFIG_OWE -DCONFIG_WNM -DCONFIG_DRIVER_WIRED -DCONFIG_DRIVER_NL80211 -DCONFIG_MBO -DCONFIG_ACS -DCONFIG_TLS_WOLFSSL -DCONFIG_SHA256 -DCONFIG_HMAC_SHA256_KDF -DCONFIG_HMAC_SHA384_KDF -DCONFIG_HMAC_SHA512_KDF -DCONFIG_SHA384 -DCONFIG_SHA512 -DCONFIG_ECC -DCONFIG_NO_RANDOM_POOL -DCONFIG_CTRL_IFACE -DCONFIG_CTRL_IFACE_UNIX -DCONFIG_NO_LINUX_PACKET_SOCKET_WAR -DCONFIG_SME -DCONFIG_DEBUG_SYSLOG -DLOG_HOSTAPD=LOG_DAEMON ../src/utils/ucode.c
aarch64-openwrt-linux-musl-gcc -c -o /home/runner/work/ma3063-openwrt/ma3063-openwrt/openwrt/build_dir/target-aarch64_cortex-a53_musl/hostapd-wpad-basic-wolfssl/hostapd-2023-09-08-e5ccbfc6/build/wpa_supplicant/ucode.o -I/home/runner/work/ma3063-openwrt/ma3063-openwrt/openwrt/staging_dir/target-aarch64_cortex-a53_musl/usr/include/libnl-tiny -I/home/runner/work/ma3063-openwrt/ma3063-openwrt/openwrt/build_dir/target-aarch64_cortex-a53_musl/hostapd-wpad-basic-wolfssl/hostapd-2023-09-08-e5ccbfc6/src/crypto -I/home/runner/work/ma3063-openwrt/ma3063-openwrt/openwrt/staging_dir/toolchain-aarch64_cortex-a53_gcc-12.3.0_musl/usr/include -I/home/runner/work/ma3063-openwrt/ma3063-openwrt/openwrt/staging_dir/toolchain-aarch64_cortex-a53_gcc-12.3.0_musl/include/fortify -I/home/runner/work/ma3063-openwrt/ma3063-openwrt/openwrt/staging_dir/toolchain-aarch64_cortex-a53_gcc-12.3.0_musl/include -DCONFIG_LIBNL20 -D_GNU_SOURCE -DCONFIG_MSG_MIN_PRIORITY=3 -Os -pipe -mcpu=cortex-a53 -fno-caller-saves -fno-plt -fhonour-copts -fmacro-prefix-map=/home/runner/work/ma3063-openwrt/ma3063-openwrt/openwrt/build_dir/target-aarch64_cortex-a53_musl/hostapd-wpad-basic-wolfssl/hostapd-2023-09-08-e5ccbfc6=hostapd-2023-09-08-e5ccbfc6 -ffunction-sections -fdata-sections -flto=auto -fno-fat-lto-objects -Wformat -Werror=format-security -DPIC -fPIC -fstack-protector -D_FORTIFY_SOURCE=1 -Wl,-z,now -Wl,-z,relro -I/home/runner/work/ma3063-openwrt/ma3063-openwrt/openwrt/build_dir/target-aarch64_cortex-a53_musl/hostapd-wpad-basic-wolfssl/hostapd-2023-09-08-e5ccbfc6/src -I/home/runner/work/ma3063-openwrt/ma3063-openwrt/openwrt/build_dir/target-aarch64_cortex-a53_musl/hostapd-wpad-basic-wolfssl/hostapd-2023-09-08-e5ccbfc6/src/utils -DHOSTAPD -DCONFIG_ELOOP_EPOLL -DUBUS_SUPPORT -DUCODE_SUPPORT -DCONFIG_NO_RADIUS -DCONFIG_NO_ACCOUNTING -DCONFIG_CTRL_IFACE_UNIX -DCONFIG_CTRL_IFACE -DCONFIG_RSN_PREAUTH -DCONFIG_OCV -DCONFIG_IEEE80211R -DCONFIG_IEEE80211R_AP -DCONFIG_ETH_P_OUI -DCONFIG_SAE -DCONFIG_OWE -DCONFIG_AIRTIME_POLICY -DCONFIG_IEEE80211AC -DCONFIG_IEEE80211AX -DCONFIG_MBO -DCONFIG_DRIVER_WIRED -DCONFIG_DRIVER_NL80211 -DCONFIG_DRIVER_WIRED -DCONFIG_DRIVER_NL80211 -DEAP_SERVER_IDENTITY -DCONFIG_TLS_WOLFSSL -DCONFIG_SHA256 -DCONFIG_HMAC_SHA256_KDF -DCONFIG_HMAC_SHA384_KDF -DCONFIG_HMAC_SHA512_KDF -DCONFIG_SHA384 -DCONFIG_SHA512 -DCONFIG_ECC -DCONFIG_NO_RANDOM_POOL -DNEED_AP_MLME -DCONFIG_ACS -DCONFIG_DEBUG_SYSLOG -I/home/runner/work/ma3063-openwrt/ma3063-openwrt/openwrt/staging_dir/target-aarch64_cortex-a53_musl/usr/include/libnl-tiny -I/home/runner/work/ma3063-openwrt/ma3063-openwrt/openwrt/build_dir/target-aarch64_cortex-a53_musl/hostapd-wpad-basic-wolfssl/hostapd-2023-09-08-e5ccbfc6/src/crypto -I/home/runner/work/ma3063-openwrt/ma3063-openwrt/openwrt/staging_dir/toolchain-aarch64_cortex-a53_gcc-12.3.0_musl/usr/include -I/home/runner/work/ma3063-openwrt/ma3063-openwrt/openwrt/staging_dir/toolchain-aarch64_cortex-a53_gcc-12.3.0_musl/include/fortify -I/home/runner/work/ma3063-openwrt/ma3063-openwrt/openwrt/staging_dir/toolchain-aarch64_cortex-a53_gcc-12.3.0_musl/include -DCONFIG_LIBNL20 -D_GNU_SOURCE -DCONFIG_MSG_MIN_PRIORITY=3 -I/home/runner/work/ma3063-openwrt/ma3063-openwrt/openwrt/build_dir/target-aarch64_cortex-a53_musl/hostapd-wpad-basic-wolfssl/hostapd-2023-09-08-e5ccbfc6/src -I/home/runner/work/ma3063-openwrt/ma3063-openwrt/openwrt/build_dir/target-aarch64_cortex-a53_musl/hostapd-wpad-basic-wolfssl/hostapd-2023-09-08-e5ccbfc6/src/utils -DCONFIG_ELOOP_EPOLL -DUBUS_SUPPORT -DUCODE_SUPPORT -DCONFIG_HT_OVERRIDES -DCONFIG_VHT_OVERRIDES -DCONFIG_BACKEND_FILE -DCONFIG_NO_CONFIG_WRITE -DCONFIG_OCV -DCONFIG_IEEE80211R -DCONFIG_SAE -DCONFIG_OWE -DCONFIG_WNM -DCONFIG_DRIVER_WIRED -DCONFIG_DRIVER_NL80211 -DCONFIG_MBO -DCONFIG_ACS -DCONFIG_TLS_WOLFSSL -DCONFIG_SHA256 -DCONFIG_HMAC_SHA256_KDF -DCONFIG_HMAC_SHA384_KDF -DCONFIG_HMAC_SHA512_KDF -DCONFIG_SHA384 -DCONFIG_SHA512 -DCONFIG_ECC -DCONFIG_NO_RANDOM_POOL -DCONFIG_CTRL_IFACE -DCONFIG_CTRL_IFACE_UNIX -DCONFIG_NO_LINUX_PACKET_SOCKET_WAR -DCONFIG_SME -DCONFIG_DEBUG_SYSLOG -DLOG_HOSTAPD=LOG_DAEMON ucode.c
aarch64-openwrt-linux-musl-gcc -c -o /home/runner/work/ma3063-openwrt/ma3063-openwrt/openwrt/build_dir/target-aarch64_cortex-a53_musl/hostapd-wpad-basic-wolfssl/hostapd-2023-09-08-e5ccbfc6/build/wpa_supplicant/src/utils/uloop.o -I/home/runner/work/ma3063-openwrt/ma3063-openwrt/openwrt/staging_dir/target-aarch64_cortex-a53_musl/usr/include/libnl-tiny -I/home/runner/work/ma3063-openwrt/ma3063-openwrt/openwrt/build_dir/target-aarch64_cortex-a53_musl/hostapd-wpad-basic-wolfssl/hostapd-2023-09-08-e5ccbfc6/src/crypto -I/home/runner/work/ma3063-openwrt/ma3063-openwrt/openwrt/staging_dir/toolchain-aarch64_cortex-a53_gcc-12.3.0_musl/usr/include -I/home/runner/work/ma3063-openwrt/ma3063-openwrt/openwrt/staging_dir/toolchain-aarch64_cortex-a53_gcc-12.3.0_musl/include/fortify -I/home/runner/work/ma3063-openwrt/ma3063-openwrt/openwrt/staging_dir/toolchain-aarch64_cortex-a53_gcc-12.3.0_musl/include -DCONFIG_LIBNL20 -D_GNU_SOURCE -DCONFIG_MSG_MIN_PRIORITY=3 -Os -pipe -mcpu=cortex-a53 -fno-caller-saves -fno-plt -fhonour-copts -fmacro-prefix-map=/home/runner/work/ma3063-openwrt/ma3063-openwrt/openwrt/build_dir/target-aarch64_cortex-a53_musl/hostapd-wpad-basic-wolfssl/hostapd-2023-09-08-e5ccbfc6=hostapd-2023-09-08-e5ccbfc6 -ffunction-sections -fdata-sections -flto=auto -fno-fat-lto-objects -Wformat -Werror=format-security -DPIC -fPIC -fstack-protector -D_FORTIFY_SOURCE=1 -Wl,-z,now -Wl,-z,relro -I/home/runner/work/ma3063-openwrt/ma3063-openwrt/openwrt/build_dir/target-aarch64_cortex-a53_musl/hostapd-wpad-basic-wolfssl/hostapd-2023-09-08-e5ccbfc6/src -I/home/runner/work/ma3063-openwrt/ma3063-openwrt/openwrt/build_dir/target-aarch64_cortex-a53_musl/hostapd-wpad-basic-wolfssl/hostapd-2023-09-08-e5ccbfc6/src/utils -DHOSTAPD -DCONFIG_ELOOP_EPOLL -DUBUS_SUPPORT -DUCODE_SUPPORT -DCONFIG_NO_RADIUS -DCONFIG_NO_ACCOUNTING -DCONFIG_CTRL_IFACE_UNIX -DCONFIG_CTRL_IFACE -DCONFIG_RSN_PREAUTH -DCONFIG_OCV -DCONFIG_IEEE80211R -DCONFIG_IEEE80211R_AP -DCONFIG_ETH_P_OUI -DCONFIG_SAE -DCONFIG_OWE -DCONFIG_AIRTIME_POLICY -DCONFIG_IEEE80211AC -DCONFIG_IEEE80211AX -DCONFIG_MBO -DCONFIG_DRIVER_WIRED -DCONFIG_DRIVER_NL80211 -DCONFIG_DRIVER_WIRED -DCONFIG_DRIVER_NL80211 -DEAP_SERVER_IDENTITY -DCONFIG_TLS_WOLFSSL -DCONFIG_SHA256 -DCONFIG_HMAC_SHA256_KDF -DCONFIG_HMAC_SHA384_KDF -DCONFIG_HMAC_SHA512_KDF -DCONFIG_SHA384 -DCONFIG_SHA512 -DCONFIG_ECC -DCONFIG_NO_RANDOM_POOL -DNEED_AP_MLME -DCONFIG_ACS -DCONFIG_DEBUG_SYSLOG -I/home/runner/work/ma3063-openwrt/ma3063-openwrt/openwrt/staging_dir/target-aarch64_cortex-a53_musl/usr/include/libnl-tiny -I/home/runner/work/ma3063-openwrt/ma3063-openwrt/openwrt/build_dir/target-aarch64_cortex-a53_musl/hostapd-wpad-basic-wolfssl/hostapd-2023-09-08-e5ccbfc6/src/crypto -I/home/runner/work/ma3063-openwrt/ma3063-openwrt/openwrt/staging_dir/toolchain-aarch64_cortex-a53_gcc-12.3.0_musl/usr/include -I/home/runner/work/ma3063-openwrt/ma3063-openwrt/openwrt/staging_dir/toolchain-aarch64_cortex-a53_gcc-12.3.0_musl/include/fortify -I/home/runner/work/ma3063-openwrt/ma3063-openwrt/openwrt/staging_dir/toolchain-aarch64_cortex-a53_gcc-12.3.0_musl/include -DCONFIG_LIBNL20 -D_GNU_SOURCE -DCONFIG_MSG_MIN_PRIORITY=3 -I/home/runner/work/ma3063-openwrt/ma3063-openwrt/openwrt/build_dir/target-aarch64_cortex-a53_musl/hostapd-wpad-basic-wolfssl/hostapd-2023-09-08-e5ccbfc6/src -I/home/runner/work/ma3063-openwrt/ma3063-openwrt/openwrt/build_dir/target-aarch64_cortex-a53_musl/hostapd-wpad-basic-wolfssl/hostapd-2023-09-08-e5ccbfc6/src/utils -DCONFIG_ELOOP_EPOLL -DUBUS_SUPPORT -DUCODE_SUPPORT -DCONFIG_HT_OVERRIDES -DCONFIG_VHT_OVERRIDES -DCONFIG_BACKEND_FILE -DCONFIG_NO_CONFIG_WRITE -DCONFIG_OCV -DCONFIG_IEEE80211R -DCONFIG_SAE -DCONFIG_OWE -DCONFIG_WNM -DCONFIG_DRIVER_WIRED -DCONFIG_DRIVER_NL80211 -DCONFIG_MBO -DCONFIG_ACS -DCONFIG_TLS_WOLFSSL -DCONFIG_SHA256 -DCONFIG_HMAC_SHA256_KDF -DCONFIG_HMAC_SHA384_KDF -DCONFIG_HMAC_SHA512_KDF -DCONFIG_SHA384 -DCONFIG_SHA512 -DCONFIG_ECC -DCONFIG_NO_RANDOM_POOL -DCONFIG_CTRL_IFACE -DCONFIG_CTRL_IFACE_UNIX -DCONFIG_NO_LINUX_PACKET_SOCKET_WAR -DCONFIG_SME -DCONFIG_DEBUG_SYSLOG -DLOG_HOSTAPD=LOG_DAEMON ../src/utils/uloop.c
aarch64-openwrt-linux-musl-gcc -c -o /home/runner/work/ma3063-openwrt/ma3063-openwrt/openwrt/build_dir/target-aarch64_cortex-a53_musl/hostapd-wpad-basic-wolfssl/hostapd-2023-09-08-e5ccbfc6/build/wpa_supplicant/config_file.o -I/home/runner/work/ma3063-openwrt/ma3063-openwrt/openwrt/staging_dir/target-aarch64_cortex-a53_musl/usr/include/libnl-tiny -I/home/runner/work/ma3063-openwrt/ma3063-openwrt/openwrt/build_dir/target-aarch64_cortex-a53_musl/hostapd-wpad-basic-wolfssl/hostapd-2023-09-08-e5ccbfc6/src/crypto -I/home/runner/work/ma3063-openwrt/ma3063-openwrt/openwrt/staging_dir/toolchain-aarch64_cortex-a53_gcc-12.3.0_musl/usr/include -I/home/runner/work/ma3063-openwrt/ma3063-openwrt/openwrt/staging_dir/toolchain-aarch64_cortex-a53_gcc-12.3.0_musl/include/fortify -I/home/runner/work/ma3063-openwrt/ma3063-openwrt/openwrt/staging_dir/toolchain-aarch64_cortex-a53_gcc-12.3.0_musl/include -DCONFIG_LIBNL20 -D_GNU_SOURCE -DCONFIG_MSG_MIN_PRIORITY=3 -Os -pipe -mcpu=cortex-a53 -fno-caller-saves -fno-plt -fhonour-copts -fmacro-prefix-map=/home/runner/work/ma3063-openwrt/ma3063-openwrt/openwrt/build_dir/target-aarch64_cortex-a53_musl/hostapd-wpad-basic-wolfssl/hostapd-2023-09-08-e5ccbfc6=hostapd-2023-09-08-e5ccbfc6 -ffunction-sections -fdata-sections -flto=auto -fno-fat-lto-objects -Wformat -Werror=format-security -DPIC -fPIC -fstack-protector -D_FORTIFY_SOURCE=1 -Wl,-z,now -Wl,-z,relro -I/home/runner/work/ma3063-openwrt/ma3063-openwrt/openwrt/build_dir/target-aarch64_cortex-a53_musl/hostapd-wpad-basic-wolfssl/hostapd-2023-09-08-e5ccbfc6/src -I/home/runner/work/ma3063-openwrt/ma3063-openwrt/openwrt/build_dir/target-aarch64_cortex-a53_musl/hostapd-wpad-basic-wolfssl/hostapd-2023-09-08-e5ccbfc6/src/utils -DHOSTAPD -DCONFIG_ELOOP_EPOLL -DUBUS_SUPPORT -DUCODE_SUPPORT -DCONFIG_NO_RADIUS -DCONFIG_NO_ACCOUNTING -DCONFIG_CTRL_IFACE_UNIX -DCONFIG_CTRL_IFACE -DCONFIG_RSN_PREAUTH -DCONFIG_OCV -DCONFIG_IEEE80211R -DCONFIG_IEEE80211R_AP -DCONFIG_ETH_P_OUI -DCONFIG_SAE -DCONFIG_OWE -DCONFIG_AIRTIME_POLICY -DCONFIG_IEEE80211AC -DCONFIG_IEEE80211AX -DCONFIG_MBO -DCONFIG_DRIVER_WIRED -DCONFIG_DRIVER_NL80211 -DCONFIG_DRIVER_WIRED -DCONFIG_DRIVER_NL80211 -DEAP_SERVER_IDENTITY -DCONFIG_TLS_WOLFSSL -DCONFIG_SHA256 -DCONFIG_HMAC_SHA256_KDF -DCONFIG_HMAC_SHA384_KDF -DCONFIG_HMAC_SHA512_KDF -DCONFIG_SHA384 -DCONFIG_SHA512 -DCONFIG_ECC -DCONFIG_NO_RANDOM_POOL -DNEED_AP_MLME -DCONFIG_ACS -DCONFIG_DEBUG_SYSLOG -I/home/runner/work/ma3063-openwrt/ma3063-openwrt/openwrt/staging_dir/target-aarch64_cortex-a53_musl/usr/include/libnl-tiny -I/home/runner/work/ma3063-openwrt/ma3063-openwrt/openwrt/build_dir/target-aarch64_cortex-a53_musl/hostapd-wpad-basic-wolfssl/hostapd-2023-09-08-e5ccbfc6/src/crypto -I/home/runner/work/ma3063-openwrt/ma3063-openwrt/openwrt/staging_dir/toolchain-aarch64_cortex-a53_gcc-12.3.0_musl/usr/include -I/home/runner/work/ma3063-openwrt/ma3063-openwrt/openwrt/staging_dir/toolchain-aarch64_cortex-a53_gcc-12.3.0_musl/include/fortify -I/home/runner/work/ma3063-openwrt/ma3063-openwrt/openwrt/staging_dir/toolchain-aarch64_cortex-a53_gcc-12.3.0_musl/include -DCONFIG_LIBNL20 -D_GNU_SOURCE -DCONFIG_MSG_MIN_PRIORITY=3 -I/home/runner/work/ma3063-openwrt/ma3063-openwrt/openwrt/build_dir/target-aarch64_cortex-a53_musl/hostapd-wpad-basic-wolfssl/hostapd-2023-09-08-e5ccbfc6/src -I/home/runner/work/ma3063-openwrt/ma3063-openwrt/openwrt/build_dir/target-aarch64_cortex-a53_musl/hostapd-wpad-basic-wolfssl/hostapd-2023-09-08-e5ccbfc6/src/utils -DCONFIG_ELOOP_EPOLL -DUBUS_SUPPORT -DUCODE_SUPPORT -DCONFIG_HT_OVERRIDES -DCONFIG_VHT_OVERRIDES -DCONFIG_BACKEND_FILE -DCONFIG_NO_CONFIG_WRITE -DCONFIG_OCV -DCONFIG_IEEE80211R -DCONFIG_SAE -DCONFIG_OWE -DCONFIG_WNM -DCONFIG_DRIVER_WIRED -DCONFIG_DRIVER_NL80211 -DCONFIG_MBO -DCONFIG_ACS -DCONFIG_TLS_WOLFSSL -DCONFIG_SHA256 -DCONFIG_HMAC_SHA256_KDF -DCONFIG_HMAC_SHA384_KDF -DCONFIG_HMAC_SHA512_KDF -DCONFIG_SHA384 -DCONFIG_SHA512 -DCONFIG_ECC -DCONFIG_NO_RANDOM_POOL -DCONFIG_CTRL_IFACE -DCONFIG_CTRL_IFACE_UNIX -DCONFIG_NO_LINUX_PACKET_SOCKET_WAR -DCONFIG_SME -DCONFIG_DEBUG_SYSLOG -DLOG_HOSTAPD=LOG_DAEMON config_file.c
aarch64-openwrt-linux-musl-gcc -c -o /home/runner/work/ma3063-openwrt/ma3063-openwrt/openwrt/build_dir/target-aarch64_cortex-a53_musl/hostapd-wpad-basic-wolfssl/hostapd-2023-09-08-e5ccbfc6/build/wpa_supplicant/src/common/ocv.o -I/home/runner/work/ma3063-openwrt/ma3063-openwrt/openwrt/staging_dir/target-aarch64_cortex-a53_musl/usr/include/libnl-tiny -I/home/runner/work/ma3063-openwrt/ma3063-openwrt/openwrt/build_dir/target-aarch64_cortex-a53_musl/hostapd-wpad-basic-wolfssl/hostapd-2023-09-08-e5ccbfc6/src/crypto -I/home/runner/work/ma3063-openwrt/ma3063-openwrt/openwrt/staging_dir/toolchain-aarch64_cortex-a53_gcc-12.3.0_musl/usr/include -I/home/runner/work/ma3063-openwrt/ma3063-openwrt/openwrt/staging_dir/toolchain-aarch64_cortex-a53_gcc-12.3.0_musl/include/fortify -I/home/runner/work/ma3063-openwrt/ma3063-openwrt/openwrt/staging_dir/toolchain-aarch64_cortex-a53_gcc-12.3.0_musl/include -DCONFIG_LIBNL20 -D_GNU_SOURCE -DCONFIG_MSG_MIN_PRIORITY=3 -Os -pipe -mcpu=cortex-a53 -fno-caller-saves -fno-plt -fhonour-copts -fmacro-prefix-map=/home/runner/work/ma3063-openwrt/ma3063-openwrt/openwrt/build_dir/target-aarch64_cortex-a53_musl/hostapd-wpad-basic-wolfssl/hostapd-2023-09-08-e5ccbfc6=hostapd-2023-09-08-e5ccbfc6 -ffunction-sections -fdata-sections -flto=auto -fno-fat-lto-objects -Wformat -Werror=format-security -DPIC -fPIC -fstack-protector -D_FORTIFY_SOURCE=1 -Wl,-z,now -Wl,-z,relro -I/home/runner/work/ma3063-openwrt/ma3063-openwrt/openwrt/build_dir/target-aarch64_cortex-a53_musl/hostapd-wpad-basic-wolfssl/hostapd-2023-09-08-e5ccbfc6/src -I/home/runner/work/ma3063-openwrt/ma3063-openwrt/openwrt/build_dir/target-aarch64_cortex-a53_musl/hostapd-wpad-basic-wolfssl/hostapd-2023-09-08-e5ccbfc6/src/utils -DHOSTAPD -DCONFIG_ELOOP_EPOLL -DUBUS_SUPPORT -DUCODE_SUPPORT -DCONFIG_NO_RADIUS -DCONFIG_NO_ACCOUNTING -DCONFIG_CTRL_IFACE_UNIX -DCONFIG_CTRL_IFACE -DCONFIG_RSN_PREAUTH -DCONFIG_OCV -DCONFIG_IEEE80211R -DCONFIG_IEEE80211R_AP -DCONFIG_ETH_P_OUI -DCONFIG_SAE -DCONFIG_OWE -DCONFIG_AIRTIME_POLICY -DCONFIG_IEEE80211AC -DCONFIG_IEEE80211AX -DCONFIG_MBO -DCONFIG_DRIVER_WIRED -DCONFIG_DRIVER_NL80211 -DCONFIG_DRIVER_WIRED -DCONFIG_DRIVER_NL80211 -DEAP_SERVER_IDENTITY -DCONFIG_TLS_WOLFSSL -DCONFIG_SHA256 -DCONFIG_HMAC_SHA256_KDF -DCONFIG_HMAC_SHA384_KDF -DCONFIG_HMAC_SHA512_KDF -DCONFIG_SHA384 -DCONFIG_SHA512 -DCONFIG_ECC -DCONFIG_NO_RANDOM_POOL -DNEED_AP_MLME -DCONFIG_ACS -DCONFIG_DEBUG_SYSLOG -I/home/runner/work/ma3063-openwrt/ma3063-openwrt/openwrt/staging_dir/target-aarch64_cortex-a53_musl/usr/include/libnl-tiny -I/home/runner/work/ma3063-openwrt/ma3063-openwrt/openwrt/build_dir/target-aarch64_cortex-a53_musl/hostapd-wpad-basic-wolfssl/hostapd-2023-09-08-e5ccbfc6/src/crypto -I/home/runner/work/ma3063-openwrt/ma3063-openwrt/openwrt/staging_dir/toolchain-aarch64_cortex-a53_gcc-12.3.0_musl/usr/include -I/home/runner/work/ma3063-openwrt/ma3063-openwrt/openwrt/staging_dir/toolchain-aarch64_cortex-a53_gcc-12.3.0_musl/include/fortify -I/home/runner/work/ma3063-openwrt/ma3063-openwrt/openwrt/staging_dir/toolchain-aarch64_cortex-a53_gcc-12.3.0_musl/include -DCONFIG_LIBNL20 -D_GNU_SOURCE -DCONFIG_MSG_MIN_PRIORITY=3 -I/home/runner/work/ma3063-openwrt/ma3063-openwrt/openwrt/build_dir/target-aarch64_cortex-a53_musl/hostapd-wpad-basic-wolfssl/hostapd-2023-09-08-e5ccbfc6/src -I/home/runner/work/ma3063-openwrt/ma3063-openwrt/openwrt/build_dir/target-aarch64_cortex-a53_musl/hostapd-wpad-basic-wolfssl/hostapd-2023-09-08-e5ccbfc6/src/utils -DCONFIG_ELOOP_EPOLL -DUBUS_SUPPORT -DUCODE_SUPPORT -DCONFIG_HT_OVERRIDES -DCONFIG_VHT_OVERRIDES -DCONFIG_BACKEND_FILE -DCONFIG_NO_CONFIG_WRITE -DCONFIG_OCV -DCONFIG_IEEE80211R -DCONFIG_SAE -DCONFIG_OWE -DCONFIG_WNM -DCONFIG_DRIVER_WIRED -DCONFIG_DRIVER_NL80211 -DCONFIG_MBO -DCONFIG_ACS -DCONFIG_TLS_WOLFSSL -DCONFIG_SHA256 -DCONFIG_HMAC_SHA256_KDF -DCONFIG_HMAC_SHA384_KDF -DCONFIG_HMAC_SHA512_KDF -DCONFIG_SHA384 -DCONFIG_SHA512 -DCONFIG_ECC -DCONFIG_NO_RANDOM_POOL -DCONFIG_CTRL_IFACE -DCONFIG_CTRL_IFACE_UNIX -DCONFIG_NO_LINUX_PACKET_SOCKET_WAR -DCONFIG_SME -DCONFIG_DEBUG_SYSLOG -DLOG_HOSTAPD=LOG_DAEMON ../src/common/ocv.c
aarch64-openwrt-linux-musl-gcc -c -o /home/runner/work/ma3063-openwrt/ma3063-openwrt/openwrt/build_dir/target-aarch64_cortex-a53_musl/hostapd-wpad-basic-wolfssl/hostapd-2023-09-08-e5ccbfc6/build/wpa_supplicant/src/rsn_supp/wpa_ft.o -I/home/runner/work/ma3063-openwrt/ma3063-openwrt/openwrt/staging_dir/target-aarch64_cortex-a53_musl/usr/include/libnl-tiny -I/home/runner/work/ma3063-openwrt/ma3063-openwrt/openwrt/build_dir/target-aarch64_cortex-a53_musl/hostapd-wpad-basic-wolfssl/hostapd-2023-09-08-e5ccbfc6/src/crypto -I/home/runner/work/ma3063-openwrt/ma3063-openwrt/openwrt/staging_dir/toolchain-aarch64_cortex-a53_gcc-12.3.0_musl/usr/include -I/home/runner/work/ma3063-openwrt/ma3063-openwrt/openwrt/staging_dir/toolchain-aarch64_cortex-a53_gcc-12.3.0_musl/include/fortify -I/home/runner/work/ma3063-openwrt/ma3063-openwrt/openwrt/staging_dir/toolchain-aarch64_cortex-a53_gcc-12.3.0_musl/include -DCONFIG_LIBNL20 -D_GNU_SOURCE -DCONFIG_MSG_MIN_PRIORITY=3 -Os -pipe -mcpu=cortex-a53 -fno-caller-saves -fno-plt -fhonour-copts -fmacro-prefix-map=/home/runner/work/ma3063-openwrt/ma3063-openwrt/openwrt/build_dir/target-aarch64_cortex-a53_musl/hostapd-wpad-basic-wolfssl/hostapd-2023-09-08-e5ccbfc6=hostapd-2023-09-08-e5ccbfc6 -ffunction-sections -fdata-sections -flto=auto -fno-fat-lto-objects -Wformat -Werror=format-security -DPIC -fPIC -fstack-protector -D_FORTIFY_SOURCE=1 -Wl,-z,now -Wl,-z,relro -I/home/runner/work/ma3063-openwrt/ma3063-openwrt/openwrt/build_dir/target-aarch64_cortex-a53_musl/hostapd-wpad-basic-wolfssl/hostapd-2023-09-08-e5ccbfc6/src -I/home/runner/work/ma3063-openwrt/ma3063-openwrt/openwrt/build_dir/target-aarch64_cortex-a53_musl/hostapd-wpad-basic-wolfssl/hostapd-2023-09-08-e5ccbfc6/src/utils -DHOSTAPD -DCONFIG_ELOOP_EPOLL -DUBUS_SUPPORT -DUCODE_SUPPORT -DCONFIG_NO_RADIUS -DCONFIG_NO_ACCOUNTING -DCONFIG_CTRL_IFACE_UNIX -DCONFIG_CTRL_IFACE -DCONFIG_RSN_PREAUTH -DCONFIG_OCV -DCONFIG_IEEE80211R -DCONFIG_IEEE80211R_AP -DCONFIG_ETH_P_OUI -DCONFIG_SAE -DCONFIG_OWE -DCONFIG_AIRTIME_POLICY -DCONFIG_IEEE80211AC -DCONFIG_IEEE80211AX -DCONFIG_MBO -DCONFIG_DRIVER_WIRED -DCONFIG_DRIVER_NL80211 -DCONFIG_DRIVER_WIRED -DCONFIG_DRIVER_NL80211 -DEAP_SERVER_IDENTITY -DCONFIG_TLS_WOLFSSL -DCONFIG_SHA256 -DCONFIG_HMAC_SHA256_KDF -DCONFIG_HMAC_SHA384_KDF -DCONFIG_HMAC_SHA512_KDF -DCONFIG_SHA384 -DCONFIG_SHA512 -DCONFIG_ECC -DCONFIG_NO_RANDOM_POOL -DNEED_AP_MLME -DCONFIG_ACS -DCONFIG_DEBUG_SYSLOG -I/home/runner/work/ma3063-openwrt/ma3063-openwrt/openwrt/staging_dir/target-aarch64_cortex-a53_musl/usr/include/libnl-tiny -I/home/runner/work/ma3063-openwrt/ma3063-openwrt/openwrt/build_dir/target-aarch64_cortex-a53_musl/hostapd-wpad-basic-wolfssl/hostapd-2023-09-08-e5ccbfc6/src/crypto -I/home/runner/work/ma3063-openwrt/ma3063-openwrt/openwrt/staging_dir/toolchain-aarch64_cortex-a53_gcc-12.3.0_musl/usr/include -I/home/runner/work/ma3063-openwrt/ma3063-openwrt/openwrt/staging_dir/toolchain-aarch64_cortex-a53_gcc-12.3.0_musl/include/fortify -I/home/runner/work/ma3063-openwrt/ma3063-openwrt/openwrt/staging_dir/toolchain-aarch64_cortex-a53_gcc-12.3.0_musl/include -DCONFIG_LIBNL20 -D_GNU_SOURCE -DCONFIG_MSG_MIN_PRIORITY=3 -I/home/runner/work/ma3063-openwrt/ma3063-openwrt/openwrt/build_dir/target-aarch64_cortex-a53_musl/hostapd-wpad-basic-wolfssl/hostapd-2023-09-08-e5ccbfc6/src -I/home/runner/work/ma3063-openwrt/ma3063-openwrt/openwrt/build_dir/target-aarch64_cortex-a53_musl/hostapd-wpad-basic-wolfssl/hostapd-2023-09-08-e5ccbfc6/src/utils -DCONFIG_ELOOP_EPOLL -DUBUS_SUPPORT -DUCODE_SUPPORT -DCONFIG_HT_OVERRIDES -DCONFIG_VHT_OVERRIDES -DCONFIG_BACKEND_FILE -DCONFIG_NO_CONFIG_WRITE -DCONFIG_OCV -DCONFIG_IEEE80211R -DCONFIG_SAE -DCONFIG_OWE -DCONFIG_WNM -DCONFIG_DRIVER_WIRED -DCONFIG_DRIVER_NL80211 -DCONFIG_MBO -DCONFIG_ACS -DCONFIG_TLS_WOLFSSL -DCONFIG_SHA256 -DCONFIG_HMAC_SHA256_KDF -DCONFIG_HMAC_SHA384_KDF -DCONFIG_HMAC_SHA512_KDF -DCONFIG_SHA384 -DCONFIG_SHA512 -DCONFIG_ECC -DCONFIG_NO_RANDOM_POOL -DCONFIG_CTRL_IFACE -DCONFIG_CTRL_IFACE_UNIX -DCONFIG_NO_LINUX_PACKET_SOCKET_WAR -DCONFIG_SME -DCONFIG_DEBUG_SYSLOG -DLOG_HOSTAPD=LOG_DAEMON ../src/rsn_supp/wpa_ft.c
aarch64-openwrt-linux-musl-gcc -c -o /home/runner/work/ma3063-openwrt/ma3063-openwrt/openwrt/build_dir/target-aarch64_cortex-a53_musl/hostapd-wpad-basic-wolfssl/hostapd-2023-09-08-e5ccbfc6/build/wpa_supplicant/src/common/sae.o -I/home/runner/work/ma3063-openwrt/ma3063-openwrt/openwrt/staging_dir/target-aarch64_cortex-a53_musl/usr/include/libnl-tiny -I/home/runner/work/ma3063-openwrt/ma3063-openwrt/openwrt/build_dir/target-aarch64_cortex-a53_musl/hostapd-wpad-basic-wolfssl/hostapd-2023-09-08-e5ccbfc6/src/crypto -I/home/runner/work/ma3063-openwrt/ma3063-openwrt/openwrt/staging_dir/toolchain-aarch64_cortex-a53_gcc-12.3.0_musl/usr/include -I/home/runner/work/ma3063-openwrt/ma3063-openwrt/openwrt/staging_dir/toolchain-aarch64_cortex-a53_gcc-12.3.0_musl/include/fortify -I/home/runner/work/ma3063-openwrt/ma3063-openwrt/openwrt/staging_dir/toolchain-aarch64_cortex-a53_gcc-12.3.0_musl/include -DCONFIG_LIBNL20 -D_GNU_SOURCE -DCONFIG_MSG_MIN_PRIORITY=3 -Os -pipe -mcpu=cortex-a53 -fno-caller-saves -fno-plt -fhonour-copts -fmacro-prefix-map=/home/runner/work/ma3063-openwrt/ma3063-openwrt/openwrt/build_dir/target-aarch64_cortex-a53_musl/hostapd-wpad-basic-wolfssl/hostapd-2023-09-08-e5ccbfc6=hostapd-2023-09-08-e5ccbfc6 -ffunction-sections -fdata-sections -flto=auto -fno-fat-lto-objects -Wformat -Werror=format-security -DPIC -fPIC -fstack-protector -D_FORTIFY_SOURCE=1 -Wl,-z,now -Wl,-z,relro -I/home/runner/work/ma3063-openwrt/ma3063-openwrt/openwrt/build_dir/target-aarch64_cortex-a53_musl/hostapd-wpad-basic-wolfssl/hostapd-2023-09-08-e5ccbfc6/src -I/home/runner/work/ma3063-openwrt/ma3063-openwrt/openwrt/build_dir/target-aarch64_cortex-a53_musl/hostapd-wpad-basic-wolfssl/hostapd-2023-09-08-e5ccbfc6/src/utils -DHOSTAPD -DCONFIG_ELOOP_EPOLL -DUBUS_SUPPORT -DUCODE_SUPPORT -DCONFIG_NO_RADIUS -DCONFIG_NO_ACCOUNTING -DCONFIG_CTRL_IFACE_UNIX -DCONFIG_CTRL_IFACE -DCONFIG_RSN_PREAUTH -DCONFIG_OCV -DCONFIG_IEEE80211R -DCONFIG_IEEE80211R_AP -DCONFIG_ETH_P_OUI -DCONFIG_SAE -DCONFIG_OWE -DCONFIG_AIRTIME_POLICY -DCONFIG_IEEE80211AC -DCONFIG_IEEE80211AX -DCONFIG_MBO -DCONFIG_DRIVER_WIRED -DCONFIG_DRIVER_NL80211 -DCONFIG_DRIVER_WIRED -DCONFIG_DRIVER_NL80211 -DEAP_SERVER_IDENTITY -DCONFIG_TLS_WOLFSSL -DCONFIG_SHA256 -DCONFIG_HMAC_SHA256_KDF -DCONFIG_HMAC_SHA384_KDF -DCONFIG_HMAC_SHA512_KDF -DCONFIG_SHA384 -DCONFIG_SHA512 -DCONFIG_ECC -DCONFIG_NO_RANDOM_POOL -DNEED_AP_MLME -DCONFIG_ACS -DCONFIG_DEBUG_SYSLOG -I/home/runner/work/ma3063-openwrt/ma3063-openwrt/openwrt/staging_dir/target-aarch64_cortex-a53_musl/usr/include/libnl-tiny -I/home/runner/work/ma3063-openwrt/ma3063-openwrt/openwrt/build_dir/target-aarch64_cortex-a53_musl/hostapd-wpad-basic-wolfssl/hostapd-2023-09-08-e5ccbfc6/src/crypto -I/home/runner/work/ma3063-openwrt/ma3063-openwrt/openwrt/staging_dir/toolchain-aarch64_cortex-a53_gcc-12.3.0_musl/usr/include -I/home/runner/work/ma3063-openwrt/ma3063-openwrt/openwrt/staging_dir/toolchain-aarch64_cortex-a53_gcc-12.3.0_musl/include/fortify -I/home/runner/work/ma3063-openwrt/ma3063-openwrt/openwrt/staging_dir/toolchain-aarch64_cortex-a53_gcc-12.3.0_musl/include -DCONFIG_LIBNL20 -D_GNU_SOURCE -DCONFIG_MSG_MIN_PRIORITY=3 -I/home/runner/work/ma3063-openwrt/ma3063-openwrt/openwrt/build_dir/target-aarch64_cortex-a53_musl/hostapd-wpad-basic-wolfssl/hostapd-2023-09-08-e5ccbfc6/src -I/home/runner/work/ma3063-openwrt/ma3063-openwrt/openwrt/build_dir/target-aarch64_cortex-a53_musl/hostapd-wpad-basic-wolfssl/hostapd-2023-09-08-e5ccbfc6/src/utils -DCONFIG_ELOOP_EPOLL -DUBUS_SUPPORT -DUCODE_SUPPORT -DCONFIG_HT_OVERRIDES -DCONFIG_VHT_OVERRIDES -DCONFIG_BACKEND_FILE -DCONFIG_NO_CONFIG_WRITE -DCONFIG_OCV -DCONFIG_IEEE80211R -DCONFIG_SAE -DCONFIG_OWE -DCONFIG_WNM -DCONFIG_DRIVER_WIRED -DCONFIG_DRIVER_NL80211 -DCONFIG_MBO -DCONFIG_ACS -DCONFIG_TLS_WOLFSSL -DCONFIG_SHA256 -DCONFIG_HMAC_SHA256_KDF -DCONFIG_HMAC_SHA384_KDF -DCONFIG_HMAC_SHA512_KDF -DCONFIG_SHA384 -DCONFIG_SHA512 -DCONFIG_ECC -DCONFIG_NO_RANDOM_POOL -DCONFIG_CTRL_IFACE -DCONFIG_CTRL_IFACE_UNIX -DCONFIG_NO_LINUX_PACKET_SOCKET_WAR -DCONFIG_SME -DCONFIG_DEBUG_SYSLOG -DLOG_HOSTAPD=LOG_DAEMON ../src/common/sae.c
aarch64-openwrt-linux-musl-gcc -c -o /home/runner/work/ma3063-openwrt/ma3063-openwrt/openwrt/build_dir/target-aarch64_cortex-a53_musl/hostapd-wpad-basic-wolfssl/hostapd-2023-09-08-e5ccbfc6/build/wpa_supplicant/wnm_sta.o -I/home/runner/work/ma3063-openwrt/ma3063-openwrt/openwrt/staging_dir/target-aarch64_cortex-a53_musl/usr/include/libnl-tiny -I/home/runner/work/ma3063-openwrt/ma3063-openwrt/openwrt/build_dir/target-aarch64_cortex-a53_musl/hostapd-wpad-basic-wolfssl/hostapd-2023-09-08-e5ccbfc6/src/crypto -I/home/runner/work/ma3063-openwrt/ma3063-openwrt/openwrt/staging_dir/toolchain-aarch64_cortex-a53_gcc-12.3.0_musl/usr/include -I/home/runner/work/ma3063-openwrt/ma3063-openwrt/openwrt/staging_dir/toolchain-aarch64_cortex-a53_gcc-12.3.0_musl/include/fortify -I/home/runner/work/ma3063-openwrt/ma3063-openwrt/openwrt/staging_dir/toolchain-aarch64_cortex-a53_gcc-12.3.0_musl/include -DCONFIG_LIBNL20 -D_GNU_SOURCE -DCONFIG_MSG_MIN_PRIORITY=3 -Os -pipe -mcpu=cortex-a53 -fno-caller-saves -fno-plt -fhonour-copts -fmacro-prefix-map=/home/runner/work/ma3063-openwrt/ma3063-openwrt/openwrt/build_dir/target-aarch64_cortex-a53_musl/hostapd-wpad-basic-wolfssl/hostapd-2023-09-08-e5ccbfc6=hostapd-2023-09-08-e5ccbfc6 -ffunction-sections -fdata-sections -flto=auto -fno-fat-lto-objects -Wformat -Werror=format-security -DPIC -fPIC -fstack-protector -D_FORTIFY_SOURCE=1 -Wl,-z,now -Wl,-z,relro -I/home/runner/work/ma3063-openwrt/ma3063-openwrt/openwrt/build_dir/target-aarch64_cortex-a53_musl/hostapd-wpad-basic-wolfssl/hostapd-2023-09-08-e5ccbfc6/src -I/home/runner/work/ma3063-openwrt/ma3063-openwrt/openwrt/build_dir/target-aarch64_cortex-a53_musl/hostapd-wpad-basic-wolfssl/hostapd-2023-09-08-e5ccbfc6/src/utils -DHOSTAPD -DCONFIG_ELOOP_EPOLL -DUBUS_SUPPORT -DUCODE_SUPPORT -DCONFIG_NO_RADIUS -DCONFIG_NO_ACCOUNTING -DCONFIG_CTRL_IFACE_UNIX -DCONFIG_CTRL_IFACE -DCONFIG_RSN_PREAUTH -DCONFIG_OCV -DCONFIG_IEEE80211R -DCONFIG_IEEE80211R_AP -DCONFIG_ETH_P_OUI -DCONFIG_SAE -DCONFIG_OWE -DCONFIG_AIRTIME_POLICY -DCONFIG_IEEE80211AC -DCONFIG_IEEE80211AX -DCONFIG_MBO -DCONFIG_DRIVER_WIRED -DCONFIG_DRIVER_NL80211 -DCONFIG_DRIVER_WIRED -DCONFIG_DRIVER_NL80211 -DEAP_SERVER_IDENTITY -DCONFIG_TLS_WOLFSSL -DCONFIG_SHA256 -DCONFIG_HMAC_SHA256_KDF -DCONFIG_HMAC_SHA384_KDF -DCONFIG_HMAC_SHA512_KDF -DCONFIG_SHA384 -DCONFIG_SHA512 -DCONFIG_ECC -DCONFIG_NO_RANDOM_POOL -DNEED_AP_MLME -DCONFIG_ACS -DCONFIG_DEBUG_SYSLOG -I/home/runner/work/ma3063-openwrt/ma3063-openwrt/openwrt/staging_dir/target-aarch64_cortex-a53_musl/usr/include/libnl-tiny -I/home/runner/work/ma3063-openwrt/ma3063-openwrt/openwrt/build_dir/target-aarch64_cortex-a53_musl/hostapd-wpad-basic-wolfssl/hostapd-2023-09-08-e5ccbfc6/src/crypto -I/home/runner/work/ma3063-openwrt/ma3063-openwrt/openwrt/staging_dir/toolchain-aarch64_cortex-a53_gcc-12.3.0_musl/usr/include -I/home/runner/work/ma3063-openwrt/ma3063-openwrt/openwrt/staging_dir/toolchain-aarch64_cortex-a53_gcc-12.3.0_musl/include/fortify -I/home/runner/work/ma3063-openwrt/ma3063-openwrt/openwrt/staging_dir/toolchain-aarch64_cortex-a53_gcc-12.3.0_musl/include -DCONFIG_LIBNL20 -D_GNU_SOURCE -DCONFIG_MSG_MIN_PRIORITY=3 -I/home/runner/work/ma3063-openwrt/ma3063-openwrt/openwrt/build_dir/target-aarch64_cortex-a53_musl/hostapd-wpad-basic-wolfssl/hostapd-2023-09-08-e5ccbfc6/src -I/home/runner/work/ma3063-openwrt/ma3063-openwrt/openwrt/build_dir/target-aarch64_cortex-a53_musl/hostapd-wpad-basic-wolfssl/hostapd-2023-09-08-e5ccbfc6/src/utils -DCONFIG_ELOOP_EPOLL -DUBUS_SUPPORT -DUCODE_SUPPORT -DCONFIG_HT_OVERRIDES -DCONFIG_VHT_OVERRIDES -DCONFIG_BACKEND_FILE -DCONFIG_NO_CONFIG_WRITE -DCONFIG_OCV -DCONFIG_IEEE80211R -DCONFIG_SAE -DCONFIG_OWE -DCONFIG_WNM -DCONFIG_DRIVER_WIRED -DCONFIG_DRIVER_NL80211 -DCONFIG_MBO -DCONFIG_ACS -DCONFIG_TLS_WOLFSSL -DCONFIG_SHA256 -DCONFIG_HMAC_SHA256_KDF -DCONFIG_HMAC_SHA384_KDF -DCONFIG_HMAC_SHA512_KDF -DCONFIG_SHA384 -DCONFIG_SHA512 -DCONFIG_ECC -DCONFIG_NO_RANDOM_POOL -DCONFIG_CTRL_IFACE -DCONFIG_CTRL_IFACE_UNIX -DCONFIG_NO_LINUX_PACKET_SOCKET_WAR -DCONFIG_SME -DCONFIG_DEBUG_SYSLOG -DLOG_HOSTAPD=LOG_DAEMON wnm_sta.c
aarch64-openwrt-linux-musl-gcc -c -o /home/runner/work/ma3063-openwrt/ma3063-openwrt/openwrt/build_dir/target-aarch64_cortex-a53_musl/hostapd-wpad-basic-wolfssl/hostapd-2023-09-08-e5ccbfc6/build/wpa_supplicant/src/rsn_supp/wpa.o -I/home/runner/work/ma3063-openwrt/ma3063-openwrt/openwrt/staging_dir/target-aarch64_cortex-a53_musl/usr/include/libnl-tiny -I/home/runner/work/ma3063-openwrt/ma3063-openwrt/openwrt/build_dir/target-aarch64_cortex-a53_musl/hostapd-wpad-basic-wolfssl/hostapd-2023-09-08-e5ccbfc6/src/crypto -I/home/runner/work/ma3063-openwrt/ma3063-openwrt/openwrt/staging_dir/toolchain-aarch64_cortex-a53_gcc-12.3.0_musl/usr/include -I/home/runner/work/ma3063-openwrt/ma3063-openwrt/openwrt/staging_dir/toolchain-aarch64_cortex-a53_gcc-12.3.0_musl/include/fortify -I/home/runner/work/ma3063-openwrt/ma3063-openwrt/openwrt/staging_dir/toolchain-aarch64_cortex-a53_gcc-12.3.0_musl/include -DCONFIG_LIBNL20 -D_GNU_SOURCE -DCONFIG_MSG_MIN_PRIORITY=3 -Os -pipe -mcpu=cortex-a53 -fno-caller-saves -fno-plt -fhonour-copts -fmacro-prefix-map=/home/runner/work/ma3063-openwrt/ma3063-openwrt/openwrt/build_dir/target-aarch64_cortex-a53_musl/hostapd-wpad-basic-wolfssl/hostapd-2023-09-08-e5ccbfc6=hostapd-2023-09-08-e5ccbfc6 -ffunction-sections -fdata-sections -flto=auto -fno-fat-lto-objects -Wformat -Werror=format-security -DPIC -fPIC -fstack-protector -D_FORTIFY_SOURCE=1 -Wl,-z,now -Wl,-z,relro -I/home/runner/work/ma3063-openwrt/ma3063-openwrt/openwrt/build_dir/target-aarch64_cortex-a53_musl/hostapd-wpad-basic-wolfssl/hostapd-2023-09-08-e5ccbfc6/src -I/home/runner/work/ma3063-openwrt/ma3063-openwrt/openwrt/build_dir/target-aarch64_cortex-a53_musl/hostapd-wpad-basic-wolfssl/hostapd-2023-09-08-e5ccbfc6/src/utils -DHOSTAPD -DCONFIG_ELOOP_EPOLL -DUBUS_SUPPORT -DUCODE_SUPPORT -DCONFIG_NO_RADIUS -DCONFIG_NO_ACCOUNTING -DCONFIG_CTRL_IFACE_UNIX -DCONFIG_CTRL_IFACE -DCONFIG_RSN_PREAUTH -DCONFIG_OCV -DCONFIG_IEEE80211R -DCONFIG_IEEE80211R_AP -DCONFIG_ETH_P_OUI -DCONFIG_SAE -DCONFIG_OWE -DCONFIG_AIRTIME_POLICY -DCONFIG_IEEE80211AC -DCONFIG_IEEE80211AX -DCONFIG_MBO -DCONFIG_DRIVER_WIRED -DCONFIG_DRIVER_NL80211 -DCONFIG_DRIVER_WIRED -DCONFIG_DRIVER_NL80211 -DEAP_SERVER_IDENTITY -DCONFIG_TLS_WOLFSSL -DCONFIG_SHA256 -DCONFIG_HMAC_SHA256_KDF -DCONFIG_HMAC_SHA384_KDF -DCONFIG_HMAC_SHA512_KDF -DCONFIG_SHA384 -DCONFIG_SHA512 -DCONFIG_ECC -DCONFIG_NO_RANDOM_POOL -DNEED_AP_MLME -DCONFIG_ACS -DCONFIG_DEBUG_SYSLOG -I/home/runner/work/ma3063-openwrt/ma3063-openwrt/openwrt/staging_dir/target-aarch64_cortex-a53_musl/usr/include/libnl-tiny -I/home/runner/work/ma3063-openwrt/ma3063-openwrt/openwrt/build_dir/target-aarch64_cortex-a53_musl/hostapd-wpad-basic-wolfssl/hostapd-2023-09-08-e5ccbfc6/src/crypto -I/home/runner/work/ma3063-openwrt/ma3063-openwrt/openwrt/staging_dir/toolchain-aarch64_cortex-a53_gcc-12.3.0_musl/usr/include -I/home/runner/work/ma3063-openwrt/ma3063-openwrt/openwrt/staging_dir/toolchain-aarch64_cortex-a53_gcc-12.3.0_musl/include/fortify -I/home/runner/work/ma3063-openwrt/ma3063-openwrt/openwrt/staging_dir/toolchain-aarch64_cortex-a53_gcc-12.3.0_musl/include -DCONFIG_LIBNL20 -D_GNU_SOURCE -DCONFIG_MSG_MIN_PRIORITY=3 -I/home/runner/work/ma3063-openwrt/ma3063-openwrt/openwrt/build_dir/target-aarch64_cortex-a53_musl/hostapd-wpad-basic-wolfssl/hostapd-2023-09-08-e5ccbfc6/src -I/home/runner/work/ma3063-openwrt/ma3063-openwrt/openwrt/build_dir/target-aarch64_cortex-a53_musl/hostapd-wpad-basic-wolfssl/hostapd-2023-09-08-e5ccbfc6/src/utils -DCONFIG_ELOOP_EPOLL -DUBUS_SUPPORT -DUCODE_SUPPORT -DCONFIG_HT_OVERRIDES -DCONFIG_VHT_OVERRIDES -DCONFIG_BACKEND_FILE -DCONFIG_NO_CONFIG_WRITE -DCONFIG_OCV -DCONFIG_IEEE80211R -DCONFIG_SAE -DCONFIG_OWE -DCONFIG_WNM -DCONFIG_DRIVER_WIRED -DCONFIG_DRIVER_NL80211 -DCONFIG_MBO -DCONFIG_ACS -DCONFIG_TLS_WOLFSSL -DCONFIG_SHA256 -DCONFIG_HMAC_SHA256_KDF -DCONFIG_HMAC_SHA384_KDF -DCONFIG_HMAC_SHA512_KDF -DCONFIG_SHA384 -DCONFIG_SHA512 -DCONFIG_ECC -DCONFIG_NO_RANDOM_POOL -DCONFIG_CTRL_IFACE -DCONFIG_CTRL_IFACE_UNIX -DCONFIG_NO_LINUX_PACKET_SOCKET_WAR -DCONFIG_SME -DCONFIG_DEBUG_SYSLOG -DLOG_HOSTAPD=LOG_DAEMON ../src/rsn_supp/wpa.c
aarch64-openwrt-linux-musl-gcc -c -o /home/runner/work/ma3063-openwrt/ma3063-openwrt/openwrt/build_dir/target-aarch64_cortex-a53_musl/hostapd-wpad-basic-wolfssl/hostapd-2023-09-08-e5ccbfc6/build/wpa_supplicant/src/rsn_supp/preauth.o -I/home/runner/work/ma3063-openwrt/ma3063-openwrt/openwrt/staging_dir/target-aarch64_cortex-a53_musl/usr/include/libnl-tiny -I/home/runner/work/ma3063-openwrt/ma3063-openwrt/openwrt/build_dir/target-aarch64_cortex-a53_musl/hostapd-wpad-basic-wolfssl/hostapd-2023-09-08-e5ccbfc6/src/crypto -I/home/runner/work/ma3063-openwrt/ma3063-openwrt/openwrt/staging_dir/toolchain-aarch64_cortex-a53_gcc-12.3.0_musl/usr/include -I/home/runner/work/ma3063-openwrt/ma3063-openwrt/openwrt/staging_dir/toolchain-aarch64_cortex-a53_gcc-12.3.0_musl/include/fortify -I/home/runner/work/ma3063-openwrt/ma3063-openwrt/openwrt/staging_dir/toolchain-aarch64_cortex-a53_gcc-12.3.0_musl/include -DCONFIG_LIBNL20 -D_GNU_SOURCE -DCONFIG_MSG_MIN_PRIORITY=3 -Os -pipe -mcpu=cortex-a53 -fno-caller-saves -fno-plt -fhonour-copts -fmacro-prefix-map=/home/runner/work/ma3063-openwrt/ma3063-openwrt/openwrt/build_dir/target-aarch64_cortex-a53_musl/hostapd-wpad-basic-wolfssl/hostapd-2023-09-08-e5ccbfc6=hostapd-2023-09-08-e5ccbfc6 -ffunction-sections -fdata-sections -flto=auto -fno-fat-lto-objects -Wformat -Werror=format-security -DPIC -fPIC -fstack-protector -D_FORTIFY_SOURCE=1 -Wl,-z,now -Wl,-z,relro -I/home/runner/work/ma3063-openwrt/ma3063-openwrt/openwrt/build_dir/target-aarch64_cortex-a53_musl/hostapd-wpad-basic-wolfssl/hostapd-2023-09-08-e5ccbfc6/src -I/home/runner/work/ma3063-openwrt/ma3063-openwrt/openwrt/build_dir/target-aarch64_cortex-a53_musl/hostapd-wpad-basic-wolfssl/hostapd-2023-09-08-e5ccbfc6/src/utils -DHOSTAPD -DCONFIG_ELOOP_EPOLL -DUBUS_SUPPORT -DUCODE_SUPPORT -DCONFIG_NO_RADIUS -DCONFIG_NO_ACCOUNTING -DCONFIG_CTRL_IFACE_UNIX -DCONFIG_CTRL_IFACE -DCONFIG_RSN_PREAUTH -DCONFIG_OCV -DCONFIG_IEEE80211R -DCONFIG_IEEE80211R_AP -DCONFIG_ETH_P_OUI -DCONFIG_SAE -DCONFIG_OWE -DCONFIG_AIRTIME_POLICY -DCONFIG_IEEE80211AC -DCONFIG_IEEE80211AX -DCONFIG_MBO -DCONFIG_DRIVER_WIRED -DCONFIG_DRIVER_NL80211 -DCONFIG_DRIVER_WIRED -DCONFIG_DRIVER_NL80211 -DEAP_SERVER_IDENTITY -DCONFIG_TLS_WOLFSSL -DCONFIG_SHA256 -DCONFIG_HMAC_SHA256_KDF -DCONFIG_HMAC_SHA384_KDF -DCONFIG_HMAC_SHA512_KDF -DCONFIG_SHA384 -DCONFIG_SHA512 -DCONFIG_ECC -DCONFIG_NO_RANDOM_POOL -DNEED_AP_MLME -DCONFIG_ACS -DCONFIG_DEBUG_SYSLOG -I/home/runner/work/ma3063-openwrt/ma3063-openwrt/openwrt/staging_dir/target-aarch64_cortex-a53_musl/usr/include/libnl-tiny -I/home/runner/work/ma3063-openwrt/ma3063-openwrt/openwrt/build_dir/target-aarch64_cortex-a53_musl/hostapd-wpad-basic-wolfssl/hostapd-2023-09-08-e5ccbfc6/src/crypto -I/home/runner/work/ma3063-openwrt/ma3063-openwrt/openwrt/staging_dir/toolchain-aarch64_cortex-a53_gcc-12.3.0_musl/usr/include -I/home/runner/work/ma3063-openwrt/ma3063-openwrt/openwrt/staging_dir/toolchain-aarch64_cortex-a53_gcc-12.3.0_musl/include/fortify -I/home/runner/work/ma3063-openwrt/ma3063-openwrt/openwrt/staging_dir/toolchain-aarch64_cortex-a53_gcc-12.3.0_musl/include -DCONFIG_LIBNL20 -D_GNU_SOURCE -DCONFIG_MSG_MIN_PRIORITY=3 -I/home/runner/work/ma3063-openwrt/ma3063-openwrt/openwrt/build_dir/target-aarch64_cortex-a53_musl/hostapd-wpad-basic-wolfssl/hostapd-2023-09-08-e5ccbfc6/src -I/home/runner/work/ma3063-openwrt/ma3063-openwrt/openwrt/build_dir/target-aarch64_cortex-a53_musl/hostapd-wpad-basic-wolfssl/hostapd-2023-09-08-e5ccbfc6/src/utils -DCONFIG_ELOOP_EPOLL -DUBUS_SUPPORT -DUCODE_SUPPORT -DCONFIG_HT_OVERRIDES -DCONFIG_VHT_OVERRIDES -DCONFIG_BACKEND_FILE -DCONFIG_NO_CONFIG_WRITE -DCONFIG_OCV -DCONFIG_IEEE80211R -DCONFIG_SAE -DCONFIG_OWE -DCONFIG_WNM -DCONFIG_DRIVER_WIRED -DCONFIG_DRIVER_NL80211 -DCONFIG_MBO -DCONFIG_ACS -DCONFIG_TLS_WOLFSSL -DCONFIG_SHA256 -DCONFIG_HMAC_SHA256_KDF -DCONFIG_HMAC_SHA384_KDF -DCONFIG_HMAC_SHA512_KDF -DCONFIG_SHA384 -DCONFIG_SHA512 -DCONFIG_ECC -DCONFIG_NO_RANDOM_POOL -DCONFIG_CTRL_IFACE -DCONFIG_CTRL_IFACE_UNIX -DCONFIG_NO_LINUX_PACKET_SOCKET_WAR -DCONFIG_SME -DCONFIG_DEBUG_SYSLOG -DLOG_HOSTAPD=LOG_DAEMON ../src/rsn_supp/preauth.c
aarch64-openwrt-linux-musl-gcc -c -o /home/runner/work/ma3063-openwrt/ma3063-openwrt/openwrt/build_dir/target-aarch64_cortex-a53_musl/hostapd-wpad-basic-wolfssl/hostapd-2023-09-08-e5ccbfc6/build/wpa_supplicant/src/rsn_supp/pmksa_cache.o -I/home/runner/work/ma3063-openwrt/ma3063-openwrt/openwrt/staging_dir/target-aarch64_cortex-a53_musl/usr/include/libnl-tiny -I/home/runner/work/ma3063-openwrt/ma3063-openwrt/openwrt/build_dir/target-aarch64_cortex-a53_musl/hostapd-wpad-basic-wolfssl/hostapd-2023-09-08-e5ccbfc6/src/crypto -I/home/runner/work/ma3063-openwrt/ma3063-openwrt/openwrt/staging_dir/toolchain-aarch64_cortex-a53_gcc-12.3.0_musl/usr/include -I/home/runner/work/ma3063-openwrt/ma3063-openwrt/openwrt/staging_dir/toolchain-aarch64_cortex-a53_gcc-12.3.0_musl/include/fortify -I/home/runner/work/ma3063-openwrt/ma3063-openwrt/openwrt/staging_dir/toolchain-aarch64_cortex-a53_gcc-12.3.0_musl/include -DCONFIG_LIBNL20 -D_GNU_SOURCE -DCONFIG_MSG_MIN_PRIORITY=3 -Os -pipe -mcpu=cortex-a53 -fno-caller-saves -fno-plt -fhonour-copts -fmacro-prefix-map=/home/runner/work/ma3063-openwrt/ma3063-openwrt/openwrt/build_dir/target-aarch64_cortex-a53_musl/hostapd-wpad-basic-wolfssl/hostapd-2023-09-08-e5ccbfc6=hostapd-2023-09-08-e5ccbfc6 -ffunction-sections -fdata-sections -flto=auto -fno-fat-lto-objects -Wformat -Werror=format-security -DPIC -fPIC -fstack-protector -D_FORTIFY_SOURCE=1 -Wl,-z,now -Wl,-z,relro -I/home/runner/work/ma3063-openwrt/ma3063-openwrt/openwrt/build_dir/target-aarch64_cortex-a53_musl/hostapd-wpad-basic-wolfssl/hostapd-2023-09-08-e5ccbfc6/src -I/home/runner/work/ma3063-openwrt/ma3063-openwrt/openwrt/build_dir/target-aarch64_cortex-a53_musl/hostapd-wpad-basic-wolfssl/hostapd-2023-09-08-e5ccbfc6/src/utils -DHOSTAPD -DCONFIG_ELOOP_EPOLL -DUBUS_SUPPORT -DUCODE_SUPPORT -DCONFIG_NO_RADIUS -DCONFIG_NO_ACCOUNTING -DCONFIG_CTRL_IFACE_UNIX -DCONFIG_CTRL_IFACE -DCONFIG_RSN_PREAUTH -DCONFIG_OCV -DCONFIG_IEEE80211R -DCONFIG_IEEE80211R_AP -DCONFIG_ETH_P_OUI -DCONFIG_SAE -DCONFIG_OWE -DCONFIG_AIRTIME_POLICY -DCONFIG_IEEE80211AC -DCONFIG_IEEE80211AX -DCONFIG_MBO -DCONFIG_DRIVER_WIRED -DCONFIG_DRIVER_NL80211 -DCONFIG_DRIVER_WIRED -DCONFIG_DRIVER_NL80211 -DEAP_SERVER_IDENTITY -DCONFIG_TLS_WOLFSSL -DCONFIG_SHA256 -DCONFIG_HMAC_SHA256_KDF -DCONFIG_HMAC_SHA384_KDF -DCONFIG_HMAC_SHA512_KDF -DCONFIG_SHA384 -DCONFIG_SHA512 -DCONFIG_ECC -DCONFIG_NO_RANDOM_POOL -DNEED_AP_MLME -DCONFIG_ACS -DCONFIG_DEBUG_SYSLOG -I/home/runner/work/ma3063-openwrt/ma3063-openwrt/openwrt/staging_dir/target-aarch64_cortex-a53_musl/usr/include/libnl-tiny -I/home/runner/work/ma3063-openwrt/ma3063-openwrt/openwrt/build_dir/target-aarch64_cortex-a53_musl/hostapd-wpad-basic-wolfssl/hostapd-2023-09-08-e5ccbfc6/src/crypto -I/home/runner/work/ma3063-openwrt/ma3063-openwrt/openwrt/staging_dir/toolchain-aarch64_cortex-a53_gcc-12.3.0_musl/usr/include -I/home/runner/work/ma3063-openwrt/ma3063-openwrt/openwrt/staging_dir/toolchain-aarch64_cortex-a53_gcc-12.3.0_musl/include/fortify -I/home/runner/work/ma3063-openwrt/ma3063-openwrt/openwrt/staging_dir/toolchain-aarch64_cortex-a53_gcc-12.3.0_musl/include -DCONFIG_LIBNL20 -D_GNU_SOURCE -DCONFIG_MSG_MIN_PRIORITY=3 -I/home/runner/work/ma3063-openwrt/ma3063-openwrt/openwrt/build_dir/target-aarch64_cortex-a53_musl/hostapd-wpad-basic-wolfssl/hostapd-2023-09-08-e5ccbfc6/src -I/home/runner/work/ma3063-openwrt/ma3063-openwrt/openwrt/build_dir/target-aarch64_cortex-a53_musl/hostapd-wpad-basic-wolfssl/hostapd-2023-09-08-e5ccbfc6/src/utils -DCONFIG_ELOOP_EPOLL -DUBUS_SUPPORT -DUCODE_SUPPORT -DCONFIG_HT_OVERRIDES -DCONFIG_VHT_OVERRIDES -DCONFIG_BACKEND_FILE -DCONFIG_NO_CONFIG_WRITE -DCONFIG_OCV -DCONFIG_IEEE80211R -DCONFIG_SAE -DCONFIG_OWE -DCONFIG_WNM -DCONFIG_DRIVER_WIRED -DCONFIG_DRIVER_NL80211 -DCONFIG_MBO -DCONFIG_ACS -DCONFIG_TLS_WOLFSSL -DCONFIG_SHA256 -DCONFIG_HMAC_SHA256_KDF -DCONFIG_HMAC_SHA384_KDF -DCONFIG_HMAC_SHA512_KDF -DCONFIG_SHA384 -DCONFIG_SHA512 -DCONFIG_ECC -DCONFIG_NO_RANDOM_POOL -DCONFIG_CTRL_IFACE -DCONFIG_CTRL_IFACE_UNIX -DCONFIG_NO_LINUX_PACKET_SOCKET_WAR -DCONFIG_SME -DCONFIG_DEBUG_SYSLOG -DLOG_HOSTAPD=LOG_DAEMON ../src/rsn_supp/pmksa_cache.c
aarch64-openwrt-linux-musl-gcc -c -o /home/runner/work/ma3063-openwrt/ma3063-openwrt/openwrt/build_dir/target-aarch64_cortex-a53_musl/hostapd-wpad-basic-wolfssl/hostapd-2023-09-08-e5ccbfc6/build/wpa_supplicant/src/rsn_supp/wpa_ie.o -I/home/runner/work/ma3063-openwrt/ma3063-openwrt/openwrt/staging_dir/target-aarch64_cortex-a53_musl/usr/include/libnl-tiny -I/home/runner/work/ma3063-openwrt/ma3063-openwrt/openwrt/build_dir/target-aarch64_cortex-a53_musl/hostapd-wpad-basic-wolfssl/hostapd-2023-09-08-e5ccbfc6/src/crypto -I/home/runner/work/ma3063-openwrt/ma3063-openwrt/openwrt/staging_dir/toolchain-aarch64_cortex-a53_gcc-12.3.0_musl/usr/include -I/home/runner/work/ma3063-openwrt/ma3063-openwrt/openwrt/staging_dir/toolchain-aarch64_cortex-a53_gcc-12.3.0_musl/include/fortify -I/home/runner/work/ma3063-openwrt/ma3063-openwrt/openwrt/staging_dir/toolchain-aarch64_cortex-a53_gcc-12.3.0_musl/include -DCONFIG_LIBNL20 -D_GNU_SOURCE -DCONFIG_MSG_MIN_PRIORITY=3 -Os -pipe -mcpu=cortex-a53 -fno-caller-saves -fno-plt -fhonour-copts -fmacro-prefix-map=/home/runner/work/ma3063-openwrt/ma3063-openwrt/openwrt/build_dir/target-aarch64_cortex-a53_musl/hostapd-wpad-basic-wolfssl/hostapd-2023-09-08-e5ccbfc6=hostapd-2023-09-08-e5ccbfc6 -ffunction-sections -fdata-sections -flto=auto -fno-fat-lto-objects -Wformat -Werror=format-security -DPIC -fPIC -fstack-protector -D_FORTIFY_SOURCE=1 -Wl,-z,now -Wl,-z,relro -I/home/runner/work/ma3063-openwrt/ma3063-openwrt/openwrt/build_dir/target-aarch64_cortex-a53_musl/hostapd-wpad-basic-wolfssl/hostapd-2023-09-08-e5ccbfc6/src -I/home/runner/work/ma3063-openwrt/ma3063-openwrt/openwrt/build_dir/target-aarch64_cortex-a53_musl/hostapd-wpad-basic-wolfssl/hostapd-2023-09-08-e5ccbfc6/src/utils -DHOSTAPD -DCONFIG_ELOOP_EPOLL -DUBUS_SUPPORT -DUCODE_SUPPORT -DCONFIG_NO_RADIUS -DCONFIG_NO_ACCOUNTING -DCONFIG_CTRL_IFACE_UNIX -DCONFIG_CTRL_IFACE -DCONFIG_RSN_PREAUTH -DCONFIG_OCV -DCONFIG_IEEE80211R -DCONFIG_IEEE80211R_AP -DCONFIG_ETH_P_OUI -DCONFIG_SAE -DCONFIG_OWE -DCONFIG_AIRTIME_POLICY -DCONFIG_IEEE80211AC -DCONFIG_IEEE80211AX -DCONFIG_MBO -DCONFIG_DRIVER_WIRED -DCONFIG_DRIVER_NL80211 -DCONFIG_DRIVER_WIRED -DCONFIG_DRIVER_NL80211 -DEAP_SERVER_IDENTITY -DCONFIG_TLS_WOLFSSL -DCONFIG_SHA256 -DCONFIG_HMAC_SHA256_KDF -DCONFIG_HMAC_SHA384_KDF -DCONFIG_HMAC_SHA512_KDF -DCONFIG_SHA384 -DCONFIG_SHA512 -DCONFIG_ECC -DCONFIG_NO_RANDOM_POOL -DNEED_AP_MLME -DCONFIG_ACS -DCONFIG_DEBUG_SYSLOG -I/home/runner/work/ma3063-openwrt/ma3063-openwrt/openwrt/staging_dir/target-aarch64_cortex-a53_musl/usr/include/libnl-tiny -I/home/runner/work/ma3063-openwrt/ma3063-openwrt/openwrt/build_dir/target-aarch64_cortex-a53_musl/hostapd-wpad-basic-wolfssl/hostapd-2023-09-08-e5ccbfc6/src/crypto -I/home/runner/work/ma3063-openwrt/ma3063-openwrt/openwrt/staging_dir/toolchain-aarch64_cortex-a53_gcc-12.3.0_musl/usr/include -I/home/runner/work/ma3063-openwrt/ma3063-openwrt/openwrt/staging_dir/toolchain-aarch64_cortex-a53_gcc-12.3.0_musl/include/fortify -I/home/runner/work/ma3063-openwrt/ma3063-openwrt/openwrt/staging_dir/toolchain-aarch64_cortex-a53_gcc-12.3.0_musl/include -DCONFIG_LIBNL20 -D_GNU_SOURCE -DCONFIG_MSG_MIN_PRIORITY=3 -I/home/runner/work/ma3063-openwrt/ma3063-openwrt/openwrt/build_dir/target-aarch64_cortex-a53_musl/hostapd-wpad-basic-wolfssl/hostapd-2023-09-08-e5ccbfc6/src -I/home/runner/work/ma3063-openwrt/ma3063-openwrt/openwrt/build_dir/target-aarch64_cortex-a53_musl/hostapd-wpad-basic-wolfssl/hostapd-2023-09-08-e5ccbfc6/src/utils -DCONFIG_ELOOP_EPOLL -DUBUS_SUPPORT -DUCODE_SUPPORT -DCONFIG_HT_OVERRIDES -DCONFIG_VHT_OVERRIDES -DCONFIG_BACKEND_FILE -DCONFIG_NO_CONFIG_WRITE -DCONFIG_OCV -DCONFIG_IEEE80211R -DCONFIG_SAE -DCONFIG_OWE -DCONFIG_WNM -DCONFIG_DRIVER_WIRED -DCONFIG_DRIVER_NL80211 -DCONFIG_MBO -DCONFIG_ACS -DCONFIG_TLS_WOLFSSL -DCONFIG_SHA256 -DCONFIG_HMAC_SHA256_KDF -DCONFIG_HMAC_SHA384_KDF -DCONFIG_HMAC_SHA512_KDF -DCONFIG_SHA384 -DCONFIG_SHA512 -DCONFIG_ECC -DCONFIG_NO_RANDOM_POOL -DCONFIG_CTRL_IFACE -DCONFIG_CTRL_IFACE_UNIX -DCONFIG_NO_LINUX_PACKET_SOCKET_WAR -DCONFIG_SME -DCONFIG_DEBUG_SYSLOG -DLOG_HOSTAPD=LOG_DAEMON ../src/rsn_supp/wpa_ie.c
aarch64-openwrt-linux-musl-gcc -c -o /home/runner/work/ma3063-openwrt/ma3063-openwrt/openwrt/build_dir/target-aarch64_cortex-a53_musl/hostapd-wpad-basic-wolfssl/hostapd-2023-09-08-e5ccbfc6/build/wpa_supplicant/src/common/wpa_common.o -I/home/runner/work/ma3063-openwrt/ma3063-openwrt/openwrt/staging_dir/target-aarch64_cortex-a53_musl/usr/include/libnl-tiny -I/home/runner/work/ma3063-openwrt/ma3063-openwrt/openwrt/build_dir/target-aarch64_cortex-a53_musl/hostapd-wpad-basic-wolfssl/hostapd-2023-09-08-e5ccbfc6/src/crypto -I/home/runner/work/ma3063-openwrt/ma3063-openwrt/openwrt/staging_dir/toolchain-aarch64_cortex-a53_gcc-12.3.0_musl/usr/include -I/home/runner/work/ma3063-openwrt/ma3063-openwrt/openwrt/staging_dir/toolchain-aarch64_cortex-a53_gcc-12.3.0_musl/include/fortify -I/home/runner/work/ma3063-openwrt/ma3063-openwrt/openwrt/staging_dir/toolchain-aarch64_cortex-a53_gcc-12.3.0_musl/include -DCONFIG_LIBNL20 -D_GNU_SOURCE -DCONFIG_MSG_MIN_PRIORITY=3 -Os -pipe -mcpu=cortex-a53 -fno-caller-saves -fno-plt -fhonour-copts -fmacro-prefix-map=/home/runner/work/ma3063-openwrt/ma3063-openwrt/openwrt/build_dir/target-aarch64_cortex-a53_musl/hostapd-wpad-basic-wolfssl/hostapd-2023-09-08-e5ccbfc6=hostapd-2023-09-08-e5ccbfc6 -ffunction-sections -fdata-sections -flto=auto -fno-fat-lto-objects -Wformat -Werror=format-security -DPIC -fPIC -fstack-protector -D_FORTIFY_SOURCE=1 -Wl,-z,now -Wl,-z,relro -I/home/runner/work/ma3063-openwrt/ma3063-openwrt/openwrt/build_dir/target-aarch64_cortex-a53_musl/hostapd-wpad-basic-wolfssl/hostapd-2023-09-08-e5ccbfc6/src -I/home/runner/work/ma3063-openwrt/ma3063-openwrt/openwrt/build_dir/target-aarch64_cortex-a53_musl/hostapd-wpad-basic-wolfssl/hostapd-2023-09-08-e5ccbfc6/src/utils -DHOSTAPD -DCONFIG_ELOOP_EPOLL -DUBUS_SUPPORT -DUCODE_SUPPORT -DCONFIG_NO_RADIUS -DCONFIG_NO_ACCOUNTING -DCONFIG_CTRL_IFACE_UNIX -DCONFIG_CTRL_IFACE -DCONFIG_RSN_PREAUTH -DCONFIG_OCV -DCONFIG_IEEE80211R -DCONFIG_IEEE80211R_AP -DCONFIG_ETH_P_OUI -DCONFIG_SAE -DCONFIG_OWE -DCONFIG_AIRTIME_POLICY -DCONFIG_IEEE80211AC -DCONFIG_IEEE80211AX -DCONFIG_MBO -DCONFIG_DRIVER_WIRED -DCONFIG_DRIVER_NL80211 -DCONFIG_DRIVER_WIRED -DCONFIG_DRIVER_NL80211 -DEAP_SERVER_IDENTITY -DCONFIG_TLS_WOLFSSL -DCONFIG_SHA256 -DCONFIG_HMAC_SHA256_KDF -DCONFIG_HMAC_SHA384_KDF -DCONFIG_HMAC_SHA512_KDF -DCONFIG_SHA384 -DCONFIG_SHA512 -DCONFIG_ECC -DCONFIG_NO_RANDOM_POOL -DNEED_AP_MLME -DCONFIG_ACS -DCONFIG_DEBUG_SYSLOG -I/home/runner/work/ma3063-openwrt/ma3063-openwrt/openwrt/staging_dir/target-aarch64_cortex-a53_musl/usr/include/libnl-tiny -I/home/runner/work/ma3063-openwrt/ma3063-openwrt/openwrt/build_dir/target-aarch64_cortex-a53_musl/hostapd-wpad-basic-wolfssl/hostapd-2023-09-08-e5ccbfc6/src/crypto -I/home/runner/work/ma3063-openwrt/ma3063-openwrt/openwrt/staging_dir/toolchain-aarch64_cortex-a53_gcc-12.3.0_musl/usr/include -I/home/runner/work/ma3063-openwrt/ma3063-openwrt/openwrt/staging_dir/toolchain-aarch64_cortex-a53_gcc-12.3.0_musl/include/fortify -I/home/runner/work/ma3063-openwrt/ma3063-openwrt/openwrt/staging_dir/toolchain-aarch64_cortex-a53_gcc-12.3.0_musl/include -DCONFIG_LIBNL20 -D_GNU_SOURCE -DCONFIG_MSG_MIN_PRIORITY=3 -I/home/runner/work/ma3063-openwrt/ma3063-openwrt/openwrt/build_dir/target-aarch64_cortex-a53_musl/hostapd-wpad-basic-wolfssl/hostapd-2023-09-08-e5ccbfc6/src -I/home/runner/work/ma3063-openwrt/ma3063-openwrt/openwrt/build_dir/target-aarch64_cortex-a53_musl/hostapd-wpad-basic-wolfssl/hostapd-2023-09-08-e5ccbfc6/src/utils -DCONFIG_ELOOP_EPOLL -DUBUS_SUPPORT -DUCODE_SUPPORT -DCONFIG_HT_OVERRIDES -DCONFIG_VHT_OVERRIDES -DCONFIG_BACKEND_FILE -DCONFIG_NO_CONFIG_WRITE -DCONFIG_OCV -DCONFIG_IEEE80211R -DCONFIG_SAE -DCONFIG_OWE -DCONFIG_WNM -DCONFIG_DRIVER_WIRED -DCONFIG_DRIVER_NL80211 -DCONFIG_MBO -DCONFIG_ACS -DCONFIG_TLS_WOLFSSL -DCONFIG_SHA256 -DCONFIG_HMAC_SHA256_KDF -DCONFIG_HMAC_SHA384_KDF -DCONFIG_HMAC_SHA512_KDF -DCONFIG_SHA384 -DCONFIG_SHA512 -DCONFIG_ECC -DCONFIG_NO_RANDOM_POOL -DCONFIG_CTRL_IFACE -DCONFIG_CTRL_IFACE_UNIX -DCONFIG_NO_LINUX_PACKET_SOCKET_WAR -DCONFIG_SME -DCONFIG_DEBUG_SYSLOG -DLOG_HOSTAPD=LOG_DAEMON ../src/common/wpa_common.c
aarch64-openwrt-linux-musl-gcc -c -o /home/runner/work/ma3063-openwrt/ma3063-openwrt/openwrt/build_dir/target-aarch64_cortex-a53_musl/hostapd-wpad-basic-wolfssl/hostapd-2023-09-08-e5ccbfc6/build/wpa_supplicant/src/eap_common/eap_common.o -I/home/runner/work/ma3063-openwrt/ma3063-openwrt/openwrt/staging_dir/target-aarch64_cortex-a53_musl/usr/include/libnl-tiny -I/home/runner/work/ma3063-openwrt/ma3063-openwrt/openwrt/build_dir/target-aarch64_cortex-a53_musl/hostapd-wpad-basic-wolfssl/hostapd-2023-09-08-e5ccbfc6/src/crypto -I/home/runner/work/ma3063-openwrt/ma3063-openwrt/openwrt/staging_dir/toolchain-aarch64_cortex-a53_gcc-12.3.0_musl/usr/include -I/home/runner/work/ma3063-openwrt/ma3063-openwrt/openwrt/staging_dir/toolchain-aarch64_cortex-a53_gcc-12.3.0_musl/include/fortify -I/home/runner/work/ma3063-openwrt/ma3063-openwrt/openwrt/staging_dir/toolchain-aarch64_cortex-a53_gcc-12.3.0_musl/include -DCONFIG_LIBNL20 -D_GNU_SOURCE -DCONFIG_MSG_MIN_PRIORITY=3 -Os -pipe -mcpu=cortex-a53 -fno-caller-saves -fno-plt -fhonour-copts -fmacro-prefix-map=/home/runner/work/ma3063-openwrt/ma3063-openwrt/openwrt/build_dir/target-aarch64_cortex-a53_musl/hostapd-wpad-basic-wolfssl/hostapd-2023-09-08-e5ccbfc6=hostapd-2023-09-08-e5ccbfc6 -ffunction-sections -fdata-sections -flto=auto -fno-fat-lto-objects -Wformat -Werror=format-security -DPIC -fPIC -fstack-protector -D_FORTIFY_SOURCE=1 -Wl,-z,now -Wl,-z,relro -I/home/runner/work/ma3063-openwrt/ma3063-openwrt/openwrt/build_dir/target-aarch64_cortex-a53_musl/hostapd-wpad-basic-wolfssl/hostapd-2023-09-08-e5ccbfc6/src -I/home/runner/work/ma3063-openwrt/ma3063-openwrt/openwrt/build_dir/target-aarch64_cortex-a53_musl/hostapd-wpad-basic-wolfssl/hostapd-2023-09-08-e5ccbfc6/src/utils -DHOSTAPD -DCONFIG_ELOOP_EPOLL -DUBUS_SUPPORT -DUCODE_SUPPORT -DCONFIG_NO_RADIUS -DCONFIG_NO_ACCOUNTING -DCONFIG_CTRL_IFACE_UNIX -DCONFIG_CTRL_IFACE -DCONFIG_RSN_PREAUTH -DCONFIG_OCV -DCONFIG_IEEE80211R -DCONFIG_IEEE80211R_AP -DCONFIG_ETH_P_OUI -DCONFIG_SAE -DCONFIG_OWE -DCONFIG_AIRTIME_POLICY -DCONFIG_IEEE80211AC -DCONFIG_IEEE80211AX -DCONFIG_MBO -DCONFIG_DRIVER_WIRED -DCONFIG_DRIVER_NL80211 -DCONFIG_DRIVER_WIRED -DCONFIG_DRIVER_NL80211 -DEAP_SERVER_IDENTITY -DCONFIG_TLS_WOLFSSL -DCONFIG_SHA256 -DCONFIG_HMAC_SHA256_KDF -DCONFIG_HMAC_SHA384_KDF -DCONFIG_HMAC_SHA512_KDF -DCONFIG_SHA384 -DCONFIG_SHA512 -DCONFIG_ECC -DCONFIG_NO_RANDOM_POOL -DNEED_AP_MLME -DCONFIG_ACS -DCONFIG_DEBUG_SYSLOG -I/home/runner/work/ma3063-openwrt/ma3063-openwrt/openwrt/staging_dir/target-aarch64_cortex-a53_musl/usr/include/libnl-tiny -I/home/runner/work/ma3063-openwrt/ma3063-openwrt/openwrt/build_dir/target-aarch64_cortex-a53_musl/hostapd-wpad-basic-wolfssl/hostapd-2023-09-08-e5ccbfc6/src/crypto -I/home/runner/work/ma3063-openwrt/ma3063-openwrt/openwrt/staging_dir/toolchain-aarch64_cortex-a53_gcc-12.3.0_musl/usr/include -I/home/runner/work/ma3063-openwrt/ma3063-openwrt/openwrt/staging_dir/toolchain-aarch64_cortex-a53_gcc-12.3.0_musl/include/fortify -I/home/runner/work/ma3063-openwrt/ma3063-openwrt/openwrt/staging_dir/toolchain-aarch64_cortex-a53_gcc-12.3.0_musl/include -DCONFIG_LIBNL20 -D_GNU_SOURCE -DCONFIG_MSG_MIN_PRIORITY=3 -I/home/runner/work/ma3063-openwrt/ma3063-openwrt/openwrt/build_dir/target-aarch64_cortex-a53_musl/hostapd-wpad-basic-wolfssl/hostapd-2023-09-08-e5ccbfc6/src -I/home/runner/work/ma3063-openwrt/ma3063-openwrt/openwrt/build_dir/target-aarch64_cortex-a53_musl/hostapd-wpad-basic-wolfssl/hostapd-2023-09-08-e5ccbfc6/src/utils -DCONFIG_ELOOP_EPOLL -DUBUS_SUPPORT -DUCODE_SUPPORT -DCONFIG_HT_OVERRIDES -DCONFIG_VHT_OVERRIDES -DCONFIG_BACKEND_FILE -DCONFIG_NO_CONFIG_WRITE -DCONFIG_OCV -DCONFIG_IEEE80211R -DCONFIG_SAE -DCONFIG_OWE -DCONFIG_WNM -DCONFIG_DRIVER_WIRED -DCONFIG_DRIVER_NL80211 -DCONFIG_MBO -DCONFIG_ACS -DCONFIG_TLS_WOLFSSL -DCONFIG_SHA256 -DCONFIG_HMAC_SHA256_KDF -DCONFIG_HMAC_SHA384_KDF -DCONFIG_HMAC_SHA512_KDF -DCONFIG_SHA384 -DCONFIG_SHA512 -DCONFIG_ECC -DCONFIG_NO_RANDOM_POOL -DCONFIG_CTRL_IFACE -DCONFIG_CTRL_IFACE_UNIX -DCONFIG_NO_LINUX_PACKET_SOCKET_WAR -DCONFIG_SME -DCONFIG_DEBUG_SYSLOG -DLOG_HOSTAPD=LOG_DAEMON ../src/eap_common/eap_common.c
aarch64-openwrt-linux-musl-gcc -c -o /home/runner/work/ma3063-openwrt/ma3063-openwrt/openwrt/build_dir/target-aarch64_cortex-a53_musl/hostapd-wpad-basic-wolfssl/hostapd-2023-09-08-e5ccbfc6/build/wpa_supplicant/src/eap_server/eap_server.o -I/home/runner/work/ma3063-openwrt/ma3063-openwrt/openwrt/staging_dir/target-aarch64_cortex-a53_musl/usr/include/libnl-tiny -I/home/runner/work/ma3063-openwrt/ma3063-openwrt/openwrt/build_dir/target-aarch64_cortex-a53_musl/hostapd-wpad-basic-wolfssl/hostapd-2023-09-08-e5ccbfc6/src/crypto -I/home/runner/work/ma3063-openwrt/ma3063-openwrt/openwrt/staging_dir/toolchain-aarch64_cortex-a53_gcc-12.3.0_musl/usr/include -I/home/runner/work/ma3063-openwrt/ma3063-openwrt/openwrt/staging_dir/toolchain-aarch64_cortex-a53_gcc-12.3.0_musl/include/fortify -I/home/runner/work/ma3063-openwrt/ma3063-openwrt/openwrt/staging_dir/toolchain-aarch64_cortex-a53_gcc-12.3.0_musl/include -DCONFIG_LIBNL20 -D_GNU_SOURCE -DCONFIG_MSG_MIN_PRIORITY=3 -Os -pipe -mcpu=cortex-a53 -fno-caller-saves -fno-plt -fhonour-copts -fmacro-prefix-map=/home/runner/work/ma3063-openwrt/ma3063-openwrt/openwrt/build_dir/target-aarch64_cortex-a53_musl/hostapd-wpad-basic-wolfssl/hostapd-2023-09-08-e5ccbfc6=hostapd-2023-09-08-e5ccbfc6 -ffunction-sections -fdata-sections -flto=auto -fno-fat-lto-objects -Wformat -Werror=format-security -DPIC -fPIC -fstack-protector -D_FORTIFY_SOURCE=1 -Wl,-z,now -Wl,-z,relro -I/home/runner/work/ma3063-openwrt/ma3063-openwrt/openwrt/build_dir/target-aarch64_cortex-a53_musl/hostapd-wpad-basic-wolfssl/hostapd-2023-09-08-e5ccbfc6/src -I/home/runner/work/ma3063-openwrt/ma3063-openwrt/openwrt/build_dir/target-aarch64_cortex-a53_musl/hostapd-wpad-basic-wolfssl/hostapd-2023-09-08-e5ccbfc6/src/utils -DHOSTAPD -DCONFIG_ELOOP_EPOLL -DUBUS_SUPPORT -DUCODE_SUPPORT -DCONFIG_NO_RADIUS -DCONFIG_NO_ACCOUNTING -DCONFIG_CTRL_IFACE_UNIX -DCONFIG_CTRL_IFACE -DCONFIG_RSN_PREAUTH -DCONFIG_OCV -DCONFIG_IEEE80211R -DCONFIG_IEEE80211R_AP -DCONFIG_ETH_P_OUI -DCONFIG_SAE -DCONFIG_OWE -DCONFIG_AIRTIME_POLICY -DCONFIG_IEEE80211AC -DCONFIG_IEEE80211AX -DCONFIG_MBO -DCONFIG_DRIVER_WIRED -DCONFIG_DRIVER_NL80211 -DCONFIG_DRIVER_WIRED -DCONFIG_DRIVER_NL80211 -DEAP_SERVER_IDENTITY -DCONFIG_TLS_WOLFSSL -DCONFIG_SHA256 -DCONFIG_HMAC_SHA256_KDF -DCONFIG_HMAC_SHA384_KDF -DCONFIG_HMAC_SHA512_KDF -DCONFIG_SHA384 -DCONFIG_SHA512 -DCONFIG_ECC -DCONFIG_NO_RANDOM_POOL -DNEED_AP_MLME -DCONFIG_ACS -DCONFIG_DEBUG_SYSLOG -I/home/runner/work/ma3063-openwrt/ma3063-openwrt/openwrt/staging_dir/target-aarch64_cortex-a53_musl/usr/include/libnl-tiny -I/home/runner/work/ma3063-openwrt/ma3063-openwrt/openwrt/build_dir/target-aarch64_cortex-a53_musl/hostapd-wpad-basic-wolfssl/hostapd-2023-09-08-e5ccbfc6/src/crypto -I/home/runner/work/ma3063-openwrt/ma3063-openwrt/openwrt/staging_dir/toolchain-aarch64_cortex-a53_gcc-12.3.0_musl/usr/include -I/home/runner/work/ma3063-openwrt/ma3063-openwrt/openwrt/staging_dir/toolchain-aarch64_cortex-a53_gcc-12.3.0_musl/include/fortify -I/home/runner/work/ma3063-openwrt/ma3063-openwrt/openwrt/staging_dir/toolchain-aarch64_cortex-a53_gcc-12.3.0_musl/include -DCONFIG_LIBNL20 -D_GNU_SOURCE -DCONFIG_MSG_MIN_PRIORITY=3 -I/home/runner/work/ma3063-openwrt/ma3063-openwrt/openwrt/build_dir/target-aarch64_cortex-a53_musl/hostapd-wpad-basic-wolfssl/hostapd-2023-09-08-e5ccbfc6/src -I/home/runner/work/ma3063-openwrt/ma3063-openwrt/openwrt/build_dir/target-aarch64_cortex-a53_musl/hostapd-wpad-basic-wolfssl/hostapd-2023-09-08-e5ccbfc6/src/utils -DCONFIG_ELOOP_EPOLL -DUBUS_SUPPORT -DUCODE_SUPPORT -DCONFIG_HT_OVERRIDES -DCONFIG_VHT_OVERRIDES -DCONFIG_BACKEND_FILE -DCONFIG_NO_CONFIG_WRITE -DCONFIG_OCV -DCONFIG_IEEE80211R -DCONFIG_SAE -DCONFIG_OWE -DCONFIG_WNM -DCONFIG_DRIVER_WIRED -DCONFIG_DRIVER_NL80211 -DCONFIG_MBO -DCONFIG_ACS -DCONFIG_TLS_WOLFSSL -DCONFIG_SHA256 -DCONFIG_HMAC_SHA256_KDF -DCONFIG_HMAC_SHA384_KDF -DCONFIG_HMAC_SHA512_KDF -DCONFIG_SHA384 -DCONFIG_SHA512 -DCONFIG_ECC -DCONFIG_NO_RANDOM_POOL -DCONFIG_CTRL_IFACE -DCONFIG_CTRL_IFACE_UNIX -DCONFIG_NO_LINUX_PACKET_SOCKET_WAR -DCONFIG_SME -DCONFIG_DEBUG_SYSLOG -DLOG_HOSTAPD=LOG_DAEMON ../src/eap_server/eap_server.c
aarch64-openwrt-linux-musl-gcc -c -o /home/runner/work/ma3063-openwrt/ma3063-openwrt/openwrt/build_dir/target-aarch64_cortex-a53_musl/hostapd-wpad-basic-wolfssl/hostapd-2023-09-08-e5ccbfc6/build/wpa_supplicant/src/eap_server/eap_server_identity.o -I/home/runner/work/ma3063-openwrt/ma3063-openwrt/openwrt/staging_dir/target-aarch64_cortex-a53_musl/usr/include/libnl-tiny -I/home/runner/work/ma3063-openwrt/ma3063-openwrt/openwrt/build_dir/target-aarch64_cortex-a53_musl/hostapd-wpad-basic-wolfssl/hostapd-2023-09-08-e5ccbfc6/src/crypto -I/home/runner/work/ma3063-openwrt/ma3063-openwrt/openwrt/staging_dir/toolchain-aarch64_cortex-a53_gcc-12.3.0_musl/usr/include -I/home/runner/work/ma3063-openwrt/ma3063-openwrt/openwrt/staging_dir/toolchain-aarch64_cortex-a53_gcc-12.3.0_musl/include/fortify -I/home/runner/work/ma3063-openwrt/ma3063-openwrt/openwrt/staging_dir/toolchain-aarch64_cortex-a53_gcc-12.3.0_musl/include -DCONFIG_LIBNL20 -D_GNU_SOURCE -DCONFIG_MSG_MIN_PRIORITY=3 -Os -pipe -mcpu=cortex-a53 -fno-caller-saves -fno-plt -fhonour-copts -fmacro-prefix-map=/home/runner/work/ma3063-openwrt/ma3063-openwrt/openwrt/build_dir/target-aarch64_cortex-a53_musl/hostapd-wpad-basic-wolfssl/hostapd-2023-09-08-e5ccbfc6=hostapd-2023-09-08-e5ccbfc6 -ffunction-sections -fdata-sections -flto=auto -fno-fat-lto-objects -Wformat -Werror=format-security -DPIC -fPIC -fstack-protector -D_FORTIFY_SOURCE=1 -Wl,-z,now -Wl,-z,relro -I/home/runner/work/ma3063-openwrt/ma3063-openwrt/openwrt/build_dir/target-aarch64_cortex-a53_musl/hostapd-wpad-basic-wolfssl/hostapd-2023-09-08-e5ccbfc6/src -I/home/runner/work/ma3063-openwrt/ma3063-openwrt/openwrt/build_dir/target-aarch64_cortex-a53_musl/hostapd-wpad-basic-wolfssl/hostapd-2023-09-08-e5ccbfc6/src/utils -DHOSTAPD -DCONFIG_ELOOP_EPOLL -DUBUS_SUPPORT -DUCODE_SUPPORT -DCONFIG_NO_RADIUS -DCONFIG_NO_ACCOUNTING -DCONFIG_CTRL_IFACE_UNIX -DCONFIG_CTRL_IFACE -DCONFIG_RSN_PREAUTH -DCONFIG_OCV -DCONFIG_IEEE80211R -DCONFIG_IEEE80211R_AP -DCONFIG_ETH_P_OUI -DCONFIG_SAE -DCONFIG_OWE -DCONFIG_AIRTIME_POLICY -DCONFIG_IEEE80211AC -DCONFIG_IEEE80211AX -DCONFIG_MBO -DCONFIG_DRIVER_WIRED -DCONFIG_DRIVER_NL80211 -DCONFIG_DRIVER_WIRED -DCONFIG_DRIVER_NL80211 -DEAP_SERVER_IDENTITY -DCONFIG_TLS_WOLFSSL -DCONFIG_SHA256 -DCONFIG_HMAC_SHA256_KDF -DCONFIG_HMAC_SHA384_KDF -DCONFIG_HMAC_SHA512_KDF -DCONFIG_SHA384 -DCONFIG_SHA512 -DCONFIG_ECC -DCONFIG_NO_RANDOM_POOL -DNEED_AP_MLME -DCONFIG_ACS -DCONFIG_DEBUG_SYSLOG -I/home/runner/work/ma3063-openwrt/ma3063-openwrt/openwrt/staging_dir/target-aarch64_cortex-a53_musl/usr/include/libnl-tiny -I/home/runner/work/ma3063-openwrt/ma3063-openwrt/openwrt/build_dir/target-aarch64_cortex-a53_musl/hostapd-wpad-basic-wolfssl/hostapd-2023-09-08-e5ccbfc6/src/crypto -I/home/runner/work/ma3063-openwrt/ma3063-openwrt/openwrt/staging_dir/toolchain-aarch64_cortex-a53_gcc-12.3.0_musl/usr/include -I/home/runner/work/ma3063-openwrt/ma3063-openwrt/openwrt/staging_dir/toolchain-aarch64_cortex-a53_gcc-12.3.0_musl/include/fortify -I/home/runner/work/ma3063-openwrt/ma3063-openwrt/openwrt/staging_dir/toolchain-aarch64_cortex-a53_gcc-12.3.0_musl/include -DCONFIG_LIBNL20 -D_GNU_SOURCE -DCONFIG_MSG_MIN_PRIORITY=3 -I/home/runner/work/ma3063-openwrt/ma3063-openwrt/openwrt/build_dir/target-aarch64_cortex-a53_musl/hostapd-wpad-basic-wolfssl/hostapd-2023-09-08-e5ccbfc6/src -I/home/runner/work/ma3063-openwrt/ma3063-openwrt/openwrt/build_dir/target-aarch64_cortex-a53_musl/hostapd-wpad-basic-wolfssl/hostapd-2023-09-08-e5ccbfc6/src/utils -DCONFIG_ELOOP_EPOLL -DUBUS_SUPPORT -DUCODE_SUPPORT -DCONFIG_HT_OVERRIDES -DCONFIG_VHT_OVERRIDES -DCONFIG_BACKEND_FILE -DCONFIG_NO_CONFIG_WRITE -DCONFIG_OCV -DCONFIG_IEEE80211R -DCONFIG_SAE -DCONFIG_OWE -DCONFIG_WNM -DCONFIG_DRIVER_WIRED -DCONFIG_DRIVER_NL80211 -DCONFIG_MBO -DCONFIG_ACS -DCONFIG_TLS_WOLFSSL -DCONFIG_SHA256 -DCONFIG_HMAC_SHA256_KDF -DCONFIG_HMAC_SHA384_KDF -DCONFIG_HMAC_SHA512_KDF -DCONFIG_SHA384 -DCONFIG_SHA512 -DCONFIG_ECC -DCONFIG_NO_RANDOM_POOL -DCONFIG_CTRL_IFACE -DCONFIG_CTRL_IFACE_UNIX -DCONFIG_NO_LINUX_PACKET_SOCKET_WAR -DCONFIG_SME -DCONFIG_DEBUG_SYSLOG -DLOG_HOSTAPD=LOG_DAEMON ../src/eap_server/eap_server_identity.c
aarch64-openwrt-linux-musl-gcc -c -o /home/runner/work/ma3063-openwrt/ma3063-openwrt/openwrt/build_dir/target-aarch64_cortex-a53_musl/hostapd-wpad-basic-wolfssl/hostapd-2023-09-08-e5ccbfc6/build/wpa_supplicant/src/eap_server/eap_server_methods.o -I/home/runner/work/ma3063-openwrt/ma3063-openwrt/openwrt/staging_dir/target-aarch64_cortex-a53_musl/usr/include/libnl-tiny -I/home/runner/work/ma3063-openwrt/ma3063-openwrt/openwrt/build_dir/target-aarch64_cortex-a53_musl/hostapd-wpad-basic-wolfssl/hostapd-2023-09-08-e5ccbfc6/src/crypto -I/home/runner/work/ma3063-openwrt/ma3063-openwrt/openwrt/staging_dir/toolchain-aarch64_cortex-a53_gcc-12.3.0_musl/usr/include -I/home/runner/work/ma3063-openwrt/ma3063-openwrt/openwrt/staging_dir/toolchain-aarch64_cortex-a53_gcc-12.3.0_musl/include/fortify -I/home/runner/work/ma3063-openwrt/ma3063-openwrt/openwrt/staging_dir/toolchain-aarch64_cortex-a53_gcc-12.3.0_musl/include -DCONFIG_LIBNL20 -D_GNU_SOURCE -DCONFIG_MSG_MIN_PRIORITY=3 -Os -pipe -mcpu=cortex-a53 -fno-caller-saves -fno-plt -fhonour-copts -fmacro-prefix-map=/home/runner/work/ma3063-openwrt/ma3063-openwrt/openwrt/build_dir/target-aarch64_cortex-a53_musl/hostapd-wpad-basic-wolfssl/hostapd-2023-09-08-e5ccbfc6=hostapd-2023-09-08-e5ccbfc6 -ffunction-sections -fdata-sections -flto=auto -fno-fat-lto-objects -Wformat -Werror=format-security -DPIC -fPIC -fstack-protector -D_FORTIFY_SOURCE=1 -Wl,-z,now -Wl,-z,relro -I/home/runner/work/ma3063-openwrt/ma3063-openwrt/openwrt/build_dir/target-aarch64_cortex-a53_musl/hostapd-wpad-basic-wolfssl/hostapd-2023-09-08-e5ccbfc6/src -I/home/runner/work/ma3063-openwrt/ma3063-openwrt/openwrt/build_dir/target-aarch64_cortex-a53_musl/hostapd-wpad-basic-wolfssl/hostapd-2023-09-08-e5ccbfc6/src/utils -DHOSTAPD -DCONFIG_ELOOP_EPOLL -DUBUS_SUPPORT -DUCODE_SUPPORT -DCONFIG_NO_RADIUS -DCONFIG_NO_ACCOUNTING -DCONFIG_CTRL_IFACE_UNIX -DCONFIG_CTRL_IFACE -DCONFIG_RSN_PREAUTH -DCONFIG_OCV -DCONFIG_IEEE80211R -DCONFIG_IEEE80211R_AP -DCONFIG_ETH_P_OUI -DCONFIG_SAE -DCONFIG_OWE -DCONFIG_AIRTIME_POLICY -DCONFIG_IEEE80211AC -DCONFIG_IEEE80211AX -DCONFIG_MBO -DCONFIG_DRIVER_WIRED -DCONFIG_DRIVER_NL80211 -DCONFIG_DRIVER_WIRED -DCONFIG_DRIVER_NL80211 -DEAP_SERVER_IDENTITY -DCONFIG_TLS_WOLFSSL -DCONFIG_SHA256 -DCONFIG_HMAC_SHA256_KDF -DCONFIG_HMAC_SHA384_KDF -DCONFIG_HMAC_SHA512_KDF -DCONFIG_SHA384 -DCONFIG_SHA512 -DCONFIG_ECC -DCONFIG_NO_RANDOM_POOL -DNEED_AP_MLME -DCONFIG_ACS -DCONFIG_DEBUG_SYSLOG -I/home/runner/work/ma3063-openwrt/ma3063-openwrt/openwrt/staging_dir/target-aarch64_cortex-a53_musl/usr/include/libnl-tiny -I/home/runner/work/ma3063-openwrt/ma3063-openwrt/openwrt/build_dir/target-aarch64_cortex-a53_musl/hostapd-wpad-basic-wolfssl/hostapd-2023-09-08-e5ccbfc6/src/crypto -I/home/runner/work/ma3063-openwrt/ma3063-openwrt/openwrt/staging_dir/toolchain-aarch64_cortex-a53_gcc-12.3.0_musl/usr/include -I/home/runner/work/ma3063-openwrt/ma3063-openwrt/openwrt/staging_dir/toolchain-aarch64_cortex-a53_gcc-12.3.0_musl/include/fortify -I/home/runner/work/ma3063-openwrt/ma3063-openwrt/openwrt/staging_dir/toolchain-aarch64_cortex-a53_gcc-12.3.0_musl/include -DCONFIG_LIBNL20 -D_GNU_SOURCE -DCONFIG_MSG_MIN_PRIORITY=3 -I/home/runner/work/ma3063-openwrt/ma3063-openwrt/openwrt/build_dir/target-aarch64_cortex-a53_musl/hostapd-wpad-basic-wolfssl/hostapd-2023-09-08-e5ccbfc6/src -I/home/runner/work/ma3063-openwrt/ma3063-openwrt/openwrt/build_dir/target-aarch64_cortex-a53_musl/hostapd-wpad-basic-wolfssl/hostapd-2023-09-08-e5ccbfc6/src/utils -DCONFIG_ELOOP_EPOLL -DUBUS_SUPPORT -DUCODE_SUPPORT -DCONFIG_HT_OVERRIDES -DCONFIG_VHT_OVERRIDES -DCONFIG_BACKEND_FILE -DCONFIG_NO_CONFIG_WRITE -DCONFIG_OCV -DCONFIG_IEEE80211R -DCONFIG_SAE -DCONFIG_OWE -DCONFIG_WNM -DCONFIG_DRIVER_WIRED -DCONFIG_DRIVER_NL80211 -DCONFIG_MBO -DCONFIG_ACS -DCONFIG_TLS_WOLFSSL -DCONFIG_SHA256 -DCONFIG_HMAC_SHA256_KDF -DCONFIG_HMAC_SHA384_KDF -DCONFIG_HMAC_SHA512_KDF -DCONFIG_SHA384 -DCONFIG_SHA512 -DCONFIG_ECC -DCONFIG_NO_RANDOM_POOL -DCONFIG_CTRL_IFACE -DCONFIG_CTRL_IFACE_UNIX -DCONFIG_NO_LINUX_PACKET_SOCKET_WAR -DCONFIG_SME -DCONFIG_DEBUG_SYSLOG -DLOG_HOSTAPD=LOG_DAEMON ../src/eap_server/eap_server_methods.c
aarch64-openwrt-linux-musl-gcc -c -o /home/runner/work/ma3063-openwrt/ma3063-openwrt/openwrt/build_dir/target-aarch64_cortex-a53_musl/hostapd-wpad-basic-wolfssl/hostapd-2023-09-08-e5ccbfc6/build/wpa_supplicant/mbo.o -I/home/runner/work/ma3063-openwrt/ma3063-openwrt/openwrt/staging_dir/target-aarch64_cortex-a53_musl/usr/include/libnl-tiny -I/home/runner/work/ma3063-openwrt/ma3063-openwrt/openwrt/build_dir/target-aarch64_cortex-a53_musl/hostapd-wpad-basic-wolfssl/hostapd-2023-09-08-e5ccbfc6/src/crypto -I/home/runner/work/ma3063-openwrt/ma3063-openwrt/openwrt/staging_dir/toolchain-aarch64_cortex-a53_gcc-12.3.0_musl/usr/include -I/home/runner/work/ma3063-openwrt/ma3063-openwrt/openwrt/staging_dir/toolchain-aarch64_cortex-a53_gcc-12.3.0_musl/include/fortify -I/home/runner/work/ma3063-openwrt/ma3063-openwrt/openwrt/staging_dir/toolchain-aarch64_cortex-a53_gcc-12.3.0_musl/include -DCONFIG_LIBNL20 -D_GNU_SOURCE -DCONFIG_MSG_MIN_PRIORITY=3 -Os -pipe -mcpu=cortex-a53 -fno-caller-saves -fno-plt -fhonour-copts -fmacro-prefix-map=/home/runner/work/ma3063-openwrt/ma3063-openwrt/openwrt/build_dir/target-aarch64_cortex-a53_musl/hostapd-wpad-basic-wolfssl/hostapd-2023-09-08-e5ccbfc6=hostapd-2023-09-08-e5ccbfc6 -ffunction-sections -fdata-sections -flto=auto -fno-fat-lto-objects -Wformat -Werror=format-security -DPIC -fPIC -fstack-protector -D_FORTIFY_SOURCE=1 -Wl,-z,now -Wl,-z,relro -I/home/runner/work/ma3063-openwrt/ma3063-openwrt/openwrt/build_dir/target-aarch64_cortex-a53_musl/hostapd-wpad-basic-wolfssl/hostapd-2023-09-08-e5ccbfc6/src -I/home/runner/work/ma3063-openwrt/ma3063-openwrt/openwrt/build_dir/target-aarch64_cortex-a53_musl/hostapd-wpad-basic-wolfssl/hostapd-2023-09-08-e5ccbfc6/src/utils -DHOSTAPD -DCONFIG_ELOOP_EPOLL -DUBUS_SUPPORT -DUCODE_SUPPORT -DCONFIG_NO_RADIUS -DCONFIG_NO_ACCOUNTING -DCONFIG_CTRL_IFACE_UNIX -DCONFIG_CTRL_IFACE -DCONFIG_RSN_PREAUTH -DCONFIG_OCV -DCONFIG_IEEE80211R -DCONFIG_IEEE80211R_AP -DCONFIG_ETH_P_OUI -DCONFIG_SAE -DCONFIG_OWE -DCONFIG_AIRTIME_POLICY -DCONFIG_IEEE80211AC -DCONFIG_IEEE80211AX -DCONFIG_MBO -DCONFIG_DRIVER_WIRED -DCONFIG_DRIVER_NL80211 -DCONFIG_DRIVER_WIRED -DCONFIG_DRIVER_NL80211 -DEAP_SERVER_IDENTITY -DCONFIG_TLS_WOLFSSL -DCONFIG_SHA256 -DCONFIG_HMAC_SHA256_KDF -DCONFIG_HMAC_SHA384_KDF -DCONFIG_HMAC_SHA512_KDF -DCONFIG_SHA384 -DCONFIG_SHA512 -DCONFIG_ECC -DCONFIG_NO_RANDOM_POOL -DNEED_AP_MLME -DCONFIG_ACS -DCONFIG_DEBUG_SYSLOG -I/home/runner/work/ma3063-openwrt/ma3063-openwrt/openwrt/staging_dir/target-aarch64_cortex-a53_musl/usr/include/libnl-tiny -I/home/runner/work/ma3063-openwrt/ma3063-openwrt/openwrt/build_dir/target-aarch64_cortex-a53_musl/hostapd-wpad-basic-wolfssl/hostapd-2023-09-08-e5ccbfc6/src/crypto -I/home/runner/work/ma3063-openwrt/ma3063-openwrt/openwrt/staging_dir/toolchain-aarch64_cortex-a53_gcc-12.3.0_musl/usr/include -I/home/runner/work/ma3063-openwrt/ma3063-openwrt/openwrt/staging_dir/toolchain-aarch64_cortex-a53_gcc-12.3.0_musl/include/fortify -I/home/runner/work/ma3063-openwrt/ma3063-openwrt/openwrt/staging_dir/toolchain-aarch64_cortex-a53_gcc-12.3.0_musl/include -DCONFIG_LIBNL20 -D_GNU_SOURCE -DCONFIG_MSG_MIN_PRIORITY=3 -I/home/runner/work/ma3063-openwrt/ma3063-openwrt/openwrt/build_dir/target-aarch64_cortex-a53_musl/hostapd-wpad-basic-wolfssl/hostapd-2023-09-08-e5ccbfc6/src -I/home/runner/work/ma3063-openwrt/ma3063-openwrt/openwrt/build_dir/target-aarch64_cortex-a53_musl/hostapd-wpad-basic-wolfssl/hostapd-2023-09-08-e5ccbfc6/src/utils -DCONFIG_ELOOP_EPOLL -DUBUS_SUPPORT -DUCODE_SUPPORT -DCONFIG_HT_OVERRIDES -DCONFIG_VHT_OVERRIDES -DCONFIG_BACKEND_FILE -DCONFIG_NO_CONFIG_WRITE -DCONFIG_OCV -DCONFIG_IEEE80211R -DCONFIG_SAE -DCONFIG_OWE -DCONFIG_WNM -DCONFIG_DRIVER_WIRED -DCONFIG_DRIVER_NL80211 -DCONFIG_MBO -DCONFIG_ACS -DCONFIG_TLS_WOLFSSL -DCONFIG_SHA256 -DCONFIG_HMAC_SHA256_KDF -DCONFIG_HMAC_SHA384_KDF -DCONFIG_HMAC_SHA512_KDF -DCONFIG_SHA384 -DCONFIG_SHA512 -DCONFIG_ECC -DCONFIG_NO_RANDOM_POOL -DCONFIG_CTRL_IFACE -DCONFIG_CTRL_IFACE_UNIX -DCONFIG_NO_LINUX_PACKET_SOCKET_WAR -DCONFIG_SME -DCONFIG_DEBUG_SYSLOG -DLOG_HOSTAPD=LOG_DAEMON mbo.c
aarch64-openwrt-linux-musl-gcc -c -o /home/runner/work/ma3063-openwrt/ma3063-openwrt/openwrt/build_dir/target-aarch64_cortex-a53_musl/hostapd-wpad-basic-wolfssl/hostapd-2023-09-08-e5ccbfc6/build/wpa_supplicant/src/ap/acs.o -I/home/runner/work/ma3063-openwrt/ma3063-openwrt/openwrt/staging_dir/target-aarch64_cortex-a53_musl/usr/include/libnl-tiny -I/home/runner/work/ma3063-openwrt/ma3063-openwrt/openwrt/build_dir/target-aarch64_cortex-a53_musl/hostapd-wpad-basic-wolfssl/hostapd-2023-09-08-e5ccbfc6/src/crypto -I/home/runner/work/ma3063-openwrt/ma3063-openwrt/openwrt/staging_dir/toolchain-aarch64_cortex-a53_gcc-12.3.0_musl/usr/include -I/home/runner/work/ma3063-openwrt/ma3063-openwrt/openwrt/staging_dir/toolchain-aarch64_cortex-a53_gcc-12.3.0_musl/include/fortify -I/home/runner/work/ma3063-openwrt/ma3063-openwrt/openwrt/staging_dir/toolchain-aarch64_cortex-a53_gcc-12.3.0_musl/include -DCONFIG_LIBNL20 -D_GNU_SOURCE -DCONFIG_MSG_MIN_PRIORITY=3 -Os -pipe -mcpu=cortex-a53 -fno-caller-saves -fno-plt -fhonour-copts -fmacro-prefix-map=/home/runner/work/ma3063-openwrt/ma3063-openwrt/openwrt/build_dir/target-aarch64_cortex-a53_musl/hostapd-wpad-basic-wolfssl/hostapd-2023-09-08-e5ccbfc6=hostapd-2023-09-08-e5ccbfc6 -ffunction-sections -fdata-sections -flto=auto -fno-fat-lto-objects -Wformat -Werror=format-security -DPIC -fPIC -fstack-protector -D_FORTIFY_SOURCE=1 -Wl,-z,now -Wl,-z,relro -I/home/runner/work/ma3063-openwrt/ma3063-openwrt/openwrt/build_dir/target-aarch64_cortex-a53_musl/hostapd-wpad-basic-wolfssl/hostapd-2023-09-08-e5ccbfc6/src -I/home/runner/work/ma3063-openwrt/ma3063-openwrt/openwrt/build_dir/target-aarch64_cortex-a53_musl/hostapd-wpad-basic-wolfssl/hostapd-2023-09-08-e5ccbfc6/src/utils -DHOSTAPD -DCONFIG_ELOOP_EPOLL -DUBUS_SUPPORT -DUCODE_SUPPORT -DCONFIG_NO_RADIUS -DCONFIG_NO_ACCOUNTING -DCONFIG_CTRL_IFACE_UNIX -DCONFIG_CTRL_IFACE -DCONFIG_RSN_PREAUTH -DCONFIG_OCV -DCONFIG_IEEE80211R -DCONFIG_IEEE80211R_AP -DCONFIG_ETH_P_OUI -DCONFIG_SAE -DCONFIG_OWE -DCONFIG_AIRTIME_POLICY -DCONFIG_IEEE80211AC -DCONFIG_IEEE80211AX -DCONFIG_MBO -DCONFIG_DRIVER_WIRED -DCONFIG_DRIVER_NL80211 -DCONFIG_DRIVER_WIRED -DCONFIG_DRIVER_NL80211 -DEAP_SERVER_IDENTITY -DCONFIG_TLS_WOLFSSL -DCONFIG_SHA256 -DCONFIG_HMAC_SHA256_KDF -DCONFIG_HMAC_SHA384_KDF -DCONFIG_HMAC_SHA512_KDF -DCONFIG_SHA384 -DCONFIG_SHA512 -DCONFIG_ECC -DCONFIG_NO_RANDOM_POOL -DNEED_AP_MLME -DCONFIG_ACS -DCONFIG_DEBUG_SYSLOG -I/home/runner/work/ma3063-openwrt/ma3063-openwrt/openwrt/staging_dir/target-aarch64_cortex-a53_musl/usr/include/libnl-tiny -I/home/runner/work/ma3063-openwrt/ma3063-openwrt/openwrt/build_dir/target-aarch64_cortex-a53_musl/hostapd-wpad-basic-wolfssl/hostapd-2023-09-08-e5ccbfc6/src/crypto -I/home/runner/work/ma3063-openwrt/ma3063-openwrt/openwrt/staging_dir/toolchain-aarch64_cortex-a53_gcc-12.3.0_musl/usr/include -I/home/runner/work/ma3063-openwrt/ma3063-openwrt/openwrt/staging_dir/toolchain-aarch64_cortex-a53_gcc-12.3.0_musl/include/fortify -I/home/runner/work/ma3063-openwrt/ma3063-openwrt/openwrt/staging_dir/toolchain-aarch64_cortex-a53_gcc-12.3.0_musl/include -DCONFIG_LIBNL20 -D_GNU_SOURCE -DCONFIG_MSG_MIN_PRIORITY=3 -I/home/runner/work/ma3063-openwrt/ma3063-openwrt/openwrt/build_dir/target-aarch64_cortex-a53_musl/hostapd-wpad-basic-wolfssl/hostapd-2023-09-08-e5ccbfc6/src -I/home/runner/work/ma3063-openwrt/ma3063-openwrt/openwrt/build_dir/target-aarch64_cortex-a53_musl/hostapd-wpad-basic-wolfssl/hostapd-2023-09-08-e5ccbfc6/src/utils -DCONFIG_ELOOP_EPOLL -DUBUS_SUPPORT -DUCODE_SUPPORT -DCONFIG_HT_OVERRIDES -DCONFIG_VHT_OVERRIDES -DCONFIG_BACKEND_FILE -DCONFIG_NO_CONFIG_WRITE -DCONFIG_OCV -DCONFIG_IEEE80211R -DCONFIG_SAE -DCONFIG_OWE -DCONFIG_WNM -DCONFIG_DRIVER_WIRED -DCONFIG_DRIVER_NL80211 -DCONFIG_MBO -DCONFIG_ACS -DCONFIG_TLS_WOLFSSL -DCONFIG_SHA256 -DCONFIG_HMAC_SHA256_KDF -DCONFIG_HMAC_SHA384_KDF -DCONFIG_HMAC_SHA512_KDF -DCONFIG_SHA384 -DCONFIG_SHA512 -DCONFIG_ECC -DCONFIG_NO_RANDOM_POOL -DCONFIG_CTRL_IFACE -DCONFIG_CTRL_IFACE_UNIX -DCONFIG_NO_LINUX_PACKET_SOCKET_WAR -DCONFIG_SME -DCONFIG_DEBUG_SYSLOG -DLOG_HOSTAPD=LOG_DAEMON ../src/ap/acs.c
aarch64-openwrt-linux-musl-gcc -c -o /home/runner/work/ma3063-openwrt/ma3063-openwrt/openwrt/build_dir/target-aarch64_cortex-a53_musl/hostapd-wpad-basic-wolfssl/hostapd-2023-09-08-e5ccbfc6/build/wpa_supplicant/src/common/dragonfly.o -I/home/runner/work/ma3063-openwrt/ma3063-openwrt/openwrt/staging_dir/target-aarch64_cortex-a53_musl/usr/include/libnl-tiny -I/home/runner/work/ma3063-openwrt/ma3063-openwrt/openwrt/build_dir/target-aarch64_cortex-a53_musl/hostapd-wpad-basic-wolfssl/hostapd-2023-09-08-e5ccbfc6/src/crypto -I/home/runner/work/ma3063-openwrt/ma3063-openwrt/openwrt/staging_dir/toolchain-aarch64_cortex-a53_gcc-12.3.0_musl/usr/include -I/home/runner/work/ma3063-openwrt/ma3063-openwrt/openwrt/staging_dir/toolchain-aarch64_cortex-a53_gcc-12.3.0_musl/include/fortify -I/home/runner/work/ma3063-openwrt/ma3063-openwrt/openwrt/staging_dir/toolchain-aarch64_cortex-a53_gcc-12.3.0_musl/include -DCONFIG_LIBNL20 -D_GNU_SOURCE -DCONFIG_MSG_MIN_PRIORITY=3 -Os -pipe -mcpu=cortex-a53 -fno-caller-saves -fno-plt -fhonour-copts -fmacro-prefix-map=/home/runner/work/ma3063-openwrt/ma3063-openwrt/openwrt/build_dir/target-aarch64_cortex-a53_musl/hostapd-wpad-basic-wolfssl/hostapd-2023-09-08-e5ccbfc6=hostapd-2023-09-08-e5ccbfc6 -ffunction-sections -fdata-sections -flto=auto -fno-fat-lto-objects -Wformat -Werror=format-security -DPIC -fPIC -fstack-protector -D_FORTIFY_SOURCE=1 -Wl,-z,now -Wl,-z,relro -I/home/runner/work/ma3063-openwrt/ma3063-openwrt/openwrt/build_dir/target-aarch64_cortex-a53_musl/hostapd-wpad-basic-wolfssl/hostapd-2023-09-08-e5ccbfc6/src -I/home/runner/work/ma3063-openwrt/ma3063-openwrt/openwrt/build_dir/target-aarch64_cortex-a53_musl/hostapd-wpad-basic-wolfssl/hostapd-2023-09-08-e5ccbfc6/src/utils -DHOSTAPD -DCONFIG_ELOOP_EPOLL -DUBUS_SUPPORT -DUCODE_SUPPORT -DCONFIG_NO_RADIUS -DCONFIG_NO_ACCOUNTING -DCONFIG_CTRL_IFACE_UNIX -DCONFIG_CTRL_IFACE -DCONFIG_RSN_PREAUTH -DCONFIG_OCV -DCONFIG_IEEE80211R -DCONFIG_IEEE80211R_AP -DCONFIG_ETH_P_OUI -DCONFIG_SAE -DCONFIG_OWE -DCONFIG_AIRTIME_POLICY -DCONFIG_IEEE80211AC -DCONFIG_IEEE80211AX -DCONFIG_MBO -DCONFIG_DRIVER_WIRED -DCONFIG_DRIVER_NL80211 -DCONFIG_DRIVER_WIRED -DCONFIG_DRIVER_NL80211 -DEAP_SERVER_IDENTITY -DCONFIG_TLS_WOLFSSL -DCONFIG_SHA256 -DCONFIG_HMAC_SHA256_KDF -DCONFIG_HMAC_SHA384_KDF -DCONFIG_HMAC_SHA512_KDF -DCONFIG_SHA384 -DCONFIG_SHA512 -DCONFIG_ECC -DCONFIG_NO_RANDOM_POOL -DNEED_AP_MLME -DCONFIG_ACS -DCONFIG_DEBUG_SYSLOG -I/home/runner/work/ma3063-openwrt/ma3063-openwrt/openwrt/staging_dir/target-aarch64_cortex-a53_musl/usr/include/libnl-tiny -I/home/runner/work/ma3063-openwrt/ma3063-openwrt/openwrt/build_dir/target-aarch64_cortex-a53_musl/hostapd-wpad-basic-wolfssl/hostapd-2023-09-08-e5ccbfc6/src/crypto -I/home/runner/work/ma3063-openwrt/ma3063-openwrt/openwrt/staging_dir/toolchain-aarch64_cortex-a53_gcc-12.3.0_musl/usr/include -I/home/runner/work/ma3063-openwrt/ma3063-openwrt/openwrt/staging_dir/toolchain-aarch64_cortex-a53_gcc-12.3.0_musl/include/fortify -I/home/runner/work/ma3063-openwrt/ma3063-openwrt/openwrt/staging_dir/toolchain-aarch64_cortex-a53_gcc-12.3.0_musl/include -DCONFIG_LIBNL20 -D_GNU_SOURCE -DCONFIG_MSG_MIN_PRIORITY=3 -I/home/runner/work/ma3063-openwrt/ma3063-openwrt/openwrt/build_dir/target-aarch64_cortex-a53_musl/hostapd-wpad-basic-wolfssl/hostapd-2023-09-08-e5ccbfc6/src -I/home/runner/work/ma3063-openwrt/ma3063-openwrt/openwrt/build_dir/target-aarch64_cortex-a53_musl/hostapd-wpad-basic-wolfssl/hostapd-2023-09-08-e5ccbfc6/src/utils -DCONFIG_ELOOP_EPOLL -DUBUS_SUPPORT -DUCODE_SUPPORT -DCONFIG_HT_OVERRIDES -DCONFIG_VHT_OVERRIDES -DCONFIG_BACKEND_FILE -DCONFIG_NO_CONFIG_WRITE -DCONFIG_OCV -DCONFIG_IEEE80211R -DCONFIG_SAE -DCONFIG_OWE -DCONFIG_WNM -DCONFIG_DRIVER_WIRED -DCONFIG_DRIVER_NL80211 -DCONFIG_MBO -DCONFIG_ACS -DCONFIG_TLS_WOLFSSL -DCONFIG_SHA256 -DCONFIG_HMAC_SHA256_KDF -DCONFIG_HMAC_SHA384_KDF -DCONFIG_HMAC_SHA512_KDF -DCONFIG_SHA384 -DCONFIG_SHA512 -DCONFIG_ECC -DCONFIG_NO_RANDOM_POOL -DCONFIG_CTRL_IFACE -DCONFIG_CTRL_IFACE_UNIX -DCONFIG_NO_LINUX_PACKET_SOCKET_WAR -DCONFIG_SME -DCONFIG_DEBUG_SYSLOG -DLOG_HOSTAPD=LOG_DAEMON ../src/common/dragonfly.c
aarch64-openwrt-linux-musl-gcc -c -o /home/runner/work/ma3063-openwrt/ma3063-openwrt/openwrt/build_dir/target-aarch64_cortex-a53_musl/hostapd-wpad-basic-wolfssl/hostapd-2023-09-08-e5ccbfc6/build/wpa_supplicant/src/crypto/crypto_wolfssl.o -I/home/runner/work/ma3063-openwrt/ma3063-openwrt/openwrt/staging_dir/target-aarch64_cortex-a53_musl/usr/include/libnl-tiny -I/home/runner/work/ma3063-openwrt/ma3063-openwrt/openwrt/build_dir/target-aarch64_cortex-a53_musl/hostapd-wpad-basic-wolfssl/hostapd-2023-09-08-e5ccbfc6/src/crypto -I/home/runner/work/ma3063-openwrt/ma3063-openwrt/openwrt/staging_dir/toolchain-aarch64_cortex-a53_gcc-12.3.0_musl/usr/include -I/home/runner/work/ma3063-openwrt/ma3063-openwrt/openwrt/staging_dir/toolchain-aarch64_cortex-a53_gcc-12.3.0_musl/include/fortify -I/home/runner/work/ma3063-openwrt/ma3063-openwrt/openwrt/staging_dir/toolchain-aarch64_cortex-a53_gcc-12.3.0_musl/include -DCONFIG_LIBNL20 -D_GNU_SOURCE -DCONFIG_MSG_MIN_PRIORITY=3 -Os -pipe -mcpu=cortex-a53 -fno-caller-saves -fno-plt -fhonour-copts -fmacro-prefix-map=/home/runner/work/ma3063-openwrt/ma3063-openwrt/openwrt/build_dir/target-aarch64_cortex-a53_musl/hostapd-wpad-basic-wolfssl/hostapd-2023-09-08-e5ccbfc6=hostapd-2023-09-08-e5ccbfc6 -ffunction-sections -fdata-sections -flto=auto -fno-fat-lto-objects -Wformat -Werror=format-security -DPIC -fPIC -fstack-protector -D_FORTIFY_SOURCE=1 -Wl,-z,now -Wl,-z,relro -I/home/runner/work/ma3063-openwrt/ma3063-openwrt/openwrt/build_dir/target-aarch64_cortex-a53_musl/hostapd-wpad-basic-wolfssl/hostapd-2023-09-08-e5ccbfc6/src -I/home/runner/work/ma3063-openwrt/ma3063-openwrt/openwrt/build_dir/target-aarch64_cortex-a53_musl/hostapd-wpad-basic-wolfssl/hostapd-2023-09-08-e5ccbfc6/src/utils -DHOSTAPD -DCONFIG_ELOOP_EPOLL -DUBUS_SUPPORT -DUCODE_SUPPORT -DCONFIG_NO_RADIUS -DCONFIG_NO_ACCOUNTING -DCONFIG_CTRL_IFACE_UNIX -DCONFIG_CTRL_IFACE -DCONFIG_RSN_PREAUTH -DCONFIG_OCV -DCONFIG_IEEE80211R -DCONFIG_IEEE80211R_AP -DCONFIG_ETH_P_OUI -DCONFIG_SAE -DCONFIG_OWE -DCONFIG_AIRTIME_POLICY -DCONFIG_IEEE80211AC -DCONFIG_IEEE80211AX -DCONFIG_MBO -DCONFIG_DRIVER_WIRED -DCONFIG_DRIVER_NL80211 -DCONFIG_DRIVER_WIRED -DCONFIG_DRIVER_NL80211 -DEAP_SERVER_IDENTITY -DCONFIG_TLS_WOLFSSL -DCONFIG_SHA256 -DCONFIG_HMAC_SHA256_KDF -DCONFIG_HMAC_SHA384_KDF -DCONFIG_HMAC_SHA512_KDF -DCONFIG_SHA384 -DCONFIG_SHA512 -DCONFIG_ECC -DCONFIG_NO_RANDOM_POOL -DNEED_AP_MLME -DCONFIG_ACS -DCONFIG_DEBUG_SYSLOG -I/home/runner/work/ma3063-openwrt/ma3063-openwrt/openwrt/staging_dir/target-aarch64_cortex-a53_musl/usr/include/libnl-tiny -I/home/runner/work/ma3063-openwrt/ma3063-openwrt/openwrt/build_dir/target-aarch64_cortex-a53_musl/hostapd-wpad-basic-wolfssl/hostapd-2023-09-08-e5ccbfc6/src/crypto -I/home/runner/work/ma3063-openwrt/ma3063-openwrt/openwrt/staging_dir/toolchain-aarch64_cortex-a53_gcc-12.3.0_musl/usr/include -I/home/runner/work/ma3063-openwrt/ma3063-openwrt/openwrt/staging_dir/toolchain-aarch64_cortex-a53_gcc-12.3.0_musl/include/fortify -I/home/runner/work/ma3063-openwrt/ma3063-openwrt/openwrt/staging_dir/toolchain-aarch64_cortex-a53_gcc-12.3.0_musl/include -DCONFIG_LIBNL20 -D_GNU_SOURCE -DCONFIG_MSG_MIN_PRIORITY=3 -I/home/runner/work/ma3063-openwrt/ma3063-openwrt/openwrt/build_dir/target-aarch64_cortex-a53_musl/hostapd-wpad-basic-wolfssl/hostapd-2023-09-08-e5ccbfc6/src -I/home/runner/work/ma3063-openwrt/ma3063-openwrt/openwrt/build_dir/target-aarch64_cortex-a53_musl/hostapd-wpad-basic-wolfssl/hostapd-2023-09-08-e5ccbfc6/src/utils -DCONFIG_ELOOP_EPOLL -DUBUS_SUPPORT -DUCODE_SUPPORT -DCONFIG_HT_OVERRIDES -DCONFIG_VHT_OVERRIDES -DCONFIG_BACKEND_FILE -DCONFIG_NO_CONFIG_WRITE -DCONFIG_OCV -DCONFIG_IEEE80211R -DCONFIG_SAE -DCONFIG_OWE -DCONFIG_WNM -DCONFIG_DRIVER_WIRED -DCONFIG_DRIVER_NL80211 -DCONFIG_MBO -DCONFIG_ACS -DCONFIG_TLS_WOLFSSL -DCONFIG_SHA256 -DCONFIG_HMAC_SHA256_KDF -DCONFIG_HMAC_SHA384_KDF -DCONFIG_HMAC_SHA512_KDF -DCONFIG_SHA384 -DCONFIG_SHA512 -DCONFIG_ECC -DCONFIG_NO_RANDOM_POOL -DCONFIG_CTRL_IFACE -DCONFIG_CTRL_IFACE_UNIX -DCONFIG_NO_LINUX_PACKET_SOCKET_WAR -DCONFIG_SME -DCONFIG_DEBUG_SYSLOG -DLOG_HOSTAPD=LOG_DAEMON ../src/crypto/crypto_wolfssl.c
aarch64-openwrt-linux-musl-gcc -c -o /home/runner/work/ma3063-openwrt/ma3063-openwrt/openwrt/build_dir/target-aarch64_cortex-a53_musl/hostapd-wpad-basic-wolfssl/hostapd-2023-09-08-e5ccbfc6/build/wpa_supplicant/src/crypto/tls_none.o -I/home/runner/work/ma3063-openwrt/ma3063-openwrt/openwrt/staging_dir/target-aarch64_cortex-a53_musl/usr/include/libnl-tiny -I/home/runner/work/ma3063-openwrt/ma3063-openwrt/openwrt/build_dir/target-aarch64_cortex-a53_musl/hostapd-wpad-basic-wolfssl/hostapd-2023-09-08-e5ccbfc6/src/crypto -I/home/runner/work/ma3063-openwrt/ma3063-openwrt/openwrt/staging_dir/toolchain-aarch64_cortex-a53_gcc-12.3.0_musl/usr/include -I/home/runner/work/ma3063-openwrt/ma3063-openwrt/openwrt/staging_dir/toolchain-aarch64_cortex-a53_gcc-12.3.0_musl/include/fortify -I/home/runner/work/ma3063-openwrt/ma3063-openwrt/openwrt/staging_dir/toolchain-aarch64_cortex-a53_gcc-12.3.0_musl/include -DCONFIG_LIBNL20 -D_GNU_SOURCE -DCONFIG_MSG_MIN_PRIORITY=3 -Os -pipe -mcpu=cortex-a53 -fno-caller-saves -fno-plt -fhonour-copts -fmacro-prefix-map=/home/runner/work/ma3063-openwrt/ma3063-openwrt/openwrt/build_dir/target-aarch64_cortex-a53_musl/hostapd-wpad-basic-wolfssl/hostapd-2023-09-08-e5ccbfc6=hostapd-2023-09-08-e5ccbfc6 -ffunction-sections -fdata-sections -flto=auto -fno-fat-lto-objects -Wformat -Werror=format-security -DPIC -fPIC -fstack-protector -D_FORTIFY_SOURCE=1 -Wl,-z,now -Wl,-z,relro -I/home/runner/work/ma3063-openwrt/ma3063-openwrt/openwrt/build_dir/target-aarch64_cortex-a53_musl/hostapd-wpad-basic-wolfssl/hostapd-2023-09-08-e5ccbfc6/src -I/home/runner/work/ma3063-openwrt/ma3063-openwrt/openwrt/build_dir/target-aarch64_cortex-a53_musl/hostapd-wpad-basic-wolfssl/hostapd-2023-09-08-e5ccbfc6/src/utils -DHOSTAPD -DCONFIG_ELOOP_EPOLL -DUBUS_SUPPORT -DUCODE_SUPPORT -DCONFIG_NO_RADIUS -DCONFIG_NO_ACCOUNTING -DCONFIG_CTRL_IFACE_UNIX -DCONFIG_CTRL_IFACE -DCONFIG_RSN_PREAUTH -DCONFIG_OCV -DCONFIG_IEEE80211R -DCONFIG_IEEE80211R_AP -DCONFIG_ETH_P_OUI -DCONFIG_SAE -DCONFIG_OWE -DCONFIG_AIRTIME_POLICY -DCONFIG_IEEE80211AC -DCONFIG_IEEE80211AX -DCONFIG_MBO -DCONFIG_DRIVER_WIRED -DCONFIG_DRIVER_NL80211 -DCONFIG_DRIVER_WIRED -DCONFIG_DRIVER_NL80211 -DEAP_SERVER_IDENTITY -DCONFIG_TLS_WOLFSSL -DCONFIG_SHA256 -DCONFIG_HMAC_SHA256_KDF -DCONFIG_HMAC_SHA384_KDF -DCONFIG_HMAC_SHA512_KDF -DCONFIG_SHA384 -DCONFIG_SHA512 -DCONFIG_ECC -DCONFIG_NO_RANDOM_POOL -DNEED_AP_MLME -DCONFIG_ACS -DCONFIG_DEBUG_SYSLOG -I/home/runner/work/ma3063-openwrt/ma3063-openwrt/openwrt/staging_dir/target-aarch64_cortex-a53_musl/usr/include/libnl-tiny -I/home/runner/work/ma3063-openwrt/ma3063-openwrt/openwrt/build_dir/target-aarch64_cortex-a53_musl/hostapd-wpad-basic-wolfssl/hostapd-2023-09-08-e5ccbfc6/src/crypto -I/home/runner/work/ma3063-openwrt/ma3063-openwrt/openwrt/staging_dir/toolchain-aarch64_cortex-a53_gcc-12.3.0_musl/usr/include -I/home/runner/work/ma3063-openwrt/ma3063-openwrt/openwrt/staging_dir/toolchain-aarch64_cortex-a53_gcc-12.3.0_musl/include/fortify -I/home/runner/work/ma3063-openwrt/ma3063-openwrt/openwrt/staging_dir/toolchain-aarch64_cortex-a53_gcc-12.3.0_musl/include -DCONFIG_LIBNL20 -D_GNU_SOURCE -DCONFIG_MSG_MIN_PRIORITY=3 -I/home/runner/work/ma3063-openwrt/ma3063-openwrt/openwrt/build_dir/target-aarch64_cortex-a53_musl/hostapd-wpad-basic-wolfssl/hostapd-2023-09-08-e5ccbfc6/src -I/home/runner/work/ma3063-openwrt/ma3063-openwrt/openwrt/build_dir/target-aarch64_cortex-a53_musl/hostapd-wpad-basic-wolfssl/hostapd-2023-09-08-e5ccbfc6/src/utils -DCONFIG_ELOOP_EPOLL -DUBUS_SUPPORT -DUCODE_SUPPORT -DCONFIG_HT_OVERRIDES -DCONFIG_VHT_OVERRIDES -DCONFIG_BACKEND_FILE -DCONFIG_NO_CONFIG_WRITE -DCONFIG_OCV -DCONFIG_IEEE80211R -DCONFIG_SAE -DCONFIG_OWE -DCONFIG_WNM -DCONFIG_DRIVER_WIRED -DCONFIG_DRIVER_NL80211 -DCONFIG_MBO -DCONFIG_ACS -DCONFIG_TLS_WOLFSSL -DCONFIG_SHA256 -DCONFIG_HMAC_SHA256_KDF -DCONFIG_HMAC_SHA384_KDF -DCONFIG_HMAC_SHA512_KDF -DCONFIG_SHA384 -DCONFIG_SHA512 -DCONFIG_ECC -DCONFIG_NO_RANDOM_POOL -DCONFIG_CTRL_IFACE -DCONFIG_CTRL_IFACE_UNIX -DCONFIG_NO_LINUX_PACKET_SOCKET_WAR -DCONFIG_SME -DCONFIG_DEBUG_SYSLOG -DLOG_HOSTAPD=LOG_DAEMON ../src/crypto/tls_none.c
aarch64-openwrt-linux-musl-gcc -c -o /home/runner/work/ma3063-openwrt/ma3063-openwrt/openwrt/build_dir/target-aarch64_cortex-a53_musl/hostapd-wpad-basic-wolfssl/hostapd-2023-09-08-e5ccbfc6/build/wpa_supplicant/src/crypto/sha256-kdf.o -I/home/runner/work/ma3063-openwrt/ma3063-openwrt/openwrt/staging_dir/target-aarch64_cortex-a53_musl/usr/include/libnl-tiny -I/home/runner/work/ma3063-openwrt/ma3063-openwrt/openwrt/build_dir/target-aarch64_cortex-a53_musl/hostapd-wpad-basic-wolfssl/hostapd-2023-09-08-e5ccbfc6/src/crypto -I/home/runner/work/ma3063-openwrt/ma3063-openwrt/openwrt/staging_dir/toolchain-aarch64_cortex-a53_gcc-12.3.0_musl/usr/include -I/home/runner/work/ma3063-openwrt/ma3063-openwrt/openwrt/staging_dir/toolchain-aarch64_cortex-a53_gcc-12.3.0_musl/include/fortify -I/home/runner/work/ma3063-openwrt/ma3063-openwrt/openwrt/staging_dir/toolchain-aarch64_cortex-a53_gcc-12.3.0_musl/include -DCONFIG_LIBNL20 -D_GNU_SOURCE -DCONFIG_MSG_MIN_PRIORITY=3 -Os -pipe -mcpu=cortex-a53 -fno-caller-saves -fno-plt -fhonour-copts -fmacro-prefix-map=/home/runner/work/ma3063-openwrt/ma3063-openwrt/openwrt/build_dir/target-aarch64_cortex-a53_musl/hostapd-wpad-basic-wolfssl/hostapd-2023-09-08-e5ccbfc6=hostapd-2023-09-08-e5ccbfc6 -ffunction-sections -fdata-sections -flto=auto -fno-fat-lto-objects -Wformat -Werror=format-security -DPIC -fPIC -fstack-protector -D_FORTIFY_SOURCE=1 -Wl,-z,now -Wl,-z,relro -I/home/runner/work/ma3063-openwrt/ma3063-openwrt/openwrt/build_dir/target-aarch64_cortex-a53_musl/hostapd-wpad-basic-wolfssl/hostapd-2023-09-08-e5ccbfc6/src -I/home/runner/work/ma3063-openwrt/ma3063-openwrt/openwrt/build_dir/target-aarch64_cortex-a53_musl/hostapd-wpad-basic-wolfssl/hostapd-2023-09-08-e5ccbfc6/src/utils -DHOSTAPD -DCONFIG_ELOOP_EPOLL -DUBUS_SUPPORT -DUCODE_SUPPORT -DCONFIG_NO_RADIUS -DCONFIG_NO_ACCOUNTING -DCONFIG_CTRL_IFACE_UNIX -DCONFIG_CTRL_IFACE -DCONFIG_RSN_PREAUTH -DCONFIG_OCV -DCONFIG_IEEE80211R -DCONFIG_IEEE80211R_AP -DCONFIG_ETH_P_OUI -DCONFIG_SAE -DCONFIG_OWE -DCONFIG_AIRTIME_POLICY -DCONFIG_IEEE80211AC -DCONFIG_IEEE80211AX -DCONFIG_MBO -DCONFIG_DRIVER_WIRED -DCONFIG_DRIVER_NL80211 -DCONFIG_DRIVER_WIRED -DCONFIG_DRIVER_NL80211 -DEAP_SERVER_IDENTITY -DCONFIG_TLS_WOLFSSL -DCONFIG_SHA256 -DCONFIG_HMAC_SHA256_KDF -DCONFIG_HMAC_SHA384_KDF -DCONFIG_HMAC_SHA512_KDF -DCONFIG_SHA384 -DCONFIG_SHA512 -DCONFIG_ECC -DCONFIG_NO_RANDOM_POOL -DNEED_AP_MLME -DCONFIG_ACS -DCONFIG_DEBUG_SYSLOG -I/home/runner/work/ma3063-openwrt/ma3063-openwrt/openwrt/staging_dir/target-aarch64_cortex-a53_musl/usr/include/libnl-tiny -I/home/runner/work/ma3063-openwrt/ma3063-openwrt/openwrt/build_dir/target-aarch64_cortex-a53_musl/hostapd-wpad-basic-wolfssl/hostapd-2023-09-08-e5ccbfc6/src/crypto -I/home/runner/work/ma3063-openwrt/ma3063-openwrt/openwrt/staging_dir/toolchain-aarch64_cortex-a53_gcc-12.3.0_musl/usr/include -I/home/runner/work/ma3063-openwrt/ma3063-openwrt/openwrt/staging_dir/toolchain-aarch64_cortex-a53_gcc-12.3.0_musl/include/fortify -I/home/runner/work/ma3063-openwrt/ma3063-openwrt/openwrt/staging_dir/toolchain-aarch64_cortex-a53_gcc-12.3.0_musl/include -DCONFIG_LIBNL20 -D_GNU_SOURCE -DCONFIG_MSG_MIN_PRIORITY=3 -I/home/runner/work/ma3063-openwrt/ma3063-openwrt/openwrt/build_dir/target-aarch64_cortex-a53_musl/hostapd-wpad-basic-wolfssl/hostapd-2023-09-08-e5ccbfc6/src -I/home/runner/work/ma3063-openwrt/ma3063-openwrt/openwrt/build_dir/target-aarch64_cortex-a53_musl/hostapd-wpad-basic-wolfssl/hostapd-2023-09-08-e5ccbfc6/src/utils -DCONFIG_ELOOP_EPOLL -DUBUS_SUPPORT -DUCODE_SUPPORT -DCONFIG_HT_OVERRIDES -DCONFIG_VHT_OVERRIDES -DCONFIG_BACKEND_FILE -DCONFIG_NO_CONFIG_WRITE -DCONFIG_OCV -DCONFIG_IEEE80211R -DCONFIG_SAE -DCONFIG_OWE -DCONFIG_WNM -DCONFIG_DRIVER_WIRED -DCONFIG_DRIVER_NL80211 -DCONFIG_MBO -DCONFIG_ACS -DCONFIG_TLS_WOLFSSL -DCONFIG_SHA256 -DCONFIG_HMAC_SHA256_KDF -DCONFIG_HMAC_SHA384_KDF -DCONFIG_HMAC_SHA512_KDF -DCONFIG_SHA384 -DCONFIG_SHA512 -DCONFIG_ECC -DCONFIG_NO_RANDOM_POOL -DCONFIG_CTRL_IFACE -DCONFIG_CTRL_IFACE_UNIX -DCONFIG_NO_LINUX_PACKET_SOCKET_WAR -DCONFIG_SME -DCONFIG_DEBUG_SYSLOG -DLOG_HOSTAPD=LOG_DAEMON ../src/crypto/sha256-kdf.c
aarch64-openwrt-linux-musl-gcc -c -o /home/runner/work/ma3063-openwrt/ma3063-openwrt/openwrt/build_dir/target-aarch64_cortex-a53_musl/hostapd-wpad-basic-wolfssl/hostapd-2023-09-08-e5ccbfc6/build/wpa_supplicant/src/crypto/sha384-kdf.o -I/home/runner/work/ma3063-openwrt/ma3063-openwrt/openwrt/staging_dir/target-aarch64_cortex-a53_musl/usr/include/libnl-tiny -I/home/runner/work/ma3063-openwrt/ma3063-openwrt/openwrt/build_dir/target-aarch64_cortex-a53_musl/hostapd-wpad-basic-wolfssl/hostapd-2023-09-08-e5ccbfc6/src/crypto -I/home/runner/work/ma3063-openwrt/ma3063-openwrt/openwrt/staging_dir/toolchain-aarch64_cortex-a53_gcc-12.3.0_musl/usr/include -I/home/runner/work/ma3063-openwrt/ma3063-openwrt/openwrt/staging_dir/toolchain-aarch64_cortex-a53_gcc-12.3.0_musl/include/fortify -I/home/runner/work/ma3063-openwrt/ma3063-openwrt/openwrt/staging_dir/toolchain-aarch64_cortex-a53_gcc-12.3.0_musl/include -DCONFIG_LIBNL20 -D_GNU_SOURCE -DCONFIG_MSG_MIN_PRIORITY=3 -Os -pipe -mcpu=cortex-a53 -fno-caller-saves -fno-plt -fhonour-copts -fmacro-prefix-map=/home/runner/work/ma3063-openwrt/ma3063-openwrt/openwrt/build_dir/target-aarch64_cortex-a53_musl/hostapd-wpad-basic-wolfssl/hostapd-2023-09-08-e5ccbfc6=hostapd-2023-09-08-e5ccbfc6 -ffunction-sections -fdata-sections -flto=auto -fno-fat-lto-objects -Wformat -Werror=format-security -DPIC -fPIC -fstack-protector -D_FORTIFY_SOURCE=1 -Wl,-z,now -Wl,-z,relro -I/home/runner/work/ma3063-openwrt/ma3063-openwrt/openwrt/build_dir/target-aarch64_cortex-a53_musl/hostapd-wpad-basic-wolfssl/hostapd-2023-09-08-e5ccbfc6/src -I/home/runner/work/ma3063-openwrt/ma3063-openwrt/openwrt/build_dir/target-aarch64_cortex-a53_musl/hostapd-wpad-basic-wolfssl/hostapd-2023-09-08-e5ccbfc6/src/utils -DHOSTAPD -DCONFIG_ELOOP_EPOLL -DUBUS_SUPPORT -DUCODE_SUPPORT -DCONFIG_NO_RADIUS -DCONFIG_NO_ACCOUNTING -DCONFIG_CTRL_IFACE_UNIX -DCONFIG_CTRL_IFACE -DCONFIG_RSN_PREAUTH -DCONFIG_OCV -DCONFIG_IEEE80211R -DCONFIG_IEEE80211R_AP -DCONFIG_ETH_P_OUI -DCONFIG_SAE -DCONFIG_OWE -DCONFIG_AIRTIME_POLICY -DCONFIG_IEEE80211AC -DCONFIG_IEEE80211AX -DCONFIG_MBO -DCONFIG_DRIVER_WIRED -DCONFIG_DRIVER_NL80211 -DCONFIG_DRIVER_WIRED -DCONFIG_DRIVER_NL80211 -DEAP_SERVER_IDENTITY -DCONFIG_TLS_WOLFSSL -DCONFIG_SHA256 -DCONFIG_HMAC_SHA256_KDF -DCONFIG_HMAC_SHA384_KDF -DCONFIG_HMAC_SHA512_KDF -DCONFIG_SHA384 -DCONFIG_SHA512 -DCONFIG_ECC -DCONFIG_NO_RANDOM_POOL -DNEED_AP_MLME -DCONFIG_ACS -DCONFIG_DEBUG_SYSLOG -I/home/runner/work/ma3063-openwrt/ma3063-openwrt/openwrt/staging_dir/target-aarch64_cortex-a53_musl/usr/include/libnl-tiny -I/home/runner/work/ma3063-openwrt/ma3063-openwrt/openwrt/build_dir/target-aarch64_cortex-a53_musl/hostapd-wpad-basic-wolfssl/hostapd-2023-09-08-e5ccbfc6/src/crypto -I/home/runner/work/ma3063-openwrt/ma3063-openwrt/openwrt/staging_dir/toolchain-aarch64_cortex-a53_gcc-12.3.0_musl/usr/include -I/home/runner/work/ma3063-openwrt/ma3063-openwrt/openwrt/staging_dir/toolchain-aarch64_cortex-a53_gcc-12.3.0_musl/include/fortify -I/home/runner/work/ma3063-openwrt/ma3063-openwrt/openwrt/staging_dir/toolchain-aarch64_cortex-a53_gcc-12.3.0_musl/include -DCONFIG_LIBNL20 -D_GNU_SOURCE -DCONFIG_MSG_MIN_PRIORITY=3 -I/home/runner/work/ma3063-openwrt/ma3063-openwrt/openwrt/build_dir/target-aarch64_cortex-a53_musl/hostapd-wpad-basic-wolfssl/hostapd-2023-09-08-e5ccbfc6/src -I/home/runner/work/ma3063-openwrt/ma3063-openwrt/openwrt/build_dir/target-aarch64_cortex-a53_musl/hostapd-wpad-basic-wolfssl/hostapd-2023-09-08-e5ccbfc6/src/utils -DCONFIG_ELOOP_EPOLL -DUBUS_SUPPORT -DUCODE_SUPPORT -DCONFIG_HT_OVERRIDES -DCONFIG_VHT_OVERRIDES -DCONFIG_BACKEND_FILE -DCONFIG_NO_CONFIG_WRITE -DCONFIG_OCV -DCONFIG_IEEE80211R -DCONFIG_SAE -DCONFIG_OWE -DCONFIG_WNM -DCONFIG_DRIVER_WIRED -DCONFIG_DRIVER_NL80211 -DCONFIG_MBO -DCONFIG_ACS -DCONFIG_TLS_WOLFSSL -DCONFIG_SHA256 -DCONFIG_HMAC_SHA256_KDF -DCONFIG_HMAC_SHA384_KDF -DCONFIG_HMAC_SHA512_KDF -DCONFIG_SHA384 -DCONFIG_SHA512 -DCONFIG_ECC -DCONFIG_NO_RANDOM_POOL -DCONFIG_CTRL_IFACE -DCONFIG_CTRL_IFACE_UNIX -DCONFIG_NO_LINUX_PACKET_SOCKET_WAR -DCONFIG_SME -DCONFIG_DEBUG_SYSLOG -DLOG_HOSTAPD=LOG_DAEMON ../src/crypto/sha384-kdf.c
aarch64-openwrt-linux-musl-gcc -c -o /home/runner/work/ma3063-openwrt/ma3063-openwrt/openwrt/build_dir/target-aarch64_cortex-a53_musl/hostapd-wpad-basic-wolfssl/hostapd-2023-09-08-e5ccbfc6/build/wpa_supplicant/src/crypto/sha512-kdf.o -I/home/runner/work/ma3063-openwrt/ma3063-openwrt/openwrt/staging_dir/target-aarch64_cortex-a53_musl/usr/include/libnl-tiny -I/home/runner/work/ma3063-openwrt/ma3063-openwrt/openwrt/build_dir/target-aarch64_cortex-a53_musl/hostapd-wpad-basic-wolfssl/hostapd-2023-09-08-e5ccbfc6/src/crypto -I/home/runner/work/ma3063-openwrt/ma3063-openwrt/openwrt/staging_dir/toolchain-aarch64_cortex-a53_gcc-12.3.0_musl/usr/include -I/home/runner/work/ma3063-openwrt/ma3063-openwrt/openwrt/staging_dir/toolchain-aarch64_cortex-a53_gcc-12.3.0_musl/include/fortify -I/home/runner/work/ma3063-openwrt/ma3063-openwrt/openwrt/staging_dir/toolchain-aarch64_cortex-a53_gcc-12.3.0_musl/include -DCONFIG_LIBNL20 -D_GNU_SOURCE -DCONFIG_MSG_MIN_PRIORITY=3 -Os -pipe -mcpu=cortex-a53 -fno-caller-saves -fno-plt -fhonour-copts -fmacro-prefix-map=/home/runner/work/ma3063-openwrt/ma3063-openwrt/openwrt/build_dir/target-aarch64_cortex-a53_musl/hostapd-wpad-basic-wolfssl/hostapd-2023-09-08-e5ccbfc6=hostapd-2023-09-08-e5ccbfc6 -ffunction-sections -fdata-sections -flto=auto -fno-fat-lto-objects -Wformat -Werror=format-security -DPIC -fPIC -fstack-protector -D_FORTIFY_SOURCE=1 -Wl,-z,now -Wl,-z,relro -I/home/runner/work/ma3063-openwrt/ma3063-openwrt/openwrt/build_dir/target-aarch64_cortex-a53_musl/hostapd-wpad-basic-wolfssl/hostapd-2023-09-08-e5ccbfc6/src -I/home/runner/work/ma3063-openwrt/ma3063-openwrt/openwrt/build_dir/target-aarch64_cortex-a53_musl/hostapd-wpad-basic-wolfssl/hostapd-2023-09-08-e5ccbfc6/src/utils -DHOSTAPD -DCONFIG_ELOOP_EPOLL -DUBUS_SUPPORT -DUCODE_SUPPORT -DCONFIG_NO_RADIUS -DCONFIG_NO_ACCOUNTING -DCONFIG_CTRL_IFACE_UNIX -DCONFIG_CTRL_IFACE -DCONFIG_RSN_PREAUTH -DCONFIG_OCV -DCONFIG_IEEE80211R -DCONFIG_IEEE80211R_AP -DCONFIG_ETH_P_OUI -DCONFIG_SAE -DCONFIG_OWE -DCONFIG_AIRTIME_POLICY -DCONFIG_IEEE80211AC -DCONFIG_IEEE80211AX -DCONFIG_MBO -DCONFIG_DRIVER_WIRED -DCONFIG_DRIVER_NL80211 -DCONFIG_DRIVER_WIRED -DCONFIG_DRIVER_NL80211 -DEAP_SERVER_IDENTITY -DCONFIG_TLS_WOLFSSL -DCONFIG_SHA256 -DCONFIG_HMAC_SHA256_KDF -DCONFIG_HMAC_SHA384_KDF -DCONFIG_HMAC_SHA512_KDF -DCONFIG_SHA384 -DCONFIG_SHA512 -DCONFIG_ECC -DCONFIG_NO_RANDOM_POOL -DNEED_AP_MLME -DCONFIG_ACS -DCONFIG_DEBUG_SYSLOG -I/home/runner/work/ma3063-openwrt/ma3063-openwrt/openwrt/staging_dir/target-aarch64_cortex-a53_musl/usr/include/libnl-tiny -I/home/runner/work/ma3063-openwrt/ma3063-openwrt/openwrt/build_dir/target-aarch64_cortex-a53_musl/hostapd-wpad-basic-wolfssl/hostapd-2023-09-08-e5ccbfc6/src/crypto -I/home/runner/work/ma3063-openwrt/ma3063-openwrt/openwrt/staging_dir/toolchain-aarch64_cortex-a53_gcc-12.3.0_musl/usr/include -I/home/runner/work/ma3063-openwrt/ma3063-openwrt/openwrt/staging_dir/toolchain-aarch64_cortex-a53_gcc-12.3.0_musl/include/fortify -I/home/runner/work/ma3063-openwrt/ma3063-openwrt/openwrt/staging_dir/toolchain-aarch64_cortex-a53_gcc-12.3.0_musl/include -DCONFIG_LIBNL20 -D_GNU_SOURCE -DCONFIG_MSG_MIN_PRIORITY=3 -I/home/runner/work/ma3063-openwrt/ma3063-openwrt/openwrt/build_dir/target-aarch64_cortex-a53_musl/hostapd-wpad-basic-wolfssl/hostapd-2023-09-08-e5ccbfc6/src -I/home/runner/work/ma3063-openwrt/ma3063-openwrt/openwrt/build_dir/target-aarch64_cortex-a53_musl/hostapd-wpad-basic-wolfssl/hostapd-2023-09-08-e5ccbfc6/src/utils -DCONFIG_ELOOP_EPOLL -DUBUS_SUPPORT -DUCODE_SUPPORT -DCONFIG_HT_OVERRIDES -DCONFIG_VHT_OVERRIDES -DCONFIG_BACKEND_FILE -DCONFIG_NO_CONFIG_WRITE -DCONFIG_OCV -DCONFIG_IEEE80211R -DCONFIG_SAE -DCONFIG_OWE -DCONFIG_WNM -DCONFIG_DRIVER_WIRED -DCONFIG_DRIVER_NL80211 -DCONFIG_MBO -DCONFIG_ACS -DCONFIG_TLS_WOLFSSL -DCONFIG_SHA256 -DCONFIG_HMAC_SHA256_KDF -DCONFIG_HMAC_SHA384_KDF -DCONFIG_HMAC_SHA512_KDF -DCONFIG_SHA384 -DCONFIG_SHA512 -DCONFIG_ECC -DCONFIG_NO_RANDOM_POOL -DCONFIG_CTRL_IFACE -DCONFIG_CTRL_IFACE_UNIX -DCONFIG_NO_LINUX_PACKET_SOCKET_WAR -DCONFIG_SME -DCONFIG_DEBUG_SYSLOG -DLOG_HOSTAPD=LOG_DAEMON ../src/crypto/sha512-kdf.c
aarch64-openwrt-linux-musl-gcc -c -o /home/runner/work/ma3063-openwrt/ma3063-openwrt/openwrt/build_dir/target-aarch64_cortex-a53_musl/hostapd-wpad-basic-wolfssl/hostapd-2023-09-08-e5ccbfc6/build/wpa_supplicant/src/crypto/sha256-prf.o -I/home/runner/work/ma3063-openwrt/ma3063-openwrt/openwrt/staging_dir/target-aarch64_cortex-a53_musl/usr/include/libnl-tiny -I/home/runner/work/ma3063-openwrt/ma3063-openwrt/openwrt/build_dir/target-aarch64_cortex-a53_musl/hostapd-wpad-basic-wolfssl/hostapd-2023-09-08-e5ccbfc6/src/crypto -I/home/runner/work/ma3063-openwrt/ma3063-openwrt/openwrt/staging_dir/toolchain-aarch64_cortex-a53_gcc-12.3.0_musl/usr/include -I/home/runner/work/ma3063-openwrt/ma3063-openwrt/openwrt/staging_dir/toolchain-aarch64_cortex-a53_gcc-12.3.0_musl/include/fortify -I/home/runner/work/ma3063-openwrt/ma3063-openwrt/openwrt/staging_dir/toolchain-aarch64_cortex-a53_gcc-12.3.0_musl/include -DCONFIG_LIBNL20 -D_GNU_SOURCE -DCONFIG_MSG_MIN_PRIORITY=3 -Os -pipe -mcpu=cortex-a53 -fno-caller-saves -fno-plt -fhonour-copts -fmacro-prefix-map=/home/runner/work/ma3063-openwrt/ma3063-openwrt/openwrt/build_dir/target-aarch64_cortex-a53_musl/hostapd-wpad-basic-wolfssl/hostapd-2023-09-08-e5ccbfc6=hostapd-2023-09-08-e5ccbfc6 -ffunction-sections -fdata-sections -flto=auto -fno-fat-lto-objects -Wformat -Werror=format-security -DPIC -fPIC -fstack-protector -D_FORTIFY_SOURCE=1 -Wl,-z,now -Wl,-z,relro -I/home/runner/work/ma3063-openwrt/ma3063-openwrt/openwrt/build_dir/target-aarch64_cortex-a53_musl/hostapd-wpad-basic-wolfssl/hostapd-2023-09-08-e5ccbfc6/src -I/home/runner/work/ma3063-openwrt/ma3063-openwrt/openwrt/build_dir/target-aarch64_cortex-a53_musl/hostapd-wpad-basic-wolfssl/hostapd-2023-09-08-e5ccbfc6/src/utils -DHOSTAPD -DCONFIG_ELOOP_EPOLL -DUBUS_SUPPORT -DUCODE_SUPPORT -DCONFIG_NO_RADIUS -DCONFIG_NO_ACCOUNTING -DCONFIG_CTRL_IFACE_UNIX -DCONFIG_CTRL_IFACE -DCONFIG_RSN_PREAUTH -DCONFIG_OCV -DCONFIG_IEEE80211R -DCONFIG_IEEE80211R_AP -DCONFIG_ETH_P_OUI -DCONFIG_SAE -DCONFIG_OWE -DCONFIG_AIRTIME_POLICY -DCONFIG_IEEE80211AC -DCONFIG_IEEE80211AX -DCONFIG_MBO -DCONFIG_DRIVER_WIRED -DCONFIG_DRIVER_NL80211 -DCONFIG_DRIVER_WIRED -DCONFIG_DRIVER_NL80211 -DEAP_SERVER_IDENTITY -DCONFIG_TLS_WOLFSSL -DCONFIG_SHA256 -DCONFIG_HMAC_SHA256_KDF -DCONFIG_HMAC_SHA384_KDF -DCONFIG_HMAC_SHA512_KDF -DCONFIG_SHA384 -DCONFIG_SHA512 -DCONFIG_ECC -DCONFIG_NO_RANDOM_POOL -DNEED_AP_MLME -DCONFIG_ACS -DCONFIG_DEBUG_SYSLOG -I/home/runner/work/ma3063-openwrt/ma3063-openwrt/openwrt/staging_dir/target-aarch64_cortex-a53_musl/usr/include/libnl-tiny -I/home/runner/work/ma3063-openwrt/ma3063-openwrt/openwrt/build_dir/target-aarch64_cortex-a53_musl/hostapd-wpad-basic-wolfssl/hostapd-2023-09-08-e5ccbfc6/src/crypto -I/home/runner/work/ma3063-openwrt/ma3063-openwrt/openwrt/staging_dir/toolchain-aarch64_cortex-a53_gcc-12.3.0_musl/usr/include -I/home/runner/work/ma3063-openwrt/ma3063-openwrt/openwrt/staging_dir/toolchain-aarch64_cortex-a53_gcc-12.3.0_musl/include/fortify -I/home/runner/work/ma3063-openwrt/ma3063-openwrt/openwrt/staging_dir/toolchain-aarch64_cortex-a53_gcc-12.3.0_musl/include -DCONFIG_LIBNL20 -D_GNU_SOURCE -DCONFIG_MSG_MIN_PRIORITY=3 -I/home/runner/work/ma3063-openwrt/ma3063-openwrt/openwrt/build_dir/target-aarch64_cortex-a53_musl/hostapd-wpad-basic-wolfssl/hostapd-2023-09-08-e5ccbfc6/src -I/home/runner/work/ma3063-openwrt/ma3063-openwrt/openwrt/build_dir/target-aarch64_cortex-a53_musl/hostapd-wpad-basic-wolfssl/hostapd-2023-09-08-e5ccbfc6/src/utils -DCONFIG_ELOOP_EPOLL -DUBUS_SUPPORT -DUCODE_SUPPORT -DCONFIG_HT_OVERRIDES -DCONFIG_VHT_OVERRIDES -DCONFIG_BACKEND_FILE -DCONFIG_NO_CONFIG_WRITE -DCONFIG_OCV -DCONFIG_IEEE80211R -DCONFIG_SAE -DCONFIG_OWE -DCONFIG_WNM -DCONFIG_DRIVER_WIRED -DCONFIG_DRIVER_NL80211 -DCONFIG_MBO -DCONFIG_ACS -DCONFIG_TLS_WOLFSSL -DCONFIG_SHA256 -DCONFIG_HMAC_SHA256_KDF -DCONFIG_HMAC_SHA384_KDF -DCONFIG_HMAC_SHA512_KDF -DCONFIG_SHA384 -DCONFIG_SHA512 -DCONFIG_ECC -DCONFIG_NO_RANDOM_POOL -DCONFIG_CTRL_IFACE -DCONFIG_CTRL_IFACE_UNIX -DCONFIG_NO_LINUX_PACKET_SOCKET_WAR -DCONFIG_SME -DCONFIG_DEBUG_SYSLOG -DLOG_HOSTAPD=LOG_DAEMON ../src/crypto/sha256-prf.c
aarch64-openwrt-linux-musl-gcc -c -o /home/runner/work/ma3063-openwrt/ma3063-openwrt/openwrt/build_dir/target-aarch64_cortex-a53_musl/hostapd-wpad-basic-wolfssl/hostapd-2023-09-08-e5ccbfc6/build/wpa_supplicant/src/crypto/sha256-tlsprf.o -I/home/runner/work/ma3063-openwrt/ma3063-openwrt/openwrt/staging_dir/target-aarch64_cortex-a53_musl/usr/include/libnl-tiny -I/home/runner/work/ma3063-openwrt/ma3063-openwrt/openwrt/build_dir/target-aarch64_cortex-a53_musl/hostapd-wpad-basic-wolfssl/hostapd-2023-09-08-e5ccbfc6/src/crypto -I/home/runner/work/ma3063-openwrt/ma3063-openwrt/openwrt/staging_dir/toolchain-aarch64_cortex-a53_gcc-12.3.0_musl/usr/include -I/home/runner/work/ma3063-openwrt/ma3063-openwrt/openwrt/staging_dir/toolchain-aarch64_cortex-a53_gcc-12.3.0_musl/include/fortify -I/home/runner/work/ma3063-openwrt/ma3063-openwrt/openwrt/staging_dir/toolchain-aarch64_cortex-a53_gcc-12.3.0_musl/include -DCONFIG_LIBNL20 -D_GNU_SOURCE -DCONFIG_MSG_MIN_PRIORITY=3 -Os -pipe -mcpu=cortex-a53 -fno-caller-saves -fno-plt -fhonour-copts -fmacro-prefix-map=/home/runner/work/ma3063-openwrt/ma3063-openwrt/openwrt/build_dir/target-aarch64_cortex-a53_musl/hostapd-wpad-basic-wolfssl/hostapd-2023-09-08-e5ccbfc6=hostapd-2023-09-08-e5ccbfc6 -ffunction-sections -fdata-sections -flto=auto -fno-fat-lto-objects -Wformat -Werror=format-security -DPIC -fPIC -fstack-protector -D_FORTIFY_SOURCE=1 -Wl,-z,now -Wl,-z,relro -I/home/runner/work/ma3063-openwrt/ma3063-openwrt/openwrt/build_dir/target-aarch64_cortex-a53_musl/hostapd-wpad-basic-wolfssl/hostapd-2023-09-08-e5ccbfc6/src -I/home/runner/work/ma3063-openwrt/ma3063-openwrt/openwrt/build_dir/target-aarch64_cortex-a53_musl/hostapd-wpad-basic-wolfssl/hostapd-2023-09-08-e5ccbfc6/src/utils -DHOSTAPD -DCONFIG_ELOOP_EPOLL -DUBUS_SUPPORT -DUCODE_SUPPORT -DCONFIG_NO_RADIUS -DCONFIG_NO_ACCOUNTING -DCONFIG_CTRL_IFACE_UNIX -DCONFIG_CTRL_IFACE -DCONFIG_RSN_PREAUTH -DCONFIG_OCV -DCONFIG_IEEE80211R -DCONFIG_IEEE80211R_AP -DCONFIG_ETH_P_OUI -DCONFIG_SAE -DCONFIG_OWE -DCONFIG_AIRTIME_POLICY -DCONFIG_IEEE80211AC -DCONFIG_IEEE80211AX -DCONFIG_MBO -DCONFIG_DRIVER_WIRED -DCONFIG_DRIVER_NL80211 -DCONFIG_DRIVER_WIRED -DCONFIG_DRIVER_NL80211 -DEAP_SERVER_IDENTITY -DCONFIG_TLS_WOLFSSL -DCONFIG_SHA256 -DCONFIG_HMAC_SHA256_KDF -DCONFIG_HMAC_SHA384_KDF -DCONFIG_HMAC_SHA512_KDF -DCONFIG_SHA384 -DCONFIG_SHA512 -DCONFIG_ECC -DCONFIG_NO_RANDOM_POOL -DNEED_AP_MLME -DCONFIG_ACS -DCONFIG_DEBUG_SYSLOG -I/home/runner/work/ma3063-openwrt/ma3063-openwrt/openwrt/staging_dir/target-aarch64_cortex-a53_musl/usr/include/libnl-tiny -I/home/runner/work/ma3063-openwrt/ma3063-openwrt/openwrt/build_dir/target-aarch64_cortex-a53_musl/hostapd-wpad-basic-wolfssl/hostapd-2023-09-08-e5ccbfc6/src/crypto -I/home/runner/work/ma3063-openwrt/ma3063-openwrt/openwrt/staging_dir/toolchain-aarch64_cortex-a53_gcc-12.3.0_musl/usr/include -I/home/runner/work/ma3063-openwrt/ma3063-openwrt/openwrt/staging_dir/toolchain-aarch64_cortex-a53_gcc-12.3.0_musl/include/fortify -I/home/runner/work/ma3063-openwrt/ma3063-openwrt/openwrt/staging_dir/toolchain-aarch64_cortex-a53_gcc-12.3.0_musl/include -DCONFIG_LIBNL20 -D_GNU_SOURCE -DCONFIG_MSG_MIN_PRIORITY=3 -I/home/runner/work/ma3063-openwrt/ma3063-openwrt/openwrt/build_dir/target-aarch64_cortex-a53_musl/hostapd-wpad-basic-wolfssl/hostapd-2023-09-08-e5ccbfc6/src -I/home/runner/work/ma3063-openwrt/ma3063-openwrt/openwrt/build_dir/target-aarch64_cortex-a53_musl/hostapd-wpad-basic-wolfssl/hostapd-2023-09-08-e5ccbfc6/src/utils -DCONFIG_ELOOP_EPOLL -DUBUS_SUPPORT -DUCODE_SUPPORT -DCONFIG_HT_OVERRIDES -DCONFIG_VHT_OVERRIDES -DCONFIG_BACKEND_FILE -DCONFIG_NO_CONFIG_WRITE -DCONFIG_OCV -DCONFIG_IEEE80211R -DCONFIG_SAE -DCONFIG_OWE -DCONFIG_WNM -DCONFIG_DRIVER_WIRED -DCONFIG_DRIVER_NL80211 -DCONFIG_MBO -DCONFIG_ACS -DCONFIG_TLS_WOLFSSL -DCONFIG_SHA256 -DCONFIG_HMAC_SHA256_KDF -DCONFIG_HMAC_SHA384_KDF -DCONFIG_HMAC_SHA512_KDF -DCONFIG_SHA384 -DCONFIG_SHA512 -DCONFIG_ECC -DCONFIG_NO_RANDOM_POOL -DCONFIG_CTRL_IFACE -DCONFIG_CTRL_IFACE_UNIX -DCONFIG_NO_LINUX_PACKET_SOCKET_WAR -DCONFIG_SME -DCONFIG_DEBUG_SYSLOG -DLOG_HOSTAPD=LOG_DAEMON ../src/crypto/sha256-tlsprf.c
aarch64-openwrt-linux-musl-gcc -c -o /home/runner/work/ma3063-openwrt/ma3063-openwrt/openwrt/build_dir/target-aarch64_cortex-a53_musl/hostapd-wpad-basic-wolfssl/hostapd-2023-09-08-e5ccbfc6/build/wpa_supplicant/src/crypto/sha384-prf.o -I/home/runner/work/ma3063-openwrt/ma3063-openwrt/openwrt/staging_dir/target-aarch64_cortex-a53_musl/usr/include/libnl-tiny -I/home/runner/work/ma3063-openwrt/ma3063-openwrt/openwrt/build_dir/target-aarch64_cortex-a53_musl/hostapd-wpad-basic-wolfssl/hostapd-2023-09-08-e5ccbfc6/src/crypto -I/home/runner/work/ma3063-openwrt/ma3063-openwrt/openwrt/staging_dir/toolchain-aarch64_cortex-a53_gcc-12.3.0_musl/usr/include -I/home/runner/work/ma3063-openwrt/ma3063-openwrt/openwrt/staging_dir/toolchain-aarch64_cortex-a53_gcc-12.3.0_musl/include/fortify -I/home/runner/work/ma3063-openwrt/ma3063-openwrt/openwrt/staging_dir/toolchain-aarch64_cortex-a53_gcc-12.3.0_musl/include -DCONFIG_LIBNL20 -D_GNU_SOURCE -DCONFIG_MSG_MIN_PRIORITY=3 -Os -pipe -mcpu=cortex-a53 -fno-caller-saves -fno-plt -fhonour-copts -fmacro-prefix-map=/home/runner/work/ma3063-openwrt/ma3063-openwrt/openwrt/build_dir/target-aarch64_cortex-a53_musl/hostapd-wpad-basic-wolfssl/hostapd-2023-09-08-e5ccbfc6=hostapd-2023-09-08-e5ccbfc6 -ffunction-sections -fdata-sections -flto=auto -fno-fat-lto-objects -Wformat -Werror=format-security -DPIC -fPIC -fstack-protector -D_FORTIFY_SOURCE=1 -Wl,-z,now -Wl,-z,relro -I/home/runner/work/ma3063-openwrt/ma3063-openwrt/openwrt/build_dir/target-aarch64_cortex-a53_musl/hostapd-wpad-basic-wolfssl/hostapd-2023-09-08-e5ccbfc6/src -I/home/runner/work/ma3063-openwrt/ma3063-openwrt/openwrt/build_dir/target-aarch64_cortex-a53_musl/hostapd-wpad-basic-wolfssl/hostapd-2023-09-08-e5ccbfc6/src/utils -DHOSTAPD -DCONFIG_ELOOP_EPOLL -DUBUS_SUPPORT -DUCODE_SUPPORT -DCONFIG_NO_RADIUS -DCONFIG_NO_ACCOUNTING -DCONFIG_CTRL_IFACE_UNIX -DCONFIG_CTRL_IFACE -DCONFIG_RSN_PREAUTH -DCONFIG_OCV -DCONFIG_IEEE80211R -DCONFIG_IEEE80211R_AP -DCONFIG_ETH_P_OUI -DCONFIG_SAE -DCONFIG_OWE -DCONFIG_AIRTIME_POLICY -DCONFIG_IEEE80211AC -DCONFIG_IEEE80211AX -DCONFIG_MBO -DCONFIG_DRIVER_WIRED -DCONFIG_DRIVER_NL80211 -DCONFIG_DRIVER_WIRED -DCONFIG_DRIVER_NL80211 -DEAP_SERVER_IDENTITY -DCONFIG_TLS_WOLFSSL -DCONFIG_SHA256 -DCONFIG_HMAC_SHA256_KDF -DCONFIG_HMAC_SHA384_KDF -DCONFIG_HMAC_SHA512_KDF -DCONFIG_SHA384 -DCONFIG_SHA512 -DCONFIG_ECC -DCONFIG_NO_RANDOM_POOL -DNEED_AP_MLME -DCONFIG_ACS -DCONFIG_DEBUG_SYSLOG -I/home/runner/work/ma3063-openwrt/ma3063-openwrt/openwrt/staging_dir/target-aarch64_cortex-a53_musl/usr/include/libnl-tiny -I/home/runner/work/ma3063-openwrt/ma3063-openwrt/openwrt/build_dir/target-aarch64_cortex-a53_musl/hostapd-wpad-basic-wolfssl/hostapd-2023-09-08-e5ccbfc6/src/crypto -I/home/runner/work/ma3063-openwrt/ma3063-openwrt/openwrt/staging_dir/toolchain-aarch64_cortex-a53_gcc-12.3.0_musl/usr/include -I/home/runner/work/ma3063-openwrt/ma3063-openwrt/openwrt/staging_dir/toolchain-aarch64_cortex-a53_gcc-12.3.0_musl/include/fortify -I/home/runner/work/ma3063-openwrt/ma3063-openwrt/openwrt/staging_dir/toolchain-aarch64_cortex-a53_gcc-12.3.0_musl/include -DCONFIG_LIBNL20 -D_GNU_SOURCE -DCONFIG_MSG_MIN_PRIORITY=3 -I/home/runner/work/ma3063-openwrt/ma3063-openwrt/openwrt/build_dir/target-aarch64_cortex-a53_musl/hostapd-wpad-basic-wolfssl/hostapd-2023-09-08-e5ccbfc6/src -I/home/runner/work/ma3063-openwrt/ma3063-openwrt/openwrt/build_dir/target-aarch64_cortex-a53_musl/hostapd-wpad-basic-wolfssl/hostapd-2023-09-08-e5ccbfc6/src/utils -DCONFIG_ELOOP_EPOLL -DUBUS_SUPPORT -DUCODE_SUPPORT -DCONFIG_HT_OVERRIDES -DCONFIG_VHT_OVERRIDES -DCONFIG_BACKEND_FILE -DCONFIG_NO_CONFIG_WRITE -DCONFIG_OCV -DCONFIG_IEEE80211R -DCONFIG_SAE -DCONFIG_OWE -DCONFIG_WNM -DCONFIG_DRIVER_WIRED -DCONFIG_DRIVER_NL80211 -DCONFIG_MBO -DCONFIG_ACS -DCONFIG_TLS_WOLFSSL -DCONFIG_SHA256 -DCONFIG_HMAC_SHA256_KDF -DCONFIG_HMAC_SHA384_KDF -DCONFIG_HMAC_SHA512_KDF -DCONFIG_SHA384 -DCONFIG_SHA512 -DCONFIG_ECC -DCONFIG_NO_RANDOM_POOL -DCONFIG_CTRL_IFACE -DCONFIG_CTRL_IFACE_UNIX -DCONFIG_NO_LINUX_PACKET_SOCKET_WAR -DCONFIG_SME -DCONFIG_DEBUG_SYSLOG -DLOG_HOSTAPD=LOG_DAEMON ../src/crypto/sha384-prf.c
aarch64-openwrt-linux-musl-gcc -c -o /home/runner/work/ma3063-openwrt/ma3063-openwrt/openwrt/build_dir/target-aarch64_cortex-a53_musl/hostapd-wpad-basic-wolfssl/hostapd-2023-09-08-e5ccbfc6/build/wpa_supplicant/src/crypto/sha512-prf.o -I/home/runner/work/ma3063-openwrt/ma3063-openwrt/openwrt/staging_dir/target-aarch64_cortex-a53_musl/usr/include/libnl-tiny -I/home/runner/work/ma3063-openwrt/ma3063-openwrt/openwrt/build_dir/target-aarch64_cortex-a53_musl/hostapd-wpad-basic-wolfssl/hostapd-2023-09-08-e5ccbfc6/src/crypto -I/home/runner/work/ma3063-openwrt/ma3063-openwrt/openwrt/staging_dir/toolchain-aarch64_cortex-a53_gcc-12.3.0_musl/usr/include -I/home/runner/work/ma3063-openwrt/ma3063-openwrt/openwrt/staging_dir/toolchain-aarch64_cortex-a53_gcc-12.3.0_musl/include/fortify -I/home/runner/work/ma3063-openwrt/ma3063-openwrt/openwrt/staging_dir/toolchain-aarch64_cortex-a53_gcc-12.3.0_musl/include -DCONFIG_LIBNL20 -D_GNU_SOURCE -DCONFIG_MSG_MIN_PRIORITY=3 -Os -pipe -mcpu=cortex-a53 -fno-caller-saves -fno-plt -fhonour-copts -fmacro-prefix-map=/home/runner/work/ma3063-openwrt/ma3063-openwrt/openwrt/build_dir/target-aarch64_cortex-a53_musl/hostapd-wpad-basic-wolfssl/hostapd-2023-09-08-e5ccbfc6=hostapd-2023-09-08-e5ccbfc6 -ffunction-sections -fdata-sections -flto=auto -fno-fat-lto-objects -Wformat -Werror=format-security -DPIC -fPIC -fstack-protector -D_FORTIFY_SOURCE=1 -Wl,-z,now -Wl,-z,relro -I/home/runner/work/ma3063-openwrt/ma3063-openwrt/openwrt/build_dir/target-aarch64_cortex-a53_musl/hostapd-wpad-basic-wolfssl/hostapd-2023-09-08-e5ccbfc6/src -I/home/runner/work/ma3063-openwrt/ma3063-openwrt/openwrt/build_dir/target-aarch64_cortex-a53_musl/hostapd-wpad-basic-wolfssl/hostapd-2023-09-08-e5ccbfc6/src/utils -DHOSTAPD -DCONFIG_ELOOP_EPOLL -DUBUS_SUPPORT -DUCODE_SUPPORT -DCONFIG_NO_RADIUS -DCONFIG_NO_ACCOUNTING -DCONFIG_CTRL_IFACE_UNIX -DCONFIG_CTRL_IFACE -DCONFIG_RSN_PREAUTH -DCONFIG_OCV -DCONFIG_IEEE80211R -DCONFIG_IEEE80211R_AP -DCONFIG_ETH_P_OUI -DCONFIG_SAE -DCONFIG_OWE -DCONFIG_AIRTIME_POLICY -DCONFIG_IEEE80211AC -DCONFIG_IEEE80211AX -DCONFIG_MBO -DCONFIG_DRIVER_WIRED -DCONFIG_DRIVER_NL80211 -DCONFIG_DRIVER_WIRED -DCONFIG_DRIVER_NL80211 -DEAP_SERVER_IDENTITY -DCONFIG_TLS_WOLFSSL -DCONFIG_SHA256 -DCONFIG_HMAC_SHA256_KDF -DCONFIG_HMAC_SHA384_KDF -DCONFIG_HMAC_SHA512_KDF -DCONFIG_SHA384 -DCONFIG_SHA512 -DCONFIG_ECC -DCONFIG_NO_RANDOM_POOL -DNEED_AP_MLME -DCONFIG_ACS -DCONFIG_DEBUG_SYSLOG -I/home/runner/work/ma3063-openwrt/ma3063-openwrt/openwrt/staging_dir/target-aarch64_cortex-a53_musl/usr/include/libnl-tiny -I/home/runner/work/ma3063-openwrt/ma3063-openwrt/openwrt/build_dir/target-aarch64_cortex-a53_musl/hostapd-wpad-basic-wolfssl/hostapd-2023-09-08-e5ccbfc6/src/crypto -I/home/runner/work/ma3063-openwrt/ma3063-openwrt/openwrt/staging_dir/toolchain-aarch64_cortex-a53_gcc-12.3.0_musl/usr/include -I/home/runner/work/ma3063-openwrt/ma3063-openwrt/openwrt/staging_dir/toolchain-aarch64_cortex-a53_gcc-12.3.0_musl/include/fortify -I/home/runner/work/ma3063-openwrt/ma3063-openwrt/openwrt/staging_dir/toolchain-aarch64_cortex-a53_gcc-12.3.0_musl/include -DCONFIG_LIBNL20 -D_GNU_SOURCE -DCONFIG_MSG_MIN_PRIORITY=3 -I/home/runner/work/ma3063-openwrt/ma3063-openwrt/openwrt/build_dir/target-aarch64_cortex-a53_musl/hostapd-wpad-basic-wolfssl/hostapd-2023-09-08-e5ccbfc6/src -I/home/runner/work/ma3063-openwrt/ma3063-openwrt/openwrt/build_dir/target-aarch64_cortex-a53_musl/hostapd-wpad-basic-wolfssl/hostapd-2023-09-08-e5ccbfc6/src/utils -DCONFIG_ELOOP_EPOLL -DUBUS_SUPPORT -DUCODE_SUPPORT -DCONFIG_HT_OVERRIDES -DCONFIG_VHT_OVERRIDES -DCONFIG_BACKEND_FILE -DCONFIG_NO_CONFIG_WRITE -DCONFIG_OCV -DCONFIG_IEEE80211R -DCONFIG_SAE -DCONFIG_OWE -DCONFIG_WNM -DCONFIG_DRIVER_WIRED -DCONFIG_DRIVER_NL80211 -DCONFIG_MBO -DCONFIG_ACS -DCONFIG_TLS_WOLFSSL -DCONFIG_SHA256 -DCONFIG_HMAC_SHA256_KDF -DCONFIG_HMAC_SHA384_KDF -DCONFIG_HMAC_SHA512_KDF -DCONFIG_SHA384 -DCONFIG_SHA512 -DCONFIG_ECC -DCONFIG_NO_RANDOM_POOL -DCONFIG_CTRL_IFACE -DCONFIG_CTRL_IFACE_UNIX -DCONFIG_NO_LINUX_PACKET_SOCKET_WAR -DCONFIG_SME -DCONFIG_DEBUG_SYSLOG -DLOG_HOSTAPD=LOG_DAEMON ../src/crypto/sha512-prf.c
aarch64-openwrt-linux-musl-gcc -c -o /home/runner/work/ma3063-openwrt/ma3063-openwrt/openwrt/build_dir/target-aarch64_cortex-a53_musl/hostapd-wpad-basic-wolfssl/hostapd-2023-09-08-e5ccbfc6/build/wpa_supplicant/src/crypto/dh_groups.o -I/home/runner/work/ma3063-openwrt/ma3063-openwrt/openwrt/staging_dir/target-aarch64_cortex-a53_musl/usr/include/libnl-tiny -I/home/runner/work/ma3063-openwrt/ma3063-openwrt/openwrt/build_dir/target-aarch64_cortex-a53_musl/hostapd-wpad-basic-wolfssl/hostapd-2023-09-08-e5ccbfc6/src/crypto -I/home/runner/work/ma3063-openwrt/ma3063-openwrt/openwrt/staging_dir/toolchain-aarch64_cortex-a53_gcc-12.3.0_musl/usr/include -I/home/runner/work/ma3063-openwrt/ma3063-openwrt/openwrt/staging_dir/toolchain-aarch64_cortex-a53_gcc-12.3.0_musl/include/fortify -I/home/runner/work/ma3063-openwrt/ma3063-openwrt/openwrt/staging_dir/toolchain-aarch64_cortex-a53_gcc-12.3.0_musl/include -DCONFIG_LIBNL20 -D_GNU_SOURCE -DCONFIG_MSG_MIN_PRIORITY=3 -Os -pipe -mcpu=cortex-a53 -fno-caller-saves -fno-plt -fhonour-copts -fmacro-prefix-map=/home/runner/work/ma3063-openwrt/ma3063-openwrt/openwrt/build_dir/target-aarch64_cortex-a53_musl/hostapd-wpad-basic-wolfssl/hostapd-2023-09-08-e5ccbfc6=hostapd-2023-09-08-e5ccbfc6 -ffunction-sections -fdata-sections -flto=auto -fno-fat-lto-objects -Wformat -Werror=format-security -DPIC -fPIC -fstack-protector -D_FORTIFY_SOURCE=1 -Wl,-z,now -Wl,-z,relro -I/home/runner/work/ma3063-openwrt/ma3063-openwrt/openwrt/build_dir/target-aarch64_cortex-a53_musl/hostapd-wpad-basic-wolfssl/hostapd-2023-09-08-e5ccbfc6/src -I/home/runner/work/ma3063-openwrt/ma3063-openwrt/openwrt/build_dir/target-aarch64_cortex-a53_musl/hostapd-wpad-basic-wolfssl/hostapd-2023-09-08-e5ccbfc6/src/utils -DHOSTAPD -DCONFIG_ELOOP_EPOLL -DUBUS_SUPPORT -DUCODE_SUPPORT -DCONFIG_NO_RADIUS -DCONFIG_NO_ACCOUNTING -DCONFIG_CTRL_IFACE_UNIX -DCONFIG_CTRL_IFACE -DCONFIG_RSN_PREAUTH -DCONFIG_OCV -DCONFIG_IEEE80211R -DCONFIG_IEEE80211R_AP -DCONFIG_ETH_P_OUI -DCONFIG_SAE -DCONFIG_OWE -DCONFIG_AIRTIME_POLICY -DCONFIG_IEEE80211AC -DCONFIG_IEEE80211AX -DCONFIG_MBO -DCONFIG_DRIVER_WIRED -DCONFIG_DRIVER_NL80211 -DCONFIG_DRIVER_WIRED -DCONFIG_DRIVER_NL80211 -DEAP_SERVER_IDENTITY -DCONFIG_TLS_WOLFSSL -DCONFIG_SHA256 -DCONFIG_HMAC_SHA256_KDF -DCONFIG_HMAC_SHA384_KDF -DCONFIG_HMAC_SHA512_KDF -DCONFIG_SHA384 -DCONFIG_SHA512 -DCONFIG_ECC -DCONFIG_NO_RANDOM_POOL -DNEED_AP_MLME -DCONFIG_ACS -DCONFIG_DEBUG_SYSLOG -I/home/runner/work/ma3063-openwrt/ma3063-openwrt/openwrt/staging_dir/target-aarch64_cortex-a53_musl/usr/include/libnl-tiny -I/home/runner/work/ma3063-openwrt/ma3063-openwrt/openwrt/build_dir/target-aarch64_cortex-a53_musl/hostapd-wpad-basic-wolfssl/hostapd-2023-09-08-e5ccbfc6/src/crypto -I/home/runner/work/ma3063-openwrt/ma3063-openwrt/openwrt/staging_dir/toolchain-aarch64_cortex-a53_gcc-12.3.0_musl/usr/include -I/home/runner/work/ma3063-openwrt/ma3063-openwrt/openwrt/staging_dir/toolchain-aarch64_cortex-a53_gcc-12.3.0_musl/include/fortify -I/home/runner/work/ma3063-openwrt/ma3063-openwrt/openwrt/staging_dir/toolchain-aarch64_cortex-a53_gcc-12.3.0_musl/include -DCONFIG_LIBNL20 -D_GNU_SOURCE -DCONFIG_MSG_MIN_PRIORITY=3 -I/home/runner/work/ma3063-openwrt/ma3063-openwrt/openwrt/build_dir/target-aarch64_cortex-a53_musl/hostapd-wpad-basic-wolfssl/hostapd-2023-09-08-e5ccbfc6/src -I/home/runner/work/ma3063-openwrt/ma3063-openwrt/openwrt/build_dir/target-aarch64_cortex-a53_musl/hostapd-wpad-basic-wolfssl/hostapd-2023-09-08-e5ccbfc6/src/utils -DCONFIG_ELOOP_EPOLL -DUBUS_SUPPORT -DUCODE_SUPPORT -DCONFIG_HT_OVERRIDES -DCONFIG_VHT_OVERRIDES -DCONFIG_BACKEND_FILE -DCONFIG_NO_CONFIG_WRITE -DCONFIG_OCV -DCONFIG_IEEE80211R -DCONFIG_SAE -DCONFIG_OWE -DCONFIG_WNM -DCONFIG_DRIVER_WIRED -DCONFIG_DRIVER_NL80211 -DCONFIG_MBO -DCONFIG_ACS -DCONFIG_TLS_WOLFSSL -DCONFIG_SHA256 -DCONFIG_HMAC_SHA256_KDF -DCONFIG_HMAC_SHA384_KDF -DCONFIG_HMAC_SHA512_KDF -DCONFIG_SHA384 -DCONFIG_SHA512 -DCONFIG_ECC -DCONFIG_NO_RANDOM_POOL -DCONFIG_CTRL_IFACE -DCONFIG_CTRL_IFACE_UNIX -DCONFIG_NO_LINUX_PACKET_SOCKET_WAR -DCONFIG_SME -DCONFIG_DEBUG_SYSLOG -DLOG_HOSTAPD=LOG_DAEMON ../src/crypto/dh_groups.c
aarch64-openwrt-linux-musl-gcc -c -o /home/runner/work/ma3063-openwrt/ma3063-openwrt/openwrt/build_dir/target-aarch64_cortex-a53_musl/hostapd-wpad-basic-wolfssl/hostapd-2023-09-08-e5ccbfc6/build/wpa_supplicant/src/common/ctrl_iface_common.o -I/home/runner/work/ma3063-openwrt/ma3063-openwrt/openwrt/staging_dir/target-aarch64_cortex-a53_musl/usr/include/libnl-tiny -I/home/runner/work/ma3063-openwrt/ma3063-openwrt/openwrt/build_dir/target-aarch64_cortex-a53_musl/hostapd-wpad-basic-wolfssl/hostapd-2023-09-08-e5ccbfc6/src/crypto -I/home/runner/work/ma3063-openwrt/ma3063-openwrt/openwrt/staging_dir/toolchain-aarch64_cortex-a53_gcc-12.3.0_musl/usr/include -I/home/runner/work/ma3063-openwrt/ma3063-openwrt/openwrt/staging_dir/toolchain-aarch64_cortex-a53_gcc-12.3.0_musl/include/fortify -I/home/runner/work/ma3063-openwrt/ma3063-openwrt/openwrt/staging_dir/toolchain-aarch64_cortex-a53_gcc-12.3.0_musl/include -DCONFIG_LIBNL20 -D_GNU_SOURCE -DCONFIG_MSG_MIN_PRIORITY=3 -Os -pipe -mcpu=cortex-a53 -fno-caller-saves -fno-plt -fhonour-copts -fmacro-prefix-map=/home/runner/work/ma3063-openwrt/ma3063-openwrt/openwrt/build_dir/target-aarch64_cortex-a53_musl/hostapd-wpad-basic-wolfssl/hostapd-2023-09-08-e5ccbfc6=hostapd-2023-09-08-e5ccbfc6 -ffunction-sections -fdata-sections -flto=auto -fno-fat-lto-objects -Wformat -Werror=format-security -DPIC -fPIC -fstack-protector -D_FORTIFY_SOURCE=1 -Wl,-z,now -Wl,-z,relro -I/home/runner/work/ma3063-openwrt/ma3063-openwrt/openwrt/build_dir/target-aarch64_cortex-a53_musl/hostapd-wpad-basic-wolfssl/hostapd-2023-09-08-e5ccbfc6/src -I/home/runner/work/ma3063-openwrt/ma3063-openwrt/openwrt/build_dir/target-aarch64_cortex-a53_musl/hostapd-wpad-basic-wolfssl/hostapd-2023-09-08-e5ccbfc6/src/utils -DHOSTAPD -DCONFIG_ELOOP_EPOLL -DUBUS_SUPPORT -DUCODE_SUPPORT -DCONFIG_NO_RADIUS -DCONFIG_NO_ACCOUNTING -DCONFIG_CTRL_IFACE_UNIX -DCONFIG_CTRL_IFACE -DCONFIG_RSN_PREAUTH -DCONFIG_OCV -DCONFIG_IEEE80211R -DCONFIG_IEEE80211R_AP -DCONFIG_ETH_P_OUI -DCONFIG_SAE -DCONFIG_OWE -DCONFIG_AIRTIME_POLICY -DCONFIG_IEEE80211AC -DCONFIG_IEEE80211AX -DCONFIG_MBO -DCONFIG_DRIVER_WIRED -DCONFIG_DRIVER_NL80211 -DCONFIG_DRIVER_WIRED -DCONFIG_DRIVER_NL80211 -DEAP_SERVER_IDENTITY -DCONFIG_TLS_WOLFSSL -DCONFIG_SHA256 -DCONFIG_HMAC_SHA256_KDF -DCONFIG_HMAC_SHA384_KDF -DCONFIG_HMAC_SHA512_KDF -DCONFIG_SHA384 -DCONFIG_SHA512 -DCONFIG_ECC -DCONFIG_NO_RANDOM_POOL -DNEED_AP_MLME -DCONFIG_ACS -DCONFIG_DEBUG_SYSLOG -I/home/runner/work/ma3063-openwrt/ma3063-openwrt/openwrt/staging_dir/target-aarch64_cortex-a53_musl/usr/include/libnl-tiny -I/home/runner/work/ma3063-openwrt/ma3063-openwrt/openwrt/build_dir/target-aarch64_cortex-a53_musl/hostapd-wpad-basic-wolfssl/hostapd-2023-09-08-e5ccbfc6/src/crypto -I/home/runner/work/ma3063-openwrt/ma3063-openwrt/openwrt/staging_dir/toolchain-aarch64_cortex-a53_gcc-12.3.0_musl/usr/include -I/home/runner/work/ma3063-openwrt/ma3063-openwrt/openwrt/staging_dir/toolchain-aarch64_cortex-a53_gcc-12.3.0_musl/include/fortify -I/home/runner/work/ma3063-openwrt/ma3063-openwrt/openwrt/staging_dir/toolchain-aarch64_cortex-a53_gcc-12.3.0_musl/include -DCONFIG_LIBNL20 -D_GNU_SOURCE -DCONFIG_MSG_MIN_PRIORITY=3 -I/home/runner/work/ma3063-openwrt/ma3063-openwrt/openwrt/build_dir/target-aarch64_cortex-a53_musl/hostapd-wpad-basic-wolfssl/hostapd-2023-09-08-e5ccbfc6/src -I/home/runner/work/ma3063-openwrt/ma3063-openwrt/openwrt/build_dir/target-aarch64_cortex-a53_musl/hostapd-wpad-basic-wolfssl/hostapd-2023-09-08-e5ccbfc6/src/utils -DCONFIG_ELOOP_EPOLL -DUBUS_SUPPORT -DUCODE_SUPPORT -DCONFIG_HT_OVERRIDES -DCONFIG_VHT_OVERRIDES -DCONFIG_BACKEND_FILE -DCONFIG_NO_CONFIG_WRITE -DCONFIG_OCV -DCONFIG_IEEE80211R -DCONFIG_SAE -DCONFIG_OWE -DCONFIG_WNM -DCONFIG_DRIVER_WIRED -DCONFIG_DRIVER_NL80211 -DCONFIG_MBO -DCONFIG_ACS -DCONFIG_TLS_WOLFSSL -DCONFIG_SHA256 -DCONFIG_HMAC_SHA256_KDF -DCONFIG_HMAC_SHA384_KDF -DCONFIG_HMAC_SHA512_KDF -DCONFIG_SHA384 -DCONFIG_SHA512 -DCONFIG_ECC -DCONFIG_NO_RANDOM_POOL -DCONFIG_CTRL_IFACE -DCONFIG_CTRL_IFACE_UNIX -DCONFIG_NO_LINUX_PACKET_SOCKET_WAR -DCONFIG_SME -DCONFIG_DEBUG_SYSLOG -DLOG_HOSTAPD=LOG_DAEMON ../src/common/ctrl_iface_common.c
aarch64-openwrt-linux-musl-gcc -c -o /home/runner/work/ma3063-openwrt/ma3063-openwrt/openwrt/build_dir/target-aarch64_cortex-a53_musl/hostapd-wpad-basic-wolfssl/hostapd-2023-09-08-e5ccbfc6/build/wpa_supplicant/ctrl_iface.o -I/home/runner/work/ma3063-openwrt/ma3063-openwrt/openwrt/staging_dir/target-aarch64_cortex-a53_musl/usr/include/libnl-tiny -I/home/runner/work/ma3063-openwrt/ma3063-openwrt/openwrt/build_dir/target-aarch64_cortex-a53_musl/hostapd-wpad-basic-wolfssl/hostapd-2023-09-08-e5ccbfc6/src/crypto -I/home/runner/work/ma3063-openwrt/ma3063-openwrt/openwrt/staging_dir/toolchain-aarch64_cortex-a53_gcc-12.3.0_musl/usr/include -I/home/runner/work/ma3063-openwrt/ma3063-openwrt/openwrt/staging_dir/toolchain-aarch64_cortex-a53_gcc-12.3.0_musl/include/fortify -I/home/runner/work/ma3063-openwrt/ma3063-openwrt/openwrt/staging_dir/toolchain-aarch64_cortex-a53_gcc-12.3.0_musl/include -DCONFIG_LIBNL20 -D_GNU_SOURCE -DCONFIG_MSG_MIN_PRIORITY=3 -Os -pipe -mcpu=cortex-a53 -fno-caller-saves -fno-plt -fhonour-copts -fmacro-prefix-map=/home/runner/work/ma3063-openwrt/ma3063-openwrt/openwrt/build_dir/target-aarch64_cortex-a53_musl/hostapd-wpad-basic-wolfssl/hostapd-2023-09-08-e5ccbfc6=hostapd-2023-09-08-e5ccbfc6 -ffunction-sections -fdata-sections -flto=auto -fno-fat-lto-objects -Wformat -Werror=format-security -DPIC -fPIC -fstack-protector -D_FORTIFY_SOURCE=1 -Wl,-z,now -Wl,-z,relro -I/home/runner/work/ma3063-openwrt/ma3063-openwrt/openwrt/build_dir/target-aarch64_cortex-a53_musl/hostapd-wpad-basic-wolfssl/hostapd-2023-09-08-e5ccbfc6/src -I/home/runner/work/ma3063-openwrt/ma3063-openwrt/openwrt/build_dir/target-aarch64_cortex-a53_musl/hostapd-wpad-basic-wolfssl/hostapd-2023-09-08-e5ccbfc6/src/utils -DHOSTAPD -DCONFIG_ELOOP_EPOLL -DUBUS_SUPPORT -DUCODE_SUPPORT -DCONFIG_NO_RADIUS -DCONFIG_NO_ACCOUNTING -DCONFIG_CTRL_IFACE_UNIX -DCONFIG_CTRL_IFACE -DCONFIG_RSN_PREAUTH -DCONFIG_OCV -DCONFIG_IEEE80211R -DCONFIG_IEEE80211R_AP -DCONFIG_ETH_P_OUI -DCONFIG_SAE -DCONFIG_OWE -DCONFIG_AIRTIME_POLICY -DCONFIG_IEEE80211AC -DCONFIG_IEEE80211AX -DCONFIG_MBO -DCONFIG_DRIVER_WIRED -DCONFIG_DRIVER_NL80211 -DCONFIG_DRIVER_WIRED -DCONFIG_DRIVER_NL80211 -DEAP_SERVER_IDENTITY -DCONFIG_TLS_WOLFSSL -DCONFIG_SHA256 -DCONFIG_HMAC_SHA256_KDF -DCONFIG_HMAC_SHA384_KDF -DCONFIG_HMAC_SHA512_KDF -DCONFIG_SHA384 -DCONFIG_SHA512 -DCONFIG_ECC -DCONFIG_NO_RANDOM_POOL -DNEED_AP_MLME -DCONFIG_ACS -DCONFIG_DEBUG_SYSLOG -I/home/runner/work/ma3063-openwrt/ma3063-openwrt/openwrt/staging_dir/target-aarch64_cortex-a53_musl/usr/include/libnl-tiny -I/home/runner/work/ma3063-openwrt/ma3063-openwrt/openwrt/build_dir/target-aarch64_cortex-a53_musl/hostapd-wpad-basic-wolfssl/hostapd-2023-09-08-e5ccbfc6/src/crypto -I/home/runner/work/ma3063-openwrt/ma3063-openwrt/openwrt/staging_dir/toolchain-aarch64_cortex-a53_gcc-12.3.0_musl/usr/include -I/home/runner/work/ma3063-openwrt/ma3063-openwrt/openwrt/staging_dir/toolchain-aarch64_cortex-a53_gcc-12.3.0_musl/include/fortify -I/home/runner/work/ma3063-openwrt/ma3063-openwrt/openwrt/staging_dir/toolchain-aarch64_cortex-a53_gcc-12.3.0_musl/include -DCONFIG_LIBNL20 -D_GNU_SOURCE -DCONFIG_MSG_MIN_PRIORITY=3 -I/home/runner/work/ma3063-openwrt/ma3063-openwrt/openwrt/build_dir/target-aarch64_cortex-a53_musl/hostapd-wpad-basic-wolfssl/hostapd-2023-09-08-e5ccbfc6/src -I/home/runner/work/ma3063-openwrt/ma3063-openwrt/openwrt/build_dir/target-aarch64_cortex-a53_musl/hostapd-wpad-basic-wolfssl/hostapd-2023-09-08-e5ccbfc6/src/utils -DCONFIG_ELOOP_EPOLL -DUBUS_SUPPORT -DUCODE_SUPPORT -DCONFIG_HT_OVERRIDES -DCONFIG_VHT_OVERRIDES -DCONFIG_BACKEND_FILE -DCONFIG_NO_CONFIG_WRITE -DCONFIG_OCV -DCONFIG_IEEE80211R -DCONFIG_SAE -DCONFIG_OWE -DCONFIG_WNM -DCONFIG_DRIVER_WIRED -DCONFIG_DRIVER_NL80211 -DCONFIG_MBO -DCONFIG_ACS -DCONFIG_TLS_WOLFSSL -DCONFIG_SHA256 -DCONFIG_HMAC_SHA256_KDF -DCONFIG_HMAC_SHA384_KDF -DCONFIG_HMAC_SHA512_KDF -DCONFIG_SHA384 -DCONFIG_SHA512 -DCONFIG_ECC -DCONFIG_NO_RANDOM_POOL -DCONFIG_CTRL_IFACE -DCONFIG_CTRL_IFACE_UNIX -DCONFIG_NO_LINUX_PACKET_SOCKET_WAR -DCONFIG_SME -DCONFIG_DEBUG_SYSLOG -DLOG_HOSTAPD=LOG_DAEMON ctrl_iface.c
aarch64-openwrt-linux-musl-gcc -c -o /home/runner/work/ma3063-openwrt/ma3063-openwrt/openwrt/build_dir/target-aarch64_cortex-a53_musl/hostapd-wpad-basic-wolfssl/hostapd-2023-09-08-e5ccbfc6/build/wpa_supplicant/ctrl_iface_unix.o -I/home/runner/work/ma3063-openwrt/ma3063-openwrt/openwrt/staging_dir/target-aarch64_cortex-a53_musl/usr/include/libnl-tiny -I/home/runner/work/ma3063-openwrt/ma3063-openwrt/openwrt/build_dir/target-aarch64_cortex-a53_musl/hostapd-wpad-basic-wolfssl/hostapd-2023-09-08-e5ccbfc6/src/crypto -I/home/runner/work/ma3063-openwrt/ma3063-openwrt/openwrt/staging_dir/toolchain-aarch64_cortex-a53_gcc-12.3.0_musl/usr/include -I/home/runner/work/ma3063-openwrt/ma3063-openwrt/openwrt/staging_dir/toolchain-aarch64_cortex-a53_gcc-12.3.0_musl/include/fortify -I/home/runner/work/ma3063-openwrt/ma3063-openwrt/openwrt/staging_dir/toolchain-aarch64_cortex-a53_gcc-12.3.0_musl/include -DCONFIG_LIBNL20 -D_GNU_SOURCE -DCONFIG_MSG_MIN_PRIORITY=3 -Os -pipe -mcpu=cortex-a53 -fno-caller-saves -fno-plt -fhonour-copts -fmacro-prefix-map=/home/runner/work/ma3063-openwrt/ma3063-openwrt/openwrt/build_dir/target-aarch64_cortex-a53_musl/hostapd-wpad-basic-wolfssl/hostapd-2023-09-08-e5ccbfc6=hostapd-2023-09-08-e5ccbfc6 -ffunction-sections -fdata-sections -flto=auto -fno-fat-lto-objects -Wformat -Werror=format-security -DPIC -fPIC -fstack-protector -D_FORTIFY_SOURCE=1 -Wl,-z,now -Wl,-z,relro -I/home/runner/work/ma3063-openwrt/ma3063-openwrt/openwrt/build_dir/target-aarch64_cortex-a53_musl/hostapd-wpad-basic-wolfssl/hostapd-2023-09-08-e5ccbfc6/src -I/home/runner/work/ma3063-openwrt/ma3063-openwrt/openwrt/build_dir/target-aarch64_cortex-a53_musl/hostapd-wpad-basic-wolfssl/hostapd-2023-09-08-e5ccbfc6/src/utils -DHOSTAPD -DCONFIG_ELOOP_EPOLL -DUBUS_SUPPORT -DUCODE_SUPPORT -DCONFIG_NO_RADIUS -DCONFIG_NO_ACCOUNTING -DCONFIG_CTRL_IFACE_UNIX -DCONFIG_CTRL_IFACE -DCONFIG_RSN_PREAUTH -DCONFIG_OCV -DCONFIG_IEEE80211R -DCONFIG_IEEE80211R_AP -DCONFIG_ETH_P_OUI -DCONFIG_SAE -DCONFIG_OWE -DCONFIG_AIRTIME_POLICY -DCONFIG_IEEE80211AC -DCONFIG_IEEE80211AX -DCONFIG_MBO -DCONFIG_DRIVER_WIRED -DCONFIG_DRIVER_NL80211 -DCONFIG_DRIVER_WIRED -DCONFIG_DRIVER_NL80211 -DEAP_SERVER_IDENTITY -DCONFIG_TLS_WOLFSSL -DCONFIG_SHA256 -DCONFIG_HMAC_SHA256_KDF -DCONFIG_HMAC_SHA384_KDF -DCONFIG_HMAC_SHA512_KDF -DCONFIG_SHA384 -DCONFIG_SHA512 -DCONFIG_ECC -DCONFIG_NO_RANDOM_POOL -DNEED_AP_MLME -DCONFIG_ACS -DCONFIG_DEBUG_SYSLOG -I/home/runner/work/ma3063-openwrt/ma3063-openwrt/openwrt/staging_dir/target-aarch64_cortex-a53_musl/usr/include/libnl-tiny -I/home/runner/work/ma3063-openwrt/ma3063-openwrt/openwrt/build_dir/target-aarch64_cortex-a53_musl/hostapd-wpad-basic-wolfssl/hostapd-2023-09-08-e5ccbfc6/src/crypto -I/home/runner/work/ma3063-openwrt/ma3063-openwrt/openwrt/staging_dir/toolchain-aarch64_cortex-a53_gcc-12.3.0_musl/usr/include -I/home/runner/work/ma3063-openwrt/ma3063-openwrt/openwrt/staging_dir/toolchain-aarch64_cortex-a53_gcc-12.3.0_musl/include/fortify -I/home/runner/work/ma3063-openwrt/ma3063-openwrt/openwrt/staging_dir/toolchain-aarch64_cortex-a53_gcc-12.3.0_musl/include -DCONFIG_LIBNL20 -D_GNU_SOURCE -DCONFIG_MSG_MIN_PRIORITY=3 -I/home/runner/work/ma3063-openwrt/ma3063-openwrt/openwrt/build_dir/target-aarch64_cortex-a53_musl/hostapd-wpad-basic-wolfssl/hostapd-2023-09-08-e5ccbfc6/src -I/home/runner/work/ma3063-openwrt/ma3063-openwrt/openwrt/build_dir/target-aarch64_cortex-a53_musl/hostapd-wpad-basic-wolfssl/hostapd-2023-09-08-e5ccbfc6/src/utils -DCONFIG_ELOOP_EPOLL -DUBUS_SUPPORT -DUCODE_SUPPORT -DCONFIG_HT_OVERRIDES -DCONFIG_VHT_OVERRIDES -DCONFIG_BACKEND_FILE -DCONFIG_NO_CONFIG_WRITE -DCONFIG_OCV -DCONFIG_IEEE80211R -DCONFIG_SAE -DCONFIG_OWE -DCONFIG_WNM -DCONFIG_DRIVER_WIRED -DCONFIG_DRIVER_NL80211 -DCONFIG_MBO -DCONFIG_ACS -DCONFIG_TLS_WOLFSSL -DCONFIG_SHA256 -DCONFIG_HMAC_SHA256_KDF -DCONFIG_HMAC_SHA384_KDF -DCONFIG_HMAC_SHA512_KDF -DCONFIG_SHA384 -DCONFIG_SHA512 -DCONFIG_ECC -DCONFIG_NO_RANDOM_POOL -DCONFIG_CTRL_IFACE -DCONFIG_CTRL_IFACE_UNIX -DCONFIG_NO_LINUX_PACKET_SOCKET_WAR -DCONFIG_SME -DCONFIG_DEBUG_SYSLOG -DLOG_HOSTAPD=LOG_DAEMON ctrl_iface_unix.c
aarch64-openwrt-linux-musl-gcc -c -o /home/runner/work/ma3063-openwrt/ma3063-openwrt/openwrt/build_dir/target-aarch64_cortex-a53_musl/hostapd-wpad-basic-wolfssl/hostapd-2023-09-08-e5ccbfc6/build/wpa_supplicant/src/utils/base64.o -I/home/runner/work/ma3063-openwrt/ma3063-openwrt/openwrt/staging_dir/target-aarch64_cortex-a53_musl/usr/include/libnl-tiny -I/home/runner/work/ma3063-openwrt/ma3063-openwrt/openwrt/build_dir/target-aarch64_cortex-a53_musl/hostapd-wpad-basic-wolfssl/hostapd-2023-09-08-e5ccbfc6/src/crypto -I/home/runner/work/ma3063-openwrt/ma3063-openwrt/openwrt/staging_dir/toolchain-aarch64_cortex-a53_gcc-12.3.0_musl/usr/include -I/home/runner/work/ma3063-openwrt/ma3063-openwrt/openwrt/staging_dir/toolchain-aarch64_cortex-a53_gcc-12.3.0_musl/include/fortify -I/home/runner/work/ma3063-openwrt/ma3063-openwrt/openwrt/staging_dir/toolchain-aarch64_cortex-a53_gcc-12.3.0_musl/include -DCONFIG_LIBNL20 -D_GNU_SOURCE -DCONFIG_MSG_MIN_PRIORITY=3 -Os -pipe -mcpu=cortex-a53 -fno-caller-saves -fno-plt -fhonour-copts -fmacro-prefix-map=/home/runner/work/ma3063-openwrt/ma3063-openwrt/openwrt/build_dir/target-aarch64_cortex-a53_musl/hostapd-wpad-basic-wolfssl/hostapd-2023-09-08-e5ccbfc6=hostapd-2023-09-08-e5ccbfc6 -ffunction-sections -fdata-sections -flto=auto -fno-fat-lto-objects -Wformat -Werror=format-security -DPIC -fPIC -fstack-protector -D_FORTIFY_SOURCE=1 -Wl,-z,now -Wl,-z,relro -I/home/runner/work/ma3063-openwrt/ma3063-openwrt/openwrt/build_dir/target-aarch64_cortex-a53_musl/hostapd-wpad-basic-wolfssl/hostapd-2023-09-08-e5ccbfc6/src -I/home/runner/work/ma3063-openwrt/ma3063-openwrt/openwrt/build_dir/target-aarch64_cortex-a53_musl/hostapd-wpad-basic-wolfssl/hostapd-2023-09-08-e5ccbfc6/src/utils -DHOSTAPD -DCONFIG_ELOOP_EPOLL -DUBUS_SUPPORT -DUCODE_SUPPORT -DCONFIG_NO_RADIUS -DCONFIG_NO_ACCOUNTING -DCONFIG_CTRL_IFACE_UNIX -DCONFIG_CTRL_IFACE -DCONFIG_RSN_PREAUTH -DCONFIG_OCV -DCONFIG_IEEE80211R -DCONFIG_IEEE80211R_AP -DCONFIG_ETH_P_OUI -DCONFIG_SAE -DCONFIG_OWE -DCONFIG_AIRTIME_POLICY -DCONFIG_IEEE80211AC -DCONFIG_IEEE80211AX -DCONFIG_MBO -DCONFIG_DRIVER_WIRED -DCONFIG_DRIVER_NL80211 -DCONFIG_DRIVER_WIRED -DCONFIG_DRIVER_NL80211 -DEAP_SERVER_IDENTITY -DCONFIG_TLS_WOLFSSL -DCONFIG_SHA256 -DCONFIG_HMAC_SHA256_KDF -DCONFIG_HMAC_SHA384_KDF -DCONFIG_HMAC_SHA512_KDF -DCONFIG_SHA384 -DCONFIG_SHA512 -DCONFIG_ECC -DCONFIG_NO_RANDOM_POOL -DNEED_AP_MLME -DCONFIG_ACS -DCONFIG_DEBUG_SYSLOG -I/home/runner/work/ma3063-openwrt/ma3063-openwrt/openwrt/staging_dir/target-aarch64_cortex-a53_musl/usr/include/libnl-tiny -I/home/runner/work/ma3063-openwrt/ma3063-openwrt/openwrt/build_dir/target-aarch64_cortex-a53_musl/hostapd-wpad-basic-wolfssl/hostapd-2023-09-08-e5ccbfc6/src/crypto -I/home/runner/work/ma3063-openwrt/ma3063-openwrt/openwrt/staging_dir/toolchain-aarch64_cortex-a53_gcc-12.3.0_musl/usr/include -I/home/runner/work/ma3063-openwrt/ma3063-openwrt/openwrt/staging_dir/toolchain-aarch64_cortex-a53_gcc-12.3.0_musl/include/fortify -I/home/runner/work/ma3063-openwrt/ma3063-openwrt/openwrt/staging_dir/toolchain-aarch64_cortex-a53_gcc-12.3.0_musl/include -DCONFIG_LIBNL20 -D_GNU_SOURCE -DCONFIG_MSG_MIN_PRIORITY=3 -I/home/runner/work/ma3063-openwrt/ma3063-openwrt/openwrt/build_dir/target-aarch64_cortex-a53_musl/hostapd-wpad-basic-wolfssl/hostapd-2023-09-08-e5ccbfc6/src -I/home/runner/work/ma3063-openwrt/ma3063-openwrt/openwrt/build_dir/target-aarch64_cortex-a53_musl/hostapd-wpad-basic-wolfssl/hostapd-2023-09-08-e5ccbfc6/src/utils -DCONFIG_ELOOP_EPOLL -DUBUS_SUPPORT -DUCODE_SUPPORT -DCONFIG_HT_OVERRIDES -DCONFIG_VHT_OVERRIDES -DCONFIG_BACKEND_FILE -DCONFIG_NO_CONFIG_WRITE -DCONFIG_OCV -DCONFIG_IEEE80211R -DCONFIG_SAE -DCONFIG_OWE -DCONFIG_WNM -DCONFIG_DRIVER_WIRED -DCONFIG_DRIVER_NL80211 -DCONFIG_MBO -DCONFIG_ACS -DCONFIG_TLS_WOLFSSL -DCONFIG_SHA256 -DCONFIG_HMAC_SHA256_KDF -DCONFIG_HMAC_SHA384_KDF -DCONFIG_HMAC_SHA512_KDF -DCONFIG_SHA384 -DCONFIG_SHA512 -DCONFIG_ECC -DCONFIG_NO_RANDOM_POOL -DCONFIG_CTRL_IFACE -DCONFIG_CTRL_IFACE_UNIX -DCONFIG_NO_LINUX_PACKET_SOCKET_WAR -DCONFIG_SME -DCONFIG_DEBUG_SYSLOG -DLOG_HOSTAPD=LOG_DAEMON ../src/utils/base64.c
aarch64-openwrt-linux-musl-gcc -c -o /home/runner/work/ma3063-openwrt/ma3063-openwrt/openwrt/build_dir/target-aarch64_cortex-a53_musl/hostapd-wpad-basic-wolfssl/hostapd-2023-09-08-e5ccbfc6/build/wpa_supplicant/sme.o -I/home/runner/work/ma3063-openwrt/ma3063-openwrt/openwrt/staging_dir/target-aarch64_cortex-a53_musl/usr/include/libnl-tiny -I/home/runner/work/ma3063-openwrt/ma3063-openwrt/openwrt/build_dir/target-aarch64_cortex-a53_musl/hostapd-wpad-basic-wolfssl/hostapd-2023-09-08-e5ccbfc6/src/crypto -I/home/runner/work/ma3063-openwrt/ma3063-openwrt/openwrt/staging_dir/toolchain-aarch64_cortex-a53_gcc-12.3.0_musl/usr/include -I/home/runner/work/ma3063-openwrt/ma3063-openwrt/openwrt/staging_dir/toolchain-aarch64_cortex-a53_gcc-12.3.0_musl/include/fortify -I/home/runner/work/ma3063-openwrt/ma3063-openwrt/openwrt/staging_dir/toolchain-aarch64_cortex-a53_gcc-12.3.0_musl/include -DCONFIG_LIBNL20 -D_GNU_SOURCE -DCONFIG_MSG_MIN_PRIORITY=3 -Os -pipe -mcpu=cortex-a53 -fno-caller-saves -fno-plt -fhonour-copts -fmacro-prefix-map=/home/runner/work/ma3063-openwrt/ma3063-openwrt/openwrt/build_dir/target-aarch64_cortex-a53_musl/hostapd-wpad-basic-wolfssl/hostapd-2023-09-08-e5ccbfc6=hostapd-2023-09-08-e5ccbfc6 -ffunction-sections -fdata-sections -flto=auto -fno-fat-lto-objects -Wformat -Werror=format-security -DPIC -fPIC -fstack-protector -D_FORTIFY_SOURCE=1 -Wl,-z,now -Wl,-z,relro -I/home/runner/work/ma3063-openwrt/ma3063-openwrt/openwrt/build_dir/target-aarch64_cortex-a53_musl/hostapd-wpad-basic-wolfssl/hostapd-2023-09-08-e5ccbfc6/src -I/home/runner/work/ma3063-openwrt/ma3063-openwrt/openwrt/build_dir/target-aarch64_cortex-a53_musl/hostapd-wpad-basic-wolfssl/hostapd-2023-09-08-e5ccbfc6/src/utils -DHOSTAPD -DCONFIG_ELOOP_EPOLL -DUBUS_SUPPORT -DUCODE_SUPPORT -DCONFIG_NO_RADIUS -DCONFIG_NO_ACCOUNTING -DCONFIG_CTRL_IFACE_UNIX -DCONFIG_CTRL_IFACE -DCONFIG_RSN_PREAUTH -DCONFIG_OCV -DCONFIG_IEEE80211R -DCONFIG_IEEE80211R_AP -DCONFIG_ETH_P_OUI -DCONFIG_SAE -DCONFIG_OWE -DCONFIG_AIRTIME_POLICY -DCONFIG_IEEE80211AC -DCONFIG_IEEE80211AX -DCONFIG_MBO -DCONFIG_DRIVER_WIRED -DCONFIG_DRIVER_NL80211 -DCONFIG_DRIVER_WIRED -DCONFIG_DRIVER_NL80211 -DEAP_SERVER_IDENTITY -DCONFIG_TLS_WOLFSSL -DCONFIG_SHA256 -DCONFIG_HMAC_SHA256_KDF -DCONFIG_HMAC_SHA384_KDF -DCONFIG_HMAC_SHA512_KDF -DCONFIG_SHA384 -DCONFIG_SHA512 -DCONFIG_ECC -DCONFIG_NO_RANDOM_POOL -DNEED_AP_MLME -DCONFIG_ACS -DCONFIG_DEBUG_SYSLOG -I/home/runner/work/ma3063-openwrt/ma3063-openwrt/openwrt/staging_dir/target-aarch64_cortex-a53_musl/usr/include/libnl-tiny -I/home/runner/work/ma3063-openwrt/ma3063-openwrt/openwrt/build_dir/target-aarch64_cortex-a53_musl/hostapd-wpad-basic-wolfssl/hostapd-2023-09-08-e5ccbfc6/src/crypto -I/home/runner/work/ma3063-openwrt/ma3063-openwrt/openwrt/staging_dir/toolchain-aarch64_cortex-a53_gcc-12.3.0_musl/usr/include -I/home/runner/work/ma3063-openwrt/ma3063-openwrt/openwrt/staging_dir/toolchain-aarch64_cortex-a53_gcc-12.3.0_musl/include/fortify -I/home/runner/work/ma3063-openwrt/ma3063-openwrt/openwrt/staging_dir/toolchain-aarch64_cortex-a53_gcc-12.3.0_musl/include -DCONFIG_LIBNL20 -D_GNU_SOURCE -DCONFIG_MSG_MIN_PRIORITY=3 -I/home/runner/work/ma3063-openwrt/ma3063-openwrt/openwrt/build_dir/target-aarch64_cortex-a53_musl/hostapd-wpad-basic-wolfssl/hostapd-2023-09-08-e5ccbfc6/src -I/home/runner/work/ma3063-openwrt/ma3063-openwrt/openwrt/build_dir/target-aarch64_cortex-a53_musl/hostapd-wpad-basic-wolfssl/hostapd-2023-09-08-e5ccbfc6/src/utils -DCONFIG_ELOOP_EPOLL -DUBUS_SUPPORT -DUCODE_SUPPORT -DCONFIG_HT_OVERRIDES -DCONFIG_VHT_OVERRIDES -DCONFIG_BACKEND_FILE -DCONFIG_NO_CONFIG_WRITE -DCONFIG_OCV -DCONFIG_IEEE80211R -DCONFIG_SAE -DCONFIG_OWE -DCONFIG_WNM -DCONFIG_DRIVER_WIRED -DCONFIG_DRIVER_NL80211 -DCONFIG_MBO -DCONFIG_ACS -DCONFIG_TLS_WOLFSSL -DCONFIG_SHA256 -DCONFIG_HMAC_SHA256_KDF -DCONFIG_HMAC_SHA384_KDF -DCONFIG_HMAC_SHA512_KDF -DCONFIG_SHA384 -DCONFIG_SHA512 -DCONFIG_ECC -DCONFIG_NO_RANDOM_POOL -DCONFIG_CTRL_IFACE -DCONFIG_CTRL_IFACE_UNIX -DCONFIG_NO_LINUX_PACKET_SOCKET_WAR -DCONFIG_SME -DCONFIG_DEBUG_SYSLOG -DLOG_HOSTAPD=LOG_DAEMON sme.c
aarch64-openwrt-linux-musl-gcc -c -o /home/runner/work/ma3063-openwrt/ma3063-openwrt/openwrt/build_dir/target-aarch64_cortex-a53_musl/hostapd-wpad-basic-wolfssl/hostapd-2023-09-08-e5ccbfc6/build/wpa_supplicant/src/common/ieee802_11_common.o -I/home/runner/work/ma3063-openwrt/ma3063-openwrt/openwrt/staging_dir/target-aarch64_cortex-a53_musl/usr/include/libnl-tiny -I/home/runner/work/ma3063-openwrt/ma3063-openwrt/openwrt/build_dir/target-aarch64_cortex-a53_musl/hostapd-wpad-basic-wolfssl/hostapd-2023-09-08-e5ccbfc6/src/crypto -I/home/runner/work/ma3063-openwrt/ma3063-openwrt/openwrt/staging_dir/toolchain-aarch64_cortex-a53_gcc-12.3.0_musl/usr/include -I/home/runner/work/ma3063-openwrt/ma3063-openwrt/openwrt/staging_dir/toolchain-aarch64_cortex-a53_gcc-12.3.0_musl/include/fortify -I/home/runner/work/ma3063-openwrt/ma3063-openwrt/openwrt/staging_dir/toolchain-aarch64_cortex-a53_gcc-12.3.0_musl/include -DCONFIG_LIBNL20 -D_GNU_SOURCE -DCONFIG_MSG_MIN_PRIORITY=3 -Os -pipe -mcpu=cortex-a53 -fno-caller-saves -fno-plt -fhonour-copts -fmacro-prefix-map=/home/runner/work/ma3063-openwrt/ma3063-openwrt/openwrt/build_dir/target-aarch64_cortex-a53_musl/hostapd-wpad-basic-wolfssl/hostapd-2023-09-08-e5ccbfc6=hostapd-2023-09-08-e5ccbfc6 -ffunction-sections -fdata-sections -flto=auto -fno-fat-lto-objects -Wformat -Werror=format-security -DPIC -fPIC -fstack-protector -D_FORTIFY_SOURCE=1 -Wl,-z,now -Wl,-z,relro -I/home/runner/work/ma3063-openwrt/ma3063-openwrt/openwrt/build_dir/target-aarch64_cortex-a53_musl/hostapd-wpad-basic-wolfssl/hostapd-2023-09-08-e5ccbfc6/src -I/home/runner/work/ma3063-openwrt/ma3063-openwrt/openwrt/build_dir/target-aarch64_cortex-a53_musl/hostapd-wpad-basic-wolfssl/hostapd-2023-09-08-e5ccbfc6/src/utils -DHOSTAPD -DCONFIG_ELOOP_EPOLL -DUBUS_SUPPORT -DUCODE_SUPPORT -DCONFIG_NO_RADIUS -DCONFIG_NO_ACCOUNTING -DCONFIG_CTRL_IFACE_UNIX -DCONFIG_CTRL_IFACE -DCONFIG_RSN_PREAUTH -DCONFIG_OCV -DCONFIG_IEEE80211R -DCONFIG_IEEE80211R_AP -DCONFIG_ETH_P_OUI -DCONFIG_SAE -DCONFIG_OWE -DCONFIG_AIRTIME_POLICY -DCONFIG_IEEE80211AC -DCONFIG_IEEE80211AX -DCONFIG_MBO -DCONFIG_DRIVER_WIRED -DCONFIG_DRIVER_NL80211 -DCONFIG_DRIVER_WIRED -DCONFIG_DRIVER_NL80211 -DEAP_SERVER_IDENTITY -DCONFIG_TLS_WOLFSSL -DCONFIG_SHA256 -DCONFIG_HMAC_SHA256_KDF -DCONFIG_HMAC_SHA384_KDF -DCONFIG_HMAC_SHA512_KDF -DCONFIG_SHA384 -DCONFIG_SHA512 -DCONFIG_ECC -DCONFIG_NO_RANDOM_POOL -DNEED_AP_MLME -DCONFIG_ACS -DCONFIG_DEBUG_SYSLOG -I/home/runner/work/ma3063-openwrt/ma3063-openwrt/openwrt/staging_dir/target-aarch64_cortex-a53_musl/usr/include/libnl-tiny -I/home/runner/work/ma3063-openwrt/ma3063-openwrt/openwrt/build_dir/target-aarch64_cortex-a53_musl/hostapd-wpad-basic-wolfssl/hostapd-2023-09-08-e5ccbfc6/src/crypto -I/home/runner/work/ma3063-openwrt/ma3063-openwrt/openwrt/staging_dir/toolchain-aarch64_cortex-a53_gcc-12.3.0_musl/usr/include -I/home/runner/work/ma3063-openwrt/ma3063-openwrt/openwrt/staging_dir/toolchain-aarch64_cortex-a53_gcc-12.3.0_musl/include/fortify -I/home/runner/work/ma3063-openwrt/ma3063-openwrt/openwrt/staging_dir/toolchain-aarch64_cortex-a53_gcc-12.3.0_musl/include -DCONFIG_LIBNL20 -D_GNU_SOURCE -DCONFIG_MSG_MIN_PRIORITY=3 -I/home/runner/work/ma3063-openwrt/ma3063-openwrt/openwrt/build_dir/target-aarch64_cortex-a53_musl/hostapd-wpad-basic-wolfssl/hostapd-2023-09-08-e5ccbfc6/src -I/home/runner/work/ma3063-openwrt/ma3063-openwrt/openwrt/build_dir/target-aarch64_cortex-a53_musl/hostapd-wpad-basic-wolfssl/hostapd-2023-09-08-e5ccbfc6/src/utils -DCONFIG_ELOOP_EPOLL -DUBUS_SUPPORT -DUCODE_SUPPORT -DCONFIG_HT_OVERRIDES -DCONFIG_VHT_OVERRIDES -DCONFIG_BACKEND_FILE -DCONFIG_NO_CONFIG_WRITE -DCONFIG_OCV -DCONFIG_IEEE80211R -DCONFIG_SAE -DCONFIG_OWE -DCONFIG_WNM -DCONFIG_DRIVER_WIRED -DCONFIG_DRIVER_NL80211 -DCONFIG_MBO -DCONFIG_ACS -DCONFIG_TLS_WOLFSSL -DCONFIG_SHA256 -DCONFIG_HMAC_SHA256_KDF -DCONFIG_HMAC_SHA384_KDF -DCONFIG_HMAC_SHA512_KDF -DCONFIG_SHA384 -DCONFIG_SHA512 -DCONFIG_ECC -DCONFIG_NO_RANDOM_POOL -DCONFIG_CTRL_IFACE -DCONFIG_CTRL_IFACE_UNIX -DCONFIG_NO_LINUX_PACKET_SOCKET_WAR -DCONFIG_SME -DCONFIG_DEBUG_SYSLOG -DLOG_HOSTAPD=LOG_DAEMON ../src/common/ieee802_11_common.c
aarch64-openwrt-linux-musl-gcc -c -o /home/runner/work/ma3063-openwrt/ma3063-openwrt/openwrt/build_dir/target-aarch64_cortex-a53_musl/hostapd-wpad-basic-wolfssl/hostapd-2023-09-08-e5ccbfc6/build/wpa_supplicant/src/common/hw_features_common.o -I/home/runner/work/ma3063-openwrt/ma3063-openwrt/openwrt/staging_dir/target-aarch64_cortex-a53_musl/usr/include/libnl-tiny -I/home/runner/work/ma3063-openwrt/ma3063-openwrt/openwrt/build_dir/target-aarch64_cortex-a53_musl/hostapd-wpad-basic-wolfssl/hostapd-2023-09-08-e5ccbfc6/src/crypto -I/home/runner/work/ma3063-openwrt/ma3063-openwrt/openwrt/staging_dir/toolchain-aarch64_cortex-a53_gcc-12.3.0_musl/usr/include -I/home/runner/work/ma3063-openwrt/ma3063-openwrt/openwrt/staging_dir/toolchain-aarch64_cortex-a53_gcc-12.3.0_musl/include/fortify -I/home/runner/work/ma3063-openwrt/ma3063-openwrt/openwrt/staging_dir/toolchain-aarch64_cortex-a53_gcc-12.3.0_musl/include -DCONFIG_LIBNL20 -D_GNU_SOURCE -DCONFIG_MSG_MIN_PRIORITY=3 -Os -pipe -mcpu=cortex-a53 -fno-caller-saves -fno-plt -fhonour-copts -fmacro-prefix-map=/home/runner/work/ma3063-openwrt/ma3063-openwrt/openwrt/build_dir/target-aarch64_cortex-a53_musl/hostapd-wpad-basic-wolfssl/hostapd-2023-09-08-e5ccbfc6=hostapd-2023-09-08-e5ccbfc6 -ffunction-sections -fdata-sections -flto=auto -fno-fat-lto-objects -Wformat -Werror=format-security -DPIC -fPIC -fstack-protector -D_FORTIFY_SOURCE=1 -Wl,-z,now -Wl,-z,relro -I/home/runner/work/ma3063-openwrt/ma3063-openwrt/openwrt/build_dir/target-aarch64_cortex-a53_musl/hostapd-wpad-basic-wolfssl/hostapd-2023-09-08-e5ccbfc6/src -I/home/runner/work/ma3063-openwrt/ma3063-openwrt/openwrt/build_dir/target-aarch64_cortex-a53_musl/hostapd-wpad-basic-wolfssl/hostapd-2023-09-08-e5ccbfc6/src/utils -DHOSTAPD -DCONFIG_ELOOP_EPOLL -DUBUS_SUPPORT -DUCODE_SUPPORT -DCONFIG_NO_RADIUS -DCONFIG_NO_ACCOUNTING -DCONFIG_CTRL_IFACE_UNIX -DCONFIG_CTRL_IFACE -DCONFIG_RSN_PREAUTH -DCONFIG_OCV -DCONFIG_IEEE80211R -DCONFIG_IEEE80211R_AP -DCONFIG_ETH_P_OUI -DCONFIG_SAE -DCONFIG_OWE -DCONFIG_AIRTIME_POLICY -DCONFIG_IEEE80211AC -DCONFIG_IEEE80211AX -DCONFIG_MBO -DCONFIG_DRIVER_WIRED -DCONFIG_DRIVER_NL80211 -DCONFIG_DRIVER_WIRED -DCONFIG_DRIVER_NL80211 -DEAP_SERVER_IDENTITY -DCONFIG_TLS_WOLFSSL -DCONFIG_SHA256 -DCONFIG_HMAC_SHA256_KDF -DCONFIG_HMAC_SHA384_KDF -DCONFIG_HMAC_SHA512_KDF -DCONFIG_SHA384 -DCONFIG_SHA512 -DCONFIG_ECC -DCONFIG_NO_RANDOM_POOL -DNEED_AP_MLME -DCONFIG_ACS -DCONFIG_DEBUG_SYSLOG -I/home/runner/work/ma3063-openwrt/ma3063-openwrt/openwrt/staging_dir/target-aarch64_cortex-a53_musl/usr/include/libnl-tiny -I/home/runner/work/ma3063-openwrt/ma3063-openwrt/openwrt/build_dir/target-aarch64_cortex-a53_musl/hostapd-wpad-basic-wolfssl/hostapd-2023-09-08-e5ccbfc6/src/crypto -I/home/runner/work/ma3063-openwrt/ma3063-openwrt/openwrt/staging_dir/toolchain-aarch64_cortex-a53_gcc-12.3.0_musl/usr/include -I/home/runner/work/ma3063-openwrt/ma3063-openwrt/openwrt/staging_dir/toolchain-aarch64_cortex-a53_gcc-12.3.0_musl/include/fortify -I/home/runner/work/ma3063-openwrt/ma3063-openwrt/openwrt/staging_dir/toolchain-aarch64_cortex-a53_gcc-12.3.0_musl/include -DCONFIG_LIBNL20 -D_GNU_SOURCE -DCONFIG_MSG_MIN_PRIORITY=3 -I/home/runner/work/ma3063-openwrt/ma3063-openwrt/openwrt/build_dir/target-aarch64_cortex-a53_musl/hostapd-wpad-basic-wolfssl/hostapd-2023-09-08-e5ccbfc6/src -I/home/runner/work/ma3063-openwrt/ma3063-openwrt/openwrt/build_dir/target-aarch64_cortex-a53_musl/hostapd-wpad-basic-wolfssl/hostapd-2023-09-08-e5ccbfc6/src/utils -DCONFIG_ELOOP_EPOLL -DUBUS_SUPPORT -DUCODE_SUPPORT -DCONFIG_HT_OVERRIDES -DCONFIG_VHT_OVERRIDES -DCONFIG_BACKEND_FILE -DCONFIG_NO_CONFIG_WRITE -DCONFIG_OCV -DCONFIG_IEEE80211R -DCONFIG_SAE -DCONFIG_OWE -DCONFIG_WNM -DCONFIG_DRIVER_WIRED -DCONFIG_DRIVER_NL80211 -DCONFIG_MBO -DCONFIG_ACS -DCONFIG_TLS_WOLFSSL -DCONFIG_SHA256 -DCONFIG_HMAC_SHA256_KDF -DCONFIG_HMAC_SHA384_KDF -DCONFIG_HMAC_SHA512_KDF -DCONFIG_SHA384 -DCONFIG_SHA512 -DCONFIG_ECC -DCONFIG_NO_RANDOM_POOL -DCONFIG_CTRL_IFACE -DCONFIG_CTRL_IFACE_UNIX -DCONFIG_NO_LINUX_PACKET_SOCKET_WAR -DCONFIG_SME -DCONFIG_DEBUG_SYSLOG -DLOG_HOSTAPD=LOG_DAEMON ../src/common/hw_features_common.c
aarch64-openwrt-linux-musl-gcc -c -o /home/runner/work/ma3063-openwrt/ma3063-openwrt/openwrt/build_dir/target-aarch64_cortex-a53_musl/hostapd-wpad-basic-wolfssl/hostapd-2023-09-08-e5ccbfc6/build/wpa_supplicant/src/crypto/sha1-prf.o -I/home/runner/work/ma3063-openwrt/ma3063-openwrt/openwrt/staging_dir/target-aarch64_cortex-a53_musl/usr/include/libnl-tiny -I/home/runner/work/ma3063-openwrt/ma3063-openwrt/openwrt/build_dir/target-aarch64_cortex-a53_musl/hostapd-wpad-basic-wolfssl/hostapd-2023-09-08-e5ccbfc6/src/crypto -I/home/runner/work/ma3063-openwrt/ma3063-openwrt/openwrt/staging_dir/toolchain-aarch64_cortex-a53_gcc-12.3.0_musl/usr/include -I/home/runner/work/ma3063-openwrt/ma3063-openwrt/openwrt/staging_dir/toolchain-aarch64_cortex-a53_gcc-12.3.0_musl/include/fortify -I/home/runner/work/ma3063-openwrt/ma3063-openwrt/openwrt/staging_dir/toolchain-aarch64_cortex-a53_gcc-12.3.0_musl/include -DCONFIG_LIBNL20 -D_GNU_SOURCE -DCONFIG_MSG_MIN_PRIORITY=3 -Os -pipe -mcpu=cortex-a53 -fno-caller-saves -fno-plt -fhonour-copts -fmacro-prefix-map=/home/runner/work/ma3063-openwrt/ma3063-openwrt/openwrt/build_dir/target-aarch64_cortex-a53_musl/hostapd-wpad-basic-wolfssl/hostapd-2023-09-08-e5ccbfc6=hostapd-2023-09-08-e5ccbfc6 -ffunction-sections -fdata-sections -flto=auto -fno-fat-lto-objects -Wformat -Werror=format-security -DPIC -fPIC -fstack-protector -D_FORTIFY_SOURCE=1 -Wl,-z,now -Wl,-z,relro -I/home/runner/work/ma3063-openwrt/ma3063-openwrt/openwrt/build_dir/target-aarch64_cortex-a53_musl/hostapd-wpad-basic-wolfssl/hostapd-2023-09-08-e5ccbfc6/src -I/home/runner/work/ma3063-openwrt/ma3063-openwrt/openwrt/build_dir/target-aarch64_cortex-a53_musl/hostapd-wpad-basic-wolfssl/hostapd-2023-09-08-e5ccbfc6/src/utils -DHOSTAPD -DCONFIG_ELOOP_EPOLL -DUBUS_SUPPORT -DUCODE_SUPPORT -DCONFIG_NO_RADIUS -DCONFIG_NO_ACCOUNTING -DCONFIG_CTRL_IFACE_UNIX -DCONFIG_CTRL_IFACE -DCONFIG_RSN_PREAUTH -DCONFIG_OCV -DCONFIG_IEEE80211R -DCONFIG_IEEE80211R_AP -DCONFIG_ETH_P_OUI -DCONFIG_SAE -DCONFIG_OWE -DCONFIG_AIRTIME_POLICY -DCONFIG_IEEE80211AC -DCONFIG_IEEE80211AX -DCONFIG_MBO -DCONFIG_DRIVER_WIRED -DCONFIG_DRIVER_NL80211 -DCONFIG_DRIVER_WIRED -DCONFIG_DRIVER_NL80211 -DEAP_SERVER_IDENTITY -DCONFIG_TLS_WOLFSSL -DCONFIG_SHA256 -DCONFIG_HMAC_SHA256_KDF -DCONFIG_HMAC_SHA384_KDF -DCONFIG_HMAC_SHA512_KDF -DCONFIG_SHA384 -DCONFIG_SHA512 -DCONFIG_ECC -DCONFIG_NO_RANDOM_POOL -DNEED_AP_MLME -DCONFIG_ACS -DCONFIG_DEBUG_SYSLOG -I/home/runner/work/ma3063-openwrt/ma3063-openwrt/openwrt/staging_dir/target-aarch64_cortex-a53_musl/usr/include/libnl-tiny -I/home/runner/work/ma3063-openwrt/ma3063-openwrt/openwrt/build_dir/target-aarch64_cortex-a53_musl/hostapd-wpad-basic-wolfssl/hostapd-2023-09-08-e5ccbfc6/src/crypto -I/home/runner/work/ma3063-openwrt/ma3063-openwrt/openwrt/staging_dir/toolchain-aarch64_cortex-a53_gcc-12.3.0_musl/usr/include -I/home/runner/work/ma3063-openwrt/ma3063-openwrt/openwrt/staging_dir/toolchain-aarch64_cortex-a53_gcc-12.3.0_musl/include/fortify -I/home/runner/work/ma3063-openwrt/ma3063-openwrt/openwrt/staging_dir/toolchain-aarch64_cortex-a53_gcc-12.3.0_musl/include -DCONFIG_LIBNL20 -D_GNU_SOURCE -DCONFIG_MSG_MIN_PRIORITY=3 -I/home/runner/work/ma3063-openwrt/ma3063-openwrt/openwrt/build_dir/target-aarch64_cortex-a53_musl/hostapd-wpad-basic-wolfssl/hostapd-2023-09-08-e5ccbfc6/src -I/home/runner/work/ma3063-openwrt/ma3063-openwrt/openwrt/build_dir/target-aarch64_cortex-a53_musl/hostapd-wpad-basic-wolfssl/hostapd-2023-09-08-e5ccbfc6/src/utils -DCONFIG_ELOOP_EPOLL -DUBUS_SUPPORT -DUCODE_SUPPORT -DCONFIG_HT_OVERRIDES -DCONFIG_VHT_OVERRIDES -DCONFIG_BACKEND_FILE -DCONFIG_NO_CONFIG_WRITE -DCONFIG_OCV -DCONFIG_IEEE80211R -DCONFIG_SAE -DCONFIG_OWE -DCONFIG_WNM -DCONFIG_DRIVER_WIRED -DCONFIG_DRIVER_NL80211 -DCONFIG_MBO -DCONFIG_ACS -DCONFIG_TLS_WOLFSSL -DCONFIG_SHA256 -DCONFIG_HMAC_SHA256_KDF -DCONFIG_HMAC_SHA384_KDF -DCONFIG_HMAC_SHA512_KDF -DCONFIG_SHA384 -DCONFIG_SHA512 -DCONFIG_ECC -DCONFIG_NO_RANDOM_POOL -DCONFIG_CTRL_IFACE -DCONFIG_CTRL_IFACE_UNIX -DCONFIG_NO_LINUX_PACKET_SOCKET_WAR -DCONFIG_SME -DCONFIG_DEBUG_SYSLOG -DLOG_HOSTAPD=LOG_DAEMON ../src/crypto/sha1-prf.c
aarch64-openwrt-linux-musl-gcc -c -o /home/runner/work/ma3063-openwrt/ma3063-openwrt/openwrt/build_dir/target-aarch64_cortex-a53_musl/hostapd-wpad-basic-wolfssl/hostapd-2023-09-08-e5ccbfc6/build/wpa_supplicant/src/drivers/driver_common.o -I/home/runner/work/ma3063-openwrt/ma3063-openwrt/openwrt/staging_dir/target-aarch64_cortex-a53_musl/usr/include/libnl-tiny -I/home/runner/work/ma3063-openwrt/ma3063-openwrt/openwrt/build_dir/target-aarch64_cortex-a53_musl/hostapd-wpad-basic-wolfssl/hostapd-2023-09-08-e5ccbfc6/src/crypto -I/home/runner/work/ma3063-openwrt/ma3063-openwrt/openwrt/staging_dir/toolchain-aarch64_cortex-a53_gcc-12.3.0_musl/usr/include -I/home/runner/work/ma3063-openwrt/ma3063-openwrt/openwrt/staging_dir/toolchain-aarch64_cortex-a53_gcc-12.3.0_musl/include/fortify -I/home/runner/work/ma3063-openwrt/ma3063-openwrt/openwrt/staging_dir/toolchain-aarch64_cortex-a53_gcc-12.3.0_musl/include -DCONFIG_LIBNL20 -D_GNU_SOURCE -DCONFIG_MSG_MIN_PRIORITY=3 -Os -pipe -mcpu=cortex-a53 -fno-caller-saves -fno-plt -fhonour-copts -fmacro-prefix-map=/home/runner/work/ma3063-openwrt/ma3063-openwrt/openwrt/build_dir/target-aarch64_cortex-a53_musl/hostapd-wpad-basic-wolfssl/hostapd-2023-09-08-e5ccbfc6=hostapd-2023-09-08-e5ccbfc6 -ffunction-sections -fdata-sections -flto=auto -fno-fat-lto-objects -Wformat -Werror=format-security -DPIC -fPIC -fstack-protector -D_FORTIFY_SOURCE=1 -Wl,-z,now -Wl,-z,relro -I/home/runner/work/ma3063-openwrt/ma3063-openwrt/openwrt/build_dir/target-aarch64_cortex-a53_musl/hostapd-wpad-basic-wolfssl/hostapd-2023-09-08-e5ccbfc6/src -I/home/runner/work/ma3063-openwrt/ma3063-openwrt/openwrt/build_dir/target-aarch64_cortex-a53_musl/hostapd-wpad-basic-wolfssl/hostapd-2023-09-08-e5ccbfc6/src/utils -DHOSTAPD -DCONFIG_ELOOP_EPOLL -DUBUS_SUPPORT -DUCODE_SUPPORT -DCONFIG_NO_RADIUS -DCONFIG_NO_ACCOUNTING -DCONFIG_CTRL_IFACE_UNIX -DCONFIG_CTRL_IFACE -DCONFIG_RSN_PREAUTH -DCONFIG_OCV -DCONFIG_IEEE80211R -DCONFIG_IEEE80211R_AP -DCONFIG_ETH_P_OUI -DCONFIG_SAE -DCONFIG_OWE -DCONFIG_AIRTIME_POLICY -DCONFIG_IEEE80211AC -DCONFIG_IEEE80211AX -DCONFIG_MBO -DCONFIG_DRIVER_WIRED -DCONFIG_DRIVER_NL80211 -DCONFIG_DRIVER_WIRED -DCONFIG_DRIVER_NL80211 -DEAP_SERVER_IDENTITY -DCONFIG_TLS_WOLFSSL -DCONFIG_SHA256 -DCONFIG_HMAC_SHA256_KDF -DCONFIG_HMAC_SHA384_KDF -DCONFIG_HMAC_SHA512_KDF -DCONFIG_SHA384 -DCONFIG_SHA512 -DCONFIG_ECC -DCONFIG_NO_RANDOM_POOL -DNEED_AP_MLME -DCONFIG_ACS -DCONFIG_DEBUG_SYSLOG -I/home/runner/work/ma3063-openwrt/ma3063-openwrt/openwrt/staging_dir/target-aarch64_cortex-a53_musl/usr/include/libnl-tiny -I/home/runner/work/ma3063-openwrt/ma3063-openwrt/openwrt/build_dir/target-aarch64_cortex-a53_musl/hostapd-wpad-basic-wolfssl/hostapd-2023-09-08-e5ccbfc6/src/crypto -I/home/runner/work/ma3063-openwrt/ma3063-openwrt/openwrt/staging_dir/toolchain-aarch64_cortex-a53_gcc-12.3.0_musl/usr/include -I/home/runner/work/ma3063-openwrt/ma3063-openwrt/openwrt/staging_dir/toolchain-aarch64_cortex-a53_gcc-12.3.0_musl/include/fortify -I/home/runner/work/ma3063-openwrt/ma3063-openwrt/openwrt/staging_dir/toolchain-aarch64_cortex-a53_gcc-12.3.0_musl/include -DCONFIG_LIBNL20 -D_GNU_SOURCE -DCONFIG_MSG_MIN_PRIORITY=3 -I/home/runner/work/ma3063-openwrt/ma3063-openwrt/openwrt/build_dir/target-aarch64_cortex-a53_musl/hostapd-wpad-basic-wolfssl/hostapd-2023-09-08-e5ccbfc6/src -I/home/runner/work/ma3063-openwrt/ma3063-openwrt/openwrt/build_dir/target-aarch64_cortex-a53_musl/hostapd-wpad-basic-wolfssl/hostapd-2023-09-08-e5ccbfc6/src/utils -DCONFIG_ELOOP_EPOLL -DUBUS_SUPPORT -DUCODE_SUPPORT -DCONFIG_HT_OVERRIDES -DCONFIG_VHT_OVERRIDES -DCONFIG_BACKEND_FILE -DCONFIG_NO_CONFIG_WRITE -DCONFIG_OCV -DCONFIG_IEEE80211R -DCONFIG_SAE -DCONFIG_OWE -DCONFIG_WNM -DCONFIG_DRIVER_WIRED -DCONFIG_DRIVER_NL80211 -DCONFIG_MBO -DCONFIG_ACS -DCONFIG_TLS_WOLFSSL -DCONFIG_SHA256 -DCONFIG_HMAC_SHA256_KDF -DCONFIG_HMAC_SHA384_KDF -DCONFIG_HMAC_SHA512_KDF -DCONFIG_SHA384 -DCONFIG_SHA512 -DCONFIG_ECC -DCONFIG_NO_RANDOM_POOL -DCONFIG_CTRL_IFACE -DCONFIG_CTRL_IFACE_UNIX -DCONFIG_NO_LINUX_PACKET_SOCKET_WAR -DCONFIG_SME -DCONFIG_DEBUG_SYSLOG -DLOG_HOSTAPD=LOG_DAEMON ../src/drivers/driver_common.c
aarch64-openwrt-linux-musl-gcc -c -o /home/runner/work/ma3063-openwrt/ma3063-openwrt/openwrt/build_dir/target-aarch64_cortex-a53_musl/hostapd-wpad-basic-wolfssl/hostapd-2023-09-08-e5ccbfc6/build/wpa_supplicant/wpa_supplicant.o -I/home/runner/work/ma3063-openwrt/ma3063-openwrt/openwrt/staging_dir/target-aarch64_cortex-a53_musl/usr/include/libnl-tiny -I/home/runner/work/ma3063-openwrt/ma3063-openwrt/openwrt/build_dir/target-aarch64_cortex-a53_musl/hostapd-wpad-basic-wolfssl/hostapd-2023-09-08-e5ccbfc6/src/crypto -I/home/runner/work/ma3063-openwrt/ma3063-openwrt/openwrt/staging_dir/toolchain-aarch64_cortex-a53_gcc-12.3.0_musl/usr/include -I/home/runner/work/ma3063-openwrt/ma3063-openwrt/openwrt/staging_dir/toolchain-aarch64_cortex-a53_gcc-12.3.0_musl/include/fortify -I/home/runner/work/ma3063-openwrt/ma3063-openwrt/openwrt/staging_dir/toolchain-aarch64_cortex-a53_gcc-12.3.0_musl/include -DCONFIG_LIBNL20 -D_GNU_SOURCE -DCONFIG_MSG_MIN_PRIORITY=3 -Os -pipe -mcpu=cortex-a53 -fno-caller-saves -fno-plt -fhonour-copts -fmacro-prefix-map=/home/runner/work/ma3063-openwrt/ma3063-openwrt/openwrt/build_dir/target-aarch64_cortex-a53_musl/hostapd-wpad-basic-wolfssl/hostapd-2023-09-08-e5ccbfc6=hostapd-2023-09-08-e5ccbfc6 -ffunction-sections -fdata-sections -flto=auto -fno-fat-lto-objects -Wformat -Werror=format-security -DPIC -fPIC -fstack-protector -D_FORTIFY_SOURCE=1 -Wl,-z,now -Wl,-z,relro -I/home/runner/work/ma3063-openwrt/ma3063-openwrt/openwrt/build_dir/target-aarch64_cortex-a53_musl/hostapd-wpad-basic-wolfssl/hostapd-2023-09-08-e5ccbfc6/src -I/home/runner/work/ma3063-openwrt/ma3063-openwrt/openwrt/build_dir/target-aarch64_cortex-a53_musl/hostapd-wpad-basic-wolfssl/hostapd-2023-09-08-e5ccbfc6/src/utils -DHOSTAPD -DCONFIG_ELOOP_EPOLL -DUBUS_SUPPORT -DUCODE_SUPPORT -DCONFIG_NO_RADIUS -DCONFIG_NO_ACCOUNTING -DCONFIG_CTRL_IFACE_UNIX -DCONFIG_CTRL_IFACE -DCONFIG_RSN_PREAUTH -DCONFIG_OCV -DCONFIG_IEEE80211R -DCONFIG_IEEE80211R_AP -DCONFIG_ETH_P_OUI -DCONFIG_SAE -DCONFIG_OWE -DCONFIG_AIRTIME_POLICY -DCONFIG_IEEE80211AC -DCONFIG_IEEE80211AX -DCONFIG_MBO -DCONFIG_DRIVER_WIRED -DCONFIG_DRIVER_NL80211 -DCONFIG_DRIVER_WIRED -DCONFIG_DRIVER_NL80211 -DEAP_SERVER_IDENTITY -DCONFIG_TLS_WOLFSSL -DCONFIG_SHA256 -DCONFIG_HMAC_SHA256_KDF -DCONFIG_HMAC_SHA384_KDF -DCONFIG_HMAC_SHA512_KDF -DCONFIG_SHA384 -DCONFIG_SHA512 -DCONFIG_ECC -DCONFIG_NO_RANDOM_POOL -DNEED_AP_MLME -DCONFIG_ACS -DCONFIG_DEBUG_SYSLOG -I/home/runner/work/ma3063-openwrt/ma3063-openwrt/openwrt/staging_dir/target-aarch64_cortex-a53_musl/usr/include/libnl-tiny -I/home/runner/work/ma3063-openwrt/ma3063-openwrt/openwrt/build_dir/target-aarch64_cortex-a53_musl/hostapd-wpad-basic-wolfssl/hostapd-2023-09-08-e5ccbfc6/src/crypto -I/home/runner/work/ma3063-openwrt/ma3063-openwrt/openwrt/staging_dir/toolchain-aarch64_cortex-a53_gcc-12.3.0_musl/usr/include -I/home/runner/work/ma3063-openwrt/ma3063-openwrt/openwrt/staging_dir/toolchain-aarch64_cortex-a53_gcc-12.3.0_musl/include/fortify -I/home/runner/work/ma3063-openwrt/ma3063-openwrt/openwrt/staging_dir/toolchain-aarch64_cortex-a53_gcc-12.3.0_musl/include -DCONFIG_LIBNL20 -D_GNU_SOURCE -DCONFIG_MSG_MIN_PRIORITY=3 -I/home/runner/work/ma3063-openwrt/ma3063-openwrt/openwrt/build_dir/target-aarch64_cortex-a53_musl/hostapd-wpad-basic-wolfssl/hostapd-2023-09-08-e5ccbfc6/src -I/home/runner/work/ma3063-openwrt/ma3063-openwrt/openwrt/build_dir/target-aarch64_cortex-a53_musl/hostapd-wpad-basic-wolfssl/hostapd-2023-09-08-e5ccbfc6/src/utils -DCONFIG_ELOOP_EPOLL -DUBUS_SUPPORT -DUCODE_SUPPORT -DCONFIG_HT_OVERRIDES -DCONFIG_VHT_OVERRIDES -DCONFIG_BACKEND_FILE -DCONFIG_NO_CONFIG_WRITE -DCONFIG_OCV -DCONFIG_IEEE80211R -DCONFIG_SAE -DCONFIG_OWE -DCONFIG_WNM -DCONFIG_DRIVER_WIRED -DCONFIG_DRIVER_NL80211 -DCONFIG_MBO -DCONFIG_ACS -DCONFIG_TLS_WOLFSSL -DCONFIG_SHA256 -DCONFIG_HMAC_SHA256_KDF -DCONFIG_HMAC_SHA384_KDF -DCONFIG_HMAC_SHA512_KDF -DCONFIG_SHA384 -DCONFIG_SHA512 -DCONFIG_ECC -DCONFIG_NO_RANDOM_POOL -DCONFIG_CTRL_IFACE -DCONFIG_CTRL_IFACE_UNIX -DCONFIG_NO_LINUX_PACKET_SOCKET_WAR -DCONFIG_SME -DCONFIG_DEBUG_SYSLOG -DLOG_HOSTAPD=LOG_DAEMON wpa_supplicant.c
aarch64-openwrt-linux-musl-gcc -c -o /home/runner/work/ma3063-openwrt/ma3063-openwrt/openwrt/build_dir/target-aarch64_cortex-a53_musl/hostapd-wpad-basic-wolfssl/hostapd-2023-09-08-e5ccbfc6/build/wpa_supplicant/events.o -I/home/runner/work/ma3063-openwrt/ma3063-openwrt/openwrt/staging_dir/target-aarch64_cortex-a53_musl/usr/include/libnl-tiny -I/home/runner/work/ma3063-openwrt/ma3063-openwrt/openwrt/build_dir/target-aarch64_cortex-a53_musl/hostapd-wpad-basic-wolfssl/hostapd-2023-09-08-e5ccbfc6/src/crypto -I/home/runner/work/ma3063-openwrt/ma3063-openwrt/openwrt/staging_dir/toolchain-aarch64_cortex-a53_gcc-12.3.0_musl/usr/include -I/home/runner/work/ma3063-openwrt/ma3063-openwrt/openwrt/staging_dir/toolchain-aarch64_cortex-a53_gcc-12.3.0_musl/include/fortify -I/home/runner/work/ma3063-openwrt/ma3063-openwrt/openwrt/staging_dir/toolchain-aarch64_cortex-a53_gcc-12.3.0_musl/include -DCONFIG_LIBNL20 -D_GNU_SOURCE -DCONFIG_MSG_MIN_PRIORITY=3 -Os -pipe -mcpu=cortex-a53 -fno-caller-saves -fno-plt -fhonour-copts -fmacro-prefix-map=/home/runner/work/ma3063-openwrt/ma3063-openwrt/openwrt/build_dir/target-aarch64_cortex-a53_musl/hostapd-wpad-basic-wolfssl/hostapd-2023-09-08-e5ccbfc6=hostapd-2023-09-08-e5ccbfc6 -ffunction-sections -fdata-sections -flto=auto -fno-fat-lto-objects -Wformat -Werror=format-security -DPIC -fPIC -fstack-protector -D_FORTIFY_SOURCE=1 -Wl,-z,now -Wl,-z,relro -I/home/runner/work/ma3063-openwrt/ma3063-openwrt/openwrt/build_dir/target-aarch64_cortex-a53_musl/hostapd-wpad-basic-wolfssl/hostapd-2023-09-08-e5ccbfc6/src -I/home/runner/work/ma3063-openwrt/ma3063-openwrt/openwrt/build_dir/target-aarch64_cortex-a53_musl/hostapd-wpad-basic-wolfssl/hostapd-2023-09-08-e5ccbfc6/src/utils -DHOSTAPD -DCONFIG_ELOOP_EPOLL -DUBUS_SUPPORT -DUCODE_SUPPORT -DCONFIG_NO_RADIUS -DCONFIG_NO_ACCOUNTING -DCONFIG_CTRL_IFACE_UNIX -DCONFIG_CTRL_IFACE -DCONFIG_RSN_PREAUTH -DCONFIG_OCV -DCONFIG_IEEE80211R -DCONFIG_IEEE80211R_AP -DCONFIG_ETH_P_OUI -DCONFIG_SAE -DCONFIG_OWE -DCONFIG_AIRTIME_POLICY -DCONFIG_IEEE80211AC -DCONFIG_IEEE80211AX -DCONFIG_MBO -DCONFIG_DRIVER_WIRED -DCONFIG_DRIVER_NL80211 -DCONFIG_DRIVER_WIRED -DCONFIG_DRIVER_NL80211 -DEAP_SERVER_IDENTITY -DCONFIG_TLS_WOLFSSL -DCONFIG_SHA256 -DCONFIG_HMAC_SHA256_KDF -DCONFIG_HMAC_SHA384_KDF -DCONFIG_HMAC_SHA512_KDF -DCONFIG_SHA384 -DCONFIG_SHA512 -DCONFIG_ECC -DCONFIG_NO_RANDOM_POOL -DNEED_AP_MLME -DCONFIG_ACS -DCONFIG_DEBUG_SYSLOG -I/home/runner/work/ma3063-openwrt/ma3063-openwrt/openwrt/staging_dir/target-aarch64_cortex-a53_musl/usr/include/libnl-tiny -I/home/runner/work/ma3063-openwrt/ma3063-openwrt/openwrt/build_dir/target-aarch64_cortex-a53_musl/hostapd-wpad-basic-wolfssl/hostapd-2023-09-08-e5ccbfc6/src/crypto -I/home/runner/work/ma3063-openwrt/ma3063-openwrt/openwrt/staging_dir/toolchain-aarch64_cortex-a53_gcc-12.3.0_musl/usr/include -I/home/runner/work/ma3063-openwrt/ma3063-openwrt/openwrt/staging_dir/toolchain-aarch64_cortex-a53_gcc-12.3.0_musl/include/fortify -I/home/runner/work/ma3063-openwrt/ma3063-openwrt/openwrt/staging_dir/toolchain-aarch64_cortex-a53_gcc-12.3.0_musl/include -DCONFIG_LIBNL20 -D_GNU_SOURCE -DCONFIG_MSG_MIN_PRIORITY=3 -I/home/runner/work/ma3063-openwrt/ma3063-openwrt/openwrt/build_dir/target-aarch64_cortex-a53_musl/hostapd-wpad-basic-wolfssl/hostapd-2023-09-08-e5ccbfc6/src -I/home/runner/work/ma3063-openwrt/ma3063-openwrt/openwrt/build_dir/target-aarch64_cortex-a53_musl/hostapd-wpad-basic-wolfssl/hostapd-2023-09-08-e5ccbfc6/src/utils -DCONFIG_ELOOP_EPOLL -DUBUS_SUPPORT -DUCODE_SUPPORT -DCONFIG_HT_OVERRIDES -DCONFIG_VHT_OVERRIDES -DCONFIG_BACKEND_FILE -DCONFIG_NO_CONFIG_WRITE -DCONFIG_OCV -DCONFIG_IEEE80211R -DCONFIG_SAE -DCONFIG_OWE -DCONFIG_WNM -DCONFIG_DRIVER_WIRED -DCONFIG_DRIVER_NL80211 -DCONFIG_MBO -DCONFIG_ACS -DCONFIG_TLS_WOLFSSL -DCONFIG_SHA256 -DCONFIG_HMAC_SHA256_KDF -DCONFIG_HMAC_SHA384_KDF -DCONFIG_HMAC_SHA512_KDF -DCONFIG_SHA384 -DCONFIG_SHA512 -DCONFIG_ECC -DCONFIG_NO_RANDOM_POOL -DCONFIG_CTRL_IFACE -DCONFIG_CTRL_IFACE_UNIX -DCONFIG_NO_LINUX_PACKET_SOCKET_WAR -DCONFIG_SME -DCONFIG_DEBUG_SYSLOG -DLOG_HOSTAPD=LOG_DAEMON events.c
aarch64-openwrt-linux-musl-gcc -c -o /home/runner/work/ma3063-openwrt/ma3063-openwrt/openwrt/build_dir/target-aarch64_cortex-a53_musl/hostapd-wpad-basic-wolfssl/hostapd-2023-09-08-e5ccbfc6/build/wpa_supplicant/bssid_ignore.o -I/home/runner/work/ma3063-openwrt/ma3063-openwrt/openwrt/staging_dir/target-aarch64_cortex-a53_musl/usr/include/libnl-tiny -I/home/runner/work/ma3063-openwrt/ma3063-openwrt/openwrt/build_dir/target-aarch64_cortex-a53_musl/hostapd-wpad-basic-wolfssl/hostapd-2023-09-08-e5ccbfc6/src/crypto -I/home/runner/work/ma3063-openwrt/ma3063-openwrt/openwrt/staging_dir/toolchain-aarch64_cortex-a53_gcc-12.3.0_musl/usr/include -I/home/runner/work/ma3063-openwrt/ma3063-openwrt/openwrt/staging_dir/toolchain-aarch64_cortex-a53_gcc-12.3.0_musl/include/fortify -I/home/runner/work/ma3063-openwrt/ma3063-openwrt/openwrt/staging_dir/toolchain-aarch64_cortex-a53_gcc-12.3.0_musl/include -DCONFIG_LIBNL20 -D_GNU_SOURCE -DCONFIG_MSG_MIN_PRIORITY=3 -Os -pipe -mcpu=cortex-a53 -fno-caller-saves -fno-plt -fhonour-copts -fmacro-prefix-map=/home/runner/work/ma3063-openwrt/ma3063-openwrt/openwrt/build_dir/target-aarch64_cortex-a53_musl/hostapd-wpad-basic-wolfssl/hostapd-2023-09-08-e5ccbfc6=hostapd-2023-09-08-e5ccbfc6 -ffunction-sections -fdata-sections -flto=auto -fno-fat-lto-objects -Wformat -Werror=format-security -DPIC -fPIC -fstack-protector -D_FORTIFY_SOURCE=1 -Wl,-z,now -Wl,-z,relro -I/home/runner/work/ma3063-openwrt/ma3063-openwrt/openwrt/build_dir/target-aarch64_cortex-a53_musl/hostapd-wpad-basic-wolfssl/hostapd-2023-09-08-e5ccbfc6/src -I/home/runner/work/ma3063-openwrt/ma3063-openwrt/openwrt/build_dir/target-aarch64_cortex-a53_musl/hostapd-wpad-basic-wolfssl/hostapd-2023-09-08-e5ccbfc6/src/utils -DHOSTAPD -DCONFIG_ELOOP_EPOLL -DUBUS_SUPPORT -DUCODE_SUPPORT -DCONFIG_NO_RADIUS -DCONFIG_NO_ACCOUNTING -DCONFIG_CTRL_IFACE_UNIX -DCONFIG_CTRL_IFACE -DCONFIG_RSN_PREAUTH -DCONFIG_OCV -DCONFIG_IEEE80211R -DCONFIG_IEEE80211R_AP -DCONFIG_ETH_P_OUI -DCONFIG_SAE -DCONFIG_OWE -DCONFIG_AIRTIME_POLICY -DCONFIG_IEEE80211AC -DCONFIG_IEEE80211AX -DCONFIG_MBO -DCONFIG_DRIVER_WIRED -DCONFIG_DRIVER_NL80211 -DCONFIG_DRIVER_WIRED -DCONFIG_DRIVER_NL80211 -DEAP_SERVER_IDENTITY -DCONFIG_TLS_WOLFSSL -DCONFIG_SHA256 -DCONFIG_HMAC_SHA256_KDF -DCONFIG_HMAC_SHA384_KDF -DCONFIG_HMAC_SHA512_KDF -DCONFIG_SHA384 -DCONFIG_SHA512 -DCONFIG_ECC -DCONFIG_NO_RANDOM_POOL -DNEED_AP_MLME -DCONFIG_ACS -DCONFIG_DEBUG_SYSLOG -I/home/runner/work/ma3063-openwrt/ma3063-openwrt/openwrt/staging_dir/target-aarch64_cortex-a53_musl/usr/include/libnl-tiny -I/home/runner/work/ma3063-openwrt/ma3063-openwrt/openwrt/build_dir/target-aarch64_cortex-a53_musl/hostapd-wpad-basic-wolfssl/hostapd-2023-09-08-e5ccbfc6/src/crypto -I/home/runner/work/ma3063-openwrt/ma3063-openwrt/openwrt/staging_dir/toolchain-aarch64_cortex-a53_gcc-12.3.0_musl/usr/include -I/home/runner/work/ma3063-openwrt/ma3063-openwrt/openwrt/staging_dir/toolchain-aarch64_cortex-a53_gcc-12.3.0_musl/include/fortify -I/home/runner/work/ma3063-openwrt/ma3063-openwrt/openwrt/staging_dir/toolchain-aarch64_cortex-a53_gcc-12.3.0_musl/include -DCONFIG_LIBNL20 -D_GNU_SOURCE -DCONFIG_MSG_MIN_PRIORITY=3 -I/home/runner/work/ma3063-openwrt/ma3063-openwrt/openwrt/build_dir/target-aarch64_cortex-a53_musl/hostapd-wpad-basic-wolfssl/hostapd-2023-09-08-e5ccbfc6/src -I/home/runner/work/ma3063-openwrt/ma3063-openwrt/openwrt/build_dir/target-aarch64_cortex-a53_musl/hostapd-wpad-basic-wolfssl/hostapd-2023-09-08-e5ccbfc6/src/utils -DCONFIG_ELOOP_EPOLL -DUBUS_SUPPORT -DUCODE_SUPPORT -DCONFIG_HT_OVERRIDES -DCONFIG_VHT_OVERRIDES -DCONFIG_BACKEND_FILE -DCONFIG_NO_CONFIG_WRITE -DCONFIG_OCV -DCONFIG_IEEE80211R -DCONFIG_SAE -DCONFIG_OWE -DCONFIG_WNM -DCONFIG_DRIVER_WIRED -DCONFIG_DRIVER_NL80211 -DCONFIG_MBO -DCONFIG_ACS -DCONFIG_TLS_WOLFSSL -DCONFIG_SHA256 -DCONFIG_HMAC_SHA256_KDF -DCONFIG_HMAC_SHA384_KDF -DCONFIG_HMAC_SHA512_KDF -DCONFIG_SHA384 -DCONFIG_SHA512 -DCONFIG_ECC -DCONFIG_NO_RANDOM_POOL -DCONFIG_CTRL_IFACE -DCONFIG_CTRL_IFACE_UNIX -DCONFIG_NO_LINUX_PACKET_SOCKET_WAR -DCONFIG_SME -DCONFIG_DEBUG_SYSLOG -DLOG_HOSTAPD=LOG_DAEMON bssid_ignore.c
aarch64-openwrt-linux-musl-gcc -c -o /home/runner/work/ma3063-openwrt/ma3063-openwrt/openwrt/build_dir/target-aarch64_cortex-a53_musl/hostapd-wpad-basic-wolfssl/hostapd-2023-09-08-e5ccbfc6/build/wpa_supplicant/wpas_glue.o -I/home/runner/work/ma3063-openwrt/ma3063-openwrt/openwrt/staging_dir/target-aarch64_cortex-a53_musl/usr/include/libnl-tiny -I/home/runner/work/ma3063-openwrt/ma3063-openwrt/openwrt/build_dir/target-aarch64_cortex-a53_musl/hostapd-wpad-basic-wolfssl/hostapd-2023-09-08-e5ccbfc6/src/crypto -I/home/runner/work/ma3063-openwrt/ma3063-openwrt/openwrt/staging_dir/toolchain-aarch64_cortex-a53_gcc-12.3.0_musl/usr/include -I/home/runner/work/ma3063-openwrt/ma3063-openwrt/openwrt/staging_dir/toolchain-aarch64_cortex-a53_gcc-12.3.0_musl/include/fortify -I/home/runner/work/ma3063-openwrt/ma3063-openwrt/openwrt/staging_dir/toolchain-aarch64_cortex-a53_gcc-12.3.0_musl/include -DCONFIG_LIBNL20 -D_GNU_SOURCE -DCONFIG_MSG_MIN_PRIORITY=3 -Os -pipe -mcpu=cortex-a53 -fno-caller-saves -fno-plt -fhonour-copts -fmacro-prefix-map=/home/runner/work/ma3063-openwrt/ma3063-openwrt/openwrt/build_dir/target-aarch64_cortex-a53_musl/hostapd-wpad-basic-wolfssl/hostapd-2023-09-08-e5ccbfc6=hostapd-2023-09-08-e5ccbfc6 -ffunction-sections -fdata-sections -flto=auto -fno-fat-lto-objects -Wformat -Werror=format-security -DPIC -fPIC -fstack-protector -D_FORTIFY_SOURCE=1 -Wl,-z,now -Wl,-z,relro -I/home/runner/work/ma3063-openwrt/ma3063-openwrt/openwrt/build_dir/target-aarch64_cortex-a53_musl/hostapd-wpad-basic-wolfssl/hostapd-2023-09-08-e5ccbfc6/src -I/home/runner/work/ma3063-openwrt/ma3063-openwrt/openwrt/build_dir/target-aarch64_cortex-a53_musl/hostapd-wpad-basic-wolfssl/hostapd-2023-09-08-e5ccbfc6/src/utils -DHOSTAPD -DCONFIG_ELOOP_EPOLL -DUBUS_SUPPORT -DUCODE_SUPPORT -DCONFIG_NO_RADIUS -DCONFIG_NO_ACCOUNTING -DCONFIG_CTRL_IFACE_UNIX -DCONFIG_CTRL_IFACE -DCONFIG_RSN_PREAUTH -DCONFIG_OCV -DCONFIG_IEEE80211R -DCONFIG_IEEE80211R_AP -DCONFIG_ETH_P_OUI -DCONFIG_SAE -DCONFIG_OWE -DCONFIG_AIRTIME_POLICY -DCONFIG_IEEE80211AC -DCONFIG_IEEE80211AX -DCONFIG_MBO -DCONFIG_DRIVER_WIRED -DCONFIG_DRIVER_NL80211 -DCONFIG_DRIVER_WIRED -DCONFIG_DRIVER_NL80211 -DEAP_SERVER_IDENTITY -DCONFIG_TLS_WOLFSSL -DCONFIG_SHA256 -DCONFIG_HMAC_SHA256_KDF -DCONFIG_HMAC_SHA384_KDF -DCONFIG_HMAC_SHA512_KDF -DCONFIG_SHA384 -DCONFIG_SHA512 -DCONFIG_ECC -DCONFIG_NO_RANDOM_POOL -DNEED_AP_MLME -DCONFIG_ACS -DCONFIG_DEBUG_SYSLOG -I/home/runner/work/ma3063-openwrt/ma3063-openwrt/openwrt/staging_dir/target-aarch64_cortex-a53_musl/usr/include/libnl-tiny -I/home/runner/work/ma3063-openwrt/ma3063-openwrt/openwrt/build_dir/target-aarch64_cortex-a53_musl/hostapd-wpad-basic-wolfssl/hostapd-2023-09-08-e5ccbfc6/src/crypto -I/home/runner/work/ma3063-openwrt/ma3063-openwrt/openwrt/staging_dir/toolchain-aarch64_cortex-a53_gcc-12.3.0_musl/usr/include -I/home/runner/work/ma3063-openwrt/ma3063-openwrt/openwrt/staging_dir/toolchain-aarch64_cortex-a53_gcc-12.3.0_musl/include/fortify -I/home/runner/work/ma3063-openwrt/ma3063-openwrt/openwrt/staging_dir/toolchain-aarch64_cortex-a53_gcc-12.3.0_musl/include -DCONFIG_LIBNL20 -D_GNU_SOURCE -DCONFIG_MSG_MIN_PRIORITY=3 -I/home/runner/work/ma3063-openwrt/ma3063-openwrt/openwrt/build_dir/target-aarch64_cortex-a53_musl/hostapd-wpad-basic-wolfssl/hostapd-2023-09-08-e5ccbfc6/src -I/home/runner/work/ma3063-openwrt/ma3063-openwrt/openwrt/build_dir/target-aarch64_cortex-a53_musl/hostapd-wpad-basic-wolfssl/hostapd-2023-09-08-e5ccbfc6/src/utils -DCONFIG_ELOOP_EPOLL -DUBUS_SUPPORT -DUCODE_SUPPORT -DCONFIG_HT_OVERRIDES -DCONFIG_VHT_OVERRIDES -DCONFIG_BACKEND_FILE -DCONFIG_NO_CONFIG_WRITE -DCONFIG_OCV -DCONFIG_IEEE80211R -DCONFIG_SAE -DCONFIG_OWE -DCONFIG_WNM -DCONFIG_DRIVER_WIRED -DCONFIG_DRIVER_NL80211 -DCONFIG_MBO -DCONFIG_ACS -DCONFIG_TLS_WOLFSSL -DCONFIG_SHA256 -DCONFIG_HMAC_SHA256_KDF -DCONFIG_HMAC_SHA384_KDF -DCONFIG_HMAC_SHA512_KDF -DCONFIG_SHA384 -DCONFIG_SHA512 -DCONFIG_ECC -DCONFIG_NO_RANDOM_POOL -DCONFIG_CTRL_IFACE -DCONFIG_CTRL_IFACE_UNIX -DCONFIG_NO_LINUX_PACKET_SOCKET_WAR -DCONFIG_SME -DCONFIG_DEBUG_SYSLOG -DLOG_HOSTAPD=LOG_DAEMON wpas_glue.c
aarch64-openwrt-linux-musl-gcc -c -o /home/runner/work/ma3063-openwrt/ma3063-openwrt/openwrt/build_dir/target-aarch64_cortex-a53_musl/hostapd-wpad-basic-wolfssl/hostapd-2023-09-08-e5ccbfc6/build/wpa_supplicant/scan.o -I/home/runner/work/ma3063-openwrt/ma3063-openwrt/openwrt/staging_dir/target-aarch64_cortex-a53_musl/usr/include/libnl-tiny -I/home/runner/work/ma3063-openwrt/ma3063-openwrt/openwrt/build_dir/target-aarch64_cortex-a53_musl/hostapd-wpad-basic-wolfssl/hostapd-2023-09-08-e5ccbfc6/src/crypto -I/home/runner/work/ma3063-openwrt/ma3063-openwrt/openwrt/staging_dir/toolchain-aarch64_cortex-a53_gcc-12.3.0_musl/usr/include -I/home/runner/work/ma3063-openwrt/ma3063-openwrt/openwrt/staging_dir/toolchain-aarch64_cortex-a53_gcc-12.3.0_musl/include/fortify -I/home/runner/work/ma3063-openwrt/ma3063-openwrt/openwrt/staging_dir/toolchain-aarch64_cortex-a53_gcc-12.3.0_musl/include -DCONFIG_LIBNL20 -D_GNU_SOURCE -DCONFIG_MSG_MIN_PRIORITY=3 -Os -pipe -mcpu=cortex-a53 -fno-caller-saves -fno-plt -fhonour-copts -fmacro-prefix-map=/home/runner/work/ma3063-openwrt/ma3063-openwrt/openwrt/build_dir/target-aarch64_cortex-a53_musl/hostapd-wpad-basic-wolfssl/hostapd-2023-09-08-e5ccbfc6=hostapd-2023-09-08-e5ccbfc6 -ffunction-sections -fdata-sections -flto=auto -fno-fat-lto-objects -Wformat -Werror=format-security -DPIC -fPIC -fstack-protector -D_FORTIFY_SOURCE=1 -Wl,-z,now -Wl,-z,relro -I/home/runner/work/ma3063-openwrt/ma3063-openwrt/openwrt/build_dir/target-aarch64_cortex-a53_musl/hostapd-wpad-basic-wolfssl/hostapd-2023-09-08-e5ccbfc6/src -I/home/runner/work/ma3063-openwrt/ma3063-openwrt/openwrt/build_dir/target-aarch64_cortex-a53_musl/hostapd-wpad-basic-wolfssl/hostapd-2023-09-08-e5ccbfc6/src/utils -DHOSTAPD -DCONFIG_ELOOP_EPOLL -DUBUS_SUPPORT -DUCODE_SUPPORT -DCONFIG_NO_RADIUS -DCONFIG_NO_ACCOUNTING -DCONFIG_CTRL_IFACE_UNIX -DCONFIG_CTRL_IFACE -DCONFIG_RSN_PREAUTH -DCONFIG_OCV -DCONFIG_IEEE80211R -DCONFIG_IEEE80211R_AP -DCONFIG_ETH_P_OUI -DCONFIG_SAE -DCONFIG_OWE -DCONFIG_AIRTIME_POLICY -DCONFIG_IEEE80211AC -DCONFIG_IEEE80211AX -DCONFIG_MBO -DCONFIG_DRIVER_WIRED -DCONFIG_DRIVER_NL80211 -DCONFIG_DRIVER_WIRED -DCONFIG_DRIVER_NL80211 -DEAP_SERVER_IDENTITY -DCONFIG_TLS_WOLFSSL -DCONFIG_SHA256 -DCONFIG_HMAC_SHA256_KDF -DCONFIG_HMAC_SHA384_KDF -DCONFIG_HMAC_SHA512_KDF -DCONFIG_SHA384 -DCONFIG_SHA512 -DCONFIG_ECC -DCONFIG_NO_RANDOM_POOL -DNEED_AP_MLME -DCONFIG_ACS -DCONFIG_DEBUG_SYSLOG -I/home/runner/work/ma3063-openwrt/ma3063-openwrt/openwrt/staging_dir/target-aarch64_cortex-a53_musl/usr/include/libnl-tiny -I/home/runner/work/ma3063-openwrt/ma3063-openwrt/openwrt/build_dir/target-aarch64_cortex-a53_musl/hostapd-wpad-basic-wolfssl/hostapd-2023-09-08-e5ccbfc6/src/crypto -I/home/runner/work/ma3063-openwrt/ma3063-openwrt/openwrt/staging_dir/toolchain-aarch64_cortex-a53_gcc-12.3.0_musl/usr/include -I/home/runner/work/ma3063-openwrt/ma3063-openwrt/openwrt/staging_dir/toolchain-aarch64_cortex-a53_gcc-12.3.0_musl/include/fortify -I/home/runner/work/ma3063-openwrt/ma3063-openwrt/openwrt/staging_dir/toolchain-aarch64_cortex-a53_gcc-12.3.0_musl/include -DCONFIG_LIBNL20 -D_GNU_SOURCE -DCONFIG_MSG_MIN_PRIORITY=3 -I/home/runner/work/ma3063-openwrt/ma3063-openwrt/openwrt/build_dir/target-aarch64_cortex-a53_musl/hostapd-wpad-basic-wolfssl/hostapd-2023-09-08-e5ccbfc6/src -I/home/runner/work/ma3063-openwrt/ma3063-openwrt/openwrt/build_dir/target-aarch64_cortex-a53_musl/hostapd-wpad-basic-wolfssl/hostapd-2023-09-08-e5ccbfc6/src/utils -DCONFIG_ELOOP_EPOLL -DUBUS_SUPPORT -DUCODE_SUPPORT -DCONFIG_HT_OVERRIDES -DCONFIG_VHT_OVERRIDES -DCONFIG_BACKEND_FILE -DCONFIG_NO_CONFIG_WRITE -DCONFIG_OCV -DCONFIG_IEEE80211R -DCONFIG_SAE -DCONFIG_OWE -DCONFIG_WNM -DCONFIG_DRIVER_WIRED -DCONFIG_DRIVER_NL80211 -DCONFIG_MBO -DCONFIG_ACS -DCONFIG_TLS_WOLFSSL -DCONFIG_SHA256 -DCONFIG_HMAC_SHA256_KDF -DCONFIG_HMAC_SHA384_KDF -DCONFIG_HMAC_SHA512_KDF -DCONFIG_SHA384 -DCONFIG_SHA512 -DCONFIG_ECC -DCONFIG_NO_RANDOM_POOL -DCONFIG_CTRL_IFACE -DCONFIG_CTRL_IFACE_UNIX -DCONFIG_NO_LINUX_PACKET_SOCKET_WAR -DCONFIG_SME -DCONFIG_DEBUG_SYSLOG -DLOG_HOSTAPD=LOG_DAEMON scan.c
aarch64-openwrt-linux-musl-gcc -c -o /home/runner/work/ma3063-openwrt/ma3063-openwrt/openwrt/build_dir/target-aarch64_cortex-a53_musl/hostapd-wpad-basic-wolfssl/hostapd-2023-09-08-e5ccbfc6/build/wpa_supplicant/main.o -I/home/runner/work/ma3063-openwrt/ma3063-openwrt/openwrt/staging_dir/target-aarch64_cortex-a53_musl/usr/include/libnl-tiny -I/home/runner/work/ma3063-openwrt/ma3063-openwrt/openwrt/build_dir/target-aarch64_cortex-a53_musl/hostapd-wpad-basic-wolfssl/hostapd-2023-09-08-e5ccbfc6/src/crypto -I/home/runner/work/ma3063-openwrt/ma3063-openwrt/openwrt/staging_dir/toolchain-aarch64_cortex-a53_gcc-12.3.0_musl/usr/include -I/home/runner/work/ma3063-openwrt/ma3063-openwrt/openwrt/staging_dir/toolchain-aarch64_cortex-a53_gcc-12.3.0_musl/include/fortify -I/home/runner/work/ma3063-openwrt/ma3063-openwrt/openwrt/staging_dir/toolchain-aarch64_cortex-a53_gcc-12.3.0_musl/include -DCONFIG_LIBNL20 -D_GNU_SOURCE -DCONFIG_MSG_MIN_PRIORITY=3 -Os -pipe -mcpu=cortex-a53 -fno-caller-saves -fno-plt -fhonour-copts -fmacro-prefix-map=/home/runner/work/ma3063-openwrt/ma3063-openwrt/openwrt/build_dir/target-aarch64_cortex-a53_musl/hostapd-wpad-basic-wolfssl/hostapd-2023-09-08-e5ccbfc6=hostapd-2023-09-08-e5ccbfc6 -ffunction-sections -fdata-sections -flto=auto -fno-fat-lto-objects -Wformat -Werror=format-security -DPIC -fPIC -fstack-protector -D_FORTIFY_SOURCE=1 -Wl,-z,now -Wl,-z,relro -I/home/runner/work/ma3063-openwrt/ma3063-openwrt/openwrt/build_dir/target-aarch64_cortex-a53_musl/hostapd-wpad-basic-wolfssl/hostapd-2023-09-08-e5ccbfc6/src -I/home/runner/work/ma3063-openwrt/ma3063-openwrt/openwrt/build_dir/target-aarch64_cortex-a53_musl/hostapd-wpad-basic-wolfssl/hostapd-2023-09-08-e5ccbfc6/src/utils -DHOSTAPD -DCONFIG_ELOOP_EPOLL -DUBUS_SUPPORT -DUCODE_SUPPORT -DCONFIG_NO_RADIUS -DCONFIG_NO_ACCOUNTING -DCONFIG_CTRL_IFACE_UNIX -DCONFIG_CTRL_IFACE -DCONFIG_RSN_PREAUTH -DCONFIG_OCV -DCONFIG_IEEE80211R -DCONFIG_IEEE80211R_AP -DCONFIG_ETH_P_OUI -DCONFIG_SAE -DCONFIG_OWE -DCONFIG_AIRTIME_POLICY -DCONFIG_IEEE80211AC -DCONFIG_IEEE80211AX -DCONFIG_MBO -DCONFIG_DRIVER_WIRED -DCONFIG_DRIVER_NL80211 -DCONFIG_DRIVER_WIRED -DCONFIG_DRIVER_NL80211 -DEAP_SERVER_IDENTITY -DCONFIG_TLS_WOLFSSL -DCONFIG_SHA256 -DCONFIG_HMAC_SHA256_KDF -DCONFIG_HMAC_SHA384_KDF -DCONFIG_HMAC_SHA512_KDF -DCONFIG_SHA384 -DCONFIG_SHA512 -DCONFIG_ECC -DCONFIG_NO_RANDOM_POOL -DNEED_AP_MLME -DCONFIG_ACS -DCONFIG_DEBUG_SYSLOG -I/home/runner/work/ma3063-openwrt/ma3063-openwrt/openwrt/staging_dir/target-aarch64_cortex-a53_musl/usr/include/libnl-tiny -I/home/runner/work/ma3063-openwrt/ma3063-openwrt/openwrt/build_dir/target-aarch64_cortex-a53_musl/hostapd-wpad-basic-wolfssl/hostapd-2023-09-08-e5ccbfc6/src/crypto -I/home/runner/work/ma3063-openwrt/ma3063-openwrt/openwrt/staging_dir/toolchain-aarch64_cortex-a53_gcc-12.3.0_musl/usr/include -I/home/runner/work/ma3063-openwrt/ma3063-openwrt/openwrt/staging_dir/toolchain-aarch64_cortex-a53_gcc-12.3.0_musl/include/fortify -I/home/runner/work/ma3063-openwrt/ma3063-openwrt/openwrt/staging_dir/toolchain-aarch64_cortex-a53_gcc-12.3.0_musl/include -DCONFIG_LIBNL20 -D_GNU_SOURCE -DCONFIG_MSG_MIN_PRIORITY=3 -I/home/runner/work/ma3063-openwrt/ma3063-openwrt/openwrt/build_dir/target-aarch64_cortex-a53_musl/hostapd-wpad-basic-wolfssl/hostapd-2023-09-08-e5ccbfc6/src -I/home/runner/work/ma3063-openwrt/ma3063-openwrt/openwrt/build_dir/target-aarch64_cortex-a53_musl/hostapd-wpad-basic-wolfssl/hostapd-2023-09-08-e5ccbfc6/src/utils -DCONFIG_ELOOP_EPOLL -DUBUS_SUPPORT -DUCODE_SUPPORT -DCONFIG_HT_OVERRIDES -DCONFIG_VHT_OVERRIDES -DCONFIG_BACKEND_FILE -DCONFIG_NO_CONFIG_WRITE -DCONFIG_OCV -DCONFIG_IEEE80211R -DCONFIG_SAE -DCONFIG_OWE -DCONFIG_WNM -DCONFIG_DRIVER_WIRED -DCONFIG_DRIVER_NL80211 -DCONFIG_MBO -DCONFIG_ACS -DCONFIG_TLS_WOLFSSL -DCONFIG_SHA256 -DCONFIG_HMAC_SHA256_KDF -DCONFIG_HMAC_SHA384_KDF -DCONFIG_HMAC_SHA512_KDF -DCONFIG_SHA384 -DCONFIG_SHA512 -DCONFIG_ECC -DCONFIG_NO_RANDOM_POOL -DCONFIG_CTRL_IFACE -DCONFIG_CTRL_IFACE_UNIX -DCONFIG_NO_LINUX_PACKET_SOCKET_WAR -DCONFIG_SME -DCONFIG_DEBUG_SYSLOG -DLOG_HOSTAPD=LOG_DAEMON main.c
aarch64-openwrt-linux-musl-gcc -c -o /home/runner/work/ma3063-openwrt/ma3063-openwrt/openwrt/build_dir/target-aarch64_cortex-a53_musl/hostapd-wpad-basic-wolfssl/hostapd-2023-09-08-e5ccbfc6/build/wpa_supplicant/src/drivers/driver_wired.o -I/home/runner/work/ma3063-openwrt/ma3063-openwrt/openwrt/staging_dir/target-aarch64_cortex-a53_musl/usr/include/libnl-tiny -I/home/runner/work/ma3063-openwrt/ma3063-openwrt/openwrt/build_dir/target-aarch64_cortex-a53_musl/hostapd-wpad-basic-wolfssl/hostapd-2023-09-08-e5ccbfc6/src/crypto -I/home/runner/work/ma3063-openwrt/ma3063-openwrt/openwrt/staging_dir/toolchain-aarch64_cortex-a53_gcc-12.3.0_musl/usr/include -I/home/runner/work/ma3063-openwrt/ma3063-openwrt/openwrt/staging_dir/toolchain-aarch64_cortex-a53_gcc-12.3.0_musl/include/fortify -I/home/runner/work/ma3063-openwrt/ma3063-openwrt/openwrt/staging_dir/toolchain-aarch64_cortex-a53_gcc-12.3.0_musl/include -DCONFIG_LIBNL20 -D_GNU_SOURCE -DCONFIG_MSG_MIN_PRIORITY=3 -Os -pipe -mcpu=cortex-a53 -fno-caller-saves -fno-plt -fhonour-copts -fmacro-prefix-map=/home/runner/work/ma3063-openwrt/ma3063-openwrt/openwrt/build_dir/target-aarch64_cortex-a53_musl/hostapd-wpad-basic-wolfssl/hostapd-2023-09-08-e5ccbfc6=hostapd-2023-09-08-e5ccbfc6 -ffunction-sections -fdata-sections -flto=auto -fno-fat-lto-objects -Wformat -Werror=format-security -DPIC -fPIC -fstack-protector -D_FORTIFY_SOURCE=1 -Wl,-z,now -Wl,-z,relro -I/home/runner/work/ma3063-openwrt/ma3063-openwrt/openwrt/build_dir/target-aarch64_cortex-a53_musl/hostapd-wpad-basic-wolfssl/hostapd-2023-09-08-e5ccbfc6/src -I/home/runner/work/ma3063-openwrt/ma3063-openwrt/openwrt/build_dir/target-aarch64_cortex-a53_musl/hostapd-wpad-basic-wolfssl/hostapd-2023-09-08-e5ccbfc6/src/utils -DHOSTAPD -DCONFIG_ELOOP_EPOLL -DUBUS_SUPPORT -DUCODE_SUPPORT -DCONFIG_NO_RADIUS -DCONFIG_NO_ACCOUNTING -DCONFIG_CTRL_IFACE_UNIX -DCONFIG_CTRL_IFACE -DCONFIG_RSN_PREAUTH -DCONFIG_OCV -DCONFIG_IEEE80211R -DCONFIG_IEEE80211R_AP -DCONFIG_ETH_P_OUI -DCONFIG_SAE -DCONFIG_OWE -DCONFIG_AIRTIME_POLICY -DCONFIG_IEEE80211AC -DCONFIG_IEEE80211AX -DCONFIG_MBO -DCONFIG_DRIVER_WIRED -DCONFIG_DRIVER_NL80211 -DCONFIG_DRIVER_WIRED -DCONFIG_DRIVER_NL80211 -DEAP_SERVER_IDENTITY -DCONFIG_TLS_WOLFSSL -DCONFIG_SHA256 -DCONFIG_HMAC_SHA256_KDF -DCONFIG_HMAC_SHA384_KDF -DCONFIG_HMAC_SHA512_KDF -DCONFIG_SHA384 -DCONFIG_SHA512 -DCONFIG_ECC -DCONFIG_NO_RANDOM_POOL -DNEED_AP_MLME -DCONFIG_ACS -DCONFIG_DEBUG_SYSLOG -I/home/runner/work/ma3063-openwrt/ma3063-openwrt/openwrt/staging_dir/target-aarch64_cortex-a53_musl/usr/include/libnl-tiny -I/home/runner/work/ma3063-openwrt/ma3063-openwrt/openwrt/build_dir/target-aarch64_cortex-a53_musl/hostapd-wpad-basic-wolfssl/hostapd-2023-09-08-e5ccbfc6/src/crypto -I/home/runner/work/ma3063-openwrt/ma3063-openwrt/openwrt/staging_dir/toolchain-aarch64_cortex-a53_gcc-12.3.0_musl/usr/include -I/home/runner/work/ma3063-openwrt/ma3063-openwrt/openwrt/staging_dir/toolchain-aarch64_cortex-a53_gcc-12.3.0_musl/include/fortify -I/home/runner/work/ma3063-openwrt/ma3063-openwrt/openwrt/staging_dir/toolchain-aarch64_cortex-a53_gcc-12.3.0_musl/include -DCONFIG_LIBNL20 -D_GNU_SOURCE -DCONFIG_MSG_MIN_PRIORITY=3 -I/home/runner/work/ma3063-openwrt/ma3063-openwrt/openwrt/build_dir/target-aarch64_cortex-a53_musl/hostapd-wpad-basic-wolfssl/hostapd-2023-09-08-e5ccbfc6/src -I/home/runner/work/ma3063-openwrt/ma3063-openwrt/openwrt/build_dir/target-aarch64_cortex-a53_musl/hostapd-wpad-basic-wolfssl/hostapd-2023-09-08-e5ccbfc6/src/utils -DCONFIG_ELOOP_EPOLL -DUBUS_SUPPORT -DUCODE_SUPPORT -DCONFIG_HT_OVERRIDES -DCONFIG_VHT_OVERRIDES -DCONFIG_BACKEND_FILE -DCONFIG_NO_CONFIG_WRITE -DCONFIG_OCV -DCONFIG_IEEE80211R -DCONFIG_SAE -DCONFIG_OWE -DCONFIG_WNM -DCONFIG_DRIVER_WIRED -DCONFIG_DRIVER_NL80211 -DCONFIG_MBO -DCONFIG_ACS -DCONFIG_TLS_WOLFSSL -DCONFIG_SHA256 -DCONFIG_HMAC_SHA256_KDF -DCONFIG_HMAC_SHA384_KDF -DCONFIG_HMAC_SHA512_KDF -DCONFIG_SHA384 -DCONFIG_SHA512 -DCONFIG_ECC -DCONFIG_NO_RANDOM_POOL -DCONFIG_CTRL_IFACE -DCONFIG_CTRL_IFACE_UNIX -DCONFIG_NO_LINUX_PACKET_SOCKET_WAR -DCONFIG_SME -DCONFIG_DEBUG_SYSLOG -DLOG_HOSTAPD=LOG_DAEMON ../src/drivers/driver_wired.c
aarch64-openwrt-linux-musl-gcc -c -o /home/runner/work/ma3063-openwrt/ma3063-openwrt/openwrt/build_dir/target-aarch64_cortex-a53_musl/hostapd-wpad-basic-wolfssl/hostapd-2023-09-08-e5ccbfc6/build/wpa_supplicant/src/drivers/driver_wired_common.o -I/home/runner/work/ma3063-openwrt/ma3063-openwrt/openwrt/staging_dir/target-aarch64_cortex-a53_musl/usr/include/libnl-tiny -I/home/runner/work/ma3063-openwrt/ma3063-openwrt/openwrt/build_dir/target-aarch64_cortex-a53_musl/hostapd-wpad-basic-wolfssl/hostapd-2023-09-08-e5ccbfc6/src/crypto -I/home/runner/work/ma3063-openwrt/ma3063-openwrt/openwrt/staging_dir/toolchain-aarch64_cortex-a53_gcc-12.3.0_musl/usr/include -I/home/runner/work/ma3063-openwrt/ma3063-openwrt/openwrt/staging_dir/toolchain-aarch64_cortex-a53_gcc-12.3.0_musl/include/fortify -I/home/runner/work/ma3063-openwrt/ma3063-openwrt/openwrt/staging_dir/toolchain-aarch64_cortex-a53_gcc-12.3.0_musl/include -DCONFIG_LIBNL20 -D_GNU_SOURCE -DCONFIG_MSG_MIN_PRIORITY=3 -Os -pipe -mcpu=cortex-a53 -fno-caller-saves -fno-plt -fhonour-copts -fmacro-prefix-map=/home/runner/work/ma3063-openwrt/ma3063-openwrt/openwrt/build_dir/target-aarch64_cortex-a53_musl/hostapd-wpad-basic-wolfssl/hostapd-2023-09-08-e5ccbfc6=hostapd-2023-09-08-e5ccbfc6 -ffunction-sections -fdata-sections -flto=auto -fno-fat-lto-objects -Wformat -Werror=format-security -DPIC -fPIC -fstack-protector -D_FORTIFY_SOURCE=1 -Wl,-z,now -Wl,-z,relro -I/home/runner/work/ma3063-openwrt/ma3063-openwrt/openwrt/build_dir/target-aarch64_cortex-a53_musl/hostapd-wpad-basic-wolfssl/hostapd-2023-09-08-e5ccbfc6/src -I/home/runner/work/ma3063-openwrt/ma3063-openwrt/openwrt/build_dir/target-aarch64_cortex-a53_musl/hostapd-wpad-basic-wolfssl/hostapd-2023-09-08-e5ccbfc6/src/utils -DHOSTAPD -DCONFIG_ELOOP_EPOLL -DUBUS_SUPPORT -DUCODE_SUPPORT -DCONFIG_NO_RADIUS -DCONFIG_NO_ACCOUNTING -DCONFIG_CTRL_IFACE_UNIX -DCONFIG_CTRL_IFACE -DCONFIG_RSN_PREAUTH -DCONFIG_OCV -DCONFIG_IEEE80211R -DCONFIG_IEEE80211R_AP -DCONFIG_ETH_P_OUI -DCONFIG_SAE -DCONFIG_OWE -DCONFIG_AIRTIME_POLICY -DCONFIG_IEEE80211AC -DCONFIG_IEEE80211AX -DCONFIG_MBO -DCONFIG_DRIVER_WIRED -DCONFIG_DRIVER_NL80211 -DCONFIG_DRIVER_WIRED -DCONFIG_DRIVER_NL80211 -DEAP_SERVER_IDENTITY -DCONFIG_TLS_WOLFSSL -DCONFIG_SHA256 -DCONFIG_HMAC_SHA256_KDF -DCONFIG_HMAC_SHA384_KDF -DCONFIG_HMAC_SHA512_KDF -DCONFIG_SHA384 -DCONFIG_SHA512 -DCONFIG_ECC -DCONFIG_NO_RANDOM_POOL -DNEED_AP_MLME -DCONFIG_ACS -DCONFIG_DEBUG_SYSLOG -I/home/runner/work/ma3063-openwrt/ma3063-openwrt/openwrt/staging_dir/target-aarch64_cortex-a53_musl/usr/include/libnl-tiny -I/home/runner/work/ma3063-openwrt/ma3063-openwrt/openwrt/build_dir/target-aarch64_cortex-a53_musl/hostapd-wpad-basic-wolfssl/hostapd-2023-09-08-e5ccbfc6/src/crypto -I/home/runner/work/ma3063-openwrt/ma3063-openwrt/openwrt/staging_dir/toolchain-aarch64_cortex-a53_gcc-12.3.0_musl/usr/include -I/home/runner/work/ma3063-openwrt/ma3063-openwrt/openwrt/staging_dir/toolchain-aarch64_cortex-a53_gcc-12.3.0_musl/include/fortify -I/home/runner/work/ma3063-openwrt/ma3063-openwrt/openwrt/staging_dir/toolchain-aarch64_cortex-a53_gcc-12.3.0_musl/include -DCONFIG_LIBNL20 -D_GNU_SOURCE -DCONFIG_MSG_MIN_PRIORITY=3 -I/home/runner/work/ma3063-openwrt/ma3063-openwrt/openwrt/build_dir/target-aarch64_cortex-a53_musl/hostapd-wpad-basic-wolfssl/hostapd-2023-09-08-e5ccbfc6/src -I/home/runner/work/ma3063-openwrt/ma3063-openwrt/openwrt/build_dir/target-aarch64_cortex-a53_musl/hostapd-wpad-basic-wolfssl/hostapd-2023-09-08-e5ccbfc6/src/utils -DCONFIG_ELOOP_EPOLL -DUBUS_SUPPORT -DUCODE_SUPPORT -DCONFIG_HT_OVERRIDES -DCONFIG_VHT_OVERRIDES -DCONFIG_BACKEND_FILE -DCONFIG_NO_CONFIG_WRITE -DCONFIG_OCV -DCONFIG_IEEE80211R -DCONFIG_SAE -DCONFIG_OWE -DCONFIG_WNM -DCONFIG_DRIVER_WIRED -DCONFIG_DRIVER_NL80211 -DCONFIG_MBO -DCONFIG_ACS -DCONFIG_TLS_WOLFSSL -DCONFIG_SHA256 -DCONFIG_HMAC_SHA256_KDF -DCONFIG_HMAC_SHA384_KDF -DCONFIG_HMAC_SHA512_KDF -DCONFIG_SHA384 -DCONFIG_SHA512 -DCONFIG_ECC -DCONFIG_NO_RANDOM_POOL -DCONFIG_CTRL_IFACE -DCONFIG_CTRL_IFACE_UNIX -DCONFIG_NO_LINUX_PACKET_SOCKET_WAR -DCONFIG_SME -DCONFIG_DEBUG_SYSLOG -DLOG_HOSTAPD=LOG_DAEMON ../src/drivers/driver_wired_common.c
aarch64-openwrt-linux-musl-gcc -c -o /home/runner/work/ma3063-openwrt/ma3063-openwrt/openwrt/build_dir/target-aarch64_cortex-a53_musl/hostapd-wpad-basic-wolfssl/hostapd-2023-09-08-e5ccbfc6/build/wpa_supplicant/src/drivers/driver_nl80211.o -I/home/runner/work/ma3063-openwrt/ma3063-openwrt/openwrt/staging_dir/target-aarch64_cortex-a53_musl/usr/include/libnl-tiny -I/home/runner/work/ma3063-openwrt/ma3063-openwrt/openwrt/build_dir/target-aarch64_cortex-a53_musl/hostapd-wpad-basic-wolfssl/hostapd-2023-09-08-e5ccbfc6/src/crypto -I/home/runner/work/ma3063-openwrt/ma3063-openwrt/openwrt/staging_dir/toolchain-aarch64_cortex-a53_gcc-12.3.0_musl/usr/include -I/home/runner/work/ma3063-openwrt/ma3063-openwrt/openwrt/staging_dir/toolchain-aarch64_cortex-a53_gcc-12.3.0_musl/include/fortify -I/home/runner/work/ma3063-openwrt/ma3063-openwrt/openwrt/staging_dir/toolchain-aarch64_cortex-a53_gcc-12.3.0_musl/include -DCONFIG_LIBNL20 -D_GNU_SOURCE -DCONFIG_MSG_MIN_PRIORITY=3 -Os -pipe -mcpu=cortex-a53 -fno-caller-saves -fno-plt -fhonour-copts -fmacro-prefix-map=/home/runner/work/ma3063-openwrt/ma3063-openwrt/openwrt/build_dir/target-aarch64_cortex-a53_musl/hostapd-wpad-basic-wolfssl/hostapd-2023-09-08-e5ccbfc6=hostapd-2023-09-08-e5ccbfc6 -ffunction-sections -fdata-sections -flto=auto -fno-fat-lto-objects -Wformat -Werror=format-security -DPIC -fPIC -fstack-protector -D_FORTIFY_SOURCE=1 -Wl,-z,now -Wl,-z,relro -I/home/runner/work/ma3063-openwrt/ma3063-openwrt/openwrt/build_dir/target-aarch64_cortex-a53_musl/hostapd-wpad-basic-wolfssl/hostapd-2023-09-08-e5ccbfc6/src -I/home/runner/work/ma3063-openwrt/ma3063-openwrt/openwrt/build_dir/target-aarch64_cortex-a53_musl/hostapd-wpad-basic-wolfssl/hostapd-2023-09-08-e5ccbfc6/src/utils -DHOSTAPD -DCONFIG_ELOOP_EPOLL -DUBUS_SUPPORT -DUCODE_SUPPORT -DCONFIG_NO_RADIUS -DCONFIG_NO_ACCOUNTING -DCONFIG_CTRL_IFACE_UNIX -DCONFIG_CTRL_IFACE -DCONFIG_RSN_PREAUTH -DCONFIG_OCV -DCONFIG_IEEE80211R -DCONFIG_IEEE80211R_AP -DCONFIG_ETH_P_OUI -DCONFIG_SAE -DCONFIG_OWE -DCONFIG_AIRTIME_POLICY -DCONFIG_IEEE80211AC -DCONFIG_IEEE80211AX -DCONFIG_MBO -DCONFIG_DRIVER_WIRED -DCONFIG_DRIVER_NL80211 -DCONFIG_DRIVER_WIRED -DCONFIG_DRIVER_NL80211 -DEAP_SERVER_IDENTITY -DCONFIG_TLS_WOLFSSL -DCONFIG_SHA256 -DCONFIG_HMAC_SHA256_KDF -DCONFIG_HMAC_SHA384_KDF -DCONFIG_HMAC_SHA512_KDF -DCONFIG_SHA384 -DCONFIG_SHA512 -DCONFIG_ECC -DCONFIG_NO_RANDOM_POOL -DNEED_AP_MLME -DCONFIG_ACS -DCONFIG_DEBUG_SYSLOG -I/home/runner/work/ma3063-openwrt/ma3063-openwrt/openwrt/staging_dir/target-aarch64_cortex-a53_musl/usr/include/libnl-tiny -I/home/runner/work/ma3063-openwrt/ma3063-openwrt/openwrt/build_dir/target-aarch64_cortex-a53_musl/hostapd-wpad-basic-wolfssl/hostapd-2023-09-08-e5ccbfc6/src/crypto -I/home/runner/work/ma3063-openwrt/ma3063-openwrt/openwrt/staging_dir/toolchain-aarch64_cortex-a53_gcc-12.3.0_musl/usr/include -I/home/runner/work/ma3063-openwrt/ma3063-openwrt/openwrt/staging_dir/toolchain-aarch64_cortex-a53_gcc-12.3.0_musl/include/fortify -I/home/runner/work/ma3063-openwrt/ma3063-openwrt/openwrt/staging_dir/toolchain-aarch64_cortex-a53_gcc-12.3.0_musl/include -DCONFIG_LIBNL20 -D_GNU_SOURCE -DCONFIG_MSG_MIN_PRIORITY=3 -I/home/runner/work/ma3063-openwrt/ma3063-openwrt/openwrt/build_dir/target-aarch64_cortex-a53_musl/hostapd-wpad-basic-wolfssl/hostapd-2023-09-08-e5ccbfc6/src -I/home/runner/work/ma3063-openwrt/ma3063-openwrt/openwrt/build_dir/target-aarch64_cortex-a53_musl/hostapd-wpad-basic-wolfssl/hostapd-2023-09-08-e5ccbfc6/src/utils -DCONFIG_ELOOP_EPOLL -DUBUS_SUPPORT -DUCODE_SUPPORT -DCONFIG_HT_OVERRIDES -DCONFIG_VHT_OVERRIDES -DCONFIG_BACKEND_FILE -DCONFIG_NO_CONFIG_WRITE -DCONFIG_OCV -DCONFIG_IEEE80211R -DCONFIG_SAE -DCONFIG_OWE -DCONFIG_WNM -DCONFIG_DRIVER_WIRED -DCONFIG_DRIVER_NL80211 -DCONFIG_MBO -DCONFIG_ACS -DCONFIG_TLS_WOLFSSL -DCONFIG_SHA256 -DCONFIG_HMAC_SHA256_KDF -DCONFIG_HMAC_SHA384_KDF -DCONFIG_HMAC_SHA512_KDF -DCONFIG_SHA384 -DCONFIG_SHA512 -DCONFIG_ECC -DCONFIG_NO_RANDOM_POOL -DCONFIG_CTRL_IFACE -DCONFIG_CTRL_IFACE_UNIX -DCONFIG_NO_LINUX_PACKET_SOCKET_WAR -DCONFIG_SME -DCONFIG_DEBUG_SYSLOG -DLOG_HOSTAPD=LOG_DAEMON ../src/drivers/driver_nl80211.c
aarch64-openwrt-linux-musl-gcc -c -o /home/runner/work/ma3063-openwrt/ma3063-openwrt/openwrt/build_dir/target-aarch64_cortex-a53_musl/hostapd-wpad-basic-wolfssl/hostapd-2023-09-08-e5ccbfc6/build/wpa_supplicant/src/drivers/driver_nl80211_capa.o -I/home/runner/work/ma3063-openwrt/ma3063-openwrt/openwrt/staging_dir/target-aarch64_cortex-a53_musl/usr/include/libnl-tiny -I/home/runner/work/ma3063-openwrt/ma3063-openwrt/openwrt/build_dir/target-aarch64_cortex-a53_musl/hostapd-wpad-basic-wolfssl/hostapd-2023-09-08-e5ccbfc6/src/crypto -I/home/runner/work/ma3063-openwrt/ma3063-openwrt/openwrt/staging_dir/toolchain-aarch64_cortex-a53_gcc-12.3.0_musl/usr/include -I/home/runner/work/ma3063-openwrt/ma3063-openwrt/openwrt/staging_dir/toolchain-aarch64_cortex-a53_gcc-12.3.0_musl/include/fortify -I/home/runner/work/ma3063-openwrt/ma3063-openwrt/openwrt/staging_dir/toolchain-aarch64_cortex-a53_gcc-12.3.0_musl/include -DCONFIG_LIBNL20 -D_GNU_SOURCE -DCONFIG_MSG_MIN_PRIORITY=3 -Os -pipe -mcpu=cortex-a53 -fno-caller-saves -fno-plt -fhonour-copts -fmacro-prefix-map=/home/runner/work/ma3063-openwrt/ma3063-openwrt/openwrt/build_dir/target-aarch64_cortex-a53_musl/hostapd-wpad-basic-wolfssl/hostapd-2023-09-08-e5ccbfc6=hostapd-2023-09-08-e5ccbfc6 -ffunction-sections -fdata-sections -flto=auto -fno-fat-lto-objects -Wformat -Werror=format-security -DPIC -fPIC -fstack-protector -D_FORTIFY_SOURCE=1 -Wl,-z,now -Wl,-z,relro -I/home/runner/work/ma3063-openwrt/ma3063-openwrt/openwrt/build_dir/target-aarch64_cortex-a53_musl/hostapd-wpad-basic-wolfssl/hostapd-2023-09-08-e5ccbfc6/src -I/home/runner/work/ma3063-openwrt/ma3063-openwrt/openwrt/build_dir/target-aarch64_cortex-a53_musl/hostapd-wpad-basic-wolfssl/hostapd-2023-09-08-e5ccbfc6/src/utils -DHOSTAPD -DCONFIG_ELOOP_EPOLL -DUBUS_SUPPORT -DUCODE_SUPPORT -DCONFIG_NO_RADIUS -DCONFIG_NO_ACCOUNTING -DCONFIG_CTRL_IFACE_UNIX -DCONFIG_CTRL_IFACE -DCONFIG_RSN_PREAUTH -DCONFIG_OCV -DCONFIG_IEEE80211R -DCONFIG_IEEE80211R_AP -DCONFIG_ETH_P_OUI -DCONFIG_SAE -DCONFIG_OWE -DCONFIG_AIRTIME_POLICY -DCONFIG_IEEE80211AC -DCONFIG_IEEE80211AX -DCONFIG_MBO -DCONFIG_DRIVER_WIRED -DCONFIG_DRIVER_NL80211 -DCONFIG_DRIVER_WIRED -DCONFIG_DRIVER_NL80211 -DEAP_SERVER_IDENTITY -DCONFIG_TLS_WOLFSSL -DCONFIG_SHA256 -DCONFIG_HMAC_SHA256_KDF -DCONFIG_HMAC_SHA384_KDF -DCONFIG_HMAC_SHA512_KDF -DCONFIG_SHA384 -DCONFIG_SHA512 -DCONFIG_ECC -DCONFIG_NO_RANDOM_POOL -DNEED_AP_MLME -DCONFIG_ACS -DCONFIG_DEBUG_SYSLOG -I/home/runner/work/ma3063-openwrt/ma3063-openwrt/openwrt/staging_dir/target-aarch64_cortex-a53_musl/usr/include/libnl-tiny -I/home/runner/work/ma3063-openwrt/ma3063-openwrt/openwrt/build_dir/target-aarch64_cortex-a53_musl/hostapd-wpad-basic-wolfssl/hostapd-2023-09-08-e5ccbfc6/src/crypto -I/home/runner/work/ma3063-openwrt/ma3063-openwrt/openwrt/staging_dir/toolchain-aarch64_cortex-a53_gcc-12.3.0_musl/usr/include -I/home/runner/work/ma3063-openwrt/ma3063-openwrt/openwrt/staging_dir/toolchain-aarch64_cortex-a53_gcc-12.3.0_musl/include/fortify -I/home/runner/work/ma3063-openwrt/ma3063-openwrt/openwrt/staging_dir/toolchain-aarch64_cortex-a53_gcc-12.3.0_musl/include -DCONFIG_LIBNL20 -D_GNU_SOURCE -DCONFIG_MSG_MIN_PRIORITY=3 -I/home/runner/work/ma3063-openwrt/ma3063-openwrt/openwrt/build_dir/target-aarch64_cortex-a53_musl/hostapd-wpad-basic-wolfssl/hostapd-2023-09-08-e5ccbfc6/src -I/home/runner/work/ma3063-openwrt/ma3063-openwrt/openwrt/build_dir/target-aarch64_cortex-a53_musl/hostapd-wpad-basic-wolfssl/hostapd-2023-09-08-e5ccbfc6/src/utils -DCONFIG_ELOOP_EPOLL -DUBUS_SUPPORT -DUCODE_SUPPORT -DCONFIG_HT_OVERRIDES -DCONFIG_VHT_OVERRIDES -DCONFIG_BACKEND_FILE -DCONFIG_NO_CONFIG_WRITE -DCONFIG_OCV -DCONFIG_IEEE80211R -DCONFIG_SAE -DCONFIG_OWE -DCONFIG_WNM -DCONFIG_DRIVER_WIRED -DCONFIG_DRIVER_NL80211 -DCONFIG_MBO -DCONFIG_ACS -DCONFIG_TLS_WOLFSSL -DCONFIG_SHA256 -DCONFIG_HMAC_SHA256_KDF -DCONFIG_HMAC_SHA384_KDF -DCONFIG_HMAC_SHA512_KDF -DCONFIG_SHA384 -DCONFIG_SHA512 -DCONFIG_ECC -DCONFIG_NO_RANDOM_POOL -DCONFIG_CTRL_IFACE -DCONFIG_CTRL_IFACE_UNIX -DCONFIG_NO_LINUX_PACKET_SOCKET_WAR -DCONFIG_SME -DCONFIG_DEBUG_SYSLOG -DLOG_HOSTAPD=LOG_DAEMON ../src/drivers/driver_nl80211_capa.c
aarch64-openwrt-linux-musl-gcc -c -o /home/runner/work/ma3063-openwrt/ma3063-openwrt/openwrt/build_dir/target-aarch64_cortex-a53_musl/hostapd-wpad-basic-wolfssl/hostapd-2023-09-08-e5ccbfc6/build/wpa_supplicant/src/drivers/driver_nl80211_event.o -I/home/runner/work/ma3063-openwrt/ma3063-openwrt/openwrt/staging_dir/target-aarch64_cortex-a53_musl/usr/include/libnl-tiny -I/home/runner/work/ma3063-openwrt/ma3063-openwrt/openwrt/build_dir/target-aarch64_cortex-a53_musl/hostapd-wpad-basic-wolfssl/hostapd-2023-09-08-e5ccbfc6/src/crypto -I/home/runner/work/ma3063-openwrt/ma3063-openwrt/openwrt/staging_dir/toolchain-aarch64_cortex-a53_gcc-12.3.0_musl/usr/include -I/home/runner/work/ma3063-openwrt/ma3063-openwrt/openwrt/staging_dir/toolchain-aarch64_cortex-a53_gcc-12.3.0_musl/include/fortify -I/home/runner/work/ma3063-openwrt/ma3063-openwrt/openwrt/staging_dir/toolchain-aarch64_cortex-a53_gcc-12.3.0_musl/include -DCONFIG_LIBNL20 -D_GNU_SOURCE -DCONFIG_MSG_MIN_PRIORITY=3 -Os -pipe -mcpu=cortex-a53 -fno-caller-saves -fno-plt -fhonour-copts -fmacro-prefix-map=/home/runner/work/ma3063-openwrt/ma3063-openwrt/openwrt/build_dir/target-aarch64_cortex-a53_musl/hostapd-wpad-basic-wolfssl/hostapd-2023-09-08-e5ccbfc6=hostapd-2023-09-08-e5ccbfc6 -ffunction-sections -fdata-sections -flto=auto -fno-fat-lto-objects -Wformat -Werror=format-security -DPIC -fPIC -fstack-protector -D_FORTIFY_SOURCE=1 -Wl,-z,now -Wl,-z,relro -I/home/runner/work/ma3063-openwrt/ma3063-openwrt/openwrt/build_dir/target-aarch64_cortex-a53_musl/hostapd-wpad-basic-wolfssl/hostapd-2023-09-08-e5ccbfc6/src -I/home/runner/work/ma3063-openwrt/ma3063-openwrt/openwrt/build_dir/target-aarch64_cortex-a53_musl/hostapd-wpad-basic-wolfssl/hostapd-2023-09-08-e5ccbfc6/src/utils -DHOSTAPD -DCONFIG_ELOOP_EPOLL -DUBUS_SUPPORT -DUCODE_SUPPORT -DCONFIG_NO_RADIUS -DCONFIG_NO_ACCOUNTING -DCONFIG_CTRL_IFACE_UNIX -DCONFIG_CTRL_IFACE -DCONFIG_RSN_PREAUTH -DCONFIG_OCV -DCONFIG_IEEE80211R -DCONFIG_IEEE80211R_AP -DCONFIG_ETH_P_OUI -DCONFIG_SAE -DCONFIG_OWE -DCONFIG_AIRTIME_POLICY -DCONFIG_IEEE80211AC -DCONFIG_IEEE80211AX -DCONFIG_MBO -DCONFIG_DRIVER_WIRED -DCONFIG_DRIVER_NL80211 -DCONFIG_DRIVER_WIRED -DCONFIG_DRIVER_NL80211 -DEAP_SERVER_IDENTITY -DCONFIG_TLS_WOLFSSL -DCONFIG_SHA256 -DCONFIG_HMAC_SHA256_KDF -DCONFIG_HMAC_SHA384_KDF -DCONFIG_HMAC_SHA512_KDF -DCONFIG_SHA384 -DCONFIG_SHA512 -DCONFIG_ECC -DCONFIG_NO_RANDOM_POOL -DNEED_AP_MLME -DCONFIG_ACS -DCONFIG_DEBUG_SYSLOG -I/home/runner/work/ma3063-openwrt/ma3063-openwrt/openwrt/staging_dir/target-aarch64_cortex-a53_musl/usr/include/libnl-tiny -I/home/runner/work/ma3063-openwrt/ma3063-openwrt/openwrt/build_dir/target-aarch64_cortex-a53_musl/hostapd-wpad-basic-wolfssl/hostapd-2023-09-08-e5ccbfc6/src/crypto -I/home/runner/work/ma3063-openwrt/ma3063-openwrt/openwrt/staging_dir/toolchain-aarch64_cortex-a53_gcc-12.3.0_musl/usr/include -I/home/runner/work/ma3063-openwrt/ma3063-openwrt/openwrt/staging_dir/toolchain-aarch64_cortex-a53_gcc-12.3.0_musl/include/fortify -I/home/runner/work/ma3063-openwrt/ma3063-openwrt/openwrt/staging_dir/toolchain-aarch64_cortex-a53_gcc-12.3.0_musl/include -DCONFIG_LIBNL20 -D_GNU_SOURCE -DCONFIG_MSG_MIN_PRIORITY=3 -I/home/runner/work/ma3063-openwrt/ma3063-openwrt/openwrt/build_dir/target-aarch64_cortex-a53_musl/hostapd-wpad-basic-wolfssl/hostapd-2023-09-08-e5ccbfc6/src -I/home/runner/work/ma3063-openwrt/ma3063-openwrt/openwrt/build_dir/target-aarch64_cortex-a53_musl/hostapd-wpad-basic-wolfssl/hostapd-2023-09-08-e5ccbfc6/src/utils -DCONFIG_ELOOP_EPOLL -DUBUS_SUPPORT -DUCODE_SUPPORT -DCONFIG_HT_OVERRIDES -DCONFIG_VHT_OVERRIDES -DCONFIG_BACKEND_FILE -DCONFIG_NO_CONFIG_WRITE -DCONFIG_OCV -DCONFIG_IEEE80211R -DCONFIG_SAE -DCONFIG_OWE -DCONFIG_WNM -DCONFIG_DRIVER_WIRED -DCONFIG_DRIVER_NL80211 -DCONFIG_MBO -DCONFIG_ACS -DCONFIG_TLS_WOLFSSL -DCONFIG_SHA256 -DCONFIG_HMAC_SHA256_KDF -DCONFIG_HMAC_SHA384_KDF -DCONFIG_HMAC_SHA512_KDF -DCONFIG_SHA384 -DCONFIG_SHA512 -DCONFIG_ECC -DCONFIG_NO_RANDOM_POOL -DCONFIG_CTRL_IFACE -DCONFIG_CTRL_IFACE_UNIX -DCONFIG_NO_LINUX_PACKET_SOCKET_WAR -DCONFIG_SME -DCONFIG_DEBUG_SYSLOG -DLOG_HOSTAPD=LOG_DAEMON ../src/drivers/driver_nl80211_event.c
aarch64-openwrt-linux-musl-gcc -c -o /home/runner/work/ma3063-openwrt/ma3063-openwrt/openwrt/build_dir/target-aarch64_cortex-a53_musl/hostapd-wpad-basic-wolfssl/hostapd-2023-09-08-e5ccbfc6/build/wpa_supplicant/src/drivers/driver_nl80211_monitor.o -I/home/runner/work/ma3063-openwrt/ma3063-openwrt/openwrt/staging_dir/target-aarch64_cortex-a53_musl/usr/include/libnl-tiny -I/home/runner/work/ma3063-openwrt/ma3063-openwrt/openwrt/build_dir/target-aarch64_cortex-a53_musl/hostapd-wpad-basic-wolfssl/hostapd-2023-09-08-e5ccbfc6/src/crypto -I/home/runner/work/ma3063-openwrt/ma3063-openwrt/openwrt/staging_dir/toolchain-aarch64_cortex-a53_gcc-12.3.0_musl/usr/include -I/home/runner/work/ma3063-openwrt/ma3063-openwrt/openwrt/staging_dir/toolchain-aarch64_cortex-a53_gcc-12.3.0_musl/include/fortify -I/home/runner/work/ma3063-openwrt/ma3063-openwrt/openwrt/staging_dir/toolchain-aarch64_cortex-a53_gcc-12.3.0_musl/include -DCONFIG_LIBNL20 -D_GNU_SOURCE -DCONFIG_MSG_MIN_PRIORITY=3 -Os -pipe -mcpu=cortex-a53 -fno-caller-saves -fno-plt -fhonour-copts -fmacro-prefix-map=/home/runner/work/ma3063-openwrt/ma3063-openwrt/openwrt/build_dir/target-aarch64_cortex-a53_musl/hostapd-wpad-basic-wolfssl/hostapd-2023-09-08-e5ccbfc6=hostapd-2023-09-08-e5ccbfc6 -ffunction-sections -fdata-sections -flto=auto -fno-fat-lto-objects -Wformat -Werror=format-security -DPIC -fPIC -fstack-protector -D_FORTIFY_SOURCE=1 -Wl,-z,now -Wl,-z,relro -I/home/runner/work/ma3063-openwrt/ma3063-openwrt/openwrt/build_dir/target-aarch64_cortex-a53_musl/hostapd-wpad-basic-wolfssl/hostapd-2023-09-08-e5ccbfc6/src -I/home/runner/work/ma3063-openwrt/ma3063-openwrt/openwrt/build_dir/target-aarch64_cortex-a53_musl/hostapd-wpad-basic-wolfssl/hostapd-2023-09-08-e5ccbfc6/src/utils -DHOSTAPD -DCONFIG_ELOOP_EPOLL -DUBUS_SUPPORT -DUCODE_SUPPORT -DCONFIG_NO_RADIUS -DCONFIG_NO_ACCOUNTING -DCONFIG_CTRL_IFACE_UNIX -DCONFIG_CTRL_IFACE -DCONFIG_RSN_PREAUTH -DCONFIG_OCV -DCONFIG_IEEE80211R -DCONFIG_IEEE80211R_AP -DCONFIG_ETH_P_OUI -DCONFIG_SAE -DCONFIG_OWE -DCONFIG_AIRTIME_POLICY -DCONFIG_IEEE80211AC -DCONFIG_IEEE80211AX -DCONFIG_MBO -DCONFIG_DRIVER_WIRED -DCONFIG_DRIVER_NL80211 -DCONFIG_DRIVER_WIRED -DCONFIG_DRIVER_NL80211 -DEAP_SERVER_IDENTITY -DCONFIG_TLS_WOLFSSL -DCONFIG_SHA256 -DCONFIG_HMAC_SHA256_KDF -DCONFIG_HMAC_SHA384_KDF -DCONFIG_HMAC_SHA512_KDF -DCONFIG_SHA384 -DCONFIG_SHA512 -DCONFIG_ECC -DCONFIG_NO_RANDOM_POOL -DNEED_AP_MLME -DCONFIG_ACS -DCONFIG_DEBUG_SYSLOG -I/home/runner/work/ma3063-openwrt/ma3063-openwrt/openwrt/staging_dir/target-aarch64_cortex-a53_musl/usr/include/libnl-tiny -I/home/runner/work/ma3063-openwrt/ma3063-openwrt/openwrt/build_dir/target-aarch64_cortex-a53_musl/hostapd-wpad-basic-wolfssl/hostapd-2023-09-08-e5ccbfc6/src/crypto -I/home/runner/work/ma3063-openwrt/ma3063-openwrt/openwrt/staging_dir/toolchain-aarch64_cortex-a53_gcc-12.3.0_musl/usr/include -I/home/runner/work/ma3063-openwrt/ma3063-openwrt/openwrt/staging_dir/toolchain-aarch64_cortex-a53_gcc-12.3.0_musl/include/fortify -I/home/runner/work/ma3063-openwrt/ma3063-openwrt/openwrt/staging_dir/toolchain-aarch64_cortex-a53_gcc-12.3.0_musl/include -DCONFIG_LIBNL20 -D_GNU_SOURCE -DCONFIG_MSG_MIN_PRIORITY=3 -I/home/runner/work/ma3063-openwrt/ma3063-openwrt/openwrt/build_dir/target-aarch64_cortex-a53_musl/hostapd-wpad-basic-wolfssl/hostapd-2023-09-08-e5ccbfc6/src -I/home/runner/work/ma3063-openwrt/ma3063-openwrt/openwrt/build_dir/target-aarch64_cortex-a53_musl/hostapd-wpad-basic-wolfssl/hostapd-2023-09-08-e5ccbfc6/src/utils -DCONFIG_ELOOP_EPOLL -DUBUS_SUPPORT -DUCODE_SUPPORT -DCONFIG_HT_OVERRIDES -DCONFIG_VHT_OVERRIDES -DCONFIG_BACKEND_FILE -DCONFIG_NO_CONFIG_WRITE -DCONFIG_OCV -DCONFIG_IEEE80211R -DCONFIG_SAE -DCONFIG_OWE -DCONFIG_WNM -DCONFIG_DRIVER_WIRED -DCONFIG_DRIVER_NL80211 -DCONFIG_MBO -DCONFIG_ACS -DCONFIG_TLS_WOLFSSL -DCONFIG_SHA256 -DCONFIG_HMAC_SHA256_KDF -DCONFIG_HMAC_SHA384_KDF -DCONFIG_HMAC_SHA512_KDF -DCONFIG_SHA384 -DCONFIG_SHA512 -DCONFIG_ECC -DCONFIG_NO_RANDOM_POOL -DCONFIG_CTRL_IFACE -DCONFIG_CTRL_IFACE_UNIX -DCONFIG_NO_LINUX_PACKET_SOCKET_WAR -DCONFIG_SME -DCONFIG_DEBUG_SYSLOG -DLOG_HOSTAPD=LOG_DAEMON ../src/drivers/driver_nl80211_monitor.c
aarch64-openwrt-linux-musl-gcc -c -o /home/runner/work/ma3063-openwrt/ma3063-openwrt/openwrt/build_dir/target-aarch64_cortex-a53_musl/hostapd-wpad-basic-wolfssl/hostapd-2023-09-08-e5ccbfc6/build/wpa_supplicant/src/drivers/driver_nl80211_scan.o -I/home/runner/work/ma3063-openwrt/ma3063-openwrt/openwrt/staging_dir/target-aarch64_cortex-a53_musl/usr/include/libnl-tiny -I/home/runner/work/ma3063-openwrt/ma3063-openwrt/openwrt/build_dir/target-aarch64_cortex-a53_musl/hostapd-wpad-basic-wolfssl/hostapd-2023-09-08-e5ccbfc6/src/crypto -I/home/runner/work/ma3063-openwrt/ma3063-openwrt/openwrt/staging_dir/toolchain-aarch64_cortex-a53_gcc-12.3.0_musl/usr/include -I/home/runner/work/ma3063-openwrt/ma3063-openwrt/openwrt/staging_dir/toolchain-aarch64_cortex-a53_gcc-12.3.0_musl/include/fortify -I/home/runner/work/ma3063-openwrt/ma3063-openwrt/openwrt/staging_dir/toolchain-aarch64_cortex-a53_gcc-12.3.0_musl/include -DCONFIG_LIBNL20 -D_GNU_SOURCE -DCONFIG_MSG_MIN_PRIORITY=3 -Os -pipe -mcpu=cortex-a53 -fno-caller-saves -fno-plt -fhonour-copts -fmacro-prefix-map=/home/runner/work/ma3063-openwrt/ma3063-openwrt/openwrt/build_dir/target-aarch64_cortex-a53_musl/hostapd-wpad-basic-wolfssl/hostapd-2023-09-08-e5ccbfc6=hostapd-2023-09-08-e5ccbfc6 -ffunction-sections -fdata-sections -flto=auto -fno-fat-lto-objects -Wformat -Werror=format-security -DPIC -fPIC -fstack-protector -D_FORTIFY_SOURCE=1 -Wl,-z,now -Wl,-z,relro -I/home/runner/work/ma3063-openwrt/ma3063-openwrt/openwrt/build_dir/target-aarch64_cortex-a53_musl/hostapd-wpad-basic-wolfssl/hostapd-2023-09-08-e5ccbfc6/src -I/home/runner/work/ma3063-openwrt/ma3063-openwrt/openwrt/build_dir/target-aarch64_cortex-a53_musl/hostapd-wpad-basic-wolfssl/hostapd-2023-09-08-e5ccbfc6/src/utils -DHOSTAPD -DCONFIG_ELOOP_EPOLL -DUBUS_SUPPORT -DUCODE_SUPPORT -DCONFIG_NO_RADIUS -DCONFIG_NO_ACCOUNTING -DCONFIG_CTRL_IFACE_UNIX -DCONFIG_CTRL_IFACE -DCONFIG_RSN_PREAUTH -DCONFIG_OCV -DCONFIG_IEEE80211R -DCONFIG_IEEE80211R_AP -DCONFIG_ETH_P_OUI -DCONFIG_SAE -DCONFIG_OWE -DCONFIG_AIRTIME_POLICY -DCONFIG_IEEE80211AC -DCONFIG_IEEE80211AX -DCONFIG_MBO -DCONFIG_DRIVER_WIRED -DCONFIG_DRIVER_NL80211 -DCONFIG_DRIVER_WIRED -DCONFIG_DRIVER_NL80211 -DEAP_SERVER_IDENTITY -DCONFIG_TLS_WOLFSSL -DCONFIG_SHA256 -DCONFIG_HMAC_SHA256_KDF -DCONFIG_HMAC_SHA384_KDF -DCONFIG_HMAC_SHA512_KDF -DCONFIG_SHA384 -DCONFIG_SHA512 -DCONFIG_ECC -DCONFIG_NO_RANDOM_POOL -DNEED_AP_MLME -DCONFIG_ACS -DCONFIG_DEBUG_SYSLOG -I/home/runner/work/ma3063-openwrt/ma3063-openwrt/openwrt/staging_dir/target-aarch64_cortex-a53_musl/usr/include/libnl-tiny -I/home/runner/work/ma3063-openwrt/ma3063-openwrt/openwrt/build_dir/target-aarch64_cortex-a53_musl/hostapd-wpad-basic-wolfssl/hostapd-2023-09-08-e5ccbfc6/src/crypto -I/home/runner/work/ma3063-openwrt/ma3063-openwrt/openwrt/staging_dir/toolchain-aarch64_cortex-a53_gcc-12.3.0_musl/usr/include -I/home/runner/work/ma3063-openwrt/ma3063-openwrt/openwrt/staging_dir/toolchain-aarch64_cortex-a53_gcc-12.3.0_musl/include/fortify -I/home/runner/work/ma3063-openwrt/ma3063-openwrt/openwrt/staging_dir/toolchain-aarch64_cortex-a53_gcc-12.3.0_musl/include -DCONFIG_LIBNL20 -D_GNU_SOURCE -DCONFIG_MSG_MIN_PRIORITY=3 -I/home/runner/work/ma3063-openwrt/ma3063-openwrt/openwrt/build_dir/target-aarch64_cortex-a53_musl/hostapd-wpad-basic-wolfssl/hostapd-2023-09-08-e5ccbfc6/src -I/home/runner/work/ma3063-openwrt/ma3063-openwrt/openwrt/build_dir/target-aarch64_cortex-a53_musl/hostapd-wpad-basic-wolfssl/hostapd-2023-09-08-e5ccbfc6/src/utils -DCONFIG_ELOOP_EPOLL -DUBUS_SUPPORT -DUCODE_SUPPORT -DCONFIG_HT_OVERRIDES -DCONFIG_VHT_OVERRIDES -DCONFIG_BACKEND_FILE -DCONFIG_NO_CONFIG_WRITE -DCONFIG_OCV -DCONFIG_IEEE80211R -DCONFIG_SAE -DCONFIG_OWE -DCONFIG_WNM -DCONFIG_DRIVER_WIRED -DCONFIG_DRIVER_NL80211 -DCONFIG_MBO -DCONFIG_ACS -DCONFIG_TLS_WOLFSSL -DCONFIG_SHA256 -DCONFIG_HMAC_SHA256_KDF -DCONFIG_HMAC_SHA384_KDF -DCONFIG_HMAC_SHA512_KDF -DCONFIG_SHA384 -DCONFIG_SHA512 -DCONFIG_ECC -DCONFIG_NO_RANDOM_POOL -DCONFIG_CTRL_IFACE -DCONFIG_CTRL_IFACE_UNIX -DCONFIG_NO_LINUX_PACKET_SOCKET_WAR -DCONFIG_SME -DCONFIG_DEBUG_SYSLOG -DLOG_HOSTAPD=LOG_DAEMON ../src/drivers/driver_nl80211_scan.c
aarch64-openwrt-linux-musl-gcc -c -o /home/runner/work/ma3063-openwrt/ma3063-openwrt/openwrt/build_dir/target-aarch64_cortex-a53_musl/hostapd-wpad-basic-wolfssl/hostapd-2023-09-08-e5ccbfc6/build/wpa_supplicant/src/drivers/netlink.o -I/home/runner/work/ma3063-openwrt/ma3063-openwrt/openwrt/staging_dir/target-aarch64_cortex-a53_musl/usr/include/libnl-tiny -I/home/runner/work/ma3063-openwrt/ma3063-openwrt/openwrt/build_dir/target-aarch64_cortex-a53_musl/hostapd-wpad-basic-wolfssl/hostapd-2023-09-08-e5ccbfc6/src/crypto -I/home/runner/work/ma3063-openwrt/ma3063-openwrt/openwrt/staging_dir/toolchain-aarch64_cortex-a53_gcc-12.3.0_musl/usr/include -I/home/runner/work/ma3063-openwrt/ma3063-openwrt/openwrt/staging_dir/toolchain-aarch64_cortex-a53_gcc-12.3.0_musl/include/fortify -I/home/runner/work/ma3063-openwrt/ma3063-openwrt/openwrt/staging_dir/toolchain-aarch64_cortex-a53_gcc-12.3.0_musl/include -DCONFIG_LIBNL20 -D_GNU_SOURCE -DCONFIG_MSG_MIN_PRIORITY=3 -Os -pipe -mcpu=cortex-a53 -fno-caller-saves -fno-plt -fhonour-copts -fmacro-prefix-map=/home/runner/work/ma3063-openwrt/ma3063-openwrt/openwrt/build_dir/target-aarch64_cortex-a53_musl/hostapd-wpad-basic-wolfssl/hostapd-2023-09-08-e5ccbfc6=hostapd-2023-09-08-e5ccbfc6 -ffunction-sections -fdata-sections -flto=auto -fno-fat-lto-objects -Wformat -Werror=format-security -DPIC -fPIC -fstack-protector -D_FORTIFY_SOURCE=1 -Wl,-z,now -Wl,-z,relro -I/home/runner/work/ma3063-openwrt/ma3063-openwrt/openwrt/build_dir/target-aarch64_cortex-a53_musl/hostapd-wpad-basic-wolfssl/hostapd-2023-09-08-e5ccbfc6/src -I/home/runner/work/ma3063-openwrt/ma3063-openwrt/openwrt/build_dir/target-aarch64_cortex-a53_musl/hostapd-wpad-basic-wolfssl/hostapd-2023-09-08-e5ccbfc6/src/utils -DHOSTAPD -DCONFIG_ELOOP_EPOLL -DUBUS_SUPPORT -DUCODE_SUPPORT -DCONFIG_NO_RADIUS -DCONFIG_NO_ACCOUNTING -DCONFIG_CTRL_IFACE_UNIX -DCONFIG_CTRL_IFACE -DCONFIG_RSN_PREAUTH -DCONFIG_OCV -DCONFIG_IEEE80211R -DCONFIG_IEEE80211R_AP -DCONFIG_ETH_P_OUI -DCONFIG_SAE -DCONFIG_OWE -DCONFIG_AIRTIME_POLICY -DCONFIG_IEEE80211AC -DCONFIG_IEEE80211AX -DCONFIG_MBO -DCONFIG_DRIVER_WIRED -DCONFIG_DRIVER_NL80211 -DCONFIG_DRIVER_WIRED -DCONFIG_DRIVER_NL80211 -DEAP_SERVER_IDENTITY -DCONFIG_TLS_WOLFSSL -DCONFIG_SHA256 -DCONFIG_HMAC_SHA256_KDF -DCONFIG_HMAC_SHA384_KDF -DCONFIG_HMAC_SHA512_KDF -DCONFIG_SHA384 -DCONFIG_SHA512 -DCONFIG_ECC -DCONFIG_NO_RANDOM_POOL -DNEED_AP_MLME -DCONFIG_ACS -DCONFIG_DEBUG_SYSLOG -I/home/runner/work/ma3063-openwrt/ma3063-openwrt/openwrt/staging_dir/target-aarch64_cortex-a53_musl/usr/include/libnl-tiny -I/home/runner/work/ma3063-openwrt/ma3063-openwrt/openwrt/build_dir/target-aarch64_cortex-a53_musl/hostapd-wpad-basic-wolfssl/hostapd-2023-09-08-e5ccbfc6/src/crypto -I/home/runner/work/ma3063-openwrt/ma3063-openwrt/openwrt/staging_dir/toolchain-aarch64_cortex-a53_gcc-12.3.0_musl/usr/include -I/home/runner/work/ma3063-openwrt/ma3063-openwrt/openwrt/staging_dir/toolchain-aarch64_cortex-a53_gcc-12.3.0_musl/include/fortify -I/home/runner/work/ma3063-openwrt/ma3063-openwrt/openwrt/staging_dir/toolchain-aarch64_cortex-a53_gcc-12.3.0_musl/include -DCONFIG_LIBNL20 -D_GNU_SOURCE -DCONFIG_MSG_MIN_PRIORITY=3 -I/home/runner/work/ma3063-openwrt/ma3063-openwrt/openwrt/build_dir/target-aarch64_cortex-a53_musl/hostapd-wpad-basic-wolfssl/hostapd-2023-09-08-e5ccbfc6/src -I/home/runner/work/ma3063-openwrt/ma3063-openwrt/openwrt/build_dir/target-aarch64_cortex-a53_musl/hostapd-wpad-basic-wolfssl/hostapd-2023-09-08-e5ccbfc6/src/utils -DCONFIG_ELOOP_EPOLL -DUBUS_SUPPORT -DUCODE_SUPPORT -DCONFIG_HT_OVERRIDES -DCONFIG_VHT_OVERRIDES -DCONFIG_BACKEND_FILE -DCONFIG_NO_CONFIG_WRITE -DCONFIG_OCV -DCONFIG_IEEE80211R -DCONFIG_SAE -DCONFIG_OWE -DCONFIG_WNM -DCONFIG_DRIVER_WIRED -DCONFIG_DRIVER_NL80211 -DCONFIG_MBO -DCONFIG_ACS -DCONFIG_TLS_WOLFSSL -DCONFIG_SHA256 -DCONFIG_HMAC_SHA256_KDF -DCONFIG_HMAC_SHA384_KDF -DCONFIG_HMAC_SHA512_KDF -DCONFIG_SHA384 -DCONFIG_SHA512 -DCONFIG_ECC -DCONFIG_NO_RANDOM_POOL -DCONFIG_CTRL_IFACE -DCONFIG_CTRL_IFACE_UNIX -DCONFIG_NO_LINUX_PACKET_SOCKET_WAR -DCONFIG_SME -DCONFIG_DEBUG_SYSLOG -DLOG_HOSTAPD=LOG_DAEMON ../src/drivers/netlink.c
aarch64-openwrt-linux-musl-gcc -c -o /home/runner/work/ma3063-openwrt/ma3063-openwrt/openwrt/build_dir/target-aarch64_cortex-a53_musl/hostapd-wpad-basic-wolfssl/hostapd-2023-09-08-e5ccbfc6/build/wpa_supplicant/src/utils/radiotap.o -I/home/runner/work/ma3063-openwrt/ma3063-openwrt/openwrt/staging_dir/target-aarch64_cortex-a53_musl/usr/include/libnl-tiny -I/home/runner/work/ma3063-openwrt/ma3063-openwrt/openwrt/build_dir/target-aarch64_cortex-a53_musl/hostapd-wpad-basic-wolfssl/hostapd-2023-09-08-e5ccbfc6/src/crypto -I/home/runner/work/ma3063-openwrt/ma3063-openwrt/openwrt/staging_dir/toolchain-aarch64_cortex-a53_gcc-12.3.0_musl/usr/include -I/home/runner/work/ma3063-openwrt/ma3063-openwrt/openwrt/staging_dir/toolchain-aarch64_cortex-a53_gcc-12.3.0_musl/include/fortify -I/home/runner/work/ma3063-openwrt/ma3063-openwrt/openwrt/staging_dir/toolchain-aarch64_cortex-a53_gcc-12.3.0_musl/include -DCONFIG_LIBNL20 -D_GNU_SOURCE -DCONFIG_MSG_MIN_PRIORITY=3 -Os -pipe -mcpu=cortex-a53 -fno-caller-saves -fno-plt -fhonour-copts -fmacro-prefix-map=/home/runner/work/ma3063-openwrt/ma3063-openwrt/openwrt/build_dir/target-aarch64_cortex-a53_musl/hostapd-wpad-basic-wolfssl/hostapd-2023-09-08-e5ccbfc6=hostapd-2023-09-08-e5ccbfc6 -ffunction-sections -fdata-sections -flto=auto -fno-fat-lto-objects -Wformat -Werror=format-security -DPIC -fPIC -fstack-protector -D_FORTIFY_SOURCE=1 -Wl,-z,now -Wl,-z,relro -I/home/runner/work/ma3063-openwrt/ma3063-openwrt/openwrt/build_dir/target-aarch64_cortex-a53_musl/hostapd-wpad-basic-wolfssl/hostapd-2023-09-08-e5ccbfc6/src -I/home/runner/work/ma3063-openwrt/ma3063-openwrt/openwrt/build_dir/target-aarch64_cortex-a53_musl/hostapd-wpad-basic-wolfssl/hostapd-2023-09-08-e5ccbfc6/src/utils -DHOSTAPD -DCONFIG_ELOOP_EPOLL -DUBUS_SUPPORT -DUCODE_SUPPORT -DCONFIG_NO_RADIUS -DCONFIG_NO_ACCOUNTING -DCONFIG_CTRL_IFACE_UNIX -DCONFIG_CTRL_IFACE -DCONFIG_RSN_PREAUTH -DCONFIG_OCV -DCONFIG_IEEE80211R -DCONFIG_IEEE80211R_AP -DCONFIG_ETH_P_OUI -DCONFIG_SAE -DCONFIG_OWE -DCONFIG_AIRTIME_POLICY -DCONFIG_IEEE80211AC -DCONFIG_IEEE80211AX -DCONFIG_MBO -DCONFIG_DRIVER_WIRED -DCONFIG_DRIVER_NL80211 -DCONFIG_DRIVER_WIRED -DCONFIG_DRIVER_NL80211 -DEAP_SERVER_IDENTITY -DCONFIG_TLS_WOLFSSL -DCONFIG_SHA256 -DCONFIG_HMAC_SHA256_KDF -DCONFIG_HMAC_SHA384_KDF -DCONFIG_HMAC_SHA512_KDF -DCONFIG_SHA384 -DCONFIG_SHA512 -DCONFIG_ECC -DCONFIG_NO_RANDOM_POOL -DNEED_AP_MLME -DCONFIG_ACS -DCONFIG_DEBUG_SYSLOG -I/home/runner/work/ma3063-openwrt/ma3063-openwrt/openwrt/staging_dir/target-aarch64_cortex-a53_musl/usr/include/libnl-tiny -I/home/runner/work/ma3063-openwrt/ma3063-openwrt/openwrt/build_dir/target-aarch64_cortex-a53_musl/hostapd-wpad-basic-wolfssl/hostapd-2023-09-08-e5ccbfc6/src/crypto -I/home/runner/work/ma3063-openwrt/ma3063-openwrt/openwrt/staging_dir/toolchain-aarch64_cortex-a53_gcc-12.3.0_musl/usr/include -I/home/runner/work/ma3063-openwrt/ma3063-openwrt/openwrt/staging_dir/toolchain-aarch64_cortex-a53_gcc-12.3.0_musl/include/fortify -I/home/runner/work/ma3063-openwrt/ma3063-openwrt/openwrt/staging_dir/toolchain-aarch64_cortex-a53_gcc-12.3.0_musl/include -DCONFIG_LIBNL20 -D_GNU_SOURCE -DCONFIG_MSG_MIN_PRIORITY=3 -I/home/runner/work/ma3063-openwrt/ma3063-openwrt/openwrt/build_dir/target-aarch64_cortex-a53_musl/hostapd-wpad-basic-wolfssl/hostapd-2023-09-08-e5ccbfc6/src -I/home/runner/work/ma3063-openwrt/ma3063-openwrt/openwrt/build_dir/target-aarch64_cortex-a53_musl/hostapd-wpad-basic-wolfssl/hostapd-2023-09-08-e5ccbfc6/src/utils -DCONFIG_ELOOP_EPOLL -DUBUS_SUPPORT -DUCODE_SUPPORT -DCONFIG_HT_OVERRIDES -DCONFIG_VHT_OVERRIDES -DCONFIG_BACKEND_FILE -DCONFIG_NO_CONFIG_WRITE -DCONFIG_OCV -DCONFIG_IEEE80211R -DCONFIG_SAE -DCONFIG_OWE -DCONFIG_WNM -DCONFIG_DRIVER_WIRED -DCONFIG_DRIVER_NL80211 -DCONFIG_MBO -DCONFIG_ACS -DCONFIG_TLS_WOLFSSL -DCONFIG_SHA256 -DCONFIG_HMAC_SHA256_KDF -DCONFIG_HMAC_SHA384_KDF -DCONFIG_HMAC_SHA512_KDF -DCONFIG_SHA384 -DCONFIG_SHA512 -DCONFIG_ECC -DCONFIG_NO_RANDOM_POOL -DCONFIG_CTRL_IFACE -DCONFIG_CTRL_IFACE_UNIX -DCONFIG_NO_LINUX_PACKET_SOCKET_WAR -DCONFIG_SME -DCONFIG_DEBUG_SYSLOG -DLOG_HOSTAPD=LOG_DAEMON ../src/utils/radiotap.c
aarch64-openwrt-linux-musl-gcc -c -o /home/runner/work/ma3063-openwrt/ma3063-openwrt/openwrt/build_dir/target-aarch64_cortex-a53_musl/hostapd-wpad-basic-wolfssl/hostapd-2023-09-08-e5ccbfc6/build/wpa_supplicant/src/drivers/linux_ioctl.o -I/home/runner/work/ma3063-openwrt/ma3063-openwrt/openwrt/staging_dir/target-aarch64_cortex-a53_musl/usr/include/libnl-tiny -I/home/runner/work/ma3063-openwrt/ma3063-openwrt/openwrt/build_dir/target-aarch64_cortex-a53_musl/hostapd-wpad-basic-wolfssl/hostapd-2023-09-08-e5ccbfc6/src/crypto -I/home/runner/work/ma3063-openwrt/ma3063-openwrt/openwrt/staging_dir/toolchain-aarch64_cortex-a53_gcc-12.3.0_musl/usr/include -I/home/runner/work/ma3063-openwrt/ma3063-openwrt/openwrt/staging_dir/toolchain-aarch64_cortex-a53_gcc-12.3.0_musl/include/fortify -I/home/runner/work/ma3063-openwrt/ma3063-openwrt/openwrt/staging_dir/toolchain-aarch64_cortex-a53_gcc-12.3.0_musl/include -DCONFIG_LIBNL20 -D_GNU_SOURCE -DCONFIG_MSG_MIN_PRIORITY=3 -Os -pipe -mcpu=cortex-a53 -fno-caller-saves -fno-plt -fhonour-copts -fmacro-prefix-map=/home/runner/work/ma3063-openwrt/ma3063-openwrt/openwrt/build_dir/target-aarch64_cortex-a53_musl/hostapd-wpad-basic-wolfssl/hostapd-2023-09-08-e5ccbfc6=hostapd-2023-09-08-e5ccbfc6 -ffunction-sections -fdata-sections -flto=auto -fno-fat-lto-objects -Wformat -Werror=format-security -DPIC -fPIC -fstack-protector -D_FORTIFY_SOURCE=1 -Wl,-z,now -Wl,-z,relro -I/home/runner/work/ma3063-openwrt/ma3063-openwrt/openwrt/build_dir/target-aarch64_cortex-a53_musl/hostapd-wpad-basic-wolfssl/hostapd-2023-09-08-e5ccbfc6/src -I/home/runner/work/ma3063-openwrt/ma3063-openwrt/openwrt/build_dir/target-aarch64_cortex-a53_musl/hostapd-wpad-basic-wolfssl/hostapd-2023-09-08-e5ccbfc6/src/utils -DHOSTAPD -DCONFIG_ELOOP_EPOLL -DUBUS_SUPPORT -DUCODE_SUPPORT -DCONFIG_NO_RADIUS -DCONFIG_NO_ACCOUNTING -DCONFIG_CTRL_IFACE_UNIX -DCONFIG_CTRL_IFACE -DCONFIG_RSN_PREAUTH -DCONFIG_OCV -DCONFIG_IEEE80211R -DCONFIG_IEEE80211R_AP -DCONFIG_ETH_P_OUI -DCONFIG_SAE -DCONFIG_OWE -DCONFIG_AIRTIME_POLICY -DCONFIG_IEEE80211AC -DCONFIG_IEEE80211AX -DCONFIG_MBO -DCONFIG_DRIVER_WIRED -DCONFIG_DRIVER_NL80211 -DCONFIG_DRIVER_WIRED -DCONFIG_DRIVER_NL80211 -DEAP_SERVER_IDENTITY -DCONFIG_TLS_WOLFSSL -DCONFIG_SHA256 -DCONFIG_HMAC_SHA256_KDF -DCONFIG_HMAC_SHA384_KDF -DCONFIG_HMAC_SHA512_KDF -DCONFIG_SHA384 -DCONFIG_SHA512 -DCONFIG_ECC -DCONFIG_NO_RANDOM_POOL -DNEED_AP_MLME -DCONFIG_ACS -DCONFIG_DEBUG_SYSLOG -I/home/runner/work/ma3063-openwrt/ma3063-openwrt/openwrt/staging_dir/target-aarch64_cortex-a53_musl/usr/include/libnl-tiny -I/home/runner/work/ma3063-openwrt/ma3063-openwrt/openwrt/build_dir/target-aarch64_cortex-a53_musl/hostapd-wpad-basic-wolfssl/hostapd-2023-09-08-e5ccbfc6/src/crypto -I/home/runner/work/ma3063-openwrt/ma3063-openwrt/openwrt/staging_dir/toolchain-aarch64_cortex-a53_gcc-12.3.0_musl/usr/include -I/home/runner/work/ma3063-openwrt/ma3063-openwrt/openwrt/staging_dir/toolchain-aarch64_cortex-a53_gcc-12.3.0_musl/include/fortify -I/home/runner/work/ma3063-openwrt/ma3063-openwrt/openwrt/staging_dir/toolchain-aarch64_cortex-a53_gcc-12.3.0_musl/include -DCONFIG_LIBNL20 -D_GNU_SOURCE -DCONFIG_MSG_MIN_PRIORITY=3 -I/home/runner/work/ma3063-openwrt/ma3063-openwrt/openwrt/build_dir/target-aarch64_cortex-a53_musl/hostapd-wpad-basic-wolfssl/hostapd-2023-09-08-e5ccbfc6/src -I/home/runner/work/ma3063-openwrt/ma3063-openwrt/openwrt/build_dir/target-aarch64_cortex-a53_musl/hostapd-wpad-basic-wolfssl/hostapd-2023-09-08-e5ccbfc6/src/utils -DCONFIG_ELOOP_EPOLL -DUBUS_SUPPORT -DUCODE_SUPPORT -DCONFIG_HT_OVERRIDES -DCONFIG_VHT_OVERRIDES -DCONFIG_BACKEND_FILE -DCONFIG_NO_CONFIG_WRITE -DCONFIG_OCV -DCONFIG_IEEE80211R -DCONFIG_SAE -DCONFIG_OWE -DCONFIG_WNM -DCONFIG_DRIVER_WIRED -DCONFIG_DRIVER_NL80211 -DCONFIG_MBO -DCONFIG_ACS -DCONFIG_TLS_WOLFSSL -DCONFIG_SHA256 -DCONFIG_HMAC_SHA256_KDF -DCONFIG_HMAC_SHA384_KDF -DCONFIG_HMAC_SHA512_KDF -DCONFIG_SHA384 -DCONFIG_SHA512 -DCONFIG_ECC -DCONFIG_NO_RANDOM_POOL -DCONFIG_CTRL_IFACE -DCONFIG_CTRL_IFACE_UNIX -DCONFIG_NO_LINUX_PACKET_SOCKET_WAR -DCONFIG_SME -DCONFIG_DEBUG_SYSLOG -DLOG_HOSTAPD=LOG_DAEMON ../src/drivers/linux_ioctl.c
aarch64-openwrt-linux-musl-gcc -c -o /home/runner/work/ma3063-openwrt/ma3063-openwrt/openwrt/build_dir/target-aarch64_cortex-a53_musl/hostapd-wpad-basic-wolfssl/hostapd-2023-09-08-e5ccbfc6/build/wpa_supplicant/src/drivers/drivers.o -I/home/runner/work/ma3063-openwrt/ma3063-openwrt/openwrt/staging_dir/target-aarch64_cortex-a53_musl/usr/include/libnl-tiny -I/home/runner/work/ma3063-openwrt/ma3063-openwrt/openwrt/build_dir/target-aarch64_cortex-a53_musl/hostapd-wpad-basic-wolfssl/hostapd-2023-09-08-e5ccbfc6/src/crypto -I/home/runner/work/ma3063-openwrt/ma3063-openwrt/openwrt/staging_dir/toolchain-aarch64_cortex-a53_gcc-12.3.0_musl/usr/include -I/home/runner/work/ma3063-openwrt/ma3063-openwrt/openwrt/staging_dir/toolchain-aarch64_cortex-a53_gcc-12.3.0_musl/include/fortify -I/home/runner/work/ma3063-openwrt/ma3063-openwrt/openwrt/staging_dir/toolchain-aarch64_cortex-a53_gcc-12.3.0_musl/include -DCONFIG_LIBNL20 -D_GNU_SOURCE -DCONFIG_MSG_MIN_PRIORITY=3 -Os -pipe -mcpu=cortex-a53 -fno-caller-saves -fno-plt -fhonour-copts -fmacro-prefix-map=/home/runner/work/ma3063-openwrt/ma3063-openwrt/openwrt/build_dir/target-aarch64_cortex-a53_musl/hostapd-wpad-basic-wolfssl/hostapd-2023-09-08-e5ccbfc6=hostapd-2023-09-08-e5ccbfc6 -ffunction-sections -fdata-sections -flto=auto -fno-fat-lto-objects -Wformat -Werror=format-security -DPIC -fPIC -fstack-protector -D_FORTIFY_SOURCE=1 -Wl,-z,now -Wl,-z,relro -I/home/runner/work/ma3063-openwrt/ma3063-openwrt/openwrt/build_dir/target-aarch64_cortex-a53_musl/hostapd-wpad-basic-wolfssl/hostapd-2023-09-08-e5ccbfc6/src -I/home/runner/work/ma3063-openwrt/ma3063-openwrt/openwrt/build_dir/target-aarch64_cortex-a53_musl/hostapd-wpad-basic-wolfssl/hostapd-2023-09-08-e5ccbfc6/src/utils -DHOSTAPD -DCONFIG_ELOOP_EPOLL -DUBUS_SUPPORT -DUCODE_SUPPORT -DCONFIG_NO_RADIUS -DCONFIG_NO_ACCOUNTING -DCONFIG_CTRL_IFACE_UNIX -DCONFIG_CTRL_IFACE -DCONFIG_RSN_PREAUTH -DCONFIG_OCV -DCONFIG_IEEE80211R -DCONFIG_IEEE80211R_AP -DCONFIG_ETH_P_OUI -DCONFIG_SAE -DCONFIG_OWE -DCONFIG_AIRTIME_POLICY -DCONFIG_IEEE80211AC -DCONFIG_IEEE80211AX -DCONFIG_MBO -DCONFIG_DRIVER_WIRED -DCONFIG_DRIVER_NL80211 -DCONFIG_DRIVER_WIRED -DCONFIG_DRIVER_NL80211 -DEAP_SERVER_IDENTITY -DCONFIG_TLS_WOLFSSL -DCONFIG_SHA256 -DCONFIG_HMAC_SHA256_KDF -DCONFIG_HMAC_SHA384_KDF -DCONFIG_HMAC_SHA512_KDF -DCONFIG_SHA384 -DCONFIG_SHA512 -DCONFIG_ECC -DCONFIG_NO_RANDOM_POOL -DNEED_AP_MLME -DCONFIG_ACS -DCONFIG_DEBUG_SYSLOG -I/home/runner/work/ma3063-openwrt/ma3063-openwrt/openwrt/staging_dir/target-aarch64_cortex-a53_musl/usr/include/libnl-tiny -I/home/runner/work/ma3063-openwrt/ma3063-openwrt/openwrt/build_dir/target-aarch64_cortex-a53_musl/hostapd-wpad-basic-wolfssl/hostapd-2023-09-08-e5ccbfc6/src/crypto -I/home/runner/work/ma3063-openwrt/ma3063-openwrt/openwrt/staging_dir/toolchain-aarch64_cortex-a53_gcc-12.3.0_musl/usr/include -I/home/runner/work/ma3063-openwrt/ma3063-openwrt/openwrt/staging_dir/toolchain-aarch64_cortex-a53_gcc-12.3.0_musl/include/fortify -I/home/runner/work/ma3063-openwrt/ma3063-openwrt/openwrt/staging_dir/toolchain-aarch64_cortex-a53_gcc-12.3.0_musl/include -DCONFIG_LIBNL20 -D_GNU_SOURCE -DCONFIG_MSG_MIN_PRIORITY=3 -I/home/runner/work/ma3063-openwrt/ma3063-openwrt/openwrt/build_dir/target-aarch64_cortex-a53_musl/hostapd-wpad-basic-wolfssl/hostapd-2023-09-08-e5ccbfc6/src -I/home/runner/work/ma3063-openwrt/ma3063-openwrt/openwrt/build_dir/target-aarch64_cortex-a53_musl/hostapd-wpad-basic-wolfssl/hostapd-2023-09-08-e5ccbfc6/src/utils -DCONFIG_ELOOP_EPOLL -DUBUS_SUPPORT -DUCODE_SUPPORT -DCONFIG_HT_OVERRIDES -DCONFIG_VHT_OVERRIDES -DCONFIG_BACKEND_FILE -DCONFIG_NO_CONFIG_WRITE -DCONFIG_OCV -DCONFIG_IEEE80211R -DCONFIG_SAE -DCONFIG_OWE -DCONFIG_WNM -DCONFIG_DRIVER_WIRED -DCONFIG_DRIVER_NL80211 -DCONFIG_MBO -DCONFIG_ACS -DCONFIG_TLS_WOLFSSL -DCONFIG_SHA256 -DCONFIG_HMAC_SHA256_KDF -DCONFIG_HMAC_SHA384_KDF -DCONFIG_HMAC_SHA512_KDF -DCONFIG_SHA384 -DCONFIG_SHA512 -DCONFIG_ECC -DCONFIG_NO_RANDOM_POOL -DCONFIG_CTRL_IFACE -DCONFIG_CTRL_IFACE_UNIX -DCONFIG_NO_LINUX_PACKET_SOCKET_WAR -DCONFIG_SME -DCONFIG_DEBUG_SYSLOG -DLOG_HOSTAPD=LOG_DAEMON ../src/drivers/drivers.c
aarch64-openwrt-linux-musl-gcc -c -o /home/runner/work/ma3063-openwrt/ma3063-openwrt/openwrt/build_dir/target-aarch64_cortex-a53_musl/hostapd-wpad-basic-wolfssl/hostapd-2023-09-08-e5ccbfc6/build/wpa_supplicant/src/l2_packet/l2_packet_linux.o -I/home/runner/work/ma3063-openwrt/ma3063-openwrt/openwrt/staging_dir/target-aarch64_cortex-a53_musl/usr/include/libnl-tiny -I/home/runner/work/ma3063-openwrt/ma3063-openwrt/openwrt/build_dir/target-aarch64_cortex-a53_musl/hostapd-wpad-basic-wolfssl/hostapd-2023-09-08-e5ccbfc6/src/crypto -I/home/runner/work/ma3063-openwrt/ma3063-openwrt/openwrt/staging_dir/toolchain-aarch64_cortex-a53_gcc-12.3.0_musl/usr/include -I/home/runner/work/ma3063-openwrt/ma3063-openwrt/openwrt/staging_dir/toolchain-aarch64_cortex-a53_gcc-12.3.0_musl/include/fortify -I/home/runner/work/ma3063-openwrt/ma3063-openwrt/openwrt/staging_dir/toolchain-aarch64_cortex-a53_gcc-12.3.0_musl/include -DCONFIG_LIBNL20 -D_GNU_SOURCE -DCONFIG_MSG_MIN_PRIORITY=3 -Os -pipe -mcpu=cortex-a53 -fno-caller-saves -fno-plt -fhonour-copts -fmacro-prefix-map=/home/runner/work/ma3063-openwrt/ma3063-openwrt/openwrt/build_dir/target-aarch64_cortex-a53_musl/hostapd-wpad-basic-wolfssl/hostapd-2023-09-08-e5ccbfc6=hostapd-2023-09-08-e5ccbfc6 -ffunction-sections -fdata-sections -flto=auto -fno-fat-lto-objects -Wformat -Werror=format-security -DPIC -fPIC -fstack-protector -D_FORTIFY_SOURCE=1 -Wl,-z,now -Wl,-z,relro -I/home/runner/work/ma3063-openwrt/ma3063-openwrt/openwrt/build_dir/target-aarch64_cortex-a53_musl/hostapd-wpad-basic-wolfssl/hostapd-2023-09-08-e5ccbfc6/src -I/home/runner/work/ma3063-openwrt/ma3063-openwrt/openwrt/build_dir/target-aarch64_cortex-a53_musl/hostapd-wpad-basic-wolfssl/hostapd-2023-09-08-e5ccbfc6/src/utils -DHOSTAPD -DCONFIG_ELOOP_EPOLL -DUBUS_SUPPORT -DUCODE_SUPPORT -DCONFIG_NO_RADIUS -DCONFIG_NO_ACCOUNTING -DCONFIG_CTRL_IFACE_UNIX -DCONFIG_CTRL_IFACE -DCONFIG_RSN_PREAUTH -DCONFIG_OCV -DCONFIG_IEEE80211R -DCONFIG_IEEE80211R_AP -DCONFIG_ETH_P_OUI -DCONFIG_SAE -DCONFIG_OWE -DCONFIG_AIRTIME_POLICY -DCONFIG_IEEE80211AC -DCONFIG_IEEE80211AX -DCONFIG_MBO -DCONFIG_DRIVER_WIRED -DCONFIG_DRIVER_NL80211 -DCONFIG_DRIVER_WIRED -DCONFIG_DRIVER_NL80211 -DEAP_SERVER_IDENTITY -DCONFIG_TLS_WOLFSSL -DCONFIG_SHA256 -DCONFIG_HMAC_SHA256_KDF -DCONFIG_HMAC_SHA384_KDF -DCONFIG_HMAC_SHA512_KDF -DCONFIG_SHA384 -DCONFIG_SHA512 -DCONFIG_ECC -DCONFIG_NO_RANDOM_POOL -DNEED_AP_MLME -DCONFIG_ACS -DCONFIG_DEBUG_SYSLOG -I/home/runner/work/ma3063-openwrt/ma3063-openwrt/openwrt/staging_dir/target-aarch64_cortex-a53_musl/usr/include/libnl-tiny -I/home/runner/work/ma3063-openwrt/ma3063-openwrt/openwrt/build_dir/target-aarch64_cortex-a53_musl/hostapd-wpad-basic-wolfssl/hostapd-2023-09-08-e5ccbfc6/src/crypto -I/home/runner/work/ma3063-openwrt/ma3063-openwrt/openwrt/staging_dir/toolchain-aarch64_cortex-a53_gcc-12.3.0_musl/usr/include -I/home/runner/work/ma3063-openwrt/ma3063-openwrt/openwrt/staging_dir/toolchain-aarch64_cortex-a53_gcc-12.3.0_musl/include/fortify -I/home/runner/work/ma3063-openwrt/ma3063-openwrt/openwrt/staging_dir/toolchain-aarch64_cortex-a53_gcc-12.3.0_musl/include -DCONFIG_LIBNL20 -D_GNU_SOURCE -DCONFIG_MSG_MIN_PRIORITY=3 -I/home/runner/work/ma3063-openwrt/ma3063-openwrt/openwrt/build_dir/target-aarch64_cortex-a53_musl/hostapd-wpad-basic-wolfssl/hostapd-2023-09-08-e5ccbfc6/src -I/home/runner/work/ma3063-openwrt/ma3063-openwrt/openwrt/build_dir/target-aarch64_cortex-a53_musl/hostapd-wpad-basic-wolfssl/hostapd-2023-09-08-e5ccbfc6/src/utils -DCONFIG_ELOOP_EPOLL -DUBUS_SUPPORT -DUCODE_SUPPORT -DCONFIG_HT_OVERRIDES -DCONFIG_VHT_OVERRIDES -DCONFIG_BACKEND_FILE -DCONFIG_NO_CONFIG_WRITE -DCONFIG_OCV -DCONFIG_IEEE80211R -DCONFIG_SAE -DCONFIG_OWE -DCONFIG_WNM -DCONFIG_DRIVER_WIRED -DCONFIG_DRIVER_NL80211 -DCONFIG_MBO -DCONFIG_ACS -DCONFIG_TLS_WOLFSSL -DCONFIG_SHA256 -DCONFIG_HMAC_SHA256_KDF -DCONFIG_HMAC_SHA384_KDF -DCONFIG_HMAC_SHA512_KDF -DCONFIG_SHA384 -DCONFIG_SHA512 -DCONFIG_ECC -DCONFIG_NO_RANDOM_POOL -DCONFIG_CTRL_IFACE -DCONFIG_CTRL_IFACE_UNIX -DCONFIG_NO_LINUX_PACKET_SOCKET_WAR -DCONFIG_SME -DCONFIG_DEBUG_SYSLOG -DLOG_HOSTAPD=LOG_DAEMON ../src/l2_packet/l2_packet_linux.c
aarch64-openwrt-linux-musl-gcc -c -o wpa_supplicant_multi.o -Dmain=wpa_supplicant_main -I/home/runner/work/ma3063-openwrt/ma3063-openwrt/openwrt/staging_dir/target-aarch64_cortex-a53_musl/usr/include/libnl-tiny -I/home/runner/work/ma3063-openwrt/ma3063-openwrt/openwrt/build_dir/target-aarch64_cortex-a53_musl/hostapd-wpad-basic-wolfssl/hostapd-2023-09-08-e5ccbfc6/src/crypto -I/home/runner/work/ma3063-openwrt/ma3063-openwrt/openwrt/staging_dir/toolchain-aarch64_cortex-a53_gcc-12.3.0_musl/usr/include -I/home/runner/work/ma3063-openwrt/ma3063-openwrt/openwrt/staging_dir/toolchain-aarch64_cortex-a53_gcc-12.3.0_musl/include/fortify -I/home/runner/work/ma3063-openwrt/ma3063-openwrt/openwrt/staging_dir/toolchain-aarch64_cortex-a53_gcc-12.3.0_musl/include -DCONFIG_LIBNL20 -D_GNU_SOURCE -DCONFIG_MSG_MIN_PRIORITY=3 -Os -pipe -mcpu=cortex-a53 -fno-caller-saves -fno-plt -fhonour-copts -fmacro-prefix-map=/home/runner/work/ma3063-openwrt/ma3063-openwrt/openwrt/build_dir/target-aarch64_cortex-a53_musl/hostapd-wpad-basic-wolfssl/hostapd-2023-09-08-e5ccbfc6=hostapd-2023-09-08-e5ccbfc6 -ffunction-sections -fdata-sections -flto=auto -fno-fat-lto-objects -Wformat -Werror=format-security -DPIC -fPIC -fstack-protector -D_FORTIFY_SOURCE=1 -Wl,-z,now -Wl,-z,relro -I/home/runner/work/ma3063-openwrt/ma3063-openwrt/openwrt/build_dir/target-aarch64_cortex-a53_musl/hostapd-wpad-basic-wolfssl/hostapd-2023-09-08-e5ccbfc6/src -I/home/runner/work/ma3063-openwrt/ma3063-openwrt/openwrt/build_dir/target-aarch64_cortex-a53_musl/hostapd-wpad-basic-wolfssl/hostapd-2023-09-08-e5ccbfc6/src/utils -DHOSTAPD -DCONFIG_ELOOP_EPOLL -DUBUS_SUPPORT -DUCODE_SUPPORT -DCONFIG_NO_RADIUS -DCONFIG_NO_ACCOUNTING -DCONFIG_CTRL_IFACE_UNIX -DCONFIG_CTRL_IFACE -DCONFIG_RSN_PREAUTH -DCONFIG_OCV -DCONFIG_IEEE80211R -DCONFIG_IEEE80211R_AP -DCONFIG_ETH_P_OUI -DCONFIG_SAE -DCONFIG_OWE -DCONFIG_AIRTIME_POLICY -DCONFIG_IEEE80211AC -DCONFIG_IEEE80211AX -DCONFIG_MBO -DCONFIG_DRIVER_WIRED -DCONFIG_DRIVER_NL80211 -DCONFIG_DRIVER_WIRED -DCONFIG_DRIVER_NL80211 -DEAP_SERVER_IDENTITY -DCONFIG_TLS_WOLFSSL -DCONFIG_SHA256 -DCONFIG_HMAC_SHA256_KDF -DCONFIG_HMAC_SHA384_KDF -DCONFIG_HMAC_SHA512_KDF -DCONFIG_SHA384 -DCONFIG_SHA512 -DCONFIG_ECC -DCONFIG_NO_RANDOM_POOL -DNEED_AP_MLME -DCONFIG_ACS -DCONFIG_DEBUG_SYSLOG -I/home/runner/work/ma3063-openwrt/ma3063-openwrt/openwrt/staging_dir/target-aarch64_cortex-a53_musl/usr/include/libnl-tiny -I/home/runner/work/ma3063-openwrt/ma3063-openwrt/openwrt/build_dir/target-aarch64_cortex-a53_musl/hostapd-wpad-basic-wolfssl/hostapd-2023-09-08-e5ccbfc6/src/crypto -I/home/runner/work/ma3063-openwrt/ma3063-openwrt/openwrt/staging_dir/toolchain-aarch64_cortex-a53_gcc-12.3.0_musl/usr/include -I/home/runner/work/ma3063-openwrt/ma3063-openwrt/openwrt/staging_dir/toolchain-aarch64_cortex-a53_gcc-12.3.0_musl/include/fortify -I/home/runner/work/ma3063-openwrt/ma3063-openwrt/openwrt/staging_dir/toolchain-aarch64_cortex-a53_gcc-12.3.0_musl/include -DCONFIG_LIBNL20 -D_GNU_SOURCE -DCONFIG_MSG_MIN_PRIORITY=3 -I/home/runner/work/ma3063-openwrt/ma3063-openwrt/openwrt/build_dir/target-aarch64_cortex-a53_musl/hostapd-wpad-basic-wolfssl/hostapd-2023-09-08-e5ccbfc6/src -I/home/runner/work/ma3063-openwrt/ma3063-openwrt/openwrt/build_dir/target-aarch64_cortex-a53_musl/hostapd-wpad-basic-wolfssl/hostapd-2023-09-08-e5ccbfc6/src/utils -DCONFIG_ELOOP_EPOLL -DUBUS_SUPPORT -DUCODE_SUPPORT -DCONFIG_HT_OVERRIDES -DCONFIG_VHT_OVERRIDES -DCONFIG_BACKEND_FILE -DCONFIG_NO_CONFIG_WRITE -DCONFIG_OCV -DCONFIG_IEEE80211R -DCONFIG_SAE -DCONFIG_OWE -DCONFIG_WNM -DCONFIG_DRIVER_WIRED -DCONFIG_DRIVER_NL80211 -DCONFIG_MBO -DCONFIG_ACS -DCONFIG_TLS_WOLFSSL -DCONFIG_SHA256 -DCONFIG_HMAC_SHA256_KDF -DCONFIG_HMAC_SHA384_KDF -DCONFIG_HMAC_SHA512_KDF -DCONFIG_SHA384 -DCONFIG_SHA512 -DCONFIG_ECC -DCONFIG_NO_RANDOM_POOL -DCONFIG_CTRL_IFACE -DCONFIG_CTRL_IFACE_UNIX -DCONFIG_NO_LINUX_PACKET_SOCKET_WAR -DCONFIG_SME -DCONFIG_DEBUG_SYSLOG -DLOG_HOSTAPD=LOG_DAEMON main.c
export MAKEFLAGS="--jobserver-auth=3,4"; aarch64-openwrt-linux-musl-gcc -o /home/runner/work/ma3063-openwrt/ma3063-openwrt/openwrt/build_dir/target-aarch64_cortex-a53_musl/hostapd-wpad-basic-wolfssl/hostapd-2023-09-08-e5ccbfc6/wpad -Os -pipe -mcpu=cortex-a53 -fno-caller-saves -fno-plt -fhonour-copts -fmacro-prefix-map=/home/runner/work/ma3063-openwrt/ma3063-openwrt/openwrt/build_dir/target-aarch64_cortex-a53_musl/hostapd-wpad-basic-wolfssl/hostapd-2023-09-08-e5ccbfc6=hostapd-2023-09-08-e5ccbfc6 -ffunction-sections -fdata-sections -flto=auto -fno-fat-lto-objects -Wformat -Werror=format-security -DPIC -fPIC -fstack-protector -D_FORTIFY_SOURCE=1 -Wl,-z,now -Wl,-z,relro ./files/multicall.c /home/runner/work/ma3063-openwrt/ma3063-openwrt/openwrt/build_dir/target-aarch64_cortex-a53_musl/hostapd-wpad-basic-wolfssl/hostapd-2023-09-08-e5ccbfc6/hostapd/hostapd_multi.a /home/runner/work/ma3063-openwrt/ma3063-openwrt/openwrt/build_dir/target-aarch64_cortex-a53_musl/hostapd-wpad-basic-wolfssl/hostapd-2023-09-08-e5ccbfc6/wpa_supplicant/wpa_supplicant_multi.a -L/home/runner/work/ma3063-openwrt/ma3063-openwrt/openwrt/staging_dir/toolchain-aarch64_cortex-a53_gcc-12.3.0_musl/usr/lib -L/home/runner/work/ma3063-openwrt/ma3063-openwrt/openwrt/staging_dir/toolchain-aarch64_cortex-a53_gcc-12.3.0_musl/lib -Wl,--gc-sections -flto=auto -fuse-linker-plugin -DPIC -fPIC -specs=/home/runner/work/ma3063-openwrt/ma3063-openwrt/openwrt/include/hardened-ld-pie.specs -znow -zrelro -lwolfssl -lubox -lubus -lblobmsg_json -lucode -lm -lnl-tiny
Download failed.
Applying ./patches/ath11k/0007-wifi-ath11k-suppress-add-interface-error.patch using plaintext: 
Applying ./patches/mwl/950-mwifiex-Print-stringified-name-of-command-in-error-l.patch using plaintext: 
   89 |                 printf(_("(NEW) "));
  285 |                                 printf(_(" (NEW)"));
  669 |                         fprintf(stderr, _("\n*** Error during writing of the configuration.\n\n"));
  673 |                         fprintf(stderr, _("\n*** Error during update of the configuration.\n\n"));
  684 |                         fprintf(stderr, _("\n*** Error during writing of the configuration.\n\n"));
(cd /home/runner/work/ma3063-openwrt/ma3063-openwrt/openwrt/build_dir/target-aarch64_cortex-a53_musl/ath11k-firmware-2.7.0.1/./; if [ -x ./configure ]; then find /home/runner/work/ma3063-openwrt/ma3063-openwrt/openwrt/build_dir/target-aarch64_cortex-a53_musl/ath11k-firmware-2.7.0.1/ -name config.guess | xargs -r chmod u+w; find /home/runner/work/ma3063-openwrt/ma3063-openwrt/openwrt/build_dir/target-aarch64_cortex-a53_musl/ath11k-firmware-2.7.0.1/ -name config.guess | xargs -r -n1 cp --remove-destination /home/runner/work/ma3063-openwrt/ma3063-openwrt/openwrt/scripts/config.guess; find /home/runner/work/ma3063-openwrt/ma3063-openwrt/openwrt/build_dir/target-aarch64_cortex-a53_musl/ath11k-firmware-2.7.0.1/ -name config.sub | xargs -r chmod u+w; find /home/runner/work/ma3063-openwrt/ma3063-openwrt/openwrt/build_dir/target-aarch64_cortex-a53_musl/ath11k-firmware-2.7.0.1/ -name config.sub | xargs -r -n1 cp --remove-destination /home/runner/work/ma3063-openwrt/ma3063-openwrt/openwrt/scripts/config.sub; AR="aarch64-openwrt-linux-musl-gcc-ar" AS="aarch64-openwrt-linux-musl-gcc -c -Os -pipe -mcpu=cortex-a53 -fno-caller-saves -fno-plt -fhonour-copts -fmacro-prefix-map=/home/runner/work/ma3063-openwrt/ma3063-openwrt/openwrt/build_dir/target-aarch64_cortex-a53_musl/ath11k-firmware-2.7.0.1=ath11k-firmware-2.7.0.1 -Wformat -Werror=format-security -fstack-protector -D_FORTIFY_SOURCE=1 -Wl,-z,now -Wl,-z,relro" LD=aarch64-openwrt-linux-musl-ld NM="aarch64-openwrt-linux-musl-gcc-nm" CC="aarch64-openwrt-linux-musl-gcc" GCC="aarch64-openwrt-linux-musl-gcc" CXX="aarch64-openwrt-linux-musl-g++" RANLIB="aarch64-openwrt-linux-musl-gcc-ranlib" STRIP=aarch64-openwrt-linux-musl-strip OBJCOPY=aarch64-openwrt-linux-musl-objcopy OBJDUMP=aarch64-openwrt-linux-musl-objdump SIZE=aarch64-openwrt-linux-musl-size CFLAGS="-Os -pipe -mcpu=cortex-a53 -fno-caller-saves -fno-plt -fhonour-copts -fmacro-prefix-map=/home/runner/work/ma3063-openwrt/ma3063-openwrt/openwrt/build_dir/target-aarch64_cortex-a53_musl/ath11k-firmware-2.7.0.1=ath11k-firmware-2.7.0.1 -Wformat -Werror=format-security -fstack-protector -D_FORTIFY_SOURCE=1 -Wl,-z,now -Wl,-z,relro " CXXFLAGS="-Os -pipe -mcpu=cortex-a53 -fno-caller-saves -fno-plt -fhonour-copts -fmacro-prefix-map=/home/runner/work/ma3063-openwrt/ma3063-openwrt/openwrt/build_dir/target-aarch64_cortex-a53_musl/ath11k-firmware-2.7.0.1=ath11k-firmware-2.7.0.1 -Wformat -Werror=format-security -fstack-protector -D_FORTIFY_SOURCE=1 -Wl,-z,now -Wl,-z,relro " CPPFLAGS="-I/home/runner/work/ma3063-openwrt/ma3063-openwrt/openwrt/staging_dir/toolchain-aarch64_cortex-a53_gcc-12.3.0_musl/usr/include -I/home/runner/work/ma3063-openwrt/ma3063-openwrt/openwrt/staging_dir/toolchain-aarch64_cortex-a53_gcc-12.3.0_musl/include/fortify -I/home/runner/work/ma3063-openwrt/ma3063-openwrt/openwrt/staging_dir/toolchain-aarch64_cortex-a53_gcc-12.3.0_musl/include " LDFLAGS="-L/home/runner/work/ma3063-openwrt/ma3063-openwrt/openwrt/staging_dir/toolchain-aarch64_cortex-a53_gcc-12.3.0_musl/usr/lib -L/home/runner/work/ma3063-openwrt/ma3063-openwrt/openwrt/staging_dir/toolchain-aarch64_cortex-a53_gcc-12.3.0_musl/lib -znow -zrelro "   ./configure --target=aarch64-openwrt-linux --host=aarch64-openwrt-linux --build=x86_64-pc-linux-gnu --disable-dependency-tracking --program-prefix="" --program-suffix="" --prefix=/usr --exec-prefix=/usr --bindir=/usr/bin --sbindir=/usr/sbin --libexecdir=/usr/lib --sysconfdir=/etc --datadir=/usr/share --localstatedir=/var --mandir=/usr/man --infodir=/usr/info --disable-nls  ; fi; )
sort: write failed: 'standard output': Broken pipe
sort: write error
/home/runner/work/ma3063-openwrt/ma3063-openwrt/openwrt/build_dir/target-aarch64_cortex-a53_musl/linux-ipq50xx_aarch64/image-ipq5018-ruijie-ma3063.dtb: Warning (i2c_bus_reg): Failed prerequisite 'reg_format'
/home/runner/work/ma3063-openwrt/ma3063-openwrt/openwrt/build_dir/target-aarch64_cortex-a53_musl/linux-ipq50xx_aarch64/image-ipq5018-ruijie-ma3063.dtb: Warning (spi_bus_reg): Failed prerequisite 'reg_format'
/home/runner/work/ma3063-openwrt/ma3063-openwrt/openwrt/build_dir/target-aarch64_cortex-a53_musl/linux-ipq50xx_aarch64/image-ipq5018-cr881x.dtb: Warning (i2c_bus_reg): Failed prerequisite 'reg_format'
/home/runner/work/ma3063-openwrt/ma3063-openwrt/openwrt/build_dir/target-aarch64_cortex-a53_musl/linux-ipq50xx_aarch64/image-ipq5018-cr881x.dtb: Warning (spi_bus_reg): Failed prerequisite 'reg_format'
/home/runner/work/ma3063-openwrt/ma3063-openwrt/openwrt/build_dir/target-aarch64_cortex-a53_musl/linux-ipq50xx_aarch64/image-ipq5000-ax3000.dtb: Warning (i2c_bus_reg): Failed prerequisite 'reg_format'
/home/runner/work/ma3063-openwrt/ma3063-openwrt/openwrt/build_dir/target-aarch64_cortex-a53_musl/linux-ipq50xx_aarch64/image-ipq5000-ax3000.dtb: Warning (spi_bus_reg): Failed prerequisite 'reg_format'
/home/runner/work/ma3063-openwrt/ma3063-openwrt/openwrt/build_dir/target-aarch64_cortex-a53_musl/linux-ipq50xx_aarch64/image-ipq5000-rax3000q.dtb: Warning (i2c_bus_reg): Failed prerequisite 'reg_format'
/home/runner/work/ma3063-openwrt/ma3063-openwrt/openwrt/build_dir/target-aarch64_cortex-a53_musl/linux-ipq50xx_aarch64/image-ipq5000-rax3000q.dtb: Warning (spi_bus_reg): Failed prerequisite 'reg_format'
failed : 0
(cd /home/runner/work/ma3063-openwrt/ma3063-openwrt/openwrt/build_dir/target-aarch64_cortex-a53_musl/toolchain/./; if [ -x ./configure ]; then find /home/runner/work/ma3063-openwrt/ma3063-openwrt/openwrt/build_dir/target-aarch64_cortex-a53_musl/toolchain/ -name config.guess | xargs -r chmod u+w; find /home/runner/work/ma3063-openwrt/ma3063-openwrt/openwrt/build_dir/target-aarch64_cortex-a53_musl/toolchain/ -name config.guess | xargs -r -n1 cp --remove-destination /home/runner/work/ma3063-openwrt/ma3063-openwrt/openwrt/scripts/config.guess; find /home/runner/work/ma3063-openwrt/ma3063-openwrt/openwrt/build_dir/target-aarch64_cortex-a53_musl/toolchain/ -name config.sub | xargs -r chmod u+w; find /home/runner/work/ma3063-openwrt/ma3063-openwrt/openwrt/build_dir/target-aarch64_cortex-a53_musl/toolchain/ -name config.sub | xargs -r -n1 cp --remove-destination /home/runner/work/ma3063-openwrt/ma3063-openwrt/openwrt/scripts/config.sub; AR="aarch64-openwrt-linux-musl-gcc-ar" AS="aarch64-openwrt-linux-musl-gcc -c -Os -pipe -mcpu=cortex-a53 -fno-caller-saves -fno-plt -fhonour-copts -fmacro-prefix-map=/home/runner/work/ma3063-openwrt/ma3063-openwrt/openwrt/build_dir/target-aarch64_cortex-a53_musl/toolchain=toolchain -Wformat -Werror=format-security -fstack-protector -D_FORTIFY_SOURCE=1 -Wl,-z,now -Wl,-z,relro" LD=aarch64-openwrt-linux-musl-ld NM="aarch64-openwrt-linux-musl-gcc-nm" CC="aarch64-openwrt-linux-musl-gcc" GCC="aarch64-openwrt-linux-musl-gcc" CXX="aarch64-openwrt-linux-musl-g++" RANLIB="aarch64-openwrt-linux-musl-gcc-ranlib" STRIP=aarch64-openwrt-linux-musl-strip OBJCOPY=aarch64-openwrt-linux-musl-objcopy OBJDUMP=aarch64-openwrt-linux-musl-objdump SIZE=aarch64-openwrt-linux-musl-size CFLAGS="-Os -pipe -mcpu=cortex-a53 -fno-caller-saves -fno-plt -fhonour-copts -fmacro-prefix-map=/home/runner/work/ma3063-openwrt/ma3063-openwrt/openwrt/build_dir/target-aarch64_cortex-a53_musl/toolchain=toolchain -Wformat -Werror=format-security -fstack-protector -D_FORTIFY_SOURCE=1 -Wl,-z,now -Wl,-z,relro " CXXFLAGS="-Os -pipe -mcpu=cortex-a53 -fno-caller-saves -fno-plt -fhonour-copts -fmacro-prefix-map=/home/runner/work/ma3063-openwrt/ma3063-openwrt/openwrt/build_dir/target-aarch64_cortex-a53_musl/toolchain=toolchain -Wformat -Werror=format-security -fstack-protector -D_FORTIFY_SOURCE=1 -Wl,-z,now -Wl,-z,relro " CPPFLAGS="-I/home/runner/work/ma3063-openwrt/ma3063-openwrt/openwrt/staging_dir/toolchain-aarch64_cortex-a53_gcc-12.3.0_musl/usr/include -I/home/runner/work/ma3063-openwrt/ma3063-openwrt/openwrt/staging_dir/toolchain-aarch64_cortex-a53_gcc-12.3.0_musl/include/fortify -I/home/runner/work/ma3063-openwrt/ma3063-openwrt/openwrt/staging_dir/toolchain-aarch64_cortex-a53_gcc-12.3.0_musl/include " LDFLAGS="-L/home/runner/work/ma3063-openwrt/ma3063-openwrt/openwrt/staging_dir/toolchain-aarch64_cortex-a53_gcc-12.3.0_musl/usr/lib -L/home/runner/work/ma3063-openwrt/ma3063-openwrt/openwrt/staging_dir/toolchain-aarch64_cortex-a53_gcc-12.3.0_musl/lib -znow -zrelro "   ./configure --target=aarch64-openwrt-linux --host=aarch64-openwrt-linux --build=x86_64-pc-linux-gnu --disable-dependency-tracking --program-prefix="" --program-suffix="" --prefix=/usr --exec-prefix=/usr --bindir=/usr/bin --sbindir=/usr/sbin --libexecdir=/usr/lib --sysconfdir=/etc --datadir=/usr/share --localstatedir=/var --mandir=/usr/man --infodir=/usr/info --disable-nls  ; fi; )
(cd /home/runner/work/ma3063-openwrt/ma3063-openwrt/openwrt/build_dir/target-aarch64_cortex-a53_musl/ustream-ssl-mbedtls/ustream-ssl-2023-02-25-498f6e26; CFLAGS="-Os -pipe -mcpu=cortex-a53 -fno-caller-saves -fno-plt -fhonour-copts -fmacro-prefix-map=/home/runner/work/ma3063-openwrt/ma3063-openwrt/openwrt/build_dir/target-aarch64_cortex-a53_musl/ustream-ssl-mbedtls/ustream-ssl-2023-02-25-498f6e26=ustream-ssl-2023-02-25-498f6e26 -Wformat -Werror=format-security -fstack-protector -D_FORTIFY_SOURCE=1 -Wl,-z,now -Wl,-z,relro " CXXFLAGS="-Os -pipe -mcpu=cortex-a53 -fno-caller-saves -fno-plt -fhonour-copts -fmacro-prefix-map=/home/runner/work/ma3063-openwrt/ma3063-openwrt/openwrt/build_dir/target-aarch64_cortex-a53_musl/ustream-ssl-mbedtls/ustream-ssl-2023-02-25-498f6e26=ustream-ssl-2023-02-25-498f6e26 -Wformat -Werror=format-security -fstack-protector -D_FORTIFY_SOURCE=1 -Wl,-z,now -Wl,-z,relro " LDFLAGS="-L/home/runner/work/ma3063-openwrt/ma3063-openwrt/openwrt/staging_dir/toolchain-aarch64_cortex-a53_gcc-12.3.0_musl/usr/lib -L/home/runner/work/ma3063-openwrt/ma3063-openwrt/openwrt/staging_dir/toolchain-aarch64_cortex-a53_gcc-12.3.0_musl/lib -znow -zrelro " cmake -DCMAKE_SYSTEM_NAME=Linux -DCMAKE_SYSTEM_VERSION=1 -DCMAKE_SYSTEM_PROCESSOR=aarch64 -DCMAKE_BUILD_TYPE=Release -DCMAKE_C_FLAGS_RELEASE="-DNDEBUG" -DCMAKE_CXX_FLAGS_RELEASE="-DNDEBUG" -DCMAKE_C_COMPILER_LAUNCHER="" -DCMAKE_C_COMPILER="/home/runner/work/ma3063-openwrt/ma3063-openwrt/openwrt/staging_dir/toolchain-aarch64_cortex-a53_gcc-12.3.0_musl/bin/aarch64-openwrt-linux-musl-gcc" -DCMAKE_CXX_COMPILER_LAUNCHER="" -DCMAKE_CXX_COMPILER="/home/runner/work/ma3063-openwrt/ma3063-openwrt/openwrt/staging_dir/toolchain-aarch64_cortex-a53_gcc-12.3.0_musl/bin/aarch64-openwrt-linux-musl-g++" -DCMAKE_ASM_COMPILER_LAUNCHER="" -DCMAKE_ASM_COMPILER="/home/runner/work/ma3063-openwrt/ma3063-openwrt/openwrt/staging_dir/toolchain-aarch64_cortex-a53_gcc-12.3.0_musl/bin/aarch64-openwrt-linux-musl-gcc" -DCMAKE_EXE_LINKER_FLAGS:STRING="-L/home/runner/work/ma3063-openwrt/ma3063-openwrt/openwrt/staging_dir/toolchain-aarch64_cortex-a53_gcc-12.3.0_musl/usr/lib -L/home/runner/work/ma3063-openwrt/ma3063-openwrt/openwrt/staging_dir/toolchain-aarch64_cortex-a53_gcc-12.3.0_musl/lib -znow -zrelro" -DCMAKE_MODULE_LINKER_FLAGS:STRING="-L/home/runner/work/ma3063-openwrt/ma3063-openwrt/openwrt/staging_dir/toolchain-aarch64_cortex-a53_gcc-12.3.0_musl/usr/lib -L/home/runner/work/ma3063-openwrt/ma3063-openwrt/openwrt/staging_dir/toolchain-aarch64_cortex-a53_gcc-12.3.0_musl/lib -znow -zrelro -Wl,-Bsymbolic-functions" -DCMAKE_SHARED_LINKER_FLAGS:STRING="-L/home/runner/work/ma3063-openwrt/ma3063-openwrt/openwrt/staging_dir/toolchain-aarch64_cortex-a53_gcc-12.3.0_musl/usr/lib -L/home/runner/work/ma3063-openwrt/ma3063-openwrt/openwrt/staging_dir/toolchain-aarch64_cortex-a53_gcc-12.3.0_musl/lib -znow -zrelro -Wl,-Bsymbolic-functions" -DCMAKE_AR="/home/runner/work/ma3063-openwrt/ma3063-openwrt/openwrt/staging_dir/toolchain-aarch64_cortex-a53_gcc-12.3.0_musl/bin/aarch64-openwrt-linux-musl-gcc-ar" -DCMAKE_NM="/home/runner/work/ma3063-openwrt/ma3063-openwrt/openwrt/staging_dir/toolchain-aarch64_cortex-a53_gcc-12.3.0_musl/bin/aarch64-openwrt-linux-musl-gcc-nm" -DCMAKE_RANLIB="/home/runner/work/ma3063-openwrt/ma3063-openwrt/openwrt/staging_dir/toolchain-aarch64_cortex-a53_gcc-12.3.0_musl/bin/aarch64-openwrt-linux-musl-gcc-ranlib" -DCMAKE_FIND_ROOT_PATH="/home/runner/work/ma3063-openwrt/ma3063-openwrt/openwrt/staging_dir/target-aarch64_cortex-a53_musl/usr;/home/runner/work/ma3063-openwrt/ma3063-openwrt/openwrt/staging_dir/toolchain-aarch64_cortex-a53_gcc-12.3.0_musl" -DCMAKE_FIND_ROOT_PATH_MODE_PROGRAM=BOTH -DCMAKE_FIND_ROOT_PATH_MODE_LIBRARY=ONLY -DCMAKE_FIND_ROOT_PATH_MODE_INCLUDE=ONLY -DCMAKE_STRIP=: -DCMAKE_INSTALL_PREFIX=/usr -DDL_LIBRARY=/home/runner/work/ma3063-openwrt/ma3063-openwrt/openwrt/staging_dir/target-aarch64_cortex-a53_musl -DCMAKE_PREFIX_PATH=/home/runner/work/ma3063-openwrt/ma3063-openwrt/openwrt/staging_dir/target-aarch64_cortex-a53_musl -DCMAKE_SKIP_RPATH=TRUE -DCMAKE_EXPORT_PACKAGE_REGISTRY=FALSE -DCMAKE_EXPORT_NO_PACKAGE_REGISTRY=TRUE -DCMAKE_FIND_USE_PACKAGE_REGISTRY=FALSE -DCMAKE_FIND_PACKAGE_NO_PACKAGE_REGISTRY=TRUE -DCMAKE_FIND_USE_SYSTEM_PACKAGE_REGISTRY=FALSE -DCMAKE_FIND_PACKAGE_NO_SYSTEM_PACKAGE_REGISTRY=TRUE -DCMAKE_GENERATOR="Ninja" -DMBEDTLS=on /home/runner/work/ma3063-openwrt/ma3063-openwrt/openwrt/build_dir/target-aarch64_cortex-a53_musl/ustream-ssl-mbedtls/ustream-ssl-2023-02-25-498f6e26 )
Applying ./patches/ath11k/0007-wifi-ath11k-suppress-add-interface-error.patch using plaintext: 
Applying ./patches/mwl/950-mwifiex-Print-stringified-name-of-command-in-error-l.patch using plaintext: 
   89 |                 printf(_("(NEW) "));
  285 |                                 printf(_(" (NEW)"));
  669 |                         fprintf(stderr, _("\n*** Error during writing of the configuration.\n\n"));
  673 |                         fprintf(stderr, _("\n*** Error during update of the configuration.\n\n"));
  684 |                         fprintf(stderr, _("\n*** Error during writing of the configuration.\n\n"));
/home/runner/work/ma3063-openwrt/ma3063-openwrt/openwrt/build_dir/target-aarch64_cortex-a53_musl/linux-ipq50xx_aarch64/image-ipq5000-rax3000q.dtb: Warning (i2c_bus_reg): Failed prerequisite 'reg_format'
/home/runner/work/ma3063-openwrt/ma3063-openwrt/openwrt/build_dir/target-aarch64_cortex-a53_musl/linux-ipq50xx_aarch64/image-ipq5000-rax3000q.dtb: Warning (spi_bus_reg): Failed prerequisite 'reg_format'
/home/runner/work/ma3063-openwrt/ma3063-openwrt/openwrt/build_dir/target-aarch64_cortex-a53_musl/linux-ipq50xx_aarch64/image-ipq5000-ax3000.dtb: Warning (i2c_bus_reg): Failed prerequisite 'reg_format'
/home/runner/work/ma3063-openwrt/ma3063-openwrt/openwrt/build_dir/target-aarch64_cortex-a53_musl/linux-ipq50xx_aarch64/image-ipq5000-ax3000.dtb: Warning (spi_bus_reg): Failed prerequisite 'reg_format'
/home/runner/work/ma3063-openwrt/ma3063-openwrt/openwrt/build_dir/target-aarch64_cortex-a53_musl/linux-ipq50xx_aarch64/image-ipq5018-cr881x.dtb: Warning (i2c_bus_reg): Failed prerequisite 'reg_format'
/home/runner/work/ma3063-openwrt/ma3063-openwrt/openwrt/build_dir/target-aarch64_cortex-a53_musl/linux-ipq50xx_aarch64/image-ipq5018-cr881x.dtb: Warning (spi_bus_reg): Failed prerequisite 'reg_format'
/home/runner/work/ma3063-openwrt/ma3063-openwrt/openwrt/build_dir/target-aarch64_cortex-a53_musl/linux-ipq50xx_aarch64/image-ipq5018-ruijie-ma3063.dtb: Warning (i2c_bus_reg): Failed prerequisite 'reg_format'
/home/runner/work/ma3063-openwrt/ma3063-openwrt/openwrt/build_dir/target-aarch64_cortex-a53_musl/linux-ipq50xx_aarch64/image-ipq5018-ruijie-ma3063.dtb: Warning (spi_bus_reg): Failed prerequisite 'reg_format'
==== TAIL ====
  Compression:  lzma compressed
  Data Size:    3926492 Bytes = 3834.46 KiB = 3.74 MiB
  Architecture: AArch64
  OS:           Linux
  Load Address: 0x41000000
  Entry Point:  0x41000000
  Hash algo:    crc32
  Hash value:   8a085e57
  Hash algo:    sha1
  Hash value:   ad4de6de70aa7281f4996c2b02ca831d2c531652
 Image 1 (fdt-1)
  Description:  ARM64 OpenWrt ruijie_rg-ma3063 device tree blob
  Created:      Fri Mar 22 22:09:42 2024
  Type:         Flat Device Tree
  Compression:  uncompressed
  Data Size:    19027 Bytes = 18.58 KiB = 0.02 MiB
  Architecture: AArch64
  Hash algo:    crc32
  Hash value:   fca8580d
  Hash algo:    sha1
  Hash value:   54e717735975bcc5bc57afdf7a974f82c663488e
 Default Configuration: 'config@mp03.5-c1'
 Configuration 0 (config@mp03.5-c1)
  Description:  OpenWrt ruijie_rg-ma3063
  Kernel:       kernel-1
  FDT:          fdt-1
[ -f /home/runner/work/ma3063-openwrt/ma3063-openwrt/openwrt/build_dir/target-aarch64_cortex-a53_musl/linux-ipq50xx_aarch64/ruijie_rg-ma3063-fit-uImage.itb -a -f /home/runner/work/ma3063-openwrt/ma3063-openwrt/openwrt/build_dir/target-aarch64_cortex-a53_musl/linux-ipq50xx_aarch64/root.squashfs ]
[ -f /home/runner/work/ma3063-openwrt/ma3063-openwrt/openwrt/build_dir/target-aarch64_cortex-a53_musl/linux-ipq50xx_aarch64/ruijie_rg-ma3063-fit-uImage.itb -a -f /home/runner/work/ma3063-openwrt/ma3063-openwrt/openwrt/build_dir/target-aarch64_cortex-a53_musl/linux-ipq50xx_aarch64/root.squashfs ]
sh /home/runner/work/ma3063-openwrt/ma3063-openwrt/openwrt/scripts/ubinize-image.sh  --kernel /home/runner/work/ma3063-openwrt/ma3063-openwrt/openwrt/build_dir/target-aarch64_cortex-a53_musl/linux-ipq50xx_aarch64/ruijie_rg-ma3063-fit-uImage.itb  --rootfs /home/runner/work/ma3063-openwrt/ma3063-openwrt/openwrt/build_dir/target-aarch64_cortex-a53_musl/linux-ipq50xx_aarch64/root.squashfs /home/runner/work/ma3063-openwrt/ma3063-openwrt/openwrt/build_dir/target-aarch64_cortex-a53_musl/linux-ipq50xx_aarch64/tmp/openwrt-ipq50xx-aarch64-ruijie_rg-ma3063-squashfs-nand-factory.ubi.tmp -p 128KiB -m 2048   
sh /home/runner/work/ma3063-openwrt/ma3063-openwrt/openwrt/scripts/sysupgrade-tar.sh --board ruijie_rg-ma3063 --kernel /home/runner/work/ma3063-openwrt/ma3063-openwrt/openwrt/build_dir/target-aarch64_cortex-a53_musl/linux-ipq50xx_aarch64/ruijie_rg-ma3063-fit-uImage.itb --rootfs /home/runner/work/ma3063-openwrt/ma3063-openwrt/openwrt/build_dir/target-aarch64_cortex-a53_musl/linux-ipq50xx_aarch64/root.squashfs /home/runner/work/ma3063-openwrt/ma3063-openwrt/openwrt/build_dir/target-aarch64_cortex-a53_musl/linux-ipq50xx_aarch64/tmp/openwrt-ipq50xx-aarch64-ruijie_rg-ma3063-squashfs-sysupgrade.tar
[kernel]
mode=ubi
vol_id=0
vol_type=dynamic
vol_name=kernel
image=/home/runner/work/ma3063-openwrt/ma3063-openwrt/openwrt/build_dir/target-aarch64_cortex-a53_musl/linux-ipq50xx_aarch64/ruijie_rg-ma3063-fit-uImage.itb
[rootfs]
mode=ubi
vol_id=1
vol_type=dynamic
vol_name=rootfs
image=/home/runner/work/ma3063-openwrt/ma3063-openwrt/openwrt/build_dir/target-aarch64_cortex-a53_musl/linux-ipq50xx_aarch64/root.squashfs
vol_size=7553024
[rootfs_data]
mode=ubi
vol_id=2
vol_type=dynamic
vol_name=rootfs_data
vol_size=1MiB
vol_flags=autoresize
ubinize: volume size was not specified in section "kernel", assume minimum to fit image "/home/runner/work/ma3063-openwrt/ma3063-openwrt/openwrt/build_dir/target-aarch64_cortex-a53_musl/linux-ipq50xx_aarch64/ruijie_rg-ma3063-fit-uImage.itb"3947444 bytes (3.7 MiB)
cat /home/runner/work/ma3063-openwrt/ma3063-openwrt/openwrt/build_dir/target-aarch64_cortex-a53_musl/linux-ipq50xx_aarch64/tmp/openwrt-ipq50xx-aarch64-ruijie_rg-ma3063-squashfs-nand-factory.ubi.tmp >> /home/runner/work/ma3063-openwrt/ma3063-openwrt/openwrt/build_dir/target-aarch64_cortex-a53_musl/linux-ipq50xx_aarch64/tmp/openwrt-ipq50xx-aarch64-ruijie_rg-ma3063-squashfs-nand-factory.ubi
7375+1 records in
7376+0 records out
7553024 bytes (7.6 MB, 7.2 MiB) copied, 0.0267545 s, 282 MB/s
rm /home/runner/work/ma3063-openwrt/ma3063-openwrt/openwrt/build_dir/target-aarch64_cortex-a53_musl/linux-ipq50xx_aarch64/tmp/openwrt-ipq50xx-aarch64-ruijie_rg-ma3063-squashfs-nand-factory.ubi.tmp
tar: Option --mtime: Treating date '@1711145382' as 2024-03-22 22:09:42
sysupgrade-ruijie_rg-ma3063/
sysupgrade-ruijie_rg-ma3063/CONTROL
sysupgrade-ruijie_rg-ma3063/kernel
cp /home/runner/work/ma3063-openwrt/ma3063-openwrt/openwrt/build_dir/target-aarch64_cortex-a53_musl/linux-ipq50xx_aarch64/tmp/openwrt-ipq50xx-aarch64-ruijie_rg-ma3063-squashfs-nand-factory.ubi /home/runner/work/ma3063-openwrt/ma3063-openwrt/openwrt/bin/targets/ipq50xx/aarch64/openwrt-ipq50xx-aarch64-ruijie_rg-ma3063-squashfs-nand-factory.ubi
sysupgrade-ruijie_rg-ma3063/root
DEVICE_ID="ruijie_rg-ma3063" SOURCE_DATE_EPOCH=1711145382 FILE_NAME="openwrt-ipq50xx-aarch64-ruijie_rg-ma3063-squashfs-nand-factory.ubi" FILE_DIR="/home/runner/work/ma3063-openwrt/ma3063-openwrt/openwrt/build_dir/target-aarch64_cortex-a53_musl/linux-ipq50xx_aarch64/tmp" FILE_TYPE=nand-factory FILE_FILESYSTEM="squashfs" DEVICE_IMG_PREFIX="openwrt-ipq50xx-aarch64-ruijie_rg-ma3063" DEVICE_VENDOR="Ruijie" DEVICE_MODEL="RG-MA3063" DEVICE_VARIANT="" DEVICE_ALT0_VENDOR="" DEVICE_ALT0_MODEL="" DEVICE_ALT0_VARIANT="" DEVICE_ALT1_VENDOR="" DEVICE_ALT1_MODEL="" DEVICE_ALT1_VARIANT="" DEVICE_ALT2_VENDOR="" DEVICE_ALT2_MODEL="" DEVICE_ALT2_VARIANT="" DEVICE_ALT3_VENDOR="" DEVICE_ALT3_MODEL="" DEVICE_ALT3_VARIANT="" DEVICE_ALT4_VENDOR="" DEVICE_ALT4_MODEL="" DEVICE_ALT4_VARIANT="" DEVICE_TITLE="Ruijie RG-MA3063" DEVICE_PACKAGES="ath11k-firmware-ipq5018 ath11k-firmware-qcn6122 ipq-wifi-cmcc_rax3000q" TARGET="ipq50xx" SUBTARGET="aarch64" VERSION_NUMBER="23.05.3" VERSION_CODE="r23809-234f1a2efa" SUPPORTED_DEVICES="ruijie,rg-ma3063" /home/runner/work/ma3063-openwrt/ma3063-openwrt/openwrt/scripts/json_add_image_info.py /home/runner/work/ma3063-openwrt/ma3063-openwrt/openwrt/build_dir/target-aarch64_cortex-a53_musl/json_info_files/openwrt-ipq50xx-aarch64-ruijie_rg-ma3063-squashfs-nand-factory.ubi.json
echo '{  "metadata_version": "1.1", "compat_version": "1.0",   "supported_devices":["ruijie,rg-ma3063"], "version": { "dist": "OpenWrt", "version": "23.05.3", "revision": "r23809-234f1a2efa", "target": "ipq50xx/aarch64", "board": "ruijie_rg-ma3063" } }' | fwtool -I - /home/runner/work/ma3063-openwrt/ma3063-openwrt/openwrt/build_dir/target-aarch64_cortex-a53_musl/linux-ipq50xx_aarch64/tmp/openwrt-ipq50xx-aarch64-ruijie_rg-ma3063-squashfs-sysupgrade.tar
sha256sum "/home/runner/work/ma3063-openwrt/ma3063-openwrt/openwrt/build_dir/target-aarch64_cortex-a53_musl/linux-ipq50xx_aarch64/tmp/openwrt-ipq50xx-aarch64-ruijie_rg-ma3063-squashfs-sysupgrade.tar" | cut -d" " -f1 > "/home/runner/work/ma3063-openwrt/ma3063-openwrt/openwrt/build_dir/target-aarch64_cortex-a53_musl/linux-ipq50xx_aarch64/tmp/openwrt-ipq50xx-aarch64-ruijie_rg-ma3063-squashfs-sysupgrade.tar.sha256sum"
[ ! -s "/home/runner/work/ma3063-openwrt/ma3063-openwrt/openwrt/key-build" -o ! -s "/home/runner/work/ma3063-openwrt/ma3063-openwrt/openwrt/key-build.ucert" -o ! -s "/home/runner/work/ma3063-openwrt/ma3063-openwrt/openwrt/build_dir/target-aarch64_cortex-a53_musl/linux-ipq50xx_aarch64/tmp/openwrt-ipq50xx-aarch64-ruijie_rg-ma3063-squashfs-sysupgrade.tar" ] || { cp "/home/runner/work/ma3063-openwrt/ma3063-openwrt/openwrt/key-build.ucert" "/home/runner/work/ma3063-openwrt/ma3063-openwrt/openwrt/build_dir/target-aarch64_cortex-a53_musl/linux-ipq50xx_aarch64/tmp/openwrt-ipq50xx-aarch64-ruijie_rg-ma3063-squashfs-sysupgrade.tar.ucert" ; usign -S -m "/home/runner/work/ma3063-openwrt/ma3063-openwrt/openwrt/build_dir/target-aarch64_cortex-a53_musl/linux-ipq50xx_aarch64/tmp/openwrt-ipq50xx-aarch64-ruijie_rg-ma3063-squashfs-sysupgrade.tar" -s "/home/runner/work/ma3063-openwrt/ma3063-openwrt/openwrt/key-build" -x "/home/runner/work/ma3063-openwrt/ma3063-openwrt/openwrt/build_dir/target-aarch64_cortex-a53_musl/linux-ipq50xx_aarch64/tmp/openwrt-ipq50xx-aarch64-ruijie_rg-ma3063-squashfs-sysupgrade.tar.sig" ; ucert -A -c "/home/runner/work/ma3063-openwrt/ma3063-openwrt/openwrt/build_dir/target-aarch64_cortex-a53_musl/linux-ipq50xx_aarch64/tmp/openwrt-ipq50xx-aarch64-ruijie_rg-ma3063-squashfs-sysupgrade.tar.ucert" -x "/home/runner/work/ma3063-openwrt/ma3063-openwrt/openwrt/build_dir/target-aarch64_cortex-a53_musl/linux-ipq50xx_aarch64/tmp/openwrt-ipq50xx-aarch64-ruijie_rg-ma3063-squashfs-sysupgrade.tar.sig" ; fwtool -S "/home/runner/work/ma3063-openwrt/ma3063-openwrt/openwrt/build_dir/target-aarch64_cortex-a53_musl/linux-ipq50xx_aarch64/tmp/openwrt-ipq50xx-aarch64-ruijie_rg-ma3063-squashfs-sysupgrade.tar.ucert" "/home/runner/work/ma3063-openwrt/ma3063-openwrt/openwrt/build_dir/target-aarch64_cortex-a53_musl/linux-ipq50xx_aarch64/tmp/openwrt-ipq50xx-aarch64-ruijie_rg-ma3063-squashfs-sysupgrade.tar" ; }
cp /home/runner/work/ma3063-openwrt/ma3063-openwrt/openwrt/build_dir/target-aarch64_cortex-a53_musl/linux-ipq50xx_aarch64/tmp/openwrt-ipq50xx-aarch64-ruijie_rg-ma3063-squashfs-sysupgrade.tar /home/runner/work/ma3063-openwrt/ma3063-openwrt/openwrt/bin/targets/ipq50xx/aarch64/openwrt-ipq50xx-aarch64-ruijie_rg-ma3063-squashfs-sysupgrade.tar
DEVICE_ID="ruijie_rg-ma3063" SOURCE_DATE_EPOCH=1711145382 FILE_NAME="openwrt-ipq50xx-aarch64-ruijie_rg-ma3063-squashfs-sysupgrade.tar" FILE_DIR="/home/runner/work/ma3063-openwrt/ma3063-openwrt/openwrt/build_dir/target-aarch64_cortex-a53_musl/linux-ipq50xx_aarch64/tmp" FILE_TYPE=sysupgrade FILE_FILESYSTEM="squashfs" DEVICE_IMG_PREFIX="openwrt-ipq50xx-aarch64-ruijie_rg-ma3063" DEVICE_VENDOR="Ruijie" DEVICE_MODEL="RG-MA3063" DEVICE_VARIANT="" DEVICE_ALT0_VENDOR="" DEVICE_ALT0_MODEL="" DEVICE_ALT0_VARIANT="" DEVICE_ALT1_VENDOR="" DEVICE_ALT1_MODEL="" DEVICE_ALT1_VARIANT="" DEVICE_ALT2_VENDOR="" DEVICE_ALT2_MODEL="" DEVICE_ALT2_VARIANT="" DEVICE_ALT3_VENDOR="" DEVICE_ALT3_MODEL="" DEVICE_ALT3_VARIANT="" DEVICE_ALT4_VENDOR="" DEVICE_ALT4_MODEL="" DEVICE_ALT4_VARIANT="" DEVICE_TITLE="Ruijie RG-MA3063" DEVICE_PACKAGES="ath11k-firmware-ipq5018 ath11k-firmware-qcn6122 ipq-wifi-cmcc_rax3000q" TARGET="ipq50xx" SUBTARGET="aarch64" VERSION_NUMBER="23.05.3" VERSION_CODE="r23809-234f1a2efa" SUPPORTED_DEVICES="ruijie,rg-ma3063" /home/runner/work/ma3063-openwrt/ma3063-openwrt/openwrt/scripts/json_add_image_info.py /home/runner/work/ma3063-openwrt/ma3063-openwrt/openwrt/build_dir/target-aarch64_cortex-a53_musl/json_info_files/openwrt-ipq50xx-aarch64-ruijie_rg-ma3063-squashfs-sysupgrade.tar.json
/home/runner/work/ma3063-openwrt/ma3063-openwrt/openwrt/scripts/mkits.sh -D ruijie_rg-ma3063 -o /home/runner/work/ma3063-openwrt/ma3063-openwrt/openwrt/build_dir/target-aarch64_cortex-a53_musl/linux-ipq50xx_aarch64/tmp/openwrt-ipq50xx-aarch64-ruijie_rg-ma3063-initramfs-fit-uImage.itb.its -k /home/runner/work/ma3063-openwrt/ma3063-openwrt/openwrt/build_dir/target-aarch64_cortex-a53_musl/linux-ipq50xx_aarch64/tmp/openwrt-ipq50xx-aarch64-ruijie_rg-ma3063-initramfs-fit-uImage.itb -C lzma   -d /home/runner/work/ma3063-openwrt/ma3063-openwrt/openwrt/build_dir/target-aarch64_cortex-a53_musl/linux-ipq50xx_aarch64/image-ipq5018-ruijie-ma3063.dtb   -a 0x41000000 -e 0x41000000     -c config@mp03.5-c1 -A arm64 -v 5.15.150
PATH=/home/runner/work/ma3063-openwrt/ma3063-openwrt/openwrt/build_dir/target-aarch64_cortex-a53_musl/linux-ipq50xx_aarch64/linux-5.15.150/scripts/dtc:/home/runner/work/ma3063-openwrt/ma3063-openwrt/openwrt/staging_dir/toolchain-aarch64_cortex-a53_gcc-12.3.0_musl/bin:/home/runner/work/ma3063-openwrt/ma3063-openwrt/openwrt/staging_dir/toolchain-aarch64_cortex-a53_gcc-12.3.0_musl/bin:/home/runner/work/ma3063-openwrt/ma3063-openwrt/openwrt/staging_dir/toolchain-aarch64_cortex-a53_gcc-12.3.0_musl/bin:/home/runner/work/ma3063-openwrt/ma3063-openwrt/openwrt/staging_dir/toolchain-aarch64_cortex-a53_gcc-12.3.0_musl/bin:/home/runner/work/ma3063-openwrt/ma3063-openwrt/openwrt/staging_dir/host/bin:/home/runner/work/ma3063-openwrt/ma3063-openwrt/openwrt/staging_dir/toolchain-aarch64_cortex-a53_gcc-12.3.0_musl/bin:/home/runner/work/ma3063-openwrt/ma3063-openwrt/openwrt/staging_dir/host/bin:/home/runner/work/ma3063-openwrt/ma3063-openwrt/openwrt/staging_dir/host/bin:/snap/bin:/home/runner/.local/bin:/opt/pipx_bin:/home/runner/.cargo/bin:/home/runner/.config/composer/vendor/bin:/usr/local/.ghcup/bin:/home/runner/.dotnet/tools:/usr/local/sbin:/usr/local/bin:/usr/sbin:/usr/bin:/sbin:/bin:/usr/games:/usr/local/games:/snap/bin mkimage  -f /home/runner/work/ma3063-openwrt/ma3063-openwrt/openwrt/build_dir/target-aarch64_cortex-a53_musl/linux-ipq50xx_aarch64/tmp/openwrt-ipq50xx-aarch64-ruijie_rg-ma3063-initramfs-fit-uImage.itb.its /home/runner/work/ma3063-openwrt/ma3063-openwrt/openwrt/build_dir/target-aarch64_cortex-a53_musl/linux-ipq50xx_aarch64/tmp/openwrt-ipq50xx-aarch64-ruijie_rg-ma3063-initramfs-fit-uImage.itb.new
/home/runner/work/ma3063-openwrt/ma3063-openwrt/openwrt/build_dir/target-aarch64_cortex-a53_musl/linux-ipq50xx_aarch64/tmp/openwrt-ipq50xx-aarch64-ruijie_rg-ma3063-initramfs-fit-uImage.itb.its:48.20-55.5: Warning (unit_address_vs_reg): /configurations/config@mp03.5-c1: node has a unit name, but no reg or ranges property
FIT description: ARM64 OpenWrt FIT (Flattened Image Tree)
Created:         Fri Mar 22 22:09:42 2024
 Image 0 (kernel-1)
  Description:  ARM64 OpenWrt Linux-5.15.150
  Created:      Fri Mar 22 22:09:42 2024
  Type:         Kernel Image
  Compression:  lzma compressed
  Data Size:    10057694 Bytes = 9821.97 KiB = 9.59 MiB
  Architecture: AArch64
  OS:           Linux
  Load Address: 0x41000000
  Entry Point:  0x41000000
  Hash algo:    crc32
  Hash value:   0f3c136a
  Hash algo:    sha1
  Hash value:   5c88ecbde1f0e802e59854d3ccf8e7b0bb46782f
 Image 1 (fdt-1)
  Description:  ARM64 OpenWrt ruijie_rg-ma3063 device tree blob
  Created:      Fri Mar 22 22:09:42 2024
  Type:         Flat Device Tree
  Compression:  uncompressed
  Data Size:    19027 Bytes = 18.58 KiB = 0.02 MiB
  Architecture: AArch64
  Hash algo:    crc32
  Hash value:   fca8580d
  Hash algo:    sha1
  Hash value:   54e717735975bcc5bc57afdf7a974f82c663488e
 Default Configuration: 'config@mp03.5-c1'
 Configuration 0 (config@mp03.5-c1)
  Description:  OpenWrt ruijie_rg-ma3063
  Kernel:       kernel-1
  FDT:          fdt-1
cp /home/runner/work/ma3063-openwrt/ma3063-openwrt/openwrt/build_dir/target-aarch64_cortex-a53_musl/linux-ipq50xx_aarch64/tmp/openwrt-ipq50xx-aarch64-ruijie_rg-ma3063-initramfs-fit-uImage.itb /home/runner/work/ma3063-openwrt/ma3063-openwrt/openwrt/bin/targets/ipq50xx/aarch64/openwrt-ipq50xx-aarch64-ruijie_rg-ma3063-initramfs-fit-uImage.itb
DEVICE_ID="ruijie_rg-ma3063" SOURCE_DATE_EPOCH=1711145382 FILE_NAME="openwrt-ipq50xx-aarch64-ruijie_rg-ma3063-initramfs-fit-uImage.itb" FILE_DIR="/home/runner/work/ma3063-openwrt/ma3063-openwrt/openwrt/build_dir/target-aarch64_cortex-a53_musl/linux-ipq50xx_aarch64/tmp" FILE_TYPE="kernel" FILE_FILESYSTEM="initramfs" DEVICE_IMG_PREFIX="openwrt-ipq50xx-aarch64-ruijie_rg-ma3063" DEVICE_VENDOR="Ruijie" DEVICE_MODEL="RG-MA3063" DEVICE_VARIANT="" DEVICE_ALT0_VENDOR="" DEVICE_ALT0_MODEL="" DEVICE_ALT0_VARIANT="" DEVICE_ALT1_VENDOR="" DEVICE_ALT1_MODEL="" DEVICE_ALT1_VARIANT="" DEVICE_ALT2_VENDOR="" DEVICE_ALT2_MODEL="" DEVICE_ALT2_VARIANT="" DEVICE_ALT3_VENDOR="" DEVICE_ALT3_MODEL="" DEVICE_ALT3_VARIANT="" DEVICE_ALT4_VENDOR="" DEVICE_ALT4_MODEL="" DEVICE_ALT4_VARIANT="" DEVICE_TITLE="Ruijie RG-MA3063" DEVICE_PACKAGES="ath11k-firmware-ipq5018 ath11k-firmware-qcn6122 ipq-wifi-cmcc_rax3000q" TARGET="ipq50xx" SUBTARGET="aarch64" VERSION_NUMBER="23.05.3" VERSION_CODE="r23809-234f1a2efa" SUPPORTED_DEVICES="ruijie,rg-ma3063" /home/runner/work/ma3063-openwrt/ma3063-openwrt/openwrt/scripts/json_add_image_info.py /home/runner/work/ma3063-openwrt/ma3063-openwrt/openwrt/build_dir/target-aarch64_cortex-a53_musl/json_info_files/openwrt-ipq50xx-aarch64-ruijie_rg-ma3063-initramfs-fit-uImage.itb.json
IPKG_NO_SCRIPT=1 IPKG_INSTROOT=/home/runner/work/ma3063-openwrt/ma3063-openwrt/openwrt/build_dir/target-aarch64_cortex-a53_musl/root.orig-ipq50xx TMPDIR=/home/runner/work/ma3063-openwrt/ma3063-openwrt/openwrt/build_dir/target-aarch64_cortex-a53_musl/root.orig-ipq50xx/tmp /home/runner/work/ma3063-openwrt/ma3063-openwrt/openwrt/staging_dir/host/bin/opkg --offline-root /home/runner/work/ma3063-openwrt/ma3063-openwrt/openwrt/build_dir/target-aarch64_cortex-a53_musl/root.orig-ipq50xx --force-postinstall --add-dest root:/ --add-arch all:100 --add-arch aarch64_cortex-a53:200 list-installed > /home/runner/work/ma3063-openwrt/ma3063-openwrt/openwrt/bin/targets/ipq50xx/aarch64/openwrt-ipq50xx-aarch64-ruijie_rg-ma3063.manifest
make[5]: Leaving directory '/home/runner/work/ma3063-openwrt/ma3063-openwrt/openwrt/target/linux/ipq50xx/image'
make[4]: Leaving directory '/home/runner/work/ma3063-openwrt/ma3063-openwrt/openwrt/target/linux/ipq50xx'
make[3]: Leaving directory '/home/runner/work/ma3063-openwrt/ma3063-openwrt/openwrt/target/linux'
time: target/linux/install#47.73#17.15#32.61
make[2]: Leaving directory '/home/runner/work/ma3063-openwrt/ma3063-openwrt/openwrt'
export MAKEFLAGS= ;make -w -r package/index
make[2]: Entering directory '/home/runner/work/ma3063-openwrt/ma3063-openwrt/openwrt'
Generating package index...
Generating index for package ./base-files_1-r23809-234f1a2efa_aarch64_cortex-a53.ipk
Generating index for package ./dropbear_2022.82-6_aarch64_cortex-a53.ipk
Generating index for package ./fstools_2023-02-28-bfe882d5-1_aarch64_cortex-a53.ipk
Generating index for package ./fwtool_2019-11-12-8f7fe925-1_aarch64_cortex-a53.ipk
Generating index for package ./ipq-wifi-cmcc_rax3000q_2023-11-10-0c2e810e-1_aarch64_cortex-a53.ipk
Generating index for package ./kmod-ath11k-ahb_5.15.150+6.1.24-3_aarch64_cortex-a53.ipk
Generating index for package ./kmod-ath11k-pci_5.15.150+6.1.24-3_aarch64_cortex-a53.ipk
Generating index for package ./kmod-ath11k_5.15.150+6.1.24-3_aarch64_cortex-a53.ipk
Generating index for package ./kmod-ath_5.15.150+6.1.24-3_aarch64_cortex-a53.ipk
Generating index for package ./kmod-cfg80211_5.15.150+6.1.24-3_aarch64_cortex-a53.ipk
Generating index for package ./kmod-crypto-aead_5.15.150-1_aarch64_cortex-a53.ipk
Generating index for package ./kmod-crypto-ccm_5.15.150-1_aarch64_cortex-a53.ipk
Generating index for package ./kmod-crypto-cmac_5.15.150-1_aarch64_cortex-a53.ipk
Generating index for package ./kmod-crypto-crc32c_5.15.150-1_aarch64_cortex-a53.ipk
Generating index for package ./kmod-crypto-ctr_5.15.150-1_aarch64_cortex-a53.ipk
Generating index for package ./kmod-crypto-gcm_5.15.150-1_aarch64_cortex-a53.ipk
Generating index for package ./kmod-crypto-gf128_5.15.150-1_aarch64_cortex-a53.ipk
Generating index for package ./kmod-crypto-ghash_5.15.150-1_aarch64_cortex-a53.ipk
Generating index for package ./kmod-crypto-hash_5.15.150-1_aarch64_cortex-a53.ipk
Generating index for package ./kmod-crypto-hmac_5.15.150-1_aarch64_cortex-a53.ipk
Generating index for package ./kmod-crypto-manager_5.15.150-1_aarch64_cortex-a53.ipk
Generating index for package ./kmod-crypto-michael-mic_5.15.150-1_aarch64_cortex-a53.ipk
Generating index for package ./kmod-crypto-null_5.15.150-1_aarch64_cortex-a53.ipk
Generating index for package ./kmod-crypto-rng_5.15.150-1_aarch64_cortex-a53.ipk
Generating index for package ./kmod-crypto-seqiv_5.15.150-1_aarch64_cortex-a53.ipk
Generating index for package ./kmod-crypto-sha512_5.15.150-1_aarch64_cortex-a53.ipk
Generating index for package ./kmod-gpio-button-hotplug_5.15.150-3_aarch64_cortex-a53.ipk
Generating index for package ./kmod-lib-crc-ccitt_5.15.150-1_aarch64_cortex-a53.ipk
Generating index for package ./kmod-lib-crc32c_5.15.150-1_aarch64_cortex-a53.ipk
Generating index for package ./kmod-mac80211_5.15.150+6.1.24-3_aarch64_cortex-a53.ipk
Generating index for package ./kmod-mhi-bus_5.15.150-1_aarch64_cortex-a53.ipk
Generating index for package ./kmod-nf-conntrack6_5.15.150-1_aarch64_cortex-a53.ipk
Generating index for package ./kmod-nf-conntrack_5.15.150-1_aarch64_cortex-a53.ipk
Generating index for package ./kmod-nf-flow_5.15.150-1_aarch64_cortex-a53.ipk
Generating index for package ./kmod-nf-log6_5.15.150-1_aarch64_cortex-a53.ipk
Generating index for package ./kmod-nf-log_5.15.150-1_aarch64_cortex-a53.ipk
Generating index for package ./kmod-nf-nat_5.15.150-1_aarch64_cortex-a53.ipk
Generating index for package ./kmod-nf-reject6_5.15.150-1_aarch64_cortex-a53.ipk
Generating index for package ./kmod-nf-reject_5.15.150-1_aarch64_cortex-a53.ipk
Generating index for package ./kmod-nfnetlink_5.15.150-1_aarch64_cortex-a53.ipk
Generating index for package ./kmod-nft-core_5.15.150-1_aarch64_cortex-a53.ipk
Generating index for package ./kmod-nft-fib_5.15.150-1_aarch64_cortex-a53.ipk
Generating index for package ./kmod-nft-nat_5.15.150-1_aarch64_cortex-a53.ipk
Generating index for package ./kmod-nft-offload_5.15.150-1_aarch64_cortex-a53.ipk
Generating index for package ./kmod-ppp_5.15.150-1_aarch64_cortex-a53.ipk
Generating index for package ./kmod-pppoe_5.15.150-1_aarch64_cortex-a53.ipk
Generating index for package ./kmod-pppox_5.15.150-1_aarch64_cortex-a53.ipk
Generating index for package ./kmod-qca-nss-dp_5.15.150+2022-04-30-72e9ec41-1_aarch64_cortex-a53.ipk
Generating index for package ./kmod-qca-ssdk_5.15.150+2022-09-12-628b22bc-2_aarch64_cortex-a53.ipk
Generating index for package ./kmod-qrtr-mhi_5.15.150-1_aarch64_cortex-a53.ipk
Generating index for package ./kmod-qrtr-smd_5.15.150-1_aarch64_cortex-a53.ipk
Generating index for package ./kmod-qrtr_5.15.150-1_aarch64_cortex-a53.ipk
Generating index for package ./kmod-slhc_5.15.150-1_aarch64_cortex-a53.ipk
Generating index for package ./libgcc1_12.3.0-4_aarch64_cortex-a53.ipk
Generating index for package ./libpthread_1.2.4-4_aarch64_cortex-a53.ipk
Generating index for package ./mtd_26_aarch64_cortex-a53.ipk
Generating index for package ./ubi-utils_2.1.5-1_aarch64_cortex-a53.ipk
Generating index for package ./uboot-envtools_2023.04-1_aarch64_cortex-a53.ipk
Generating index for package ./ath11k-firmware-ipq5018_2.7.0.1-01744_aarch64_cortex-a53.ipk
Generating index for package ./ath11k-firmware-qcn6122_2.7.0.1-01744_aarch64_cortex-a53.ipk
Generating index for package ./busybox_1.36.1-1_aarch64_cortex-a53.ipk
Generating index for package ./ca-bundle_20230311-1_all.ipk
Generating index for package ./dnsmasq_2.90-2_aarch64_cortex-a53.ipk
Generating index for package ./firewall4_2023-09-01-598d9fbb-1_aarch64_cortex-a53.ipk
Generating index for package ./getrandom_2022-08-13-4c7b720b-2_aarch64_cortex-a53.ipk
Generating index for package ./hostapd-common_2023-09-08-e5ccbfc6-6_aarch64_cortex-a53.ipk
Generating index for package ./iw_5.19-1_aarch64_cortex-a53.ipk
Generating index for package ./iwinfo_2023-07-01-ca79f641-1_aarch64_cortex-a53.ipk
Generating index for package ./jansson4_2.14-3_aarch64_cortex-a53.ipk
Generating index for package ./jshn_2023-05-23-75a3b870-1_aarch64_cortex-a53.ipk
Generating index for package ./jsonfilter_2024-01-23-594cfa86-1_aarch64_cortex-a53.ipk
Generating index for package ./libblobmsg-json20230523_2023-05-23-75a3b870-1_aarch64_cortex-a53.ipk
Generating index for package ./libiwinfo-data_2023-07-01-ca79f641-1_aarch64_cortex-a53.ipk
Generating index for package ./libiwinfo20230701_2023-07-01-ca79f641-1_aarch64_cortex-a53.ipk
Generating index for package ./libjson-c5_0.16-3_aarch64_cortex-a53.ipk
Generating index for package ./libjson-script20230523_2023-05-23-75a3b870-1_aarch64_cortex-a53.ipk
Generating index for package ./libmbedtls12_2.28.7-2_aarch64_cortex-a53.ipk
Generating index for package ./libmnl0_1.0.5-1_aarch64_cortex-a53.ipk
Generating index for package ./libnftnl11_1.2.6-1_aarch64_cortex-a53.ipk
Generating index for package ./libnl-tiny1_2023-07-27-bc92a280-1_aarch64_cortex-a53.ipk
Generating index for package ./libubox20230523_2023-05-23-75a3b870-1_aarch64_cortex-a53.ipk
Generating index for package ./libubus20230605_2023-06-05-f787c97b-1_aarch64_cortex-a53.ipk
Generating index for package ./libuci20130104_2023-08-10-5781664d-1_aarch64_cortex-a53.ipk
Generating index for package ./libuclient20201210_2023-04-13-007d9454-1_aarch64_cortex-a53.ipk
Generating index for package ./libucode20230711_2023-11-07-a6e75e02-1_aarch64_cortex-a53.ipk
Generating index for package ./libustream-mbedtls20201210_2023-02-25-498f6e26-1_aarch64_cortex-a53.ipk
Generating index for package ./libwolfssl5.6.4.e624513f_5.6.4-stable-1_aarch64_cortex-a53.ipk
Generating index for package ./logd_2022-08-13-4c7b720b-2_aarch64_cortex-a53.ipk
Generating index for package ./netifd_2024-01-04-c18cc79d-1_aarch64_cortex-a53.ipk
Generating index for package ./nftables-json_1.0.8-1_aarch64_cortex-a53.ipk
Generating index for package ./odhcp6c_2023-05-12-bcd28363-20_aarch64_cortex-a53.ipk
Generating index for package ./odhcpd-ipv6only_2023-10-24-d8118f6e-1_aarch64_cortex-a53.ipk
Generating index for package ./openwrt-keyring_2022-03-25-62471e69-2_aarch64_cortex-a53.ipk
Generating index for package ./opkg_2022-02-24-d038e5b6-2_aarch64_cortex-a53.ipk
Generating index for package ./ppp-mod-pppoe_2.4.9.git-2021-01-04-4_aarch64_cortex-a53.ipk
Generating index for package ./ppp_2.4.9.git-2021-01-04-4_aarch64_cortex-a53.ipk
Generating index for package ./procd-seccomp_2023-06-25-2db83655-2_aarch64_cortex-a53.ipk
Generating index for package ./procd-ujail_2023-06-25-2db83655-2_aarch64_cortex-a53.ipk
Generating index for package ./procd_2023-06-25-2db83655-2_aarch64_cortex-a53.ipk
Generating index for package ./swconfig_12_aarch64_cortex-a53.ipk
Generating index for package ./ubox_2022-08-13-4c7b720b-2_aarch64_cortex-a53.ipk
Generating index for package ./ubus_2023-06-05-f787c97b-1_aarch64_cortex-a53.ipk
Generating index for package ./ubusd_2023-06-05-f787c97b-1_aarch64_cortex-a53.ipk
Generating index for package ./uci_2023-08-10-5781664d-1_aarch64_cortex-a53.ipk
Generating index for package ./uclient-fetch_2023-04-13-007d9454-1_aarch64_cortex-a53.ipk
Generating index for package ./ucode-mod-fs_2023-11-07-a6e75e02-1_aarch64_cortex-a53.ipk
Generating index for package ./ucode-mod-nl80211_2023-11-07-a6e75e02-1_aarch64_cortex-a53.ipk
Generating index for package ./ucode-mod-rtnl_2023-11-07-a6e75e02-1_aarch64_cortex-a53.ipk
Generating index for package ./ucode-mod-ubus_2023-11-07-a6e75e02-1_aarch64_cortex-a53.ipk
Generating index for package ./ucode-mod-uci_2023-11-07-a6e75e02-1_aarch64_cortex-a53.ipk
Generating index for package ./ucode-mod-uloop_2023-11-07-a6e75e02-1_aarch64_cortex-a53.ipk
Generating index for package ./ucode_2023-11-07-a6e75e02-1_aarch64_cortex-a53.ipk
Generating index for package ./urandom-seed_3_aarch64_cortex-a53.ipk
Generating index for package ./urngd_2023-11-01-44365eb1-1_aarch64_cortex-a53.ipk
Generating index for package ./usign_2020-05-23-f1f65026-1_aarch64_cortex-a53.ipk
Generating index for package ./wireless-regdb_2024.01.23-1_all.ipk
Generating index for package ./wpad-basic-wolfssl_2023-09-08-e5ccbfc6-6_aarch64_cortex-a53.ipk
Signing package index...
make[2]: Leaving directory '/home/runner/work/ma3063-openwrt/ma3063-openwrt/openwrt'
export MAKEFLAGS= ;make -w -r json_overview_image_info
make[2]: Entering directory '/home/runner/work/ma3063-openwrt/ma3063-openwrt/openwrt'
WORK_DIR=/home/runner/work/ma3063-openwrt/ma3063-openwrt/openwrt/build_dir/target-aarch64_cortex-a53_musl/json_info_files /home/runner/work/ma3063-openwrt/ma3063-openwrt/openwrt/scripts/json_overview_image_info.py /home/runner/work/ma3063-openwrt/ma3063-openwrt/openwrt/bin/targets/ipq50xx/aarch64/profiles.json 
make[2]: Leaving directory '/home/runner/work/ma3063-openwrt/ma3063-openwrt/openwrt'
export MAKEFLAGS= ;make -w -r checksum
make[2]: Entering directory '/home/runner/work/ma3063-openwrt/ma3063-openwrt/openwrt'
make[2]: Leaving directory '/home/runner/work/ma3063-openwrt/ma3063-openwrt/openwrt'
make[1]: Leaving directory '/home/runner/work/ma3063-openwrt/ma3063-openwrt/openwrt'
build pass2 rc=0
GATE 1 OK: MA3063DBG_COLDBOOT present in ath11k/core.c (patch survived the rebuild)
GATE 2 OK: MA3063DBG_COLDBOOT present in the freshly built ath11k.ko
pass2 ath11k.ko (build tree): 037351db153da6cd66b928c534d653bd4ba04b964b9d914ff224a9842ac35df4
GATE 2b OK: ath11k.ko changed by the fix
pass2 image: bin/targets/ipq50xx/aarch64/openwrt-ipq50xx-aarch64-ruijie_rg-ma3063-squashfs-nand-factory.ubi sha256=fcaa91034f80746e41336a8e3eff505487ee9bcaba4d9c378bcddfcc38375fce
GATE 3 OK: firmware image rebuilt with the fixed ath11k (6efc3f90760d85e2024178b99c59e888b216165106dd8fe54f7a86775c9468c6 -> fcaa91034f80746e41336a8e3eff505487ee9bcaba4d9c378bcddfcc38375fce)
BUILD OK
>>> TRAP: build-ma3063.sh exiting code=0 at LINENO=1
